2026-08-08T03:20:54.051157 === py-waiter start ===
2026-08-08T03:20:54.308245 ab=2631 sf=1239 ck=490 dc=235 banks=[60676, 63508, 70480, 73188] longs=[3640, 69760] past4h=False
2026-08-08T03:24:21.177105 === py-waiter-v2 start ===
2026-08-08T03:24:21.399668 ab=2731 sf=1339 ck=545 dc=265 banks=[15796, 19768] longs=[3640, 69760] past4h=False
2026-08-08T03:25:38.991247 === py-waiter-v3 start (wait+resume) ===
2026-08-08T03:25:39.200533 ab=2781 sf=1364 ck=560 dc=270 banks=[57120, 66092] longs=[3640, 69760] past4h=False
2026-08-08T03:26:19.794077 === py-waiter-v4 start (wait+resume) ===
2026-08-08T03:26:20.066536 ab=2806 sf=1389 ck=570 dc=280 banks=[57120, 66092] longs=[3640, 69760] past4h=False
2026-08-08T03:29:20.321311 ab=2881 sf=1489 ck=595 dc=300 banks=[57120, 66092] longs=[3640, 69760] past4h=False
2026-08-08T03:30:33.856592 === py-waiter-v4 start (wait+resume) ===
2026-08-08T03:30:33.972702 ab=2931 sf=1514 ck=610 dc=310 banks=[57120, 66092] longs=[3640, 69760] past4h=False
2026-08-08T03:30:57.717829 === py-waiter-v4 start (wait+resume) ===
2026-08-08T03:30:58.034571 ab=2931 sf=1514 ck=615 dc=315 banks=[57120, 66092] longs=[3640, 69760] past4h=False
2026-08-08T03:33:05.516634 pid=48344 exe=C:\Program Files\Python314\python.exe
2026-08-08T03:33:05.553007 === py-waiter-v5 start ===
2026-08-08T03:33:06.575065 ab=3006 sf=1564 ck=635 dc=330 banks=[57120, 66092] longs=[69760, 3640] past4h=False
2026-08-08T03:36:07.957152 ab=3106 sf=1639 ck=665 dc=355 banks=[57120, 66092] longs=[69760, 3640] past4h=False
2026-08-08T03:39:09.201264 ab=3206 sf=1714 ck=705 dc=375 banks=[57120, 66092] longs=[69760, 3640] past4h=False
2026-08-08T03:42:10.429561 ab=3281 sf=1789 ck=740 dc=400 banks=[] longs=[69760, 3640] past4h=False
2026-08-08T03:45:11.611520 ab=3381 sf=1839 ck=780 dc=420 banks=[] longs=[69760, 3640] past4h=False
2026-08-08T03:48:12.827916 ab=3481 sf=1914 ck=810 dc=445 banks=[61404, 52272] longs=[69760, 3640] past4h=False
2026-08-08T03:51:14.092638 ab=3581 sf=1989 ck=845 dc=470 banks=[61404, 52272] longs=[69760, 3640] past4h=False
2026-08-08T03:54:15.341033 ab=3656 sf=2064 ck=880 dc=495 banks=[61404, 52272] longs=[69760, 3640] past4h=False
2026-08-08T03:57:16.623651 ab=3756 sf=2139 ck=910 dc=515 banks=[61404, 52272] longs=[69760, 3640] past4h=False
2026-08-08T04:00:17.804381 ab=3856 sf=2239 ck=945 dc=540 banks=[61404, 52272] longs=[69760, 3640] past4h=False
2026-08-08T04:03:19.082804 ab=3956 sf=2314 ck=970 dc=560 banks=[61404, 52272] longs=[69760, 3640] past4h=False
2026-08-08T04:06:20.156631 ab=4031 sf=2414 ck=1000 dc=580 banks=[61404, 52272] longs=[69760, 3640] past4h=False
2026-08-08T04:09:21.168648 ab=4131 sf=2489 ck=1025 dc=605 banks=[61404, 52272] longs=[69760, 3640] past4h=False
2026-08-08T04:12:22.199338 ab=4231 sf=2564 ck=1060 dc=625 banks=[61404, 52272] longs=[69760, 3640] past4h=False
2026-08-08T04:15:23.212774 ab=4331 sf=2639 ck=1090 dc=650 banks=[61404, 52272] longs=[69760, 3640] past4h=False
2026-08-08T04:18:24.247897 ab=4406 sf=2739 ck=1125 dc=675 banks=[30332, 59580] longs=[69760, 3640] past4h=False
2026-08-08T04:21:25.232724 ab=4506 sf=2814 ck=1150 dc=695 banks=[30332, 59580] longs=[69760, 3640] past4h=False
2026-08-08T04:24:26.202303 ab=4606 sf=2889 ck=1175 dc=720 banks=[30332, 59580] longs=[69760, 3640] past4h=False
2026-08-08T04:27:27.111946 ab=4681 sf=2989 ck=1205 dc=745 banks=[30332, 59580] longs=[69760, 3640] past4h=False
2026-08-08T04:30:28.070191 ab=4781 sf=3064 ck=1240 dc=765 banks=[30332, 59580] longs=[69760, 3640] past4h=False
2026-08-08T04:33:29.100087 ab=4881 sf=3089 ck=1280 dc=790 banks=[30332, 59580] longs=[69760, 3640] past4h=False
2026-08-08T04:36:30.927017 ab=4981 sf=3089 ck=1315 dc=815 banks=[30332, 59580] longs=[69760, 3640] past4h=False
2026-08-08T04:39:33.252379 ab=5056 sf=3176 ck=1340 dc=840 banks=[30332, 59580] longs=[69760, 3640] past4h=False
2026-08-08T04:42:35.301984 ab=5156 sf=3226 ck=1370 dc=865 banks=[30332, 59580] longs=[69760, 3640] past4h=False
2026-08-08T04:45:37.218960 ab=5256 sf=3301 ck=1405 dc=885 banks=[30332, 59580] longs=[69760, 3640] past4h=False
2026-08-08T04:48:38.802792 ab=5331 sf=3376 ck=1440 dc=910 banks=[44256, 48688] longs=[69760, 3640] past4h=False
2026-08-08T04:51:40.269542 ab=5431 sf=3426 ck=1470 dc=930 banks=[44256, 48688] longs=[69760, 3640] past4h=False
2026-08-08T04:54:42.054082 ab=5531 sf=3501 ck=1495 dc=950 banks=[56092, 62340] longs=[69760, 3640] past4h=False
2026-08-08T04:57:44.036672 ab=5631 sf=3576 ck=1525 dc=975 banks=[56092, 62340] longs=[69760, 3640] past4h=False
2026-08-08T05:00:45.860922 ab=5706 sf=3651 ck=1555 dc=995 banks=[56092, 62340] longs=[69760, 3640] past4h=False
2026-08-08T05:03:47.749558 ab=5806 sf=3701 ck=1585 dc=1020 banks=[56092, 62340] longs=[69760, 3640] past4h=False
2026-08-08T05:06:49.304915 ab=5906 sf=3776 ck=1610 dc=1040 banks=[56092, 62340] longs=[69760, 3640] past4h=False
2026-08-08T05:09:51.113272 ab=5981 sf=3851 ck=1645 dc=1065 banks=[56092, 62340] longs=[69760, 3640] past4h=False
2026-08-08T05:12:52.825085 ab=6081 sf=3926 ck=1685 dc=1085 banks=[56092, 62340] longs=[69760, 3640] past4h=False
2026-08-08T05:15:54.448028 ab=6181 sf=4001 ck=1725 dc=1110 banks=[56092, 62340] longs=[69760, 3640] past4h=False
2026-08-08T05:18:56.089777 ab=6281 sf=4051 ck=1755 dc=1135 banks=[56092, 62340] longs=[69760, 3640] past4h=False
2026-08-08T05:21:57.710410 ab=6356 sf=4126 ck=1785 dc=1155 banks=[56092, 62340] longs=[69760, 3640] past4h=False
2026-08-08T05:25:02.641549 ab=6456 sf=4176 ck=1825 dc=1175 banks=[56092, 62340] longs=[69760, 3640] past4h=False
2026-08-08T05:28:07.272756 ab=6556 sf=4251 ck=1860 dc=1200 banks=[56092, 62340] longs=[69760, 3640] past4h=False
2026-08-08T05:31:12.060697 ab=6656 sf=4301 ck=1895 dc=1225 banks=[56092, 62340] longs=[69760, 3640] past4h=False
2026-08-08T05:34:17.218738 ab=6731 sf=4376 ck=1950 dc=1250 banks=[56092, 62340] longs=[69760, 3640] past4h=False
2026-08-08T05:37:25.193397 ab=6831 sf=4426 ck=2085 dc=1275 banks=[56092, 62340] longs=[69760, 3640] past4h=False
2026-08-08T05:40:33.436694 ab=6931 sf=4445 ck=2205 dc=1295 banks=[] longs=[69760] past4h=False
2026-08-08T05:43:37.923187 ab=7031 sf=4445 ck=2285 dc=1320 banks=[57548, 64156] longs=[69760] past4h=False
2026-08-08T05:46:44.120049 ab=7131 sf=4445 ck=2405 dc=1355 banks=[57548, 64156] longs=[69760] past4h=False
2026-08-08T05:49:49.089289 ab=7206 sf=4445 ck=2530 dc=1385 banks=[57548, 64156] longs=[69760] past4h=False
2026-08-08T05:52:53.694203 ab=7306 sf=4445 ck=2660 dc=1410 banks=[57548, 64156] longs=[69760] past4h=False
2026-08-08T05:56:00.436987 ab=7381 sf=4445 ck=2775 dc=1435 banks=[57548, 64156] longs=[69760] past4h=False
2026-08-08T05:59:03.628468 ab=7481 sf=4445 ck=2900 dc=1470 banks=[57548, 64156] longs=[69760] past4h=False
2026-08-08T06:02:07.355826 ab=7556 sf=4445 ck=3020 dc=1495 banks=[57548, 64156] longs=[69760] past4h=False
2026-08-08T06:05:13.477188 ab=7656 sf=4445 ck=3145 dc=1515 banks=[57548, 64156] longs=[69760] past4h=False
2026-08-08T06:08:17.067412 ab=7731 sf=4445 ck=3265 dc=1550 banks=[57548, 64156] longs=[69760, 62360] past4h=False
2026-08-08T06:11:24.773882 ab=7831 sf=4470 ck=3375 dc=1585 banks=[] longs=[69760, 62360] past4h=True
2026-08-08T06:11:25.101725 === TIMEOUT-4H-PROCEED ===
2026-08-08T06:11:25.787460 master_unlocked_ok
2026-08-08T06:11:26.089603 StrainDB resume start n0=70 cursor=https://strain-database.com/strain/7-east-genetics-triple-dragon
2026-08-08T06:11:28.156526 launch: C:\Program Files\Python314\python.exe -u y:\Digital Stealth Care\Projects\DSC-HUB\scripts\_pw_scrape_strain_database.py --delay=4.0
2026-08-08T06:11:28.841119 StrainDB scrape PID=13236
2026-08-08T06:15:36.593783 StrainDB progress n=95 (+25) alive=True
2026-08-08T06:19:43.787687 StrainDB progress n=120 (+50) alive=True
