
===== detach start 2026-08-08T02:49:20 =====
cmd: C:\Program Files\Python314\python.exe \\192.168.86.2\Digital-Documents\Digital Stealth Care\Projects\DSC-HUB\scripts\scrape_allbud.py --delay 0.55 --checkpoint-every 25 --stage-every 500
sitemap cache: 16060 product URLs from dsc_strains_allbud.sitemap_urls.json
allbud: 16060 urls queued; resume done=1656 dump_items=1656
  checkpoint items=1681 done=1681 this_run=25 rate=0.50/s idx=1681/16060
staging: {
  "family": "allbud",
  "staging_db": "\\\\192.168.86.2\\Digital-Documents\\Digital Stealth Care\\Projects\\DSC-HUB\\brain\\data\\staging\\allbud.sqlite3",
  "count": 1681,
  "bulk": true,
  "store_raw": true,
  "stats": {
    "strain_canonical": 1681,
    "strain_variant": 0,
    "chemistry_profile": 1649,
    "grow_trait": 13,
    "entity_link": 1649,
    "attribute_kv": 0,
    "raw_record": 1681,
    "light_fixture": 0,
    "nutrient_product": 0,
    "medium_product": 0,
    "media_asset": 0,
    "followup_gap": 0,
    "schema_extension_log": 0,
    "source_record": 1
  }
}
  checkpoint items=1706 done=1706 this_run=50 rate=0.49/s idx=1706/16060
  checkpoint items=1731 done=1731 this_run=75 rate=0.50/s idx=1731/16060
  checkpoint items=1756 done=1756 this_run=100 rate=0.51/s idx=1756/16060
  checkpoint items=1781 done=1781 this_run=125 rate=0.51/s idx=1781/16060
  checkpoint items=1806 done=1806 this_run=150 rate=0.51/s idx=1806/16060
  checkpoint items=1831 done=1831 this_run=175 rate=0.51/s idx=1831/16060
  checkpoint items=1856 done=1856 this_run=200 rate=0.51/s idx=1856/16060
  checkpoint items=1881 done=1881 this_run=225 rate=0.51/s idx=1881/16060
  checkpoint items=1906 done=1906 this_run=250 rate=0.51/s idx=1906/16060
  checkpoint items=1931 done=1931 this_run=275 rate=0.51/s idx=1931/16060
  checkpoint items=1956 done=1956 this_run=300 rate=0.51/s idx=1956/16060
  checkpoint items=1981 done=1981 this_run=325 rate=0.51/s idx=1981/16060
  checkpoint items=2006 done=2006 this_run=350 rate=0.51/s idx=2006/16060
  checkpoint items=2031 done=2031 this_run=375 rate=0.51/s idx=2031/16060
  checkpoint items=2056 done=2056 this_run=400 rate=0.51/s idx=2056/16060
  checkpoint items=2081 done=2081 this_run=425 rate=0.52/s idx=2081/16060
  checkpoint items=2106 done=2106 this_run=450 rate=0.52/s idx=2106/16060
  checkpoint items=2131 done=2131 this_run=475 rate=0.52/s idx=2131/16060
  checkpoint items=2156 done=2156 this_run=500 rate=0.52/s idx=2156/16060
  checkpoint items=2181 done=2181 this_run=525 rate=0.52/s idx=2181/16060
staging: {
  "family": "allbud",
  "staging_db": "\\\\192.168.86.2\\Digital-Documents\\Digital Stealth Care\\Projects\\DSC-HUB\\brain\\data\\staging\\allbud.sqlite3",
  "count": 2181,
  "bulk": true,
  "store_raw": true,
  "stats": {
    "strain_canonical": 2181,
    "strain_variant": 0,
    "chemistry_profile": 2136,
    "grow_trait": 19,
    "entity_link": 2136,
    "attribute_kv": 0,
    "raw_record": 2181,
    "light_fixture": 0,
    "nutrient_product": 0,
    "medium_product": 0,
    "media_asset": 0,
    "followup_gap": 0,
    "schema_extension_log": 0,
    "source_record": 1
  }
}
  checkpoint items=2206 done=2206 this_run=550 rate=0.52/s idx=2206/16060
  checkpoint items=2231 done=2231 this_run=575 rate=0.52/s idx=2231/16060
  checkpoint items=2256 done=2256 this_run=600 rate=0.52/s idx=2256/16060
  checkpoint items=2281 done=2281 this_run=625 rate=0.52/s idx=2281/16060
  checkpoint items=2306 done=2306 this_run=650 rate=0.52/s idx=2306/16060
  checkpoint items=2331 done=2331 this_run=675 rate=0.52/s idx=2331/16060
  checkpoint items=2356 done=2356 this_run=700 rate=0.52/s idx=2356/16060
  checkpoint items=2381 done=2381 this_run=725 rate=0.52/s idx=2381/16060
  checkpoint items=2406 done=2406 this_run=750 rate=0.52/s idx=2406/16060
  checkpoint items=2431 done=2431 this_run=775 rate=0.52/s idx=2431/16060
  checkpoint items=2456 done=2456 this_run=800 rate=0.52/s idx=2456/16060
  checkpoint items=2481 done=2481 this_run=825 rate=0.52/s idx=2481/16060
  checkpoint items=2506 done=2506 this_run=850 rate=0.52/s idx=2506/16060
  checkpoint items=2531 done=2531 this_run=875 rate=0.52/s idx=2531/16060
  checkpoint items=2556 done=2556 this_run=900 rate=0.52/s idx=2556/16060
  checkpoint items=2581 done=2581 this_run=925 rate=0.52/s idx=2581/16060
  checkpoint items=2606 done=2606 this_run=950 rate=0.52/s idx=2606/16060
  checkpoint items=2631 done=2631 this_run=975 rate=0.52/s idx=2631/16060
  checkpoint items=2656 done=2656 this_run=1000 rate=0.52/s idx=2656/16060
  checkpoint items=2681 done=2681 this_run=1025 rate=0.52/s idx=2681/16060
staging: {
  "family": "allbud",
  "staging_db": "\\\\192.168.86.2\\Digital-Documents\\Digital Stealth Care\\Projects\\DSC-HUB\\brain\\data\\staging\\allbud.sqlite3",
  "count": 2681,
  "bulk": true,
  "store_raw": true,
  "stats": {
    "strain_canonical": 2681,
    "strain_variant": 0,
    "chemistry_profile": 2623,
    "grow_trait": 23,
    "entity_link": 2623,
    "attribute_kv": 0,
    "raw_record": 2681,
    "light_fixture": 0,
    "nutrient_product": 0,
    "medium_product": 0,
    "media_asset": 0,
    "followup_gap": 0,
    "schema_extension_log": 0,
    "source_record": 1
  }
}
  checkpoint items=2706 done=2706 this_run=1050 rate=0.52/s idx=2706/16060
  checkpoint items=2731 done=2731 this_run=1075 rate=0.52/s idx=2731/16060
  checkpoint items=2756 done=2756 this_run=1100 rate=0.52/s idx=2756/16060
  checkpoint items=2781 done=2781 this_run=1125 rate=0.52/s idx=2781/16060
  checkpoint items=2806 done=2806 this_run=1150 rate=0.52/s idx=2806/16060
  checkpoint items=2831 done=2831 this_run=1175 rate=0.52/s idx=2831/16060
  checkpoint items=2856 done=2856 this_run=1200 rate=0.52/s idx=2856/16060
  checkpoint items=2881 done=2881 this_run=1225 rate=0.52/s idx=2881/16060
  checkpoint items=2906 done=2906 this_run=1250 rate=0.52/s idx=2906/16060
  checkpoint items=2931 done=2931 this_run=1275 rate=0.52/s idx=2931/16060
  checkpoint items=2956 done=2956 this_run=1300 rate=0.52/s idx=2956/16060
  checkpoint items=2981 done=2981 this_run=1325 rate=0.52/s idx=2981/16060
  checkpoint items=3006 done=3006 this_run=1350 rate=0.52/s idx=3006/16060
  checkpoint items=3031 done=3031 this_run=1375 rate=0.52/s idx=3031/16060
  checkpoint items=3056 done=3056 this_run=1400 rate=0.52/s idx=3056/16060
  checkpoint items=3081 done=3081 this_run=1425 rate=0.52/s idx=3081/16060
  checkpoint items=3106 done=3106 this_run=1450 rate=0.52/s idx=3106/16060
  checkpoint items=3131 done=3131 this_run=1475 rate=0.52/s idx=3131/16060
  checkpoint items=3156 done=3156 this_run=1500 rate=0.52/s idx=3156/16060
  checkpoint items=3181 done=3181 this_run=1525 rate=0.52/s idx=3181/16060
staging: {
  "family": "allbud",
  "staging_db": "\\\\192.168.86.2\\Digital-Documents\\Digital Stealth Care\\Projects\\DSC-HUB\\brain\\data\\staging\\allbud.sqlite3",
  "count": 3181,
  "bulk": true,
  "store_raw": true,
  "stats": {
    "strain_canonical": 3181,
    "strain_variant": 0,
    "chemistry_profile": 3114,
    "grow_trait": 25,
    "entity_link": 3114,
    "attribute_kv": 0,
    "raw_record": 3181,
    "light_fixture": 0,
    "nutrient_product": 0,
    "medium_product": 0,
    "media_asset": 0,
    "followup_gap": 0,
    "schema_extension_log": 0,
    "source_record": 1
  }
}
  checkpoint items=3206 done=3206 this_run=1550 rate=0.52/s idx=3206/16060
  checkpoint items=3231 done=3231 this_run=1575 rate=0.52/s idx=3231/16060
  checkpoint items=3256 done=3256 this_run=1600 rate=0.52/s idx=3256/16060
  checkpoint items=3281 done=3281 this_run=1625 rate=0.52/s idx=3281/16060
  checkpoint items=3306 done=3306 this_run=1650 rate=0.52/s idx=3306/16060
  checkpoint items=3331 done=3331 this_run=1675 rate=0.52/s idx=3331/16060
  checkpoint items=3356 done=3356 this_run=1700 rate=0.52/s idx=3356/16060
  checkpoint items=3381 done=3381 this_run=1725 rate=0.52/s idx=3381/16060
  checkpoint items=3406 done=3406 this_run=1750 rate=0.52/s idx=3406/16060
  checkpoint items=3431 done=3431 this_run=1775 rate=0.52/s idx=3431/16060
  checkpoint items=3456 done=3456 this_run=1800 rate=0.52/s idx=3456/16060
  checkpoint items=3481 done=3481 this_run=1825 rate=0.52/s idx=3481/16060
  checkpoint items=3506 done=3506 this_run=1850 rate=0.52/s idx=3506/16060
  checkpoint items=3531 done=3531 this_run=1875 rate=0.52/s idx=3531/16060
  checkpoint items=3556 done=3556 this_run=1900 rate=0.52/s idx=3556/16060
  checkpoint items=3581 done=3581 this_run=1925 rate=0.52/s idx=3581/16060
  checkpoint items=3606 done=3606 this_run=1950 rate=0.52/s idx=3606/16060
  checkpoint items=3631 done=3631 this_run=1975 rate=0.52/s idx=3631/16060
  checkpoint items=3656 done=3656 this_run=2000 rate=0.52/s idx=3656/16060
  checkpoint items=3681 done=3681 this_run=2025 rate=0.52/s idx=3681/16060
staging: {
  "family": "allbud",
  "staging_db": "\\\\192.168.86.2\\Digital-Documents\\Digital Stealth Care\\Projects\\DSC-HUB\\brain\\data\\staging\\allbud.sqlite3",
  "count": 3681,
  "bulk": true,
  "store_raw": true,
  "stats": {
    "strain_canonical": 3681,
    "strain_variant": 0,
    "chemistry_profile": 3601,
    "grow_trait": 32,
    "entity_link": 3601,
    "attribute_kv": 0,
    "raw_record": 3681,
    "light_fixture": 0,
    "nutrient_product": 0,
    "medium_product": 0,
    "media_asset": 0,
    "followup_gap": 0,
    "schema_extension_log": 0,
    "source_record": 1
  }
}
  checkpoint items=3706 done=3706 this_run=2050 rate=0.52/s idx=3706/16060
  checkpoint items=3731 done=3731 this_run=2075 rate=0.52/s idx=3731/16060
  checkpoint items=3756 done=3756 this_run=2100 rate=0.52/s idx=3756/16060
  checkpoint items=3781 done=3781 this_run=2125 rate=0.52/s idx=3781/16060
  checkpoint items=3806 done=3806 this_run=2150 rate=0.52/s idx=3806/16060
  checkpoint items=3831 done=3831 this_run=2175 rate=0.52/s idx=3831/16060
  checkpoint items=3856 done=3856 this_run=2200 rate=0.52/s idx=3856/16060
  checkpoint items=3881 done=3881 this_run=2225 rate=0.52/s idx=3881/16060
  checkpoint items=3906 done=3906 this_run=2250 rate=0.52/s idx=3906/16060
  checkpoint items=3931 done=3931 this_run=2275 rate=0.52/s idx=3931/16060
  checkpoint items=3956 done=3956 this_run=2300 rate=0.52/s idx=3956/16060
  checkpoint items=3981 done=3981 this_run=2325 rate=0.52/s idx=3981/16060
  checkpoint items=4006 done=4006 this_run=2350 rate=0.52/s idx=4006/16060
  checkpoint items=4031 done=4031 this_run=2375 rate=0.52/s idx=4031/16060
  checkpoint items=4056 done=4056 this_run=2400 rate=0.52/s idx=4056/16060
  checkpoint items=4081 done=4081 this_run=2425 rate=0.52/s idx=4081/16060
  checkpoint items=4106 done=4106 this_run=2450 rate=0.52/s idx=4106/16060
  checkpoint items=4131 done=4131 this_run=2475 rate=0.52/s idx=4131/16060
  checkpoint items=4156 done=4156 this_run=2500 rate=0.52/s idx=4156/16060
  checkpoint items=4181 done=4181 this_run=2525 rate=0.52/s idx=4181/16060
staging: {
  "family": "allbud",
  "staging_db": "\\\\192.168.86.2\\Digital-Documents\\Digital Stealth Care\\Projects\\DSC-HUB\\brain\\data\\staging\\allbud.sqlite3",
  "count": 4181,
  "bulk": true,
  "store_raw": true,
  "stats": {
    "strain_canonical": 4181,
    "strain_variant": 0,
    "chemistry_profile": 4090,
    "grow_trait": 37,
    "entity_link": 4090,
    "attribute_kv": 0,
    "raw_record": 4181,
    "light_fixture": 0,
    "nutrient_product": 0,
    "medium_product": 0,
    "media_asset": 0,
    "followup_gap": 0,
    "schema_extension_log": 0,
    "source_record": 1
  }
}
  checkpoint items=4206 done=4206 this_run=2550 rate=0.52/s idx=4206/16060
  checkpoint items=4231 done=4231 this_run=2575 rate=0.52/s idx=4231/16060
  checkpoint items=4256 done=4256 this_run=2600 rate=0.52/s idx=4256/16060
  checkpoint items=4281 done=4281 this_run=2625 rate=0.52/s idx=4281/16060
  checkpoint items=4306 done=4306 this_run=2650 rate=0.52/s idx=4306/16060
  checkpoint items=4331 done=4331 this_run=2675 rate=0.52/s idx=4331/16060
  checkpoint items=4356 done=4356 this_run=2700 rate=0.52/s idx=4356/16060
  checkpoint items=4381 done=4381 this_run=2725 rate=0.52/s idx=4381/16060
  checkpoint items=4406 done=4406 this_run=2750 rate=0.52/s idx=4406/16060
  checkpoint items=4431 done=4431 this_run=2775 rate=0.52/s idx=4431/16060
  checkpoint items=4456 done=4456 this_run=2800 rate=0.52/s idx=4456/16060
  checkpoint items=4481 done=4481 this_run=2825 rate=0.52/s idx=4481/16060
  checkpoint items=4506 done=4506 this_run=2850 rate=0.52/s idx=4506/16060
  checkpoint items=4531 done=4531 this_run=2875 rate=0.52/s idx=4531/16060
  checkpoint items=4556 done=4556 this_run=2900 rate=0.52/s idx=4556/16060
  checkpoint items=4581 done=4581 this_run=2925 rate=0.52/s idx=4581/16060
  checkpoint items=4606 done=4606 this_run=2950 rate=0.52/s idx=4606/16060
  checkpoint items=4631 done=4631 this_run=2975 rate=0.52/s idx=4631/16060
  checkpoint items=4656 done=4656 this_run=3000 rate=0.52/s idx=4656/16060
  checkpoint items=4681 done=4681 this_run=3025 rate=0.52/s idx=4681/16060
staging: {
  "family": "allbud",
  "staging_db": "\\\\192.168.86.2\\Digital-Documents\\Digital Stealth Care\\Projects\\DSC-HUB\\brain\\data\\staging\\allbud.sqlite3",
  "count": 4681,
  "bulk": true,
  "store_raw": true,
  "stats": {
    "strain_canonical": 4681,
    "strain_variant": 0,
    "chemistry_profile": 4579,
    "grow_trait": 39,
    "entity_link": 4579,
    "attribute_kv": 0,
    "raw_record": 4681,
    "light_fixture": 0,
    "nutrient_product": 0,
    "medium_product": 0,
    "media_asset": 0,
    "followup_gap": 0,
    "schema_extension_log": 0,
    "source_record": 1
  }
}
  checkpoint items=4706 done=4706 this_run=3050 rate=0.52/s idx=4706/16060
  checkpoint items=4731 done=4731 this_run=3075 rate=0.52/s idx=4731/16060
  checkpoint items=4756 done=4756 this_run=3100 rate=0.52/s idx=4756/16060
  checkpoint items=4781 done=4781 this_run=3125 rate=0.52/s idx=4781/16060
  checkpoint items=4806 done=4806 this_run=3150 rate=0.52/s idx=4807/16060
  checkpoint items=4831 done=4831 this_run=3175 rate=0.52/s idx=4832/16060
  checkpoint items=4856 done=4856 this_run=3200 rate=0.52/s idx=4857/16060
  checkpoint items=4881 done=4881 this_run=3225 rate=0.52/s idx=4882/16060
  checkpoint items=4906 done=4906 this_run=3250 rate=0.52/s idx=4907/16060
  checkpoint items=4931 done=4931 this_run=3275 rate=0.52/s idx=4932/16060
  checkpoint items=4956 done=4956 this_run=3300 rate=0.52/s idx=4957/16060
  checkpoint items=4981 done=4981 this_run=3325 rate=0.52/s idx=4982/16060
  checkpoint items=5006 done=5006 this_run=3350 rate=0.52/s idx=5007/16060
  checkpoint items=5031 done=5031 this_run=3375 rate=0.52/s idx=5032/16060
  checkpoint items=5056 done=5056 this_run=3400 rate=0.52/s idx=5057/16060
  checkpoint items=5081 done=5081 this_run=3425 rate=0.52/s idx=5082/16060
  checkpoint items=5106 done=5106 this_run=3450 rate=0.52/s idx=5107/16060
  checkpoint items=5131 done=5131 this_run=3475 rate=0.52/s idx=5132/16060
  checkpoint items=5156 done=5156 this_run=3500 rate=0.52/s idx=5157/16060
  checkpoint items=5181 done=5181 this_run=3525 rate=0.52/s idx=5182/16060
staging: {
  "family": "allbud",
  "staging_db": "\\\\192.168.86.2\\Digital-Documents\\Digital Stealth Care\\Projects\\DSC-HUB\\brain\\data\\staging\\allbud.sqlite3",
  "count": 5181,
  "bulk": true,
  "store_raw": true,
  "stats": {
    "strain_canonical": 5181,
    "strain_variant": 0,
    "chemistry_profile": 5069,
    "grow_trait": 41,
    "entity_link": 5069,
    "attribute_kv": 0,
    "raw_record": 5181,
    "light_fixture": 0,
    "nutrient_product": 0,
    "medium_product": 0,
    "media_asset": 0,
    "followup_gap": 0,
    "schema_extension_log": 0,
    "source_record": 1
  }
}
  checkpoint items=5206 done=5206 this_run=3550 rate=0.52/s idx=5207/16060
  checkpoint items=5231 done=5231 this_run=3575 rate=0.52/s idx=5232/16060
  checkpoint items=5256 done=5256 this_run=3600 rate=0.52/s idx=5257/16060
  checkpoint items=5281 done=5281 this_run=3625 rate=0.52/s idx=5282/16060
  checkpoint items=5306 done=5306 this_run=3650 rate=0.52/s idx=5307/16060
  checkpoint items=5331 done=5331 this_run=3675 rate=0.52/s idx=5332/16060
  checkpoint items=5356 done=5356 this_run=3700 rate=0.52/s idx=5357/16060
  checkpoint items=5381 done=5381 this_run=3725 rate=0.52/s idx=5382/16060
  checkpoint items=5406 done=5406 this_run=3750 rate=0.52/s idx=5407/16060
  checkpoint items=5431 done=5431 this_run=3775 rate=0.52/s idx=5432/16060
  checkpoint items=5456 done=5456 this_run=3800 rate=0.52/s idx=5457/16060
  checkpoint items=5481 done=5481 this_run=3825 rate=0.52/s idx=5482/16060
  checkpoint items=5506 done=5506 this_run=3850 rate=0.52/s idx=5507/16060
  checkpoint items=5531 done=5531 this_run=3875 rate=0.52/s idx=5532/16060
  checkpoint items=5556 done=5556 this_run=3900 rate=0.52/s idx=5557/16060
  checkpoint items=5581 done=5581 this_run=3925 rate=0.52/s idx=5582/16060
  checkpoint items=5606 done=5606 this_run=3950 rate=0.52/s idx=5607/16060
  checkpoint items=5631 done=5631 this_run=3975 rate=0.52/s idx=5632/16060
  checkpoint items=5656 done=5656 this_run=4000 rate=0.52/s idx=5657/16060
  checkpoint items=5681 done=5681 this_run=4025 rate=0.52/s idx=5682/16060
staging: {
  "family": "allbud",
  "staging_db": "\\\\192.168.86.2\\Digital-Documents\\Digital Stealth Care\\Projects\\DSC-HUB\\brain\\data\\staging\\allbud.sqlite3",
  "count": 5681,
  "bulk": true,
  "store_raw": true,
  "stats": {
    "strain_canonical": 5681,
    "strain_variant": 0,
    "chemistry_profile": 5568,
    "grow_trait": 43,
    "entity_link": 5568,
    "attribute_kv": 0,
    "raw_record": 5681,
    "light_fixture": 0,
    "nutrient_product": 0,
    "medium_product": 0,
    "media_asset": 0,
    "followup_gap": 0,
    "schema_extension_log": 0,
    "source_record": 1
  }
}
  checkpoint items=5706 done=5706 this_run=4050 rate=0.52/s idx=5707/16060
  checkpoint items=5731 done=5731 this_run=4075 rate=0.52/s idx=5732/16060
  checkpoint items=5756 done=5756 this_run=4100 rate=0.52/s idx=5757/16060
  checkpoint items=5781 done=5781 this_run=4125 rate=0.52/s idx=5782/16060
  checkpoint items=5806 done=5806 this_run=4150 rate=0.52/s idx=5807/16060
  checkpoint items=5831 done=5831 this_run=4175 rate=0.52/s idx=5832/16060
  checkpoint items=5856 done=5856 this_run=4200 rate=0.52/s idx=5857/16060
  checkpoint items=5881 done=5881 this_run=4225 rate=0.52/s idx=5882/16060
  checkpoint items=5906 done=5906 this_run=4250 rate=0.52/s idx=5907/16060
  checkpoint items=5931 done=5931 this_run=4275 rate=0.52/s idx=5932/16060
  checkpoint items=5956 done=5956 this_run=4300 rate=0.52/s idx=5957/16060
  checkpoint items=5981 done=5981 this_run=4325 rate=0.52/s idx=5982/16060
  checkpoint items=6006 done=6006 this_run=4350 rate=0.52/s idx=6007/16060
  checkpoint items=6031 done=6031 this_run=4375 rate=0.52/s idx=6032/16060
  checkpoint items=6056 done=6056 this_run=4400 rate=0.52/s idx=6057/16060
  checkpoint items=6081 done=6081 this_run=4425 rate=0.52/s idx=6082/16060
  checkpoint items=6106 done=6106 this_run=4450 rate=0.52/s idx=6107/16060
  checkpoint items=6131 done=6131 this_run=4475 rate=0.52/s idx=6132/16060
  checkpoint items=6156 done=6156 this_run=4500 rate=0.52/s idx=6157/16060
  checkpoint items=6181 done=6181 this_run=4525 rate=0.52/s idx=6182/16060
staging: {
  "family": "allbud",
  "staging_db": "\\\\192.168.86.2\\Digital-Documents\\Digital Stealth Care\\Projects\\DSC-HUB\\brain\\data\\staging\\allbud.sqlite3",
  "count": 6181,
  "bulk": true,
  "store_raw": true,
  "stats": {
    "strain_canonical": 6181,
    "strain_variant": 0,
    "chemistry_profile": 6063,
    "grow_trait": 43,
    "entity_link": 6063,
    "attribute_kv": 0,
    "raw_record": 6181,
    "light_fixture": 0,
    "nutrient_product": 0,
    "medium_product": 0,
    "media_asset": 0,
    "followup_gap": 0,
    "schema_extension_log": 0,
    "source_record": 1
  }
}
  checkpoint items=6206 done=6206 this_run=4550 rate=0.52/s idx=6207/16060
  checkpoint items=6231 done=6231 this_run=4575 rate=0.52/s idx=6232/16060
  checkpoint items=6256 done=6256 this_run=4600 rate=0.52/s idx=6257/16060
  checkpoint items=6281 done=6281 this_run=4625 rate=0.52/s idx=6282/16060
  checkpoint items=6306 done=6306 this_run=4650 rate=0.52/s idx=6307/16060
  checkpoint items=6331 done=6331 this_run=4675 rate=0.52/s idx=6332/16060
  checkpoint items=6356 done=6356 this_run=4700 rate=0.52/s idx=6357/16060
  checkpoint items=6381 done=6381 this_run=4725 rate=0.52/s idx=6382/16060
  checkpoint items=6406 done=6406 this_run=4750 rate=0.52/s idx=6407/16060
  checkpoint items=6431 done=6431 this_run=4775 rate=0.52/s idx=6432/16060
  checkpoint items=6456 done=6456 this_run=4800 rate=0.52/s idx=6457/16060
  checkpoint items=6481 done=6481 this_run=4825 rate=0.52/s idx=6482/16060
  checkpoint items=6506 done=6506 this_run=4850 rate=0.52/s idx=6507/16060
  checkpoint items=6531 done=6531 this_run=4875 rate=0.52/s idx=6532/16060
  checkpoint items=6556 done=6556 this_run=4900 rate=0.52/s idx=6557/16060
  checkpoint items=6581 done=6581 this_run=4925 rate=0.52/s idx=6582/16060
  checkpoint items=6606 done=6606 this_run=4950 rate=0.52/s idx=6607/16060
  checkpoint items=6631 done=6631 this_run=4975 rate=0.52/s idx=6632/16060
  checkpoint items=6656 done=6656 this_run=5000 rate=0.52/s idx=6657/16060
  checkpoint items=6681 done=6681 this_run=5025 rate=0.52/s idx=6682/16060
staging: {
  "family": "allbud",
  "staging_db": "\\\\192.168.86.2\\Digital-Documents\\Digital Stealth Care\\Projects\\DSC-HUB\\brain\\data\\staging\\allbud.sqlite3",
  "count": 6681,
  "bulk": true,
  "store_raw": true,
  "stats": {
    "strain_canonical": 6681,
    "strain_variant": 0,
    "chemistry_profile": 6545,
    "grow_trait": 47,
    "entity_link": 6545,
    "attribute_kv": 0,
    "raw_record": 6681,
    "light_fixture": 0,
    "nutrient_product": 0,
    "medium_product": 0,
    "media_asset": 0,
    "followup_gap": 0,
    "schema_extension_log": 0,
    "source_record": 1
  }
}
  checkpoint items=6706 done=6706 this_run=5050 rate=0.51/s idx=6707/16060
  checkpoint items=6731 done=6731 this_run=5075 rate=0.51/s idx=6732/16060
  checkpoint items=6756 done=6756 this_run=5100 rate=0.51/s idx=6757/16060
  checkpoint items=6781 done=6781 this_run=5125 rate=0.51/s idx=6782/16060
  checkpoint items=6806 done=6806 this_run=5150 rate=0.51/s idx=6807/16060
  checkpoint items=6831 done=6831 this_run=5175 rate=0.51/s idx=6832/16060
  checkpoint items=6856 done=6856 this_run=5200 rate=0.51/s idx=6857/16060
  checkpoint items=6881 done=6881 this_run=5225 rate=0.51/s idx=6882/16060
  checkpoint items=6906 done=6906 this_run=5250 rate=0.51/s idx=6907/16060
  checkpoint items=6931 done=6931 this_run=5275 rate=0.51/s idx=6932/16060
  checkpoint items=6956 done=6956 this_run=5300 rate=0.51/s idx=6957/16060
  checkpoint items=6981 done=6981 this_run=5325 rate=0.51/s idx=6982/16060
  checkpoint items=7006 done=7006 this_run=5350 rate=0.51/s idx=7007/16060
  checkpoint items=7031 done=7031 this_run=5375 rate=0.51/s idx=7032/16060
  checkpoint items=7056 done=7056 this_run=5400 rate=0.51/s idx=7057/16060
  checkpoint items=7081 done=7081 this_run=5425 rate=0.51/s idx=7082/16060
  checkpoint items=7106 done=7106 this_run=5450 rate=0.51/s idx=7107/16060
  checkpoint items=7131 done=7131 this_run=5475 rate=0.51/s idx=7132/16060
  checkpoint items=7156 done=7156 this_run=5500 rate=0.51/s idx=7157/16060
  checkpoint items=7181 done=7181 this_run=5525 rate=0.51/s idx=7182/16060
staging: {
  "family": "allbud",
  "staging_db": "\\\\192.168.86.2\\Digital-Documents\\Digital Stealth Care\\Projects\\DSC-HUB\\brain\\data\\staging\\allbud.sqlite3",
  "count": 7181,
  "bulk": true,
  "store_raw": true,
  "stats": {
    "strain_canonical": 7181,
    "strain_variant": 0,
    "chemistry_profile": 7039,
    "grow_trait": 51,
    "entity_link": 7039,
    "attribute_kv": 0,
    "raw_record": 7181,
    "light_fixture": 0,
    "nutrient_product": 0,
    "medium_product": 0,
    "media_asset": 0,
    "followup_gap": 0,
    "schema_extension_log": 0,
    "source_record": 1
  }
}
  checkpoint items=7206 done=7206 this_run=5550 rate=0.51/s idx=7207/16060
  checkpoint items=7231 done=7231 this_run=5575 rate=0.51/s idx=7232/16060
  checkpoint items=7256 done=7256 this_run=5600 rate=0.51/s idx=7257/16060
  checkpoint items=7281 done=7281 this_run=5625 rate=0.51/s idx=7282/16060
  checkpoint items=7306 done=7306 this_run=5650 rate=0.51/s idx=7307/16060
  checkpoint items=7331 done=7331 this_run=5675 rate=0.51/s idx=7332/16060
  checkpoint items=7356 done=7356 this_run=5700 rate=0.51/s idx=7357/16060
  checkpoint items=7381 done=7381 this_run=5725 rate=0.51/s idx=7382/16060
  checkpoint items=7406 done=7406 this_run=5750 rate=0.51/s idx=7407/16060
  checkpoint items=7431 done=7431 this_run=5775 rate=0.51/s idx=7432/16060
  checkpoint items=7456 done=7456 this_run=5800 rate=0.51/s idx=7457/16060
  checkpoint items=7481 done=7481 this_run=5825 rate=0.51/s idx=7482/16060
  checkpoint items=7506 done=7506 this_run=5850 rate=0.51/s idx=7507/16060
  checkpoint items=7531 done=7531 this_run=5875 rate=0.51/s idx=7532/16060
  checkpoint items=7556 done=7556 this_run=5900 rate=0.51/s idx=7557/16060
  checkpoint items=7581 done=7581 this_run=5925 rate=0.51/s idx=7582/16060
  checkpoint items=7606 done=7606 this_run=5950 rate=0.51/s idx=7607/16060
  checkpoint items=7631 done=7631 this_run=5975 rate=0.51/s idx=7632/16060
  checkpoint items=7656 done=7656 this_run=6000 rate=0.51/s idx=7657/16060
  checkpoint items=7681 done=7681 this_run=6025 rate=0.51/s idx=7682/16060
staging: {
  "family": "allbud",
  "staging_db": "\\\\192.168.86.2\\Digital-Documents\\Digital Stealth Care\\Projects\\DSC-HUB\\brain\\data\\staging\\allbud.sqlite3",
  "count": 7681,
  "bulk": true,
  "store_raw": true,
  "stats": {
    "strain_canonical": 7681,
    "strain_variant": 0,
    "chemistry_profile": 7522,
    "grow_trait": 56,
    "entity_link": 7522,
    "attribute_kv": 0,
    "raw_record": 7681,
    "light_fixture": 0,
    "nutrient_product": 0,
    "medium_product": 0,
    "media_asset": 0,
    "followup_gap": 0,
    "schema_extension_log": 0,
    "source_record": 1
  }
}
  checkpoint items=7706 done=7706 this_run=6050 rate=0.51/s idx=7707/16060
  checkpoint items=7731 done=7731 this_run=6075 rate=0.51/s idx=7732/16060
  checkpoint items=7756 done=7756 this_run=6100 rate=0.51/s idx=7757/16060
  checkpoint items=7781 done=7781 this_run=6125 rate=0.51/s idx=7782/16060
  checkpoint items=7806 done=7806 this_run=6150 rate=0.51/s idx=7807/16060
  checkpoint items=7831 done=7831 this_run=6175 rate=0.51/s idx=7832/16060
  checkpoint items=7856 done=7856 this_run=6200 rate=0.51/s idx=7857/16060
  checkpoint items=7881 done=7881 this_run=6225 rate=0.51/s idx=7882/16060
  checkpoint items=7906 done=7906 this_run=6250 rate=0.51/s idx=7907/16060
  checkpoint items=7931 done=7931 this_run=6275 rate=0.51/s idx=7932/16060
  checkpoint items=7956 done=7956 this_run=6300 rate=0.51/s idx=7957/16060
  checkpoint items=7981 done=7981 this_run=6325 rate=0.51/s idx=7982/16060
  checkpoint items=8006 done=8006 this_run=6350 rate=0.51/s idx=8007/16060
  checkpoint items=8031 done=8031 this_run=6375 rate=0.51/s idx=8032/16060
  checkpoint items=8056 done=8056 this_run=6400 rate=0.51/s idx=8057/16060
  checkpoint items=8081 done=8081 this_run=6425 rate=0.51/s idx=8082/16060
  checkpoint items=8106 done=8106 this_run=6450 rate=0.51/s idx=8107/16060
  checkpoint items=8131 done=8131 this_run=6475 rate=0.51/s idx=8132/16060
  checkpoint items=8156 done=8156 this_run=6500 rate=0.51/s idx=8157/16060
  checkpoint items=8181 done=8181 this_run=6525 rate=0.51/s idx=8182/16060
staging: {
  "family": "allbud",
  "staging_db": "\\\\192.168.86.2\\Digital-Documents\\Digital Stealth Care\\Projects\\DSC-HUB\\brain\\data\\staging\\allbud.sqlite3",
  "count": 8181,
  "bulk": true,
  "store_raw": true,
  "stats": {
    "strain_canonical": 8181,
    "strain_variant": 0,
    "chemistry_profile": 8011,
    "grow_trait": 60,
    "entity_link": 8011,
    "attribute_kv": 0,
    "raw_record": 8181,
    "light_fixture": 0,
    "nutrient_product": 0,
    "medium_product": 0,
    "media_asset": 0,
    "followup_gap": 0,
    "schema_extension_log": 0,
    "source_record": 1
  }
}
  checkpoint items=8206 done=8206 this_run=6550 rate=0.51/s idx=8207/16060
  checkpoint items=8231 done=8231 this_run=6575 rate=0.51/s idx=8232/16060
  checkpoint items=8256 done=8256 this_run=6600 rate=0.51/s idx=8257/16060
  checkpoint items=8281 done=8281 this_run=6625 rate=0.51/s idx=8282/16060
  checkpoint items=8306 done=8306 this_run=6650 rate=0.51/s idx=8307/16060
  checkpoint items=8331 done=8331 this_run=6675 rate=0.51/s idx=8332/16060
  checkpoint items=8356 done=8356 this_run=6700 rate=0.51/s idx=8357/16060
  checkpoint items=8381 done=8381 this_run=6725 rate=0.51/s idx=8382/16060
  checkpoint items=8406 done=8406 this_run=6750 rate=0.51/s idx=8407/16060
  checkpoint items=8431 done=8431 this_run=6775 rate=0.51/s idx=8432/16060
  checkpoint items=8456 done=8456 this_run=6800 rate=0.51/s idx=8457/16060
  checkpoint items=8481 done=8481 this_run=6825 rate=0.51/s idx=8482/16060
  checkpoint items=8506 done=8506 this_run=6850 rate=0.51/s idx=8507/16060
  checkpoint items=8531 done=8531 this_run=6875 rate=0.51/s idx=8532/16060
  checkpoint items=8556 done=8556 this_run=6900 rate=0.51/s idx=8557/16060
  checkpoint items=8581 done=8581 this_run=6925 rate=0.51/s idx=8582/16060
  checkpoint items=8606 done=8606 this_run=6950 rate=0.51/s idx=8607/16060
  checkpoint items=8631 done=8631 this_run=6975 rate=0.51/s idx=8632/16060
  checkpoint items=8656 done=8656 this_run=7000 rate=0.51/s idx=8657/16060
  checkpoint items=8681 done=8681 this_run=7025 rate=0.51/s idx=8682/16060
staging: {
  "family": "allbud",
  "staging_db": "\\\\192.168.86.2\\Digital-Documents\\Digital Stealth Care\\Projects\\DSC-HUB\\brain\\data\\staging\\allbud.sqlite3",
  "count": 8681,
  "bulk": true,
  "store_raw": true,
  "stats": {
    "strain_canonical": 8681,
    "strain_variant": 0,
    "chemistry_profile": 8498,
    "grow_trait": 67,
    "entity_link": 8498,
    "attribute_kv": 0,
    "raw_record": 8681,
    "light_fixture": 0,
    "nutrient_product": 0,
    "medium_product": 0,
    "media_asset": 0,
    "followup_gap": 0,
    "schema_extension_log": 0,
    "source_record": 1
  }
}
  checkpoint items=8706 done=8706 this_run=7050 rate=0.51/s idx=8707/16060
  checkpoint items=8731 done=8731 this_run=7075 rate=0.51/s idx=8732/16060
  checkpoint items=8756 done=8756 this_run=7100 rate=0.51/s idx=8757/16060
  checkpoint items=8781 done=8781 this_run=7125 rate=0.51/s idx=8782/16060
  checkpoint items=8806 done=8806 this_run=7150 rate=0.51/s idx=8807/16060
  checkpoint items=8831 done=8831 this_run=7175 rate=0.51/s idx=8832/16060
  checkpoint items=8856 done=8856 this_run=7200 rate=0.51/s idx=8857/16060
  checkpoint items=8881 done=8881 this_run=7225 rate=0.51/s idx=8882/16060
  checkpoint items=8906 done=8906 this_run=7250 rate=0.51/s idx=8907/16060
  checkpoint items=8931 done=8931 this_run=7275 rate=0.51/s idx=8932/16060
  checkpoint items=8956 done=8956 this_run=7300 rate=0.51/s idx=8957/16060
  checkpoint items=8981 done=8981 this_run=7325 rate=0.51/s idx=8982/16060
  checkpoint items=9006 done=9006 this_run=7350 rate=0.51/s idx=9007/16060
  checkpoint items=9031 done=9031 this_run=7375 rate=0.51/s idx=9032/16060
  checkpoint items=9056 done=9056 this_run=7400 rate=0.51/s idx=9057/16060
  checkpoint items=9081 done=9081 this_run=7425 rate=0.51/s idx=9082/16060
  checkpoint items=9106 done=9106 this_run=7450 rate=0.51/s idx=9107/16060
  checkpoint items=9131 done=9131 this_run=7475 rate=0.51/s idx=9132/16060
  checkpoint items=9156 done=9156 this_run=7500 rate=0.50/s idx=9157/16060
  checkpoint items=9181 done=9181 this_run=7525 rate=0.51/s idx=9182/16060
staging: {
  "family": "allbud",
  "staging_db": "\\\\192.168.86.2\\Digital-Documents\\Digital Stealth Care\\Projects\\DSC-HUB\\brain\\data\\staging\\allbud.sqlite3",
  "count": 9181,
  "bulk": true,
  "store_raw": true,
  "stats": {
    "strain_canonical": 9181,
    "strain_variant": 0,
    "chemistry_profile": 8987,
    "grow_trait": 69,
    "entity_link": 8987,
    "attribute_kv": 0,
    "raw_record": 9181,
    "light_fixture": 0,
    "nutrient_product": 0,
    "medium_product": 0,
    "media_asset": 0,
    "followup_gap": 0,
    "schema_extension_log": 0,
    "source_record": 1
  }
}
  checkpoint items=9206 done=9206 this_run=7550 rate=0.50/s idx=9207/16060
  checkpoint items=9231 done=9231 this_run=7575 rate=0.50/s idx=9232/16060
  checkpoint items=9256 done=9256 this_run=7600 rate=0.50/s idx=9257/16060
  checkpoint items=9281 done=9281 this_run=7625 rate=0.51/s idx=9282/16060
  checkpoint items=9306 done=9306 this_run=7650 rate=0.51/s idx=9307/16060
  checkpoint items=9331 done=9331 this_run=7675 rate=0.51/s idx=9332/16060
  checkpoint items=9356 done=9356 this_run=7700 rate=0.51/s idx=9357/16060
  checkpoint items=9381 done=9381 this_run=7725 rate=0.51/s idx=9382/16060
  checkpoint items=9406 done=9406 this_run=7750 rate=0.51/s idx=9407/16060
  checkpoint items=9431 done=9431 this_run=7775 rate=0.51/s idx=9432/16060
  checkpoint items=9456 done=9456 this_run=7800 rate=0.51/s idx=9457/16060
  checkpoint items=9481 done=9481 this_run=7825 rate=0.51/s idx=9482/16060
  checkpoint items=9506 done=9506 this_run=7850 rate=0.51/s idx=9507/16060
  checkpoint items=9531 done=9531 this_run=7875 rate=0.51/s idx=9532/16060
  checkpoint items=9556 done=9556 this_run=7900 rate=0.51/s idx=9557/16060
  checkpoint items=9581 done=9581 this_run=7925 rate=0.51/s idx=9582/16060
  checkpoint items=9606 done=9606 this_run=7950 rate=0.51/s idx=9607/16060
  checkpoint items=9631 done=9631 this_run=7975 rate=0.51/s idx=9632/16060
  checkpoint items=9656 done=9656 this_run=8000 rate=0.51/s idx=9657/16060
  checkpoint items=9681 done=9681 this_run=8025 rate=0.51/s idx=9682/16060
staging: {
  "family": "allbud",
  "staging_db": "\\\\192.168.86.2\\Digital-Documents\\Digital Stealth Care\\Projects\\DSC-HUB\\brain\\data\\staging\\allbud.sqlite3",
  "count": 9681,
  "bulk": true,
  "store_raw": true,
  "stats": {
    "strain_canonical": 9681,
    "strain_variant": 0,
    "chemistry_profile": 9476,
    "grow_trait": 73,
    "entity_link": 9476,
    "attribute_kv": 0,
    "raw_record": 9681,
    "light_fixture": 0,
    "nutrient_product": 0,
    "medium_product": 0,
    "media_asset": 0,
    "followup_gap": 0,
    "schema_extension_log": 0,
    "source_record": 1
  }
}
  checkpoint items=9706 done=9706 this_run=8050 rate=0.51/s idx=9707/16060
  checkpoint items=9731 done=9731 this_run=8075 rate=0.51/s idx=9732/16060
  checkpoint items=9756 done=9756 this_run=8100 rate=0.51/s idx=9757/16060
  checkpoint items=9781 done=9781 this_run=8125 rate=0.51/s idx=9782/16060
  checkpoint items=9806 done=9806 this_run=8150 rate=0.51/s idx=9807/16060
  checkpoint items=9831 done=9831 this_run=8175 rate=0.50/s idx=9833/16060
  checkpoint items=9856 done=9856 this_run=8200 rate=0.50/s idx=9858/16060
  checkpoint items=9881 done=9881 this_run=8225 rate=0.50/s idx=9883/16060
  checkpoint items=9906 done=9906 this_run=8250 rate=0.51/s idx=9908/16060
  checkpoint items=9931 done=9931 this_run=8275 rate=0.51/s idx=9933/16060
  checkpoint items=9956 done=9956 this_run=8300 rate=0.51/s idx=9958/16060
  checkpoint items=9981 done=9981 this_run=8325 rate=0.51/s idx=9983/16060
  checkpoint items=10006 done=10006 this_run=8350 rate=0.51/s idx=10008/16060
  checkpoint items=10031 done=10031 this_run=8375 rate=0.50/s idx=10033/16060
  checkpoint items=10056 done=10056 this_run=8400 rate=0.50/s idx=10058/16060
  checkpoint items=10081 done=10081 this_run=8425 rate=0.50/s idx=10083/16060
  checkpoint items=10106 done=10106 this_run=8450 rate=0.50/s idx=10108/16060
  checkpoint items=10131 done=10131 this_run=8475 rate=0.50/s idx=10133/16060
  checkpoint items=10156 done=10156 this_run=8500 rate=0.50/s idx=10158/16060
  checkpoint items=10181 done=10181 this_run=8525 rate=0.50/s idx=10183/16060
staging: {
  "family": "allbud",
  "staging_db": "\\\\192.168.86.2\\Digital-Documents\\Digital Stealth Care\\Projects\\DSC-HUB\\brain\\data\\staging\\allbud.sqlite3",
  "count": 10181,
  "bulk": true,
  "store_raw": true,
  "stats": {
    "strain_canonical": 10181,
    "strain_variant": 0,
    "chemistry_profile": 9960,
    "grow_trait": 81,
    "entity_link": 9960,
    "attribute_kv": 0,
    "raw_record": 10181,
    "light_fixture": 0,
    "nutrient_product": 0,
    "medium_product": 0,
    "media_asset": 0,
    "followup_gap": 0,
    "schema_extension_log": 0,
    "source_record": 1
  }
}
  checkpoint items=10206 done=10206 this_run=8550 rate=0.50/s idx=10208/16060
  checkpoint items=10231 done=10231 this_run=8575 rate=0.50/s idx=10233/16060
  checkpoint items=10256 done=10256 this_run=8600 rate=0.50/s idx=10258/16060
  checkpoint items=10281 done=10281 this_run=8625 rate=0.50/s idx=10283/16060
  checkpoint items=10306 done=10306 this_run=8650 rate=0.50/s idx=10308/16060
  checkpoint items=10331 done=10331 this_run=8675 rate=0.50/s idx=10333/16060
  checkpoint items=10356 done=10356 this_run=8700 rate=0.50/s idx=10358/16060
  checkpoint items=10381 done=10381 this_run=8725 rate=0.50/s idx=10383/16060
  checkpoint items=10406 done=10406 this_run=8750 rate=0.50/s idx=10408/16060
  checkpoint items=10431 done=10431 this_run=8775 rate=0.50/s idx=10433/16060
  checkpoint items=10456 done=10456 this_run=8800 rate=0.50/s idx=10458/16060
  checkpoint items=10481 done=10481 this_run=8825 rate=0.50/s idx=10483/16060
  checkpoint items=10506 done=10506 this_run=8850 rate=0.50/s idx=10508/16060
  checkpoint items=10531 done=10531 this_run=8875 rate=0.50/s idx=10533/16060
  checkpoint items=10556 done=10556 this_run=8900 rate=0.50/s idx=10558/16060
  checkpoint items=10581 done=10581 this_run=8925 rate=0.50/s idx=10583/16060
  checkpoint items=10606 done=10606 this_run=8950 rate=0.50/s idx=10608/16060
  checkpoint items=10631 done=10631 this_run=8975 rate=0.50/s idx=10633/16060
  checkpoint items=10656 done=10656 this_run=9000 rate=0.50/s idx=10658/16060
  checkpoint items=10681 done=10681 this_run=9025 rate=0.50/s idx=10683/16060
staging: {
  "family": "allbud",
  "staging_db": "\\\\192.168.86.2\\Digital-Documents\\Digital Stealth Care\\Projects\\DSC-HUB\\brain\\data\\staging\\allbud.sqlite3",
  "count": 10681,
  "bulk": true,
  "store_raw": true,
  "stats": {
    "strain_canonical": 10681,
    "strain_variant": 0,
    "chemistry_profile": 10455,
    "grow_trait": 83,
    "entity_link": 10455,
    "attribute_kv": 0,
    "raw_record": 10681,
    "light_fixture": 0,
    "nutrient_product": 0,
    "medium_product": 0,
    "media_asset": 0,
    "followup_gap": 0,
    "schema_extension_log": 0,
    "source_record": 1
  }
}
  checkpoint items=10706 done=10706 this_run=9050 rate=0.50/s idx=10708/16060
  checkpoint items=10731 done=10731 this_run=9075 rate=0.50/s idx=10733/16060
  checkpoint items=10756 done=10756 this_run=9100 rate=0.50/s idx=10758/16060
  checkpoint items=10781 done=10781 this_run=9125 rate=0.50/s idx=10783/16060
  checkpoint items=10806 done=10806 this_run=9150 rate=0.50/s idx=10808/16060
  checkpoint items=10831 done=10831 this_run=9175 rate=0.50/s idx=10833/16060
  checkpoint items=10856 done=10856 this_run=9200 rate=0.50/s idx=10858/16060
  checkpoint items=10881 done=10881 this_run=9225 rate=0.50/s idx=10883/16060
  checkpoint items=10906 done=10906 this_run=9250 rate=0.50/s idx=10908/16060
  checkpoint items=10931 done=10931 this_run=9275 rate=0.50/s idx=10933/16060
  checkpoint items=10956 done=10956 this_run=9300 rate=0.50/s idx=10958/16060
  checkpoint items=10981 done=10981 this_run=9325 rate=0.50/s idx=10983/16060
  checkpoint items=11006 done=11006 this_run=9350 rate=0.50/s idx=11008/16060
  checkpoint items=11031 done=11031 this_run=9375 rate=0.50/s idx=11033/16060
  checkpoint items=11056 done=11056 this_run=9400 rate=0.50/s idx=11058/16060
  checkpoint items=11081 done=11081 this_run=9425 rate=0.50/s idx=11083/16060
  checkpoint items=11106 done=11106 this_run=9450 rate=0.50/s idx=11108/16060
  checkpoint items=11131 done=11131 this_run=9475 rate=0.50/s idx=11133/16060
  checkpoint items=11156 done=11156 this_run=9500 rate=0.50/s idx=11158/16060
  checkpoint items=11181 done=11181 this_run=9525 rate=0.50/s idx=11183/16060
staging: {
  "family": "allbud",
  "staging_db": "\\\\192.168.86.2\\Digital-Documents\\Digital Stealth Care\\Projects\\DSC-HUB\\brain\\data\\staging\\allbud.sqlite3",
  "count": 11181,
  "bulk": true,
  "store_raw": true,
  "stats": {
    "strain_canonical": 11181,
    "strain_variant": 0,
    "chemistry_profile": 10945,
    "grow_trait": 83,
    "entity_link": 10945,
    "attribute_kv": 0,
    "raw_record": 11181,
    "light_fixture": 0,
    "nutrient_product": 0,
    "medium_product": 0,
    "media_asset": 0,
    "followup_gap": 0,
    "schema_extension_log": 0,
    "source_record": 1
  }
}
  checkpoint items=11206 done=11206 this_run=9550 rate=0.50/s idx=11208/16060
  checkpoint items=11231 done=11231 this_run=9575 rate=0.50/s idx=11233/16060
  checkpoint items=11256 done=11256 this_run=9600 rate=0.50/s idx=11258/16060
  checkpoint items=11281 done=11281 this_run=9625 rate=0.50/s idx=11283/16060
  checkpoint items=11306 done=11306 this_run=9650 rate=0.50/s idx=11308/16060
  checkpoint items=11331 done=11331 this_run=9675 rate=0.50/s idx=11333/16060
  checkpoint items=11356 done=11356 this_run=9700 rate=0.50/s idx=11358/16060
  checkpoint items=11381 done=11381 this_run=9725 rate=0.50/s idx=11383/16060
  checkpoint items=11406 done=11406 this_run=9750 rate=0.50/s idx=11408/16060
  checkpoint items=11431 done=11431 this_run=9775 rate=0.50/s idx=11433/16060
  checkpoint items=11456 done=11456 this_run=9800 rate=0.50/s idx=11458/16060
  checkpoint items=11481 done=11481 this_run=9825 rate=0.50/s idx=11483/16060
  checkpoint items=11506 done=11506 this_run=9850 rate=0.50/s idx=11508/16060
  checkpoint items=11531 done=11531 this_run=9875 rate=0.50/s idx=11533/16060
  checkpoint items=11556 done=11556 this_run=9900 rate=0.50/s idx=11558/16060
  checkpoint items=11581 done=11581 this_run=9925 rate=0.50/s idx=11583/16060
  checkpoint items=11606 done=11606 this_run=9950 rate=0.50/s idx=11608/16060
  checkpoint items=11631 done=11631 this_run=9975 rate=0.50/s idx=11633/16060
  checkpoint items=11656 done=11656 this_run=10000 rate=0.50/s idx=11658/16060
  checkpoint items=11681 done=11681 this_run=10025 rate=0.50/s idx=11683/16060
staging: {
  "family": "allbud",
  "staging_db": "\\\\192.168.86.2\\Digital-Documents\\Digital Stealth Care\\Projects\\DSC-HUB\\brain\\data\\staging\\allbud.sqlite3",
  "count": 11681,
  "bulk": true,
  "store_raw": true,
  "stats": {
    "strain_canonical": 11681,
    "strain_variant": 0,
    "chemistry_profile": 11437,
    "grow_trait": 86,
    "entity_link": 11437,
    "attribute_kv": 0,
    "raw_record": 11681,
    "light_fixture": 0,
    "nutrient_product": 0,
    "medium_product": 0,
    "media_asset": 0,
    "followup_gap": 0,
    "schema_extension_log": 0,
    "source_record": 1
  }
}
  checkpoint items=11706 done=11706 this_run=10050 rate=0.50/s idx=11708/16060
  checkpoint items=11731 done=11731 this_run=10075 rate=0.50/s idx=11733/16060
  checkpoint items=11756 done=11756 this_run=10100 rate=0.50/s idx=11758/16060
  checkpoint items=11781 done=11781 this_run=10125 rate=0.50/s idx=11783/16060
  checkpoint items=11806 done=11806 this_run=10150 rate=0.50/s idx=11808/16060
  checkpoint items=11831 done=11831 this_run=10175 rate=0.50/s idx=11833/16060
  checkpoint items=11856 done=11856 this_run=10200 rate=0.50/s idx=11858/16060
  checkpoint items=11881 done=11881 this_run=10225 rate=0.50/s idx=11883/16060
  checkpoint items=11906 done=11906 this_run=10250 rate=0.50/s idx=11908/16060
  checkpoint items=11931 done=11931 this_run=10275 rate=0.50/s idx=11933/16060
  checkpoint items=11956 done=11956 this_run=10300 rate=0.50/s idx=11958/16060
  checkpoint items=11981 done=11981 this_run=10325 rate=0.50/s idx=11983/16060
  checkpoint items=12006 done=12006 this_run=10350 rate=0.50/s idx=12008/16060
  checkpoint items=12031 done=12031 this_run=10375 rate=0.50/s idx=12033/16060
  checkpoint items=12056 done=12056 this_run=10400 rate=0.50/s idx=12058/16060
  checkpoint items=12081 done=12081 this_run=10425 rate=0.50/s idx=12083/16060
  checkpoint items=12106 done=12106 this_run=10450 rate=0.50/s idx=12108/16060
  checkpoint items=12131 done=12131 this_run=10475 rate=0.50/s idx=12133/16060
  checkpoint items=12156 done=12156 this_run=10500 rate=0.50/s idx=12158/16060
  checkpoint items=12181 done=12181 this_run=10525 rate=0.50/s idx=12183/16060
staging: {
  "family": "allbud",
  "staging_db": "\\\\192.168.86.2\\Digital-Documents\\Digital Stealth Care\\Projects\\DSC-HUB\\brain\\data\\staging\\allbud.sqlite3",
  "count": 12181,
  "bulk": true,
  "store_raw": true,
  "stats": {
    "strain_canonical": 12181,
    "strain_variant": 0,
    "chemistry_profile": 11931,
    "grow_trait": 87,
    "entity_link": 11931,
    "attribute_kv": 0,
    "raw_record": 12181,
    "light_fixture": 0,
    "nutrient_product": 0,
    "medium_product": 0,
    "media_asset": 0,
    "followup_gap": 0,
    "schema_extension_log": 0,
    "source_record": 1
  }
}
  checkpoint items=12206 done=12206 this_run=10550 rate=0.50/s idx=12208/16060
