inventory breeders=1482 banks=23 union=1505
seedfinder slug keys=5830
excluded=17 remaining=1488
  resolve 100/1488
  resolve 200/1488
  resolve 300/1488
  resolve 400/1488
  resolve 500/1488
  resolve 600/1488
  resolve 700/1488
  resolve 800/1488
  resolve 900/1488
  resolve 1000/1488
  resolve 1100/1488
  resolve 1200/1488
  resolve 1300/1488
  resolve 1400/1488
url sources: {'domain_guess': 1426, 'known_map': 62}
  probe 60/1488 tiers={'D': 29, 'C': 14, 'A': 16, 'B': 1}
  probe 120/1488 tiers={'D': 54, 'C': 26, 'A': 32, 'B': 8}
  probe 180/1488 tiers={'D': 79, 'C': 34, 'A': 48, 'B': 19}
  probe 240/1488 tiers={'D': 106, 'C': 49, 'A': 61, 'B': 24}
  probe 300/1488 tiers={'D': 125, 'C': 67, 'A': 76, 'B': 32}
  probe 360/1488 tiers={'D': 145, 'C': 73, 'A': 104, 'B': 38}
  probe 420/1488 tiers={'D': 173, 'C': 82, 'A': 121, 'B': 44}
  probe 480/1488 tiers={'D': 202, 'C': 94, 'A': 134, 'B': 50}
  probe 540/1488 tiers={'D': 224, 'C': 107, 'A': 150, 'B': 59}
  probe 600/1488 tiers={'D': 248, 'C': 118, 'A': 168, 'B': 66}
  probe 660/1488 tiers={'D': 271, 'C': 128, 'A': 188, 'B': 73}
  probe 720/1488 tiers={'D': 287, 'C': 142, 'A': 207, 'B': 84}
  probe 780/1488 tiers={'D': 311, 'C': 156, 'A': 222, 'B': 91}
  probe 840/1488 tiers={'D': 337, 'C': 167, 'A': 238, 'B': 98}
  probe 900/1488 tiers={'D': 364, 'C': 179, 'A': 254, 'B': 103}
  probe 960/1488 tiers={'D': 390, 'C': 192, 'A': 267, 'B': 111}
  probe 1020/1488 tiers={'D': 413, 'C': 210, 'A': 283, 'B': 114}
  probe 1080/1488 tiers={'D': 435, 'C': 219, 'A': 306, 'B': 120}
  probe 1140/1488 tiers={'D': 458, 'C': 233, 'A': 321, 'B': 128}
  probe 1200/1488 tiers={'D': 483, 'C': 245, 'A': 333, 'B': 139}
  probe 1260/1488 tiers={'D': 505, 'C': 259, 'A': 352, 'B': 144}
  probe 1320/1488 tiers={'D': 532, 'C': 270, 'A': 368, 'B': 150}
  probe 1380/1488 tiers={'D': 561, 'C': 276, 'A': 387, 'B': 156}
  probe 1440/1488 tiers={'D': 581, 'C': 287, 'A': 407, 'B': 165}
  probe 1488/1488 tiers={'D': 596, 'C': 291, 'A': 424, 'B': 177}
wrote \\192.168.86.2\Digital-Documents\Digital Stealth Care\Projects\DSC-HUB\homeassistant\data\_breeder_scrape_queue_1482.json
{
  "inventory_breeders": 1482,
  "inventory_banks": 23,
  "union": 1505,
  "excluded": 17,
  "probed": 1488,
  "tier_A": 424,
  "tier_B": 177,
  "tier_C": 291,
  "tier_D": 596
}
elapsed_sec=390.4
