parsed rows=1971
sample {
  "source": "cannareviews",
  "slug": "beacon-medical-sensi-star-flower-10g",
  "url": "https://cannareviews.health/product/beacon-medical-sensi-star-flower-10g",
  "name": "Sensi Star",
  "name_norm": "sensi star",
  "brand": "Beacon Medical",
  "brand_norm": "beacon medical",
  "pack_size": "10g",
  "spectrum": "Full",
  "unit_price_aud": 0.07,
  "stock": "In Stock",
  "cultivar": "Sensi Star",
  "list_rating": "5",
  "country": "AU",
  "market": "AU medical",
  "currency": "AUD",
  "from_list": true,
  "fetched_at": "2026-08-10T08:26:00Z",
  "price_aud": 135.0,
  "prices_aud": [
    135.0
  ],
  "price_aud_min": 135.0,
  "price_aud_max": 135.0,
  "chemistry": {
    "thc_range": [
      20.0,
      20.0
    ],
    "thc_pct": 20.0,
    "cbd_range": [
      1.0,
      1.0
    ],
    "cbd_pct": 1.0,
    "cbd_lt": true
  },
  "strain_name": "Sensi Star",
  "strain_name_norm": "sensi star"
}
{
  "products": 1971,
  "brands": 258,
  "review_aggregates": 1966,
  "products_with_price_aud": 1968,
  "products_with_chemistry": 1955,
  "products_with_brand": 1971,
  "price_field_coverage_pct": 99.85,
  "staging": "\\\\192.168.86.2\\Digital-Documents\\Digital Stealth Care\\Projects\\DSC-HUB\\brain\\data\\staging\\cannareviews.sqlite3",
  "staging_stats": {
    "strain_canonical": 1503,
    "strain_variant": 0,
    "chemistry_profile": 1971,
    "grow_trait": 0,
    "entity_link": 1971,
    "attribute_kv": 0,
    "raw_record": 4195,
    "light_fixture": 0,
    "nutrient_product": 0,
    "medium_product": 0,
    "media_asset": 0,
    "followup_gap": 0,
    "schema_extension_log": 0,
    "source_record": 1
  }
}
sitemap products=2112 brands=258
resume loaded products=1971
resume loaded brands=258
remaining products=140 brands=0 already=2229
Fetching 140 products with 1 workers...
