rqs: enrich 188/188 missing description
  checkpoint filled=25 idx=25/188
  checkpoint filled=50 idx=50/188
  checkpoint filled=75 idx=75/188
  checkpoint filled=100 idx=100/188
  checkpoint filled=125 idx=125/188
  checkpoint filled=150 idx=150/188
  checkpoint filled=175 idx=175/188
rqs staging: {
  "family": "bank_royal_queen",
  "staging_db": "\\\\192.168.86.2\\Digital-Documents\\Digital Stealth Care\\Projects\\DSC-HUB\\brain\\data\\staging\\bank_royal_queen.sqlite3",
  "count": 188,
  "bulk": false,
  "store_raw": true,
  "stats": {
    "strain_canonical": 188,
    "strain_variant": 188,
    "chemistry_profile": 8,
    "grow_trait": 188,
    "entity_link": 8,
    "attribute_kv": 564,
    "raw_record": 188,
    "light_fixture": 0,
    "nutrient_product": 0,
    "medium_product": 0,
    "media_asset": 0,
    "followup_gap": 0,
    "schema_extension_log": 3,
    "source_record": 1
  }
}
{"bank": "rqs", "filled": 188, "attempted": 188}
