zamnesia: enrich 2299/2299 missing description
  checkpoint filled=25 idx=25/2299
  checkpoint filled=50 idx=50/2299
  checkpoint filled=75 idx=75/2299
  checkpoint filled=100 idx=100/2299
  checkpoint filled=125 idx=125/2299
  checkpoint filled=150 idx=150/2299
  checkpoint filled=175 idx=175/2299
  checkpoint filled=200 idx=200/2299
  checkpoint filled=225 idx=225/2299
  checkpoint filled=250 idx=250/2299
  checkpoint filled=275 idx=275/2299
  checkpoint filled=300 idx=300/2299
  checkpoint filled=325 idx=325/2299
  checkpoint filled=350 idx=350/2299
  checkpoint filled=375 idx=375/2299
  checkpoint filled=400 idx=400/2299
  checkpoint filled=425 idx=425/2299
  checkpoint filled=450 idx=450/2299
  checkpoint filled=475 idx=475/2299
  checkpoint filled=500 idx=500/2299
  checkpoint filled=525 idx=525/2299
  checkpoint filled=550 idx=550/2299
  checkpoint filled=575 idx=575/2299
  checkpoint filled=600 idx=600/2299
  checkpoint filled=625 idx=625/2299
  checkpoint filled=650 idx=650/2299
  checkpoint filled=675 idx=675/2299
  checkpoint filled=700 idx=700/2299
  checkpoint filled=725 idx=725/2299
  checkpoint filled=750 idx=750/2299
  checkpoint filled=775 idx=775/2299
  checkpoint filled=800 idx=800/2299
  checkpoint filled=825 idx=825/2299
  checkpoint filled=850 idx=850/2299
  checkpoint filled=875 idx=875/2299
  checkpoint filled=900 idx=900/2299
  checkpoint filled=925 idx=925/2299
  checkpoint filled=950 idx=950/2299
  checkpoint filled=975 idx=975/2299
  checkpoint filled=1000 idx=1000/2299
  checkpoint filled=1025 idx=1025/2299
  checkpoint filled=1050 idx=1050/2299
  checkpoint filled=1075 idx=1075/2299
  checkpoint filled=1100 idx=1100/2299
  checkpoint filled=1125 idx=1125/2299
  checkpoint filled=1150 idx=1150/2299
  checkpoint filled=1175 idx=1175/2299
  checkpoint filled=1200 idx=1200/2299
  checkpoint filled=1225 idx=1225/2299
  checkpoint filled=1250 idx=1250/2299
  checkpoint filled=1275 idx=1275/2299
  checkpoint filled=1300 idx=1300/2299
  checkpoint filled=1325 idx=1325/2299
  checkpoint filled=1350 idx=1350/2299
  checkpoint filled=1375 idx=1375/2299
  checkpoint filled=1400 idx=1400/2299
  checkpoint filled=1425 idx=1425/2299
  checkpoint filled=1450 idx=1450/2299
  checkpoint filled=1475 idx=1475/2299
  checkpoint filled=1500 idx=1500/2299
  checkpoint filled=1525 idx=1525/2299
  checkpoint filled=1550 idx=1550/2299
  checkpoint filled=1575 idx=1575/2299
  checkpoint filled=1600 idx=1600/2299
  checkpoint filled=1625 idx=1625/2299
  checkpoint filled=1650 idx=1650/2299
  checkpoint filled=1675 idx=1675/2299
  checkpoint filled=1700 idx=1700/2299
  checkpoint filled=1725 idx=1725/2299
  checkpoint filled=1750 idx=1750/2299
  checkpoint filled=1775 idx=1775/2299
  checkpoint filled=1800 idx=1800/2299
  checkpoint filled=1825 idx=1825/2299
  checkpoint filled=1850 idx=1850/2299
  checkpoint filled=1875 idx=1875/2299
  checkpoint filled=1900 idx=1900/2299
  checkpoint filled=1925 idx=1925/2299
  checkpoint filled=1950 idx=1950/2299
  checkpoint filled=1975 idx=1975/2299
  checkpoint filled=2000 idx=2000/2299
  checkpoint filled=2025 idx=2025/2299
  checkpoint filled=2050 idx=2050/2299
  checkpoint filled=2075 idx=2075/2299
  checkpoint filled=2100 idx=2100/2299
  checkpoint filled=2125 idx=2125/2299
  checkpoint filled=2150 idx=2150/2299
  checkpoint filled=2175 idx=2175/2299
  checkpoint filled=2200 idx=2200/2299
  checkpoint filled=2225 idx=2225/2299
  checkpoint filled=2250 idx=2250/2299
  checkpoint filled=2275 idx=2275/2299
zamnesia staging: {
  "family": "bank_zamnesia",
  "staging_db": "\\\\192.168.86.2\\Digital-Documents\\Digital Stealth Care\\Projects\\DSC-HUB\\brain\\data\\staging\\bank_zamnesia.sqlite3",
  "count": 2299,
  "bulk": false,
  "store_raw": true,
  "stats": {
    "strain_canonical": 2299,
    "strain_variant": 2299,
    "chemistry_profile": 1613,
    "grow_trait": 2036,
    "entity_link": 1613,
    "attribute_kv": 6634,
    "raw_record": 2299,
    "light_fixture": 0,
    "nutrient_product": 0,
    "medium_product": 0,
    "media_asset": 0,
    "followup_gap": 0,
    "schema_extension_log": 4,
    "source_record": 1
  }
}
{"bank": "zamnesia", "filled": 2299, "attempted": 2299}
