seedsupreme: enrich 31/537 missing description
  checkpoint filled=25 idx=25/31
seedsupreme staging: {
  "family": "bank_seed_supreme",
  "staging_db": "\\\\192.168.86.2\\Digital-Documents\\Digital Stealth Care\\Projects\\DSC-HUB\\brain\\data\\staging\\bank_seed_supreme.sqlite3",
  "count": 537,
  "bulk": false,
  "store_raw": true,
  "stats": {
    "strain_canonical": 455,
    "strain_variant": 456,
    "chemistry_profile": 0,
    "grow_trait": 450,
    "entity_link": 0,
    "attribute_kv": 7884,
    "raw_record": 537,
    "light_fixture": 0,
    "nutrient_product": 0,
    "medium_product": 0,
    "media_asset": 0,
    "followup_gap": 0,
    "schema_extension_log": 18,
    "source_record": 1
  }
}
{"bank": "seedsupreme", "filled": 31, "attempted": 31}
