dcseedexchange: sitemap cache 1654 URLs from dsc_strains_dcseedexchange.sitemap_urls.json
dcseedexchange: sitemap=1654 pending=29 resume done=1625 dump_items=1625
  fetching first pending: https://dcseedexchange.com/product/white-rhino-bx-12-regular-seeds/
  ok #1 idx=1/29 name='White Rhino BX'
  ok #2 idx=2/29 name='Sweet Pink F1'
  ok #3 idx=3/29 name='Garlic Skunk BX'
  ok #10 idx=10/29 name='The Nature Farms Purple Pakistani'
  checkpoint items=1640 done=1640 this_run=15 rate=0.14/s batch=15/29
  ok #20 idx=20/29 name='Chocolate Trip F2'
  checkpoint items=1654 done=1654 this_run=29 rate=0.16/s batch=29/29
wrote dsc_strains_dcseedexchange.json count=1654 errors=66
staging: {
  "family": "dcseedexchange",
  "staging_db": "\\\\192.168.86.2\\Digital-Documents\\Digital Stealth Care\\Projects\\DSC-HUB\\brain\\data\\staging\\dcseedexchange.sqlite3",
  "count": 1654,
  "stats": {
    "strain_canonical": 1563,
    "strain_variant": 1565,
    "chemistry_profile": 33,
    "grow_trait": 582,
    "entity_link": 33,
    "attribute_kv": 0,
    "raw_record": 1654,
    "light_fixture": 0,
    "nutrient_product": 0,
    "medium_product": 0,
    "media_asset": 0,
    "followup_gap": 0,
    "schema_extension_log": 0,
    "source_record": 1
  }
}
