2026-08-08T06:30:00.558431 === shepherd v2 start (run-to-completion) ===
2026-08-08T06:30:00.985776 initial n=120 scrape_alive=[59712]
2026-08-08T06:30:02.528914 offscreen_moved=1
2026-08-08T06:33:03.920674 progress n=140 cursor=https://strain-database.com/strain/advanced-seeds-auto-black-diesel
2026-08-08T06:33:05.982095 offscreen_moved=1
2026-08-08T06:36:09.257768 offscreen_moved=1
2026-08-08T06:39:11.820158 offscreen_moved=1
2026-08-08T06:42:14.228240 offscreen_moved=1
2026-08-08T06:45:16.218980 offscreen_moved=1
2026-08-08T06:48:19.049799 offscreen_moved=1
2026-08-08T06:51:21.583603 offscreen_moved=1
2026-08-08T06:54:24.314968 offscreen_moved=1
2026-08-08T06:57:25.885296 offscreen_moved=1
2026-08-08T07:00:27.509144 offscreen_moved=1
2026-08-08T07:03:29.716499 offscreen_moved=1
2026-08-08T07:06:31.392943 offscreen_moved=1
2026-08-08T07:09:34.398220 offscreen_moved=1
2026-08-08T07:12:36.741772 offscreen_moved=1
2026-08-08T07:15:38.362001 offscreen_moved=1
2026-08-08T07:18:40.248810 offscreen_moved=1
2026-08-08T07:21:41.943016 hard_block   CF_retry_err CF_ON_WARM last=None title='Just a moment...' url='https://strain-database.com/strains'
2026-08-08T07:21:42.107933 cool-off 600s then resume
2026-08-08T07:31:51.795191 started scrape pid=42728 log=_pw_strain_db_scrape_20260808_073150.log
2026-08-08T07:33:54.823793 offscreen_moved=1
