resume target_new=4639 remaining=4639 already_done=361 sitemap=5000 delay_s=15.0-35.0 headed=True ud=C:\Users\cmgwe\AppData\Local\Temp\dsc-pw-chromium-sdb
launch channel=None ud=C:\Users\cmgwe\AppData\Local\Temp\dsc-pw-chromium-sdb
warm attempt=1 title='Just a moment...' len=27546 url=https://strain-database.com/strains
  cf_wait title='strain-database.com' len=184964 url=chrome-error://chromewebdata/
  chrome-error — re-nav /strains (1)
  goto_caught Page.goto: net::ERR_HTTP_RESPONSE_CODE_FAILURE at https://strain-database.com/strains
Call log:
  - navigating to "https
  cf_wait title='strain-database.com' len=185231 url=chrome-error://chromewebdata/
  chrome-error — re-nav /strains (2)
  goto_caught Page.goto: net::ERR_HTTP_RESPONSE_CODE_FAILURE at https://strain-database.com/strains
Call log:
  - navigating to "https
  cf_wait title='strain-database.com' len=185231 url=chrome-error://chromewebdata/
  chrome-error — re-nav /strains (3)
  chrome-error wall — abort settle loop
  warm_not_ready sleep=12s
  goto_caught Page.goto: net::ERR_HTTP_RESPONSE_CODE_FAILURE at https://strain-database.com/strains
Call log:
  - navigating to "https
warm attempt=2 title='strain-database.com' len=185231 url=chrome-error://chromewebdata/
  chrome-error — re-nav /strains (1)
  goto_caught Page.goto: net::ERR_HTTP_RESPONSE_CODE_FAILURE at https://strain-database.com/strains
Call log:
  - navigating to "https
  cf_wait title='strain-database.com' len=185231 url=chrome-error://chromewebdata/
  chrome-error — re-nav /strains (2)
  goto_caught Page.goto: net::ERR_HTTP_RESPONSE_CODE_FAILURE at https://strain-database.com/strains
Call log:
  - navigating to "https
  cf_wait title='strain-database.com' len=185231 url=chrome-error://chromewebdata/
  chrome-error — re-nav /strains (3)
  chrome-error wall — abort settle loop
  warm_not_ready sleep=24s
