resume target_new=4880 remaining=4880 already_done=120 sitemap=5000 delay_s=8.0-20.0 headed=True ud=C:\Users\cmgwe\AppData\Local\Temp\dsc-pw-chromium-sdb
launch channel=None ud=C:\Users\cmgwe\AppData\Local\Temp\dsc-pw-chromium-sdb
  warm_nav_err attempt=1 wait=15s: Page.content: Unable to retrieve content because the page is navigating and changing the content.
warm attempt=2 title='Browse 71,675 Cannabis Strains — Indica, Sativa, Hybrid | Strain Database' len=1016060 url=https://strain-database.com/strains
warm_ok title='Browse 71,675 Cannabis Strains — Indica, Sativa, Hybrid | Strain Database' profile=C:\Users\cmgwe\AppData\Local\Temp\dsc-pw-chromium-sdb
  pace sleep 17.0s (band 8.0-20.0)
  1(+121) name='Honduras X Panama' mermaid=False rate=0.02/s
  pace sleep 14.5s (band 8.0-20.0)
  pace sleep 12.1s (band 8.0-20.0)
  pace sleep 13.4s (band 8.0-20.0)
  pace sleep 18.9s (band 8.0-20.0)
  pace sleep 16.1s (band 8.0-20.0)
  pace sleep 9.1s (band 8.0-20.0)
  pace sleep 13.9s (band 8.0-20.0)
  pace sleep 17.8s (band 8.0-20.0)
  pace sleep 10.5s (band 8.0-20.0)
  10(+130) name='Zamaldelica X Kali China' mermaid=False rate=0.05/s
  pace sleep 13.4s (band 8.0-20.0)
  pace sleep 9.7s (band 8.0-20.0)
  pace sleep 18.3s (band 8.0-20.0)
  pace sleep 13.4s (band 8.0-20.0)
  pace sleep 15.6s (band 8.0-20.0)
  pace sleep 17.0s (band 8.0-20.0)
  pace sleep 18.0s (band 8.0-20.0)
  pace sleep 11.6s (band 8.0-20.0)
  pace sleep 10.1s (band 8.0-20.0)
  pace sleep 15.6s (band 8.0-20.0)
  20(+140) name='Auto Biodiesel Mass XXL' mermaid=False rate=0.06/s
  pace sleep 18.3s (band 8.0-20.0)
  goto_caught Page.goto: net::ERR_HTTP_RESPONSE_CODE_FAILURE at https://strain-database.com/strain/advanced-seeds-auto-black-diesel
Ca
  CF_CHALLENGE https://strain-database.com/strain/advanced-seeds-auto-black-diesel title='strain-database.com' sleep 300s pace->10.0-25.0
staging: {
  "family": "strain_database",
  "staging_db": "\\\\192.168.86.2\\Digital-Documents\\Digital Stealth Care\\Projects\\DSC-HUB\\brain\\data\\staging\\strain_database.sqlite3",
  "count": 140,
  "bulk": true,
  "store_raw": true,
  "stats": {
    "strain_canonical": 140,
    "strain_variant": 140,
    "chemistry_profile": 140,
    "grow_trait": 112,
    "entity_link": 140,
    "attribute_kv": 0,
    "raw_record": 140,
    "light_fixture": 0,
    "nutrient_product": 0,
    "medium_product": 0,
    "media_asset": 0,
    "followup_gap": 0,
    "schema_extension_log": 0,
    "source_record": 1
  }
}
  staged count=140 after scraped=20 done=140
launch channel=None ud=C:\Users\cmgwe\AppData\Local\Temp\dsc-pw-chromium-sdb
  goto_caught Page.goto: net::ERR_HTTP_RESPONSE_CODE_FAILURE at https://strain-database.com/strains
Call log:
  - navigating to "https
warm attempt=1 title='strain-database.com' len=185231 url=chrome-error://chromewebdata/
  chrome-error — re-nav /strains
  goto_caught Page.goto: net::ERR_HTTP_RESPONSE_CODE_FAILURE at https://strain-database.com/strains
Call log:
  - navigating to "https
  cf_wait title='strain-database.com' len=185231 url=chrome-error://chromewebdata/
  chrome-error — re-nav /strains
  goto_caught Page.goto: net::ERR_HTTP_RESPONSE_CODE_FAILURE at https://strain-database.com/strains
Call log:
  - navigating to "https
  cf_wait title='strain-database.com' len=185231 url=chrome-error://chromewebdata/
  chrome-error — re-nav /strains
  goto_caught Page.goto: net::ERR_HTTP_RESPONSE_CODE_FAILURE at https://strain-database.com/strains
Call log:
  - navigating to "https
  cf_wait title='strain-database.com' len=185231 url=chrome-error://chromewebdata/
  chrome-error — re-nav /strains
  goto_caught Page.goto: net::ERR_HTTP_RESPONSE_CODE_FAILURE at https://strain-database.com/strains
Call log:
  - navigating to "https
  cf_wait title='strain-database.com' len=185231 url=chrome-error://chromewebdata/
  chrome-error — re-nav /strains
  goto_caught Page.goto: net::ERR_HTTP_RESPONSE_CODE_FAILURE at https://strain-database.com/strains
Call log:
  - navigating to "https
  cf_wait title='strain-database.com' len=185231 url=chrome-error://chromewebdata/
  chrome-error — re-nav /strains
  goto_caught Page.goto: net::ERR_HTTP_RESPONSE_CODE_FAILURE at https://strain-database.com/strains
Call log:
  - navigating to "https
  cf_wait title='strain-database.com' len=185231 url=chrome-error://chromewebdata/
  chrome-error — re-nav /strains
  goto_caught Page.goto: net::ERR_HTTP_RESPONSE_CODE_FAILURE at https://strain-database.com/strains
Call log:
  - navigating to "https
  cf_wait title='strain-database.com' len=185231 url=chrome-error://chromewebdata/
  chrome-error — re-nav /strains
  goto_caught Page.goto: net::ERR_HTTP_RESPONSE_CODE_FAILURE at https://strain-database.com/strains
Call log:
  - navigating to "https
  cf_wait title='strain-database.com' len=185231 url=chrome-error://chromewebdata/
  chrome-error — re-nav /strains
  goto_caught Page.goto: net::ERR_HTTP_RESPONSE_CODE_FAILURE at https://strain-database.com/strains
Call log:
  - navigating to "https
  cf_wait title='strain-database.com' len=185231 url=chrome-error://chromewebdata/
  chrome-error — re-nav /strains
  goto_caught Page.goto: net::ERR_HTTP_RESPONSE_CODE_FAILURE at https://strain-database.com/strains
Call log:
  - navigating to "https
  cf_wait title='strain-database.com' len=185231 url=chrome-error://chromewebdata/
  chrome-error — re-nav /strains
  goto_caught Page.goto: net::ERR_HTTP_RESPONSE_CODE_FAILURE at https://strain-database.com/strains
Call log:
  - navigating to "https
  cf_wait title='strain-database.com' len=185231 url=chrome-error://chromewebdata/
  chrome-error — re-nav /strains
  goto_caught Page.goto: net::ERR_HTTP_RESPONSE_CODE_FAILURE at https://strain-database.com/strains
Call log:
  - navigating to "https
  cf_wait title='strain-database.com' len=185231 url=chrome-error://chromewebdata/
  chrome-error — re-nav /strains
  goto_caught Page.goto: net::ERR_HTTP_RESPONSE_CODE_FAILURE at https://strain-database.com/strains
Call log:
  - navigating to "https
  cf_wait title='strain-database.com' len=185231 url=chrome-error://chromewebdata/
  chrome-error — re-nav /strains
  goto_caught Page.goto: net::ERR_HTTP_RESPONSE_CODE_FAILURE at https://strain-database.com/strains
Call log:
  - navigating to "https
  cf_wait title='strain-database.com' len=185231 url=chrome-error://chromewebdata/
  chrome-error — re-nav /strains
  goto_caught Page.goto: net::ERR_HTTP_RESPONSE_CODE_FAILURE at https://strain-database.com/strains
Call log:
  - navigating to "https
  cf_wait title='strain-database.com' len=185231 url=chrome-error://chromewebdata/
  chrome-error — re-nav /strains
  goto_caught Page.goto: net::ERR_HTTP_RESPONSE_CODE_FAILURE at https://strain-database.com/strains
Call log:
  - navigating to "https
  cf_wait title='strain-database.com' len=185231 url=chrome-error://chromewebdata/
  chrome-error — re-nav /strains
  goto_caught Page.goto: net::ERR_HTTP_RESPONSE_CODE_FAILURE at https://strain-database.com/strains
Call log:
  - navigating to "https
  cf_wait title='strain-database.com' len=185231 url=chrome-error://chromewebdata/
  chrome-error — re-nav /strains
  goto_caught Page.goto: net::ERR_HTTP_RESPONSE_CODE_FAILURE at https://strain-database.com/strains
Call log:
  - navigating to "https
  cf_wait title='strain-database.com' len=185231 url=chrome-error://chromewebdata/
  chrome-error — re-nav /strains
  goto_caught Page.goto: net::ERR_HTTP_RESPONSE_CODE_FAILURE at https://strain-database.com/strains
Call log:
  - navigating to "https
  cf_wait title='strain-database.com' len=185231 url=chrome-error://chromewebdata/
  chrome-error — re-nav /strains
  goto_caught Page.goto: net::ERR_HTTP_RESPONSE_CODE_FAILURE at https://strain-database.com/strains
Call log:
  - navigating to "https
  cf_wait title='strain-database.com' len=185231 url=chrome-error://chromewebdata/
  chrome-error — re-nav /strains
  goto_caught Page.goto: net::ERR_HTTP_RESPONSE_CODE_FAILURE at https://strain-database.com/strains
Call log:
  - navigating to "https
  cf_wait title='strain-database.com' len=185231 url=chrome-error://chromewebdata/
  chrome-error — re-nav /strains
  goto_caught Page.goto: net::ERR_HTTP_RESPONSE_CODE_FAILURE at https://strain-database.com/strains
Call log:
  - navigating to "https
  cf_wait title='strain-database.com' len=185231 url=chrome-error://chromewebdata/
  chrome-error — re-nav /strains
  goto_caught Page.goto: net::ERR_HTTP_RESPONSE_CODE_FAILURE at https://strain-database.com/strains
Call log:
  - navigating to "https
  cf_wait title='strain-database.com' len=185231 url=chrome-error://chromewebdata/
  chrome-error — re-nav /strains
  goto_caught Page.goto: net::ERR_HTTP_RESPONSE_CODE_FAILURE at https://strain-database.com/strains
Call log:
  - navigating to "https
  cf_wait title='strain-database.com' len=185231 url=chrome-error://chromewebdata/
  chrome-error — re-nav /strains
  goto_caught Page.goto: net::ERR_HTTP_RESPONSE_CODE_FAILURE at https://strain-database.com/strains
Call log:
  - navigating to "https
  cf_wait title='strain-database.com' len=185231 url=chrome-error://chromewebdata/
  chrome-error — re-nav /strains
  goto_caught Page.goto: net::ERR_HTTP_RESPONSE_CODE_FAILURE at https://strain-database.com/strains
Call log:
  - navigating to "https
  cf_wait title='strain-database.com' len=185231 url=chrome-error://chromewebdata/
  chrome-error — re-nav /strains
  goto_caught Page.goto: net::ERR_HTTP_RESPONSE_CODE_FAILURE at https://strain-database.com/strains
Call log:
  - navigating to "https
  cf_wait title='strain-database.com' len=185231 url=chrome-error://chromewebdata/
  chrome-error — re-nav /strains
  goto_caught Page.goto: net::ERR_HTTP_RESPONSE_CODE_FAILURE at https://strain-database.com/strains
Call log:
  - navigating to "https
  cf_wait title='strain-database.com' len=185231 url=chrome-error://chromewebdata/
  chrome-error — re-nav /strains
  goto_caught Page.goto: net::ERR_HTTP_RESPONSE_CODE_FAILURE at https://strain-database.com/strains
Call log:
  - navigating to "https
  cf_wait title='strain-database.com' len=185231 url=chrome-error://chromewebdata/
  chrome-error — re-nav /strains
  goto_caught Page.goto: net::ERR_HTTP_RESPONSE_CODE_FAILURE at https://strain-database.com/strains
Call log:
  - navigating to "https
  cf_wait title='strain-database.com' len=185231 url=chrome-error://chromewebdata/
  warm_not_ready sleep=12s
  goto_caught Page.goto: net::ERR_HTTP_RESPONSE_CODE_FAILURE at https://strain-database.com/strains
Call log:
  - navigating to "https
warm attempt=2 title='strain-database.com' len=185231 url=chrome-error://chromewebdata/
  chrome-error — re-nav /strains
  goto_caught Page.goto: net::ERR_HTTP_RESPONSE_CODE_FAILURE at https://strain-database.com/strains
Call log:
  - navigating to "https
  cf_wait title='strain-database.com' len=185231 url=chrome-error://chromewebdata/
  chrome-error — re-nav /strains
  goto_caught Page.goto: net::ERR_HTTP_RESPONSE_CODE_FAILURE at https://strain-database.com/strains
Call log:
  - navigating to "https
  cf_wait title='strain-database.com' len=185231 url=chrome-error://chromewebdata/
  chrome-error — re-nav /strains
  goto_caught Page.goto: net::ERR_HTTP_RESPONSE_CODE_FAILURE at https://strain-database.com/strains
Call log:
  - navigating to "https
  cf_wait title='strain-database.com' len=185231 url=chrome-error://chromewebdata/
  chrome-error — re-nav /strains
  goto_caught Page.goto: net::ERR_HTTP_RESPONSE_CODE_FAILURE at https://strain-database.com/strains
Call log:
  - navigating to "https
  cf_wait title='strain-database.com' len=185231 url=chrome-error://chromewebdata/
  chrome-error — re-nav /strains
  goto_caught Page.goto: net::ERR_HTTP_RESPONSE_CODE_FAILURE at https://strain-database.com/strains
Call log:
  - navigating to "https
  cf_wait title='strain-database.com' len=185231 url=chrome-error://chromewebdata/
  chrome-error — re-nav /strains
  goto_caught Page.goto: net::ERR_HTTP_RESPONSE_CODE_FAILURE at https://strain-database.com/strains
Call log:
  - navigating to "https
  cf_wait title='strain-database.com' len=185231 url=chrome-error://chromewebdata/
  chrome-error — re-nav /strains
  goto_caught Page.goto: net::ERR_HTTP_RESPONSE_CODE_FAILURE at https://strain-database.com/strains
Call log:
  - navigating to "https
  cf_wait title='strain-database.com' len=185231 url=chrome-error://chromewebdata/
  chrome-error — re-nav /strains
  goto_caught Page.goto: net::ERR_HTTP_RESPONSE_CODE_FAILURE at https://strain-database.com/strains
Call log:
  - navigating to "https
  cf_wait title='strain-database.com' len=185231 url=chrome-error://chromewebdata/
  chrome-error — re-nav /strains
  goto_caught Page.goto: net::ERR_HTTP_RESPONSE_CODE_FAILURE at https://strain-database.com/strains
Call log:
  - navigating to "https
  cf_wait title='strain-database.com' len=185231 url=chrome-error://chromewebdata/
  chrome-error — re-nav /strains
  goto_caught Page.goto: net::ERR_HTTP_RESPONSE_CODE_FAILURE at https://strain-database.com/strains
Call log:
  - navigating to "https
  cf_wait title='strain-database.com' len=185231 url=chrome-error://chromewebdata/
  chrome-error — re-nav /strains
  goto_caught Page.goto: net::ERR_HTTP_RESPONSE_CODE_FAILURE at https://strain-database.com/strains
Call log:
  - navigating to "https
  cf_wait title='strain-database.com' len=185231 url=chrome-error://chromewebdata/
  chrome-error — re-nav /strains
  goto_caught Page.goto: net::ERR_HTTP_RESPONSE_CODE_FAILURE at https://strain-database.com/strains
Call log:
  - navigating to "https
  cf_wait title='strain-database.com' len=185231 url=chrome-error://chromewebdata/
  chrome-error — re-nav /strains
  goto_caught Page.goto: net::ERR_HTTP_RESPONSE_CODE_FAILURE at https://strain-database.com/strains
Call log:
  - navigating to "https
  cf_wait title='strain-database.com' len=185231 url=chrome-error://chromewebdata/
  chrome-error — re-nav /strains
  goto_caught Page.goto: net::ERR_HTTP_RESPONSE_CODE_FAILURE at https://strain-database.com/strains
Call log:
  - navigating to "https
  cf_wait title='strain-database.com' len=185231 url=chrome-error://chromewebdata/
  chrome-error — re-nav /strains
  goto_caught Page.goto: net::ERR_HTTP_RESPONSE_CODE_FAILURE at https://strain-database.com/strains
Call log:
  - navigating to "https
  cf_wait title='strain-database.com' len=185231 url=chrome-error://chromewebdata/
  chrome-error — re-nav /strains
  goto_caught Page.goto: net::ERR_HTTP_RESPONSE_CODE_FAILURE at https://strain-database.com/strains
Call log:
  - navigating to "https
  cf_wait title='strain-database.com' len=185231 url=chrome-error://chromewebdata/
  chrome-error — re-nav /strains
  goto_caught Page.goto: net::ERR_HTTP_RESPONSE_CODE_FAILURE at https://strain-database.com/strains
Call log:
  - navigating to "https
  cf_wait title='strain-database.com' len=185231 url=chrome-error://chromewebdata/
  chrome-error — re-nav /strains
  goto_caught Page.goto: net::ERR_HTTP_RESPONSE_CODE_FAILURE at https://strain-database.com/strains
Call log:
  - navigating to "https
  cf_wait title='strain-database.com' len=185231 url=chrome-error://chromewebdata/
  chrome-error — re-nav /strains
  goto_caught Page.goto: net::ERR_HTTP_RESPONSE_CODE_FAILURE at https://strain-database.com/strains
Call log:
  - navigating to "https
  cf_wait title='strain-database.com' len=185231 url=chrome-error://chromewebdata/
  chrome-error — re-nav /strains
  goto_caught Page.goto: net::ERR_HTTP_RESPONSE_CODE_FAILURE at https://strain-database.com/strains
Call log:
  - navigating to "https
  cf_wait title='strain-database.com' len=185231 url=chrome-error://chromewebdata/
  chrome-error — re-nav /strains
  goto_caught Page.goto: net::ERR_HTTP_RESPONSE_CODE_FAILURE at https://strain-database.com/strains
Call log:
  - navigating to "https
  cf_wait title='strain-database.com' len=185231 url=chrome-error://chromewebdata/
  chrome-error — re-nav /strains
  goto_caught Page.goto: net::ERR_HTTP_RESPONSE_CODE_FAILURE at https://strain-database.com/strains
Call log:
  - navigating to "https
  cf_wait title='strain-database.com' len=185231 url=chrome-error://chromewebdata/
  chrome-error — re-nav /strains
  goto_caught Page.goto: net::ERR_HTTP_RESPONSE_CODE_FAILURE at https://strain-database.com/strains
Call log:
  - navigating to "https
  cf_wait title='strain-database.com' len=185231 url=chrome-error://chromewebdata/
  chrome-error — re-nav /strains
  goto_caught Page.goto: net::ERR_HTTP_RESPONSE_CODE_FAILURE at https://strain-database.com/strains
Call log:
  - navigating to "https
  cf_wait title='strain-database.com' len=185231 url=chrome-error://chromewebdata/
  chrome-error — re-nav /strains
  goto_caught Page.goto: net::ERR_HTTP_RESPONSE_CODE_FAILURE at https://strain-database.com/strains
Call log:
  - navigating to "https
  cf_wait title='strain-database.com' len=185231 url=chrome-error://chromewebdata/
  chrome-error — re-nav /strains
  goto_caught Page.goto: net::ERR_HTTP_RESPONSE_CODE_FAILURE at https://strain-database.com/strains
Call log:
  - navigating to "https
  cf_wait title='strain-database.com' len=185231 url=chrome-error://chromewebdata/
  chrome-error — re-nav /strains
  goto_caught Page.goto: net::ERR_HTTP_RESPONSE_CODE_FAILURE at https://strain-database.com/strains
Call log:
  - navigating to "https
  cf_wait title='strain-database.com' len=185231 url=chrome-error://chromewebdata/
  chrome-error — re-nav /strains
  cf_wait title='Just a moment...' len=27568 url=https://strain-database.com/strains
  cf_wait title='Just a moment...' len=27568 url=https://strain-database.com/strains
  cf_wait title='Just a moment...' len=27568 url=https://strain-database.com/strains
  cf_wait title='Just a moment...' len=27568 url=https://strain-database.com/strains
  cf_wait title='Just a moment...' len=27568 url=https://strain-database.com/strains
  cf_wait title='Just a moment...' len=27568 url=https://strain-database.com/strains
  warm_not_ready sleep=24s
warm attempt=3 title='Just a moment...' len=27546 url=https://strain-database.com/strains
  cf_wait title='Just a moment...' len=27546 url=https://strain-database.com/strains
  cf_wait title='Just a moment...' len=27546 url=https://strain-database.com/strains
  cf_wait title='Just a moment...' len=27546 url=https://strain-database.com/strains
  cf_wait title='Just a moment...' len=27546 url=https://strain-database.com/strains
  cf_wait title='Just a moment...' len=27546 url=https://strain-database.com/strains
  cf_wait title='Just a moment...' len=27546 url=https://strain-database.com/strains
  cf_wait title='Just a moment...' len=27546 url=https://strain-database.com/strains
  cf_wait title='Just a moment...' len=27546 url=https://strain-database.com/strains
  cf_wait title='Just a moment...' len=27546 url=https://strain-database.com/strains
  cf_wait title='Just a moment...' len=27546 url=https://strain-database.com/strains
  cf_wait title='Just a moment...' len=27546 url=https://strain-database.com/strains
  cf_wait title='Just a moment...' len=27546 url=https://strain-database.com/strains
  cf_wait title='Just a moment...' len=27546 url=https://strain-database.com/strains
  cf_wait title='Just a moment...' len=27546 url=https://strain-database.com/strains
  cf_wait title='Just a moment...' len=27546 url=https://strain-database.com/strains
  cf_wait title='Just a moment...' len=27546 url=https://strain-database.com/strains
  cf_wait title='Just a moment...' len=27546 url=https://strain-database.com/strains
  cf_wait title='Just a moment...' len=27546 url=https://strain-database.com/strains
  cf_wait title='Just a moment...' len=27546 url=https://strain-database.com/strains
  cf_wait title='Just a moment...' len=27546 url=https://strain-database.com/strains
  cf_wait title='Just a moment...' len=27546 url=https://strain-database.com/strains
  cf_wait title='Just a moment...' len=27546 url=https://strain-database.com/strains
  cf_wait title='Just a moment...' len=27546 url=https://strain-database.com/strains
  cf_wait title='Just a moment...' len=27546 url=https://strain-database.com/strains
  cf_wait title='Just a moment...' len=27546 url=https://strain-database.com/strains
  cf_wait title='Just a moment...' len=27546 url=https://strain-database.com/strains
  cf_wait title='Just a moment...' len=27546 url=https://strain-database.com/strains
  cf_wait title='Just a moment...' len=27546 url=https://strain-database.com/strains
  cf_wait title='Just a moment...' len=27546 url=https://strain-database.com/strains
  cf_wait title='Just a moment...' len=27546 url=https://strain-database.com/strains
  cf_wait title='Just a moment...' len=27546 url=https://strain-database.com/strains
  cf_wait title='Just a moment...' len=27546 url=https://strain-database.com/strains
  cf_wait title='Just a moment...' len=27430 url=https://strain-database.com/strains
  cf_wait title='Just a moment...' len=27589 url=https://strain-database.com/strains
  cf_wait title='Just a moment...' len=27589 url=https://strain-database.com/strains
  cf_wait title='Just a moment...' len=27589 url=https://strain-database.com/strains
  cf_wait title='Just a moment...' len=27589 url=https://strain-database.com/strains
  cf_wait title='Just a moment...' len=27589 url=https://strain-database.com/strains
  cf_wait title='Just a moment...' len=27589 url=https://strain-database.com/strains
  cf_wait title='Just a moment...' len=27589 url=https://strain-database.com/strains
  cf_wait title='Just a moment...' len=27589 url=https://strain-database.com/strains
  cf_wait title='Just a moment...' len=27589 url=https://strain-database.com/strains
  cf_wait title='Just a moment...' len=27589 url=https://strain-database.com/strains
  cf_wait title='Just a moment...' len=27589 url=https://strain-database.com/strains
  cf_wait title='Just a moment...' len=27589 url=https://strain-database.com/strains
  cf_wait title='Just a moment...' len=27589 url=https://strain-database.com/strains
  cf_wait title='Just a moment...' len=27589 url=https://strain-database.com/strains
  cf_wait title='Just a moment...' len=27589 url=https://strain-database.com/strains
  cf_wait title='Just a moment...' len=27589 url=https://strain-database.com/strains
  cf_wait title='Just a moment...' len=27589 url=https://strain-database.com/strains
  cf_wait title='Just a moment...' len=27589 url=https://strain-database.com/strains
  cf_wait title='Just a moment...' len=27589 url=https://strain-database.com/strains
  warm_not_ready sleep=36s
warm attempt=4 title='Just a moment...' len=27546 url=https://strain-database.com/strains
  cf_wait title='Just a moment...' len=27546 url=https://strain-database.com/strains
  cf_wait title='Just a moment...' len=27546 url=https://strain-database.com/strains
  cf_wait title='Just a moment...' len=27546 url=https://strain-database.com/strains
  cf_wait title='Just a moment...' len=27546 url=https://strain-database.com/strains
  cf_wait title='Just a moment...' len=27546 url=https://strain-database.com/strains
  cf_wait title='Just a moment...' len=27546 url=https://strain-database.com/strains
  cf_wait title='Just a moment...' len=27546 url=https://strain-database.com/strains
  cf_wait title='Just a moment...' len=27546 url=https://strain-database.com/strains
  cf_wait title='Just a moment...' len=27546 url=https://strain-database.com/strains
  cf_wait title='Just a moment...' len=27546 url=https://strain-database.com/strains
  cf_wait title='Just a moment...' len=27546 url=https://strain-database.com/strains
  cf_wait title='Just a moment...' len=27546 url=https://strain-database.com/strains
  cf_wait title='Just a moment...' len=27546 url=https://strain-database.com/strains
  cf_wait title='Just a moment...' len=27546 url=https://strain-database.com/strains
  cf_wait title='Just a moment...' len=27546 url=https://strain-database.com/strains
  cf_wait title='Just a moment...' len=27546 url=https://strain-database.com/strains
  cf_wait title='Just a moment...' len=27546 url=https://strain-database.com/strains
  cf_wait title='Just a moment...' len=27546 url=https://strain-database.com/strains
  cf_wait title='Just a moment...' len=27546 url=https://strain-database.com/strains
  cf_wait title='Just a moment...' len=27546 url=https://strain-database.com/strains
  cf_wait title='Just a moment...' len=27546 url=https://strain-database.com/strains
  cf_wait title='Just a moment...' len=27546 url=https://strain-database.com/strains
  cf_wait title='Just a moment...' len=27546 url=https://strain-database.com/strains
  cf_wait title='Just a moment...' len=27546 url=https://strain-database.com/strains
  cf_wait title='Just a moment...' len=27546 url=https://strain-database.com/strains
  cf_wait title='Just a moment...' len=27546 url=https://strain-database.com/strains
  cf_wait title='Just a moment...' len=27546 url=https://strain-database.com/strains
  cf_wait title='Just a moment...' len=27546 url=https://strain-database.com/strains
  cf_wait title='Just a moment...' len=27546 url=https://strain-database.com/strains
  cf_wait title='Just a moment...' len=27546 url=https://strain-database.com/strains
  cf_wait title='Just a moment...' len=27546 url=https://strain-database.com/strains
  cf_wait title='Just a moment...' len=27546 url=https://strain-database.com/strains
  cf_wait title='Just a moment...' len=27546 url=https://strain-database.com/strains
  cf_wait title='Just a moment...' len=27546 url=https://strain-database.com/strains
  cf_wait title='Just a moment...' len=27546 url=https://strain-database.com/strains
  cf_wait title='Just a moment...' len=27546 url=https://strain-database.com/strains
  cf_wait title='Just a moment...' len=27430 url=https://strain-database.com/strains
  cf_wait title='Just a moment...' len=27589 url=https://strain-database.com/strains
  cf_wait title='Just a moment...' len=27589 url=https://strain-database.com/strains
  cf_wait title='Just a moment...' len=27589 url=https://strain-database.com/strains
  cf_wait title='Just a moment...' len=27589 url=https://strain-database.com/strains
  cf_wait title='Just a moment...' len=27589 url=https://strain-database.com/strains
  cf_wait title='Just a moment...' len=27589 url=https://strain-database.com/strains
  cf_wait title='Just a moment...' len=27589 url=https://strain-database.com/strains
  cf_wait title='Just a moment...' len=27589 url=https://strain-database.com/strains
  cf_wait title='Just a moment...' len=27589 url=https://strain-database.com/strains
  cf_wait title='Just a moment...' len=27589 url=https://strain-database.com/strains
  cf_wait title='Just a moment...' len=27589 url=https://strain-database.com/strains
  cf_wait title='Just a moment...' len=27589 url=https://strain-database.com/strains
  cf_wait title='Just a moment...' len=27589 url=https://strain-database.com/strains
  cf_wait title='Just a moment...' len=27589 url=https://strain-database.com/strains
  cf_wait title='Just a moment...' len=27589 url=https://strain-database.com/strains
  cf_wait title='Just a moment...' len=27589 url=https://strain-database.com/strains
  cf_wait title='Just a moment...' len=27589 url=https://strain-database.com/strains
  warm_not_ready sleep=48s
warm attempt=5 title='Just a moment...' len=27568 url=https://strain-database.com/strains
  cf_wait title='Just a moment...' len=27568 url=https://strain-database.com/strains
  cf_wait title='Just a moment...' len=27568 url=https://strain-database.com/strains
  cf_wait title='Just a moment...' len=27568 url=https://strain-database.com/strains
  cf_wait title='Just a moment...' len=27568 url=https://strain-database.com/strains
  cf_wait title='Just a moment...' len=27568 url=https://strain-database.com/strains
  cf_wait title='Just a moment...' len=27568 url=https://strain-database.com/strains
  cf_wait title='Just a moment...' len=27568 url=https://strain-database.com/strains
  cf_wait title='Just a moment...' len=27568 url=https://strain-database.com/strains
  cf_wait title='Just a moment...' len=27568 url=https://strain-database.com/strains
  cf_wait title='Just a moment...' len=27568 url=https://strain-database.com/strains
  cf_wait title='Just a moment...' len=27568 url=https://strain-database.com/strains
  cf_wait title='Just a moment...' len=27568 url=https://strain-database.com/strains
  cf_wait title='Just a moment...' len=27568 url=https://strain-database.com/strains
  cf_wait title='Just a moment...' len=27568 url=https://strain-database.com/strains
  cf_wait title='Just a moment...' len=27568 url=https://strain-database.com/strains
  cf_wait title='Just a moment...' len=27568 url=https://strain-database.com/strains
  cf_wait title='Just a moment...' len=27568 url=https://strain-database.com/strains
  cf_wait title='Just a moment...' len=27568 url=https://strain-database.com/strains
  cf_wait title='Just a moment...' len=27568 url=https://strain-database.com/strains
  cf_wait title='Just a moment...' len=27568 url=https://strain-database.com/strains
  cf_wait title='Just a moment...' len=27568 url=https://strain-database.com/strains
  cf_wait title='Just a moment...' len=27568 url=https://strain-database.com/strains
  cf_wait title='Just a moment...' len=27568 url=https://strain-database.com/strains
  cf_wait title='Just a moment...' len=27568 url=https://strain-database.com/strains
  cf_wait title='Just a moment...' len=27568 url=https://strain-database.com/strains
  cf_wait title='Just a moment...' len=27568 url=https://strain-database.com/strains
  cf_wait title='Just a moment...' len=27568 url=https://strain-database.com/strains
  cf_wait title='Just a moment...' len=27568 url=https://strain-database.com/strains
  cf_wait title='Just a moment...' len=27568 url=https://strain-database.com/strains
  cf_wait title='Just a moment...' len=27568 url=https://strain-database.com/strains
  cf_wait title='Just a moment...' len=27568 url=https://strain-database.com/strains
  cf_wait title='Just a moment...' len=27568 url=https://strain-database.com/strains
  cf_wait title='Just a moment...' len=27568 url=https://strain-database.com/strains
  cf_wait title='Just a moment...' len=27568 url=https://strain-database.com/strains
  cf_wait title='Just a moment...' len=27568 url=https://strain-database.com/strains
  cf_wait title='Just a moment...' len=27568 url=https://strain-database.com/strains
  cf_wait title='Just a moment...' len=27452 url=https://strain-database.com/strains
  cf_wait title='Just a moment...' len=27452 url=https://strain-database.com/strains
  cf_wait title='Just a moment...' len=27452 url=https://strain-database.com/strains
  cf_wait title='Just a moment...' len=27589 url=https://strain-database.com/strains
  cf_wait title='Just a moment...' len=27589 url=https://strain-database.com/strains
  cf_wait title='Just a moment...' len=27589 url=https://strain-database.com/strains
  cf_wait title='Just a moment...' len=27589 url=https://strain-database.com/strains
  cf_wait title='Just a moment...' len=27589 url=https://strain-database.com/strains
  cf_wait title='Just a moment...' len=27589 url=https://strain-database.com/strains
  cf_wait title='Just a moment...' len=27589 url=https://strain-database.com/strains
  cf_wait title='Just a moment...' len=27589 url=https://strain-database.com/strains
  cf_wait title='Just a moment...' len=27589 url=https://strain-database.com/strains
  cf_wait title='Just a moment...' len=27589 url=https://strain-database.com/strains
  cf_wait title='Just a moment...' len=27589 url=https://strain-database.com/strains
  cf_wait title='Just a moment...' len=27589 url=https://strain-database.com/strains
  cf_wait title='Just a moment...' len=27589 url=https://strain-database.com/strains
  cf_wait title='Just a moment...' len=27589 url=https://strain-database.com/strains
  cf_wait title='Just a moment...' len=27589 url=https://strain-database.com/strains
  cf_wait title='Just a moment...' len=27589 url=https://strain-database.com/strains
  warm_not_ready sleep=60s
warm attempt=6 title='Just a moment...' len=27546 url=https://strain-database.com/strains
  cf_wait title='Just a moment...' len=27546 url=https://strain-database.com/strains
  cf_wait title='Just a moment...' len=27546 url=https://strain-database.com/strains
  cf_wait title='Just a moment...' len=27546 url=https://strain-database.com/strains
  cf_wait title='Just a moment...' len=27546 url=https://strain-database.com/strains
  cf_wait title='Just a moment...' len=27546 url=https://strain-database.com/strains
  cf_wait title='Just a moment...' len=27546 url=https://strain-database.com/strains
  cf_wait title='Just a moment...' len=27546 url=https://strain-database.com/strains
  cf_wait title='Just a moment...' len=27546 url=https://strain-database.com/strains
  cf_wait title='Just a moment...' len=27546 url=https://strain-database.com/strains
  cf_wait title='Just a moment...' len=27546 url=https://strain-database.com/strains
  cf_wait title='Just a moment...' len=27546 url=https://strain-database.com/strains
  cf_wait title='Just a moment...' len=27546 url=https://strain-database.com/strains
  cf_wait title='Just a moment...' len=27546 url=https://strain-database.com/strains
  cf_wait title='Just a moment...' len=27546 url=https://strain-database.com/strains
  cf_wait title='Just a moment...' len=27546 url=https://strain-database.com/strains
  cf_wait title='Just a moment...' len=27546 url=https://strain-database.com/strains
  cf_wait title='Just a moment...' len=27546 url=https://strain-database.com/strains
  cf_wait title='Just a moment...' len=27546 url=https://strain-database.com/strains
  cf_wait title='Just a moment...' len=27546 url=https://strain-database.com/strains
  cf_wait title='Just a moment...' len=27546 url=https://strain-database.com/strains
  cf_wait title='Just a moment...' len=27546 url=https://strain-database.com/strains
  cf_wait title='Just a moment...' len=27546 url=https://strain-database.com/strains
  cf_wait title='Just a moment...' len=27546 url=https://strain-database.com/strains
  cf_wait title='Just a moment...' len=27546 url=https://strain-database.com/strains
  cf_wait title='Just a moment...' len=27546 url=https://strain-database.com/strains
  cf_wait title='Just a moment...' len=27546 url=https://strain-database.com/strains
  cf_wait title='Just a moment...' len=27546 url=https://strain-database.com/strains
  cf_wait title='Just a moment...' len=27546 url=https://strain-database.com/strains
  cf_wait title='Just a moment...' len=27546 url=https://strain-database.com/strains
  cf_wait title='Just a moment...' len=27546 url=https://strain-database.com/strains
  cf_wait title='Just a moment...' len=27546 url=https://strain-database.com/strains
  cf_wait title='Just a moment...' len=27546 url=https://strain-database.com/strains
  cf_wait title='Just a moment...' len=27546 url=https://strain-database.com/strains
  cf_wait title='Just a moment...' len=27546 url=https://strain-database.com/strains
  cf_wait title='Just a moment...' len=27546 url=https://strain-database.com/strains
  cf_wait title='Just a moment...' len=27546 url=https://strain-database.com/strains
  cf_wait title='Just a moment...' len=27546 url=https://strain-database.com/strains
  cf_wait title='Just a moment...' len=27430 url=https://strain-database.com/strains
  cf_wait title='Just a moment...' len=27430 url=https://strain-database.com/strains
  cf_wait title='Just a moment...' len=27430 url=https://strain-database.com/strains
  cf_wait title='Just a moment...' len=27430 url=https://strain-database.com/strains
  cf_wait title='Just a moment...' len=27430 url=https://strain-database.com/strains
  cf_wait title='Just a moment...' len=27589 url=https://strain-database.com/strains
  cf_wait title='Just a moment...' len=27589 url=https://strain-database.com/strains
  cf_wait title='Just a moment...' len=27589 url=https://strain-database.com/strains
  cf_wait title='Just a moment...' len=27589 url=https://strain-database.com/strains
  cf_wait title='Just a moment...' len=27589 url=https://strain-database.com/strains
  cf_wait title='Just a moment...' len=27589 url=https://strain-database.com/strains
  cf_wait title='Just a moment...' len=27589 url=https://strain-database.com/strains
  cf_wait title='Just a moment...' len=27589 url=https://strain-database.com/strains
  cf_wait title='Just a moment...' len=27589 url=https://strain-database.com/strains
  cf_wait title='Just a moment...' len=27589 url=https://strain-database.com/strains
  cf_wait title='Just a moment...' len=27589 url=https://strain-database.com/strains
  cf_wait title='Just a moment...' len=27589 url=https://strain-database.com/strains
  cf_wait title='Just a moment...' len=27589 url=https://strain-database.com/strains
  cf_wait title='Just a moment...' len=27589 url=https://strain-database.com/strains
  warm_not_ready sleep=72s
warm attempt=7 title='Just a moment...' len=27568 url=https://strain-database.com/strains
  cf_wait title='Just a moment...' len=27568 url=https://strain-database.com/strains
  cf_wait title='Just a moment...' len=27568 url=https://strain-database.com/strains
  cf_wait title='Just a moment...' len=27568 url=https://strain-database.com/strains
  cf_wait title='Just a moment...' len=27568 url=https://strain-database.com/strains
  cf_wait title='Just a moment...' len=27568 url=https://strain-database.com/strains
  cf_wait title='Just a moment...' len=27568 url=https://strain-database.com/strains
  cf_wait title='Just a moment...' len=27568 url=https://strain-database.com/strains
  cf_wait title='Just a moment...' len=27568 url=https://strain-database.com/strains
  cf_wait title='Just a moment...' len=27568 url=https://strain-database.com/strains
  cf_wait title='Just a moment...' len=27568 url=https://strain-database.com/strains
  cf_wait title='Just a moment...' len=27568 url=https://strain-database.com/strains
  cf_wait title='Just a moment...' len=27568 url=https://strain-database.com/strains
  cf_wait title='Just a moment...' len=27568 url=https://strain-database.com/strains
  cf_wait title='Just a moment...' len=27568 url=https://strain-database.com/strains
  cf_wait title='Just a moment...' len=27568 url=https://strain-database.com/strains
  cf_wait title='Just a moment...' len=27568 url=https://strain-database.com/strains
  cf_wait title='Just a moment...' len=27568 url=https://strain-database.com/strains
  cf_wait title='Just a moment...' len=27568 url=https://strain-database.com/strains
  cf_wait title='Just a moment...' len=27568 url=https://strain-database.com/strains
  cf_wait title='Just a moment...' len=27568 url=https://strain-database.com/strains
  cf_wait title='Just a moment...' len=27568 url=https://strain-database.com/strains
  cf_wait title='Just a moment...' len=27568 url=https://strain-database.com/strains
  cf_wait title='Just a moment...' len=27568 url=https://strain-database.com/strains
  cf_wait title='Just a moment...' len=27568 url=https://strain-database.com/strains
  cf_wait title='Just a moment...' len=27568 url=https://strain-database.com/strains
  cf_wait title='Just a moment...' len=27568 url=https://strain-database.com/strains
  cf_wait title='Just a moment...' len=27568 url=https://strain-database.com/strains
  cf_wait title='Just a moment...' len=27568 url=https://strain-database.com/strains
  cf_wait title='Just a moment...' len=27568 url=https://strain-database.com/strains
  cf_wait title='Just a moment...' len=27568 url=https://strain-database.com/strains
  cf_wait title='Just a moment...' len=27568 url=https://strain-database.com/strains
  cf_wait title='Just a moment...' len=27568 url=https://strain-database.com/strains
  cf_wait title='Just a moment...' len=27568 url=https://strain-database.com/strains
  cf_wait title='Just a moment...' len=27568 url=https://strain-database.com/strains
  cf_wait title='Just a moment...' len=27568 url=https://strain-database.com/strains
  cf_wait title='Just a moment...' len=27568 url=https://strain-database.com/strains
  cf_wait title='Just a moment...' len=27568 url=https://strain-database.com/strains
  cf_wait title='Just a moment...' len=27452 url=https://strain-database.com/strains
  cf_wait title='Just a moment...' len=27452 url=https://strain-database.com/strains
  cf_wait title='Just a moment...' len=27452 url=https://strain-database.com/strains
  cf_wait title='Just a moment...' len=27452 url=https://strain-database.com/strains
  cf_wait title='Just a moment...' len=27465 url=https://strain-database.com/strains
  cf_wait title='Just a moment...' len=27610 url=https://strain-database.com/strains
  cf_wait title='Just a moment...' len=27610 url=https://strain-database.com/strains
  cf_wait title='Just a moment...' len=27610 url=https://strain-database.com/strains
  cf_wait title='Just a moment...' len=27610 url=https://strain-database.com/strains
  cf_wait title='Just a moment...' len=27610 url=https://strain-database.com/strains
  cf_wait title='Just a moment...' len=27610 url=https://strain-database.com/strains
  cf_wait title='Just a moment...' len=27610 url=https://strain-database.com/strains
  cf_wait title='Just a moment...' len=27610 url=https://strain-database.com/strains
  cf_wait title='Just a moment...' len=27610 url=https://strain-database.com/strains
  cf_wait title='Just a moment...' len=27610 url=https://strain-database.com/strains
  cf_wait title='Just a moment...' len=27610 url=https://strain-database.com/strains
  cf_wait title='Just a moment...' len=27610 url=https://strain-database.com/strains
  cf_wait title='Just a moment...' len=27610 url=https://strain-database.com/strains
  cf_wait title='Just a moment...' len=27610 url=https://strain-database.com/strains
  warm_not_ready sleep=84s
warm attempt=8 title='Just a moment...' len=27546 url=https://strain-database.com/strains
  cf_wait title='Just a moment...' len=27546 url=https://strain-database.com/strains
  cf_wait title='Just a moment...' len=27546 url=https://strain-database.com/strains
  cf_wait title='Just a moment...' len=27546 url=https://strain-database.com/strains
  cf_wait title='Just a moment...' len=27546 url=https://strain-database.com/strains
  cf_wait title='Just a moment...' len=27546 url=https://strain-database.com/strains
  cf_wait title='Just a moment...' len=27546 url=https://strain-database.com/strains
  cf_wait title='Just a moment...' len=27546 url=https://strain-database.com/strains
  cf_wait title='Just a moment...' len=27546 url=https://strain-database.com/strains
  cf_wait title='Just a moment...' len=27546 url=https://strain-database.com/strains
  cf_wait title='Just a moment...' len=27546 url=https://strain-database.com/strains
  cf_wait title='Just a moment...' len=27546 url=https://strain-database.com/strains
  cf_wait title='Just a moment...' len=27546 url=https://strain-database.com/strains
  cf_wait title='Just a moment...' len=27546 url=https://strain-database.com/strains
  cf_wait title='Just a moment...' len=27546 url=https://strain-database.com/strains
  cf_wait title='Just a moment...' len=27546 url=https://strain-database.com/strains
  cf_wait title='Just a moment...' len=27546 url=https://strain-database.com/strains
  cf_wait title='Just a moment...' len=27546 url=https://strain-database.com/strains
  cf_wait title='Just a moment...' len=27546 url=https://strain-database.com/strains
  cf_wait title='Just a moment...' len=27546 url=https://strain-database.com/strains
  cf_wait title='Just a moment...' len=27546 url=https://strain-database.com/strains
  cf_wait title='Just a moment...' len=27546 url=https://strain-database.com/strains
  cf_wait title='Just a moment...' len=27546 url=https://strain-database.com/strains
  cf_wait title='Just a moment...' len=27546 url=https://strain-database.com/strains
  cf_wait title='Just a moment...' len=27546 url=https://strain-database.com/strains
  cf_wait title='Just a moment...' len=27546 url=https://strain-database.com/strains
  cf_wait title='Just a moment...' len=27546 url=https://strain-database.com/strains
  cf_wait title='Just a moment...' len=27546 url=https://strain-database.com/strains
  cf_wait title='Just a moment...' len=27546 url=https://strain-database.com/strains
  cf_wait title='Just a moment...' len=27546 url=https://strain-database.com/strains
  cf_wait title='Just a moment...' len=27546 url=https://strain-database.com/strains
  cf_wait title='Just a moment...' len=27546 url=https://strain-database.com/strains
  cf_wait title='Just a moment...' len=27546 url=https://strain-database.com/strains
  cf_wait title='Just a moment...' len=27546 url=https://strain-database.com/strains
  cf_wait title='Just a moment...' len=27546 url=https://strain-database.com/strains
  cf_wait title='Just a moment...' len=27546 url=https://strain-database.com/strains
  cf_wait title='Just a moment...' len=27546 url=https://strain-database.com/strains
  cf_wait title='Just a moment...' len=27546 url=https://strain-database.com/strains
  cf_wait title='Just a moment...' len=27430 url=https://strain-database.com/strains
  cf_wait title='Just a moment...' len=27430 url=https://strain-database.com/strains
  cf_wait title='Just a moment...' len=27430 url=https://strain-database.com/strains
  cf_wait title='Just a moment...' len=27430 url=https://strain-database.com/strains
  cf_wait title='Just a moment...' len=27583 url=https://strain-database.com/strains
  cf_wait title='Just a moment...' len=27589 url=https://strain-database.com/strains
  cf_wait title='Just a moment...' len=27589 url=https://strain-database.com/strains
  cf_wait title='Just a moment...' len=27589 url=https://strain-database.com/strains
  cf_wait title='Just a moment...' len=27589 url=https://strain-database.com/strains
  cf_wait title='Just a moment...' len=27589 url=https://strain-database.com/strains
  cf_wait title='Just a moment...' len=27589 url=https://strain-database.com/strains
  cf_wait title='Just a moment...' len=27589 url=https://strain-database.com/strains
  cf_wait title='Just a moment...' len=27589 url=https://strain-database.com/strains
  cf_wait title='Just a moment...' len=27589 url=https://strain-database.com/strains
  cf_wait title='Just a moment...' len=27589 url=https://strain-database.com/strains
  cf_wait title='Just a moment...' len=27589 url=https://strain-database.com/strains
  cf_wait title='Just a moment...' len=27589 url=https://strain-database.com/strains
  cf_wait title='Just a moment...' len=27589 url=https://strain-database.com/strains
  cf_wait title='Just a moment...' len=27589 url=https://strain-database.com/strains
  warm_not_ready sleep=90s
warm attempt=9 title='Just a moment...' len=27568 url=https://strain-database.com/strains
  cf_wait title='Just a moment...' len=27568 url=https://strain-database.com/strains
  cf_wait title='Just a moment...' len=27568 url=https://strain-database.com/strains
  cf_wait title='Just a moment...' len=27568 url=https://strain-database.com/strains
  cf_wait title='Just a moment...' len=27568 url=https://strain-database.com/strains
  cf_wait title='Just a moment...' len=27568 url=https://strain-database.com/strains
  cf_wait title='Just a moment...' len=27568 url=https://strain-database.com/strains
  cf_wait title='Just a moment...' len=27568 url=https://strain-database.com/strains
  cf_wait title='Just a moment...' len=27568 url=https://strain-database.com/strains
  cf_wait title='Just a moment...' len=27568 url=https://strain-database.com/strains
  cf_wait title='Just a moment...' len=27568 url=https://strain-database.com/strains
  cf_wait title='Just a moment...' len=27568 url=https://strain-database.com/strains
  cf_wait title='Just a moment...' len=27568 url=https://strain-database.com/strains
  cf_wait title='Just a moment...' len=27568 url=https://strain-database.com/strains
  cf_wait title='Just a moment...' len=27568 url=https://strain-database.com/strains
  cf_wait title='Just a moment...' len=27568 url=https://strain-database.com/strains
  cf_wait title='Just a moment...' len=27568 url=https://strain-database.com/strains
  cf_wait title='Just a moment...' len=27568 url=https://strain-database.com/strains
  cf_wait title='Just a moment...' len=27568 url=https://strain-database.com/strains
  cf_wait title='Just a moment...' len=27568 url=https://strain-database.com/strains
  cf_wait title='Just a moment...' len=27568 url=https://strain-database.com/strains
  cf_wait title='Just a moment...' len=27568 url=https://strain-database.com/strains
  cf_wait title='Just a moment...' len=27568 url=https://strain-database.com/strains
  cf_wait title='Just a moment...' len=27568 url=https://strain-database.com/strains
  cf_wait title='Just a moment...' len=27568 url=https://strain-database.com/strains
  cf_wait title='Just a moment...' len=27568 url=https://strain-database.com/strains
  cf_wait title='Just a moment...' len=27568 url=https://strain-database.com/strains
  cf_wait title='Just a moment...' len=27568 url=https://strain-database.com/strains
  cf_wait title='Just a moment...' len=27568 url=https://strain-database.com/strains
  cf_wait title='Just a moment...' len=27568 url=https://strain-database.com/strains
  cf_wait title='Just a moment...' len=27568 url=https://strain-database.com/strains
  cf_wait title='Just a moment...' len=27568 url=https://strain-database.com/strains
  cf_wait title='Just a moment...' len=27568 url=https://strain-database.com/strains
  cf_wait title='Just a moment...' len=27568 url=https://strain-database.com/strains
  cf_wait title='Just a moment...' len=27568 url=https://strain-database.com/strains
  cf_wait title='Just a moment...' len=27568 url=https://strain-database.com/strains
  cf_wait title='Just a moment...' len=27568 url=https://strain-database.com/strains
  cf_wait title='Just a moment...' len=27452 url=https://strain-database.com/strains
  cf_wait title='Just a moment...' len=27452 url=https://strain-database.com/strains
  cf_wait title='Just a moment...' len=27452 url=https://strain-database.com/strains
  cf_wait title='Just a moment...' len=27452 url=https://strain-database.com/strains
  cf_wait title='Just a moment...' len=27444 url=https://strain-database.com/strains
  cf_wait title='Just a moment...' len=27589 url=https://strain-database.com/strains
  cf_wait title='Just a moment...' len=27589 url=https://strain-database.com/strains
  cf_wait title='Just a moment...' len=27589 url=https://strain-database.com/strains
  cf_wait title='Just a moment...' len=27589 url=https://strain-database.com/strains
  cf_wait title='Just a moment...' len=27589 url=https://strain-database.com/strains
  cf_wait title='Just a moment...' len=27589 url=https://strain-database.com/strains
  cf_wait title='Just a moment...' len=27589 url=https://strain-database.com/strains
  cf_wait title='Just a moment...' len=27589 url=https://strain-database.com/strains
  cf_wait title='Just a moment...' len=27589 url=https://strain-database.com/strains
  cf_wait title='Just a moment...' len=27589 url=https://strain-database.com/strains
  cf_wait title='Just a moment...' len=27589 url=https://strain-database.com/strains
  cf_wait title='Just a moment...' len=27589 url=https://strain-database.com/strains
  cf_wait title='Just a moment...' len=27589 url=https://strain-database.com/strains
  cf_wait title='Just a moment...' len=27589 url=https://strain-database.com/strains
  warm_not_ready sleep=90s
warm attempt=10 title='Just a moment...' len=27568 url=https://strain-database.com/strains
  cf_wait title='Just a moment...' len=27568 url=https://strain-database.com/strains
  cf_wait title='Just a moment...' len=27568 url=https://strain-database.com/strains
  cf_wait title='Just a moment...' len=27568 url=https://strain-database.com/strains
  cf_wait title='Just a moment...' len=27568 url=https://strain-database.com/strains
  cf_wait title='Just a moment...' len=27568 url=https://strain-database.com/strains
  cf_wait title='Just a moment...' len=27568 url=https://strain-database.com/strains
  cf_wait title='Just a moment...' len=27568 url=https://strain-database.com/strains
  cf_wait title='Just a moment...' len=27568 url=https://strain-database.com/strains
  cf_wait title='Just a moment...' len=27568 url=https://strain-database.com/strains
  cf_wait title='Just a moment...' len=27568 url=https://strain-database.com/strains
  cf_wait title='Just a moment...' len=27568 url=https://strain-database.com/strains
  cf_wait title='Just a moment...' len=27568 url=https://strain-database.com/strains
  cf_wait title='Just a moment...' len=27568 url=https://strain-database.com/strains
  cf_wait title='Just a moment...' len=27568 url=https://strain-database.com/strains
  cf_wait title='Just a moment...' len=27568 url=https://strain-database.com/strains
  cf_wait title='Just a moment...' len=27568 url=https://strain-database.com/strains
  cf_wait title='Just a moment...' len=27568 url=https://strain-database.com/strains
  cf_wait title='Just a moment...' len=27568 url=https://strain-database.com/strains
  cf_wait title='Just a moment...' len=27568 url=https://strain-database.com/strains
  cf_wait title='Just a moment...' len=27568 url=https://strain-database.com/strains
  cf_wait title='Just a moment...' len=27568 url=https://strain-database.com/strains
  cf_wait title='Just a moment...' len=27568 url=https://strain-database.com/strains
  cf_wait title='Just a moment...' len=27568 url=https://strain-database.com/strains
  cf_wait title='Just a moment...' len=27568 url=https://strain-database.com/strains
  cf_wait title='Just a moment...' len=27568 url=https://strain-database.com/strains
  cf_wait title='Just a moment...' len=27568 url=https://strain-database.com/strains
  cf_wait title='Just a moment...' len=27568 url=https://strain-database.com/strains
  cf_wait title='Just a moment...' len=27568 url=https://strain-database.com/strains
  cf_wait title='Just a moment...' len=27568 url=https://strain-database.com/strains
  cf_wait title='Just a moment...' len=27568 url=https://strain-database.com/strains
  cf_wait title='Just a moment...' len=27568 url=https://strain-database.com/strains
  cf_wait title='Just a moment...' len=27568 url=https://strain-database.com/strains
  cf_wait title='Just a moment...' len=27568 url=https://strain-database.com/strains
  cf_wait title='Just a moment...' len=27568 url=https://strain-database.com/strains
  cf_wait title='Just a moment...' len=27568 url=https://strain-database.com/strains
  cf_wait title='Just a moment...' len=27568 url=https://strain-database.com/strains
  cf_wait title='Just a moment...' len=27452 url=https://strain-database.com/strains
  cf_wait title='Just a moment...' len=27452 url=https://strain-database.com/strains
  cf_wait title='Just a moment...' len=27452 url=https://strain-database.com/strains
  cf_wait title='Just a moment...' len=27452 url=https://strain-database.com/strains
  cf_wait title='Just a moment...' len=27452 url=https://strain-database.com/strains
  cf_wait title='Just a moment...' len=27610 url=https://strain-database.com/strains
  cf_wait title='Just a moment...' len=27610 url=https://strain-database.com/strains
  cf_wait title='Just a moment...' len=27610 url=https://strain-database.com/strains
  cf_wait title='Just a moment...' len=27610 url=https://strain-database.com/strains
  cf_wait title='Just a moment...' len=27610 url=https://strain-database.com/strains
  cf_wait title='Just a moment...' len=27610 url=https://strain-database.com/strains
  cf_wait title='Just a moment...' len=27610 url=https://strain-database.com/strains
  cf_wait title='Just a moment...' len=27610 url=https://strain-database.com/strains
  cf_wait title='Just a moment...' len=27610 url=https://strain-database.com/strains
  cf_wait title='Just a moment...' len=27610 url=https://strain-database.com/strains
  cf_wait title='Just a moment...' len=27610 url=https://strain-database.com/strains
  cf_wait title='Just a moment...' len=27610 url=https://strain-database.com/strains
  cf_wait title='Just a moment...' len=27610 url=https://strain-database.com/strains
  cf_wait title='Just a moment...' len=27610 url=https://strain-database.com/strains
  cf_wait title='Just a moment...' len=27610 url=https://strain-database.com/strains
  warm_not_ready sleep=90s
warm attempt=11 title='Just a moment...' len=27568 url=https://strain-database.com/strains
  cf_wait title='Just a moment...' len=27568 url=https://strain-database.com/strains
  cf_wait title='Just a moment...' len=27568 url=https://strain-database.com/strains
  cf_wait title='Just a moment...' len=27568 url=https://strain-database.com/strains
  cf_wait title='Just a moment...' len=27568 url=https://strain-database.com/strains
  cf_wait title='Just a moment...' len=27568 url=https://strain-database.com/strains
  cf_wait title='Just a moment...' len=27568 url=https://strain-database.com/strains
  cf_wait title='Just a moment...' len=27568 url=https://strain-database.com/strains
  cf_wait title='Just a moment...' len=27568 url=https://strain-database.com/strains
  cf_wait title='Just a moment...' len=27568 url=https://strain-database.com/strains
  cf_wait title='Just a moment...' len=27568 url=https://strain-database.com/strains
  cf_wait title='Just a moment...' len=27568 url=https://strain-database.com/strains
  cf_wait title='Just a moment...' len=27568 url=https://strain-database.com/strains
  cf_wait title='Just a moment...' len=27568 url=https://strain-database.com/strains
  cf_wait title='Just a moment...' len=27568 url=https://strain-database.com/strains
  cf_wait title='Just a moment...' len=27568 url=https://strain-database.com/strains
  cf_wait title='Just a moment...' len=27568 url=https://strain-database.com/strains
  cf_wait title='Just a moment...' len=27568 url=https://strain-database.com/strains
  cf_wait title='Just a moment...' len=27568 url=https://strain-database.com/strains
  cf_wait title='Just a moment...' len=27568 url=https://strain-database.com/strains
  cf_wait title='Just a moment...' len=27568 url=https://strain-database.com/strains
  cf_wait title='Just a moment...' len=27568 url=https://strain-database.com/strains
  cf_wait title='Just a moment...' len=27568 url=https://strain-database.com/strains
  cf_wait title='Just a moment...' len=27568 url=https://strain-database.com/strains
  cf_wait title='Just a moment...' len=27568 url=https://strain-database.com/strains
  cf_wait title='Just a moment...' len=27568 url=https://strain-database.com/strains
  cf_wait title='Just a moment...' len=27568 url=https://strain-database.com/strains
  cf_wait title='Just a moment...' len=27568 url=https://strain-database.com/strains
  cf_wait title='Just a moment...' len=27568 url=https://strain-database.com/strains
  cf_wait title='Just a moment...' len=27568 url=https://strain-database.com/strains
  cf_wait title='Just a moment...' len=27568 url=https://strain-database.com/strains
  cf_wait title='Just a moment...' len=27568 url=https://strain-database.com/strains
  cf_wait title='Just a moment...' len=27568 url=https://strain-database.com/strains
  cf_wait title='Just a moment...' len=27568 url=https://strain-database.com/strains
  cf_wait title='Just a moment...' len=27568 url=https://strain-database.com/strains
  cf_wait title='Just a moment...' len=27568 url=https://strain-database.com/strains
  cf_wait title='Just a moment...' len=27568 url=https://strain-database.com/strains
  cf_wait title='Just a moment...' len=27568 url=https://strain-database.com/strains
  cf_wait title='Just a moment...' len=27452 url=https://strain-database.com/strains
  cf_wait title='Just a moment...' len=27452 url=https://strain-database.com/strains
  cf_wait title='Just a moment...' len=27452 url=https://strain-database.com/strains
  cf_wait title='Just a moment...' len=27452 url=https://strain-database.com/strains
  cf_wait title='Just a moment...' len=27583 url=https://strain-database.com/strains
  cf_wait title='Just a moment...' len=27589 url=https://strain-database.com/strains
  cf_wait title='Just a moment...' len=27589 url=https://strain-database.com/strains
  cf_wait title='Just a moment...' len=27589 url=https://strain-database.com/strains
  cf_wait title='Just a moment...' len=27589 url=https://strain-database.com/strains
  cf_wait title='Just a moment...' len=27589 url=https://strain-database.com/strains
  cf_wait title='Just a moment...' len=27589 url=https://strain-database.com/strains
  cf_wait title='Just a moment...' len=27589 url=https://strain-database.com/strains
  cf_wait title='Just a moment...' len=27589 url=https://strain-database.com/strains
  cf_wait title='Just a moment...' len=27589 url=https://strain-database.com/strains
  cf_wait title='Just a moment...' len=27589 url=https://strain-database.com/strains
  cf_wait title='Just a moment...' len=27589 url=https://strain-database.com/strains
  cf_wait title='Just a moment...' len=27589 url=https://strain-database.com/strains
  cf_wait title='Just a moment...' len=27589 url=https://strain-database.com/strains
  cf_wait title='Just a moment...' len=27589 url=https://strain-database.com/strains
  warm_not_ready sleep=90s
  CF_retry_err CF_ON_WARM last=None title='Just a moment...' url='https://strain-database.com/strains'
