resume target_new=4737 remaining=4737 already_done=263 sitemap=5000 delay_s=8.0-20.0 headed=True ud=C:\Users\cmgwe\AppData\Local\Temp\dsc-chrome-fresh-pw2
launch channel='chrome' ud=C:\Users\cmgwe\AppData\Local\Temp\dsc-chrome-fresh-pw2
warm attempt=1 title='Browse 71,675 Cannabis Strains — Indica, Sativa, Hybrid | Strain Database' len=1023721 url=https://strain-database.com/strains
warm_ok title='Browse 71,675 Cannabis Strains — Indica, Sativa, Hybrid | Strain Database' profile=C:\Users\cmgwe\AppData\Local\Temp\dsc-chrome-fresh-pw2
  pace sleep 17.4s (band 8.0-20.0)
  1(+264) name='Dr OG' mermaid=False rate=0.03/s
  pace sleep 8.4s (band 8.0-20.0)
  pace sleep 14.3s (band 8.0-20.0)
  pace sleep 19.8s (band 8.0-20.0)
  pace sleep 12.1s (band 8.0-20.0)
  pace sleep 14.4s (band 8.0-20.0)
  pace sleep 10.0s (band 8.0-20.0)
  pace sleep 12.1s (band 8.0-20.0)
  pace sleep 13.8s (band 8.0-20.0)
  pace sleep 13.6s (band 8.0-20.0)
  10(+273) name='Chemdog' mermaid=False rate=0.05/s
  pace sleep 15.7s (band 8.0-20.0)
  pace sleep 19.7s (band 8.0-20.0)
  pace sleep 18.7s (band 8.0-20.0)
  pace sleep 9.2s (band 8.0-20.0)
  pace sleep 18.5s (band 8.0-20.0)
  pace sleep 19.3s (band 8.0-20.0)
  pace sleep 19.8s (band 8.0-20.0)
  pace sleep 14.7s (band 8.0-20.0)
  pace sleep 9.1s (band 8.0-20.0)
  pace sleep 9.7s (band 8.0-20.0)
  20(+283) name='Sun Of A Peach' mermaid=False rate=0.05/s
  pace sleep 11.0s (band 8.0-20.0)
  pace sleep 10.8s (band 8.0-20.0)
  pace sleep 14.6s (band 8.0-20.0)
  pace sleep 16.9s (band 8.0-20.0)
  pace sleep 9.4s (band 8.0-20.0)
  pace sleep 17.4s (band 8.0-20.0)
  pace sleep 19.0s (band 8.0-20.0)
  goto_caught Page.goto: net::ERR_HTTP_RESPONSE_CODE_FAILURE at https://strain-database.com/strain/angola-roja-x-banghi
Call log:
  - 
  CF_CHALLENGE https://strain-database.com/strain/angola-roja-x-banghi title='strain-database.com' sleep 300s pace->10.0-25.0
staging: {
  "family": "strain_database",
  "staging_db": "\\\\192.168.86.2\\Digital-Documents\\Digital Stealth Care\\Projects\\DSC-HUB\\brain\\data\\staging\\strain_database.sqlite3",
  "count": 289,
  "bulk": true,
  "store_raw": true,
  "stats": {
    "strain_canonical": 285,
    "strain_variant": 289,
    "chemistry_profile": 289,
    "grow_trait": 244,
    "entity_link": 289,
    "attribute_kv": 0,
    "raw_record": 289,
    "light_fixture": 0,
    "nutrient_product": 0,
    "medium_product": 0,
    "media_asset": 0,
    "followup_gap": 0,
    "schema_extension_log": 0,
    "source_record": 1
  }
}
  staged count=289 after scraped=26 done=289
launch channel='chrome' ud=C:\Users\cmgwe\AppData\Local\Temp\dsc-chrome-fresh-pw2
  goto_caught Page.goto: net::ERR_HTTP_RESPONSE_CODE_FAILURE at https://strain-database.com/strains
Call log:
  - navigating to "https
warm attempt=1 title='strain-database.com' len=185231 url=chrome-error://chromewebdata/
  chrome-error — re-nav /strains
  goto_caught Page.goto: net::ERR_HTTP_RESPONSE_CODE_FAILURE at https://strain-database.com/strains
Call log:
  - navigating to "https
  cf_wait title='strain-database.com' len=185231 url=chrome-error://chromewebdata/
  chrome-error — re-nav /strains
  goto_caught Page.goto: net::ERR_HTTP_RESPONSE_CODE_FAILURE at https://strain-database.com/strains
Call log:
  - navigating to "https
  cf_wait title='strain-database.com' len=185231 url=chrome-error://chromewebdata/
  chrome-error — re-nav /strains
  goto_caught Page.goto: net::ERR_HTTP_RESPONSE_CODE_FAILURE at https://strain-database.com/strains
Call log:
  - navigating to "https
  cf_wait title='strain-database.com' len=185231 url=chrome-error://chromewebdata/
  chrome-error — re-nav /strains
  goto_caught Page.goto: net::ERR_HTTP_RESPONSE_CODE_FAILURE at https://strain-database.com/strains
Call log:
  - navigating to "https
  cf_wait title='strain-database.com' len=185231 url=chrome-error://chromewebdata/
  chrome-error — re-nav /strains
  goto_caught Page.goto: net::ERR_HTTP_RESPONSE_CODE_FAILURE at https://strain-database.com/strains
Call log:
  - navigating to "https
  cf_wait title='strain-database.com' len=185231 url=chrome-error://chromewebdata/
  chrome-error — re-nav /strains
  goto_caught Page.goto: net::ERR_HTTP_RESPONSE_CODE_FAILURE at https://strain-database.com/strains
Call log:
  - navigating to "https
  cf_wait title='strain-database.com' len=185231 url=chrome-error://chromewebdata/
  chrome-error — re-nav /strains
  goto_caught Page.goto: net::ERR_HTTP_RESPONSE_CODE_FAILURE at https://strain-database.com/strains
Call log:
  - navigating to "https
  cf_wait title='strain-database.com' len=185231 url=chrome-error://chromewebdata/
  chrome-error — re-nav /strains
  goto_caught Page.goto: net::ERR_HTTP_RESPONSE_CODE_FAILURE at https://strain-database.com/strains
Call log:
  - navigating to "https
  cf_wait title='strain-database.com' len=185231 url=chrome-error://chromewebdata/
  chrome-error — re-nav /strains
  goto_caught Page.goto: net::ERR_HTTP_RESPONSE_CODE_FAILURE at https://strain-database.com/strains
Call log:
  - navigating to "https
  cf_wait title='strain-database.com' len=185231 url=chrome-error://chromewebdata/
  chrome-error — re-nav /strains
  goto_caught Page.goto: net::ERR_HTTP_RESPONSE_CODE_FAILURE at https://strain-database.com/strains
Call log:
  - navigating to "https
  cf_wait title='strain-database.com' len=185231 url=chrome-error://chromewebdata/
  chrome-error — re-nav /strains
  goto_caught Page.goto: net::ERR_HTTP_RESPONSE_CODE_FAILURE at https://strain-database.com/strains
Call log:
  - navigating to "https
  cf_wait title='strain-database.com' len=185231 url=chrome-error://chromewebdata/
  chrome-error — re-nav /strains
  goto_caught Page.goto: net::ERR_HTTP_RESPONSE_CODE_FAILURE at https://strain-database.com/strains
Call log:
  - navigating to "https
  cf_wait title='strain-database.com' len=185231 url=chrome-error://chromewebdata/
  chrome-error — re-nav /strains
  goto_caught Page.goto: net::ERR_HTTP_RESPONSE_CODE_FAILURE at https://strain-database.com/strains
Call log:
  - navigating to "https
  cf_wait title='strain-database.com' len=185231 url=chrome-error://chromewebdata/
  chrome-error — re-nav /strains
  goto_caught Page.goto: net::ERR_HTTP_RESPONSE_CODE_FAILURE at https://strain-database.com/strains
Call log:
  - navigating to "https
  cf_wait title='strain-database.com' len=185231 url=chrome-error://chromewebdata/
  chrome-error — re-nav /strains
  goto_caught Page.goto: net::ERR_HTTP_RESPONSE_CODE_FAILURE at https://strain-database.com/strains
Call log:
  - navigating to "https
  cf_wait title='strain-database.com' len=185231 url=chrome-error://chromewebdata/
  warm_not_ready sleep=12s
  goto_caught Page.goto: net::ERR_HTTP_RESPONSE_CODE_FAILURE at https://strain-database.com/strains
Call log:
  - navigating to "https
warm attempt=2 title='strain-database.com' len=185231 url=chrome-error://chromewebdata/
  chrome-error — re-nav /strains
  goto_caught Page.goto: net::ERR_HTTP_RESPONSE_CODE_FAILURE at https://strain-database.com/strains
Call log:
  - navigating to "https
  cf_wait title='strain-database.com' len=185231 url=chrome-error://chromewebdata/
  chrome-error — re-nav /strains
  goto_caught Page.goto: net::ERR_HTTP_RESPONSE_CODE_FAILURE at https://strain-database.com/strains
Call log:
  - navigating to "https
