===== warm resume 2026-08-08T14:54:10 =====
cmd: C:\Program Files\Python314\python.exe -u y:\Digital Stealth Care\Projects\DSC-HUB\scripts\_pw_scrape_strain_database.py --headed --delay-min=8 --delay-max=20
resume target_new=4860 remaining=4860 already_done=140 sitemap=5000 delay_s=8.0-20.0 headed=True ud=C:\Users\cmgwe\AppData\Local\Temp\dsc-pw-chromium-sdb
launch channel=None ud=C:\Users\cmgwe\AppData\Local\Temp\dsc-pw-chromium-sdb
warm attempt=1 title='Just a moment...' len=27540 url=https://strain-database.com/strains
  cf_wait title='Browse 71,675 Cannabis Strains — Indica, Sativa, Hybrid | Strain Database' len=1016008 url=https://strain-database.com/strains
warm_ok title='Browse 71,675 Cannabis Strains — Indica, Sativa, Hybrid | Strain Database' profile=C:\Users\cmgwe\AppData\Local\Temp\dsc-pw-chromium-sdb
  pace sleep 13.7s (band 8.0-20.0)
  1(+141) name='Auto Black Diesel' mermaid=False rate=0.03/s
  pace sleep 16.6s (band 8.0-20.0)
  pace sleep 13.3s (band 8.0-20.0)
  pace sleep 9.1s (band 8.0-20.0)
  pace sleep 12.2s (band 8.0-20.0)
  pace sleep 18.2s (band 8.0-20.0)
  pace sleep 18.5s (band 8.0-20.0)
  pace sleep 14.3s (band 8.0-20.0)
  pace sleep 19.0s (band 8.0-20.0)
  pace sleep 13.9s (band 8.0-20.0)
  10(+150) name='OG Kush Sfv Fast' mermaid=False rate=0.05/s
  pace sleep 15.5s (band 8.0-20.0)
  pace sleep 12.3s (band 8.0-20.0)
  pace sleep 18.0s (band 8.0-20.0)
  pace sleep 17.0s (band 8.0-20.0)
  pace sleep 10.3s (band 8.0-20.0)
  pace sleep 14.2s (band 8.0-20.0)
  pace sleep 17.2s (band 8.0-20.0)
  pace sleep 13.2s (band 8.0-20.0)
  pace sleep 16.3s (band 8.0-20.0)
  pace sleep 8.8s (band 8.0-20.0)
  20(+160) name='Afghan 1' mermaid=False rate=0.05/s
  pace sleep 9.8s (band 8.0-20.0)
  pace sleep 15.5s (band 8.0-20.0)
  pace sleep 12.8s (band 8.0-20.0)
  pace sleep 18.8s (band 8.0-20.0)
  pace sleep 10.5s (band 8.0-20.0)
  pace sleep 17.1s (band 8.0-20.0)
  pace sleep 11.0s (band 8.0-20.0)
  pace sleep 8.4s (band 8.0-20.0)
  pace sleep 13.3s (band 8.0-20.0)
  pace sleep 8.1s (band 8.0-20.0)
  30(+170) name='Afghani Hawaiian' mermaid=False rate=0.05/s
  pace sleep 9.5s (band 8.0-20.0)
  pace sleep 12.6s (band 8.0-20.0)
  pace sleep 14.0s (band 8.0-20.0)
  pace sleep 13.5s (band 8.0-20.0)
  pace sleep 11.2s (band 8.0-20.0)
  pace sleep 8.4s (band 8.0-20.0)
  pace sleep 14.7s (band 8.0-20.0)
  pace sleep 13.3s (band 8.0-20.0)
  pace sleep 19.0s (band 8.0-20.0)
  pace sleep 11.6s (band 8.0-20.0)
  40(+180) name="Here's Johnny" mermaid=False rate=0.05/s
  pace sleep 8.8s (band 8.0-20.0)
  pace sleep 9.5s (band 8.0-20.0)
  pace sleep 15.1s (band 8.0-20.0)
  pace sleep 10.3s (band 8.0-20.0)
  pace sleep 15.3s (band 8.0-20.0)
  pace sleep 8.7s (band 8.0-20.0)
  pace sleep 8.3s (band 8.0-20.0)
  pace sleep 17.9s (band 8.0-20.0)
  pace sleep 12.8s (band 8.0-20.0)
  pace sleep 11.1s (band 8.0-20.0)
  50(+190) name='Ak74' mermaid=False rate=0.05/s
staging: {
  "family": "strain_database",
  "staging_db": "\\\\192.168.86.2\\Digital-Documents\\Digital Stealth Care\\Projects\\DSC-HUB\\brain\\data\\staging\\strain_database.sqlite3",
  "count": 190,
  "bulk": true,
  "store_raw": true,
  "stats": {
    "strain_canonical": 190,
    "strain_variant": 190,
    "chemistry_profile": 190,
    "grow_trait": 154,
    "entity_link": 190,
    "attribute_kv": 0,
    "raw_record": 190,
    "light_fixture": 0,
    "nutrient_product": 0,
    "medium_product": 0,
    "media_asset": 0,
    "followup_gap": 0,
    "schema_extension_log": 0,
    "source_record": 1
  }
}
  staged count=190 after scraped=50 done=190
  pace sleep 13.6s (band 8.0-20.0)
  pace sleep 8.7s (band 8.0-20.0)
  pace sleep 15.3s (band 8.0-20.0)
  pace sleep 18.5s (band 8.0-20.0)
  pace sleep 10.2s (band 8.0-20.0)
  pace sleep 15.1s (band 8.0-20.0)
  pace sleep 17.1s (band 8.0-20.0)
  pace sleep 19.2s (band 8.0-20.0)
  pace sleep 8.4s (band 8.0-20.0)
  pace sleep 14.2s (band 8.0-20.0)
  60(+200) name='Alien D' mermaid=False rate=0.05/s
  pace sleep 8.3s (band 8.0-20.0)
  pace sleep 18.9s (band 8.0-20.0)
  pace sleep 9.8s (band 8.0-20.0)
  pace sleep 18.6s (band 8.0-20.0)
  pace sleep 16.0s (band 8.0-20.0)
  pace sleep 14.5s (band 8.0-20.0)
  pace sleep 19.8s (band 8.0-20.0)
  pace sleep 17.9s (band 8.0-20.0)
  pace sleep 12.7s (band 8.0-20.0)
  pace sleep 18.5s (band 8.0-20.0)
  70(+210) name='Alien Rift' mermaid=False rate=0.05/s
  pace sleep 9.0s (band 8.0-20.0)
  pace sleep 8.7s (band 8.0-20.0)
  pace sleep 15.5s (band 8.0-20.0)
  pace sleep 9.2s (band 8.0-20.0)
  goto_caught Page.goto: net::ERR_HTTP_RESPONSE_CODE_FAILURE at https://strain-database.com/strain/all-star-genetics-westside
Call log
  CF_CHALLENGE https://strain-database.com/strain/all-star-genetics-westside title='strain-database.com' sleep 300s pace->10.0-25.0
staging: {
  "family": "strain_database",
  "staging_db": "\\\\192.168.86.2\\Digital-Documents\\Digital Stealth Care\\Projects\\DSC-HUB\\brain\\data\\staging\\strain_database.sqlite3",
  "count": 213,
  "bulk": true,
  "store_raw": true,
  "stats": {
    "strain_canonical": 213,
    "strain_variant": 213,
    "chemistry_profile": 213,
    "grow_trait": 177,
    "entity_link": 213,
    "attribute_kv": 0,
    "raw_record": 213,
    "light_fixture": 0,
    "nutrient_product": 0,
    "medium_product": 0,
    "media_asset": 0,
    "followup_gap": 0,
    "schema_extension_log": 0,
    "source_record": 1
  }
}
  staged count=213 after scraped=73 done=213
launch channel=None ud=C:\Users\cmgwe\AppData\Local\Temp\dsc-pw-chromium-sdb
warm attempt=1 title='Just a moment...' len=27568 url=https://strain-database.com/strains
  cf_wait title='strain-database.com' len=184964 url=chrome-error://chromewebdata/
  chrome-error — re-nav /strains
  goto_caught Page.goto: net::ERR_HTTP_RESPONSE_CODE_FAILURE at https://strain-database.com/strains
Call log:
  - navigating to "https
  cf_wait title='strain-database.com' len=185231 url=chrome-error://chromewebdata/
  chrome-error — re-nav /strains
  goto_caught Page.goto: net::ERR_HTTP_RESPONSE_CODE_FAILURE at https://strain-database.com/strains
Call log:
  - navigating to "https
  cf_wait title='strain-database.com' len=185231 url=chrome-error://chromewebdata/
  warm_not_ready sleep=12s
  goto_caught Page.goto: net::ERR_HTTP_RESPONSE_CODE_FAILURE at https://strain-database.com/strains
Call log:
  - navigating to "https
warm attempt=2 title='strain-database.com' len=185231 url=chrome-error://chromewebdata/
  chrome-error — re-nav /strains
  goto_caught Page.goto: net::ERR_HTTP_RESPONSE_CODE_FAILURE at https://strain-database.com/strains
Call log:
  - navigating to "https
  cf_wait title='strain-database.com' len=185231 url=chrome-error://chromewebdata/
  chrome-error — re-nav /strains
  goto_caught Page.goto: net::ERR_HTTP_RESPONSE_CODE_FAILURE at https://strain-database.com/strains
Call log:
  - navigating to "https
