node:events:487
      throw er; // Unhandled 'error' event
      ^

Error: EPIPE: broken pipe, write
    at Socket._write (node:internal/net:75:18)
    at writeOrBuffer (node:internal/streams/writable:570:12)
    at _write (node:internal/streams/writable:499:10)
    at Writable.write (node:internal/streams/writable:508:10)
    at PipeTransport.send (C:\Users\cmgwe\AppData\Roaming\Python\Python314\site-packages\playwright\driver\package\lib\coreBundle.js:34569:25)
    at dispatcherConnection.onmessage (C:\Users\cmgwe\AppData\Roaming\Python\Python314\site-packages\playwright\driver\package\lib\coreBundle.js:69266:59)
    at DispatcherConnection.sendEvent (C:\Users\cmgwe\AppData\Roaming\Python\Python314\site-packages\playwright\driver\package\lib\coreBundle.js:18641:14)
    at _FrameDispatcher._dispatchEvent (C:\Users\cmgwe\AppData\Roaming\Python\Python314\site-packages\playwright\driver\package\lib\coreBundle.js:18565:25)
    at _Frame.<anonymous> (C:\Users\cmgwe\AppData\Roaming\Python\Python314\site-packages\playwright\driver\package\lib\coreBundle.js:54363:16)
    at _Frame.emit (node:events:509:28)
Emitted 'error' event on Socket instance at:
    at emitErrorNT (node:internal/streams/destroy:170:8)
    at emitErrorCloseNT (node:internal/streams/destroy:129:3)
    at process.processTicksAndRejections (node:internal/process/task_queues:90:21) {
  errno: -4047,
  syscall: 'write',
  code: 'EPIPE'
}

Node.js v24.18.1
