===== capture launch 2026-08-09T10:29:54Z =====
user_data=C:\Users\cmgwe\AppData\Local\Temp\dsc-chrome-fresh-pw2 wait=300s
tick title='Just a moment...' len=27568 url=https://strain-database.com/strains
tick title='strain-database.com' len=184964 url=chrome-error://chromewebdata/
tick title='strain-database.com' len=184964 url=chrome-error://chromewebdata/
tick title='strain-database.com' len=184964 url=chrome-error://chromewebdata/
tick title='strain-database.com' len=184964 url=chrome-error://chromewebdata/
tick title='strain-database.com' len=184964 url=chrome-error://chromewebdata/
tick title='strain-database.com' len=184964 url=chrome-error://chromewebdata/
tick title='strain-database.com' len=184964 url=chrome-error://chromewebdata/
tick title='strain-database.com' len=184964 url=chrome-error://chromewebdata/
tick title='strain-database.com' len=184964 url=chrome-error://chromewebdata/
tick title='strain-database.com' len=184964 url=chrome-error://chromewebdata/
tick title='strain-database.com' len=184964 url=chrome-error://chromewebdata/
tick title='strain-database.com' len=184964 url=chrome-error://chromewebdata/
tick title='strain-database.com' len=184964 url=chrome-error://chromewebdata/
tick title='strain-database.com' len=184964 url=chrome-error://chromewebdata/
tick title='strain-database.com' len=184964 url=chrome-error://chromewebdata/
tick title='strain-database.com' len=184964 url=chrome-error://chromewebdata/
tick title='strain-database.com' len=184964 url=chrome-error://chromewebdata/
tick title='strain-database.com' len=184964 url=chrome-error://chromewebdata/
tick title='strain-database.com' len=184964 url=chrome-error://chromewebdata/
tick title='strain-database.com' len=184964 url=chrome-error://chromewebdata/
tick title='strain-database.com' len=184964 url=chrome-error://chromewebdata/
tick title='strain-database.com' len=184964 url=chrome-error://chromewebdata/
tick title='strain-database.com' len=184964 url=chrome-error://chromewebdata/
tick title='strain-database.com' len=184964 url=chrome-error://chromewebdata/
tick title='strain-database.com' len=184964 url=chrome-error://chromewebdata/
tick title='strain-database.com' len=184964 url=chrome-error://chromewebdata/
tick title='strain-database.com' len=184964 url=chrome-error://chromewebdata/
tick title='strain-database.com' len=184964 url=chrome-error://chromewebdata/
tick title='strain-database.com' len=184964 url=chrome-error://chromewebdata/
tick title='strain-database.com' len=184964 url=chrome-error://chromewebdata/
tick title='strain-database.com' len=184964 url=chrome-error://chromewebdata/
tick title='strain-database.com' len=184964 url=chrome-error://chromewebdata/
tick title='strain-database.com' len=184964 url=chrome-error://chromewebdata/
tick title='strain-database.com' len=184964 url=chrome-error://chromewebdata/
tick title='strain-database.com' len=184964 url=chrome-error://chromewebdata/
tick title='strain-database.com' len=184964 url=chrome-error://chromewebdata/
tick title='strain-database.com' len=184964 url=chrome-error://chromewebdata/
tick title='strain-database.com' len=184964 url=chrome-error://chromewebdata/
tick title='strain-database.com' len=184964 url=chrome-error://chromewebdata/
tick title='strain-database.com' len=184964 url=chrome-error://chromewebdata/
tick title='strain-database.com' len=184964 url=chrome-error://chromewebdata/
tick title='strain-database.com' len=184964 url=chrome-error://chromewebdata/
tick title='strain-database.com' len=184964 url=chrome-error://chromewebdata/
tick title='strain-database.com' len=184964 url=chrome-error://chromewebdata/
tick title='strain-database.com' len=184964 url=chrome-error://chromewebdata/
tick title='strain-database.com' len=184964 url=chrome-error://chromewebdata/
tick title='strain-database.com' len=184964 url=chrome-error://chromewebdata/
tick title='strain-database.com' len=184964 url=chrome-error://chromewebdata/
tick title='strain-database.com' len=184964 url=chrome-error://chromewebdata/
tick title='strain-database.com' len=184964 url=chrome-error://chromewebdata/
tick title='strain-database.com' len=184964 url=chrome-error://chromewebdata/
tick title='strain-database.com' len=184964 url=chrome-error://chromewebdata/
tick title='strain-database.com' len=184964 url=chrome-error://chromewebdata/
tick title='strain-database.com' len=184964 url=chrome-error://chromewebdata/
tick title='strain-database.com' len=184964 url=chrome-error://chromewebdata/
tick title='strain-database.com' len=184964 url=chrome-error://chromewebdata/
tick title='strain-database.com' len=184964 url=chrome-error://chromewebdata/
tick title='strain-database.com' len=184964 url=chrome-error://chromewebdata/
tick title='strain-database.com' len=184964 url=chrome-error://chromewebdata/
tick title='strain-database.com' len=184964 url=chrome-error://chromewebdata/
tick title='strain-database.com' len=184964 url=chrome-error://chromewebdata/
tick title='strain-database.com' len=184964 url=chrome-error://chromewebdata/
tick title='strain-database.com' len=184964 url=chrome-error://chromewebdata/
tick title='strain-database.com' len=184964 url=chrome-error://chromewebdata/
tick title='strain-database.com' len=184964 url=chrome-error://chromewebdata/
tick title='strain-database.com' len=184964 url=chrome-error://chromewebdata/
tick title='strain-database.com' len=184964 url=chrome-error://chromewebdata/
tick title='strain-database.com' len=184964 url=chrome-error://chromewebdata/
tick title='strain-database.com' len=184964 url=chrome-error://chromewebdata/
tick title='strain-database.com' len=184964 url=chrome-error://chromewebdata/
tick title='strain-database.com' len=184964 url=chrome-error://chromewebdata/
tick title='strain-database.com' len=184964 url=chrome-error://chromewebdata/
tick title='strain-database.com' len=184964 url=chrome-error://chromewebdata/
tick title='strain-database.com' len=184964 url=chrome-error://chromewebdata/
tick title='strain-database.com' len=184964 url=chrome-error://chromewebdata/
tick title='strain-database.com' len=184964 url=chrome-error://chromewebdata/
tick title='strain-database.com' len=184964 url=chrome-error://chromewebdata/
tick title='strain-database.com' len=184964 url=chrome-error://chromewebdata/
tick title='strain-database.com' len=184964 url=chrome-error://chromewebdata/
tick title='strain-database.com' len=184964 url=chrome-error://chromewebdata/
tick title='strain-database.com' len=184964 url=chrome-error://chromewebdata/
tick title='strain-database.com' len=184964 url=chrome-error://chromewebdata/
tick title='strain-database.com' len=184964 url=chrome-error://chromewebdata/
tick title='strain-database.com' len=184964 url=chrome-error://chromewebdata/
tick title='strain-database.com' len=184964 url=chrome-error://chromewebdata/
tick title='strain-database.com' len=184964 url=chrome-error://chromewebdata/
tick title='strain-database.com' len=184964 url=chrome-error://chromewebdata/
tick title='strain-database.com' len=184964 url=chrome-error://chromewebdata/
tick title='strain-database.com' len=184964 url=chrome-error://chromewebdata/
tick title='strain-database.com' len=184964 url=chrome-error://chromewebdata/
tick title='strain-database.com' len=184964 url=chrome-error://chromewebdata/
tick title='strain-database.com' len=184964 url=chrome-error://chromewebdata/
tick title='strain-database.com' len=184964 url=chrome-error://chromewebdata/
tick title='strain-database.com' len=184964 url=chrome-error://chromewebdata/
tick title='strain-database.com' len=184964 url=chrome-error://chromewebdata/
tick title='strain-database.com' len=184964 url=chrome-error://chromewebdata/
tick title='strain-database.com' len=184964 url=chrome-error://chromewebdata/
tick title='strain-database.com' len=184964 url=chrome-error://chromewebdata/
tick title='strain-database.com' len=184964 url=chrome-error://chromewebdata/
tick title='strain-database.com' len=184964 url=chrome-error://chromewebdata/
tick title='strain-database.com' len=184964 url=chrome-error://chromewebdata/
tick title='strain-database.com' len=184964 url=chrome-error://chromewebdata/
tick title='strain-database.com' len=184964 url=chrome-error://chromewebdata/
CF_NOT_CLEARED screenshot=\\192.168.86.2\Digital-Documents\Digital Stealth Care\Projects\DSC-HUB\homeassistant\data\_pw_strain_db_cf.png
