
=== shepherd relaunch 2026-08-08T07:31:50.644368 ===
resume target_new=4860 remaining=4860 already_done=140 sitemap=5000 delay_s=8.0-20.0 headed=True ud=C:\Users\cmgwe\AppData\Local\Temp\dsc-pw-chromium-sdb
launch channel=None ud=C:\Users\cmgwe\AppData\Local\Temp\dsc-pw-chromium-sdb
warm attempt=1 title='Just a moment...' len=27568 url=https://strain-database.com/strains
  cf_wait title='strain-database.com' len=184964 url=chrome-error://chromewebdata/
  chrome-error — re-nav /strains
  goto_caught Page.goto: net::ERR_HTTP_RESPONSE_CODE_FAILURE at https://strain-database.com/strains
Call log:
  - navigating to "https
  cf_wait title='strain-database.com' len=185231 url=chrome-error://chromewebdata/
  chrome-error — re-nav /strains
  goto_caught Page.goto: net::ERR_HTTP_RESPONSE_CODE_FAILURE at https://strain-database.com/strains
Call log:
  - navigating to "https
  cf_wait title='strain-database.com' len=185231 url=chrome-error://chromewebdata/
  chrome-error — re-nav /strains
  goto_caught Page.goto: net::ERR_HTTP_RESPONSE_CODE_FAILURE at https://strain-database.com/strains
Call log:
  - navigating to "https
  cf_wait title='strain-database.com' len=185231 url=chrome-error://chromewebdata/
  chrome-error — re-nav /strains
  goto_caught Page.goto: net::ERR_HTTP_RESPONSE_CODE_FAILURE at https://strain-database.com/strains
Call log:
  - navigating to "https
  cf_wait title='strain-database.com' len=185231 url=chrome-error://chromewebdata/
  chrome-error — re-nav /strains
  goto_caught Page.goto: net::ERR_HTTP_RESPONSE_CODE_FAILURE at https://strain-database.com/strains
Call log:
  - navigating to "https
  cf_wait title='strain-database.com' len=185231 url=chrome-error://chromewebdata/
  chrome-error — re-nav /strains
  goto_caught Page.goto: net::ERR_HTTP_RESPONSE_CODE_FAILURE at https://strain-database.com/strains
Call log:
  - navigating to "https
  cf_wait title='strain-database.com' len=185231 url=chrome-error://chromewebdata/
  chrome-error — re-nav /strains
  goto_caught Page.goto: net::ERR_HTTP_RESPONSE_CODE_FAILURE at https://strain-database.com/strains
Call log:
  - navigating to "https
  cf_wait title='strain-database.com' len=185231 url=chrome-error://chromewebdata/
  chrome-error — re-nav /strains
  goto_caught Page.goto: net::ERR_HTTP_RESPONSE_CODE_FAILURE at https://strain-database.com/strains
Call log:
  - navigating to "https
  cf_wait title='strain-database.com' len=185231 url=chrome-error://chromewebdata/
  chrome-error — re-nav /strains
  goto_caught Page.goto: net::ERR_HTTP_RESPONSE_CODE_FAILURE at https://strain-database.com/strains
Call log:
  - navigating to "https
  cf_wait title='strain-database.com' len=185231 url=chrome-error://chromewebdata/
  chrome-error — re-nav /strains
  goto_caught Page.goto: net::ERR_HTTP_RESPONSE_CODE_FAILURE at https://strain-database.com/strains
Call log:
  - navigating to "https
  cf_wait title='strain-database.com' len=185231 url=chrome-error://chromewebdata/
  chrome-error — re-nav /strains
  goto_caught Page.goto: net::ERR_HTTP_RESPONSE_CODE_FAILURE at https://strain-database.com/strains
Call log:
  - navigating to "https
  cf_wait title='strain-database.com' len=185231 url=chrome-error://chromewebdata/
  chrome-error — re-nav /strains
  goto_caught Page.goto: net::ERR_HTTP_RESPONSE_CODE_FAILURE at https://strain-database.com/strains
Call log:
  - navigating to "https
  cf_wait title='strain-database.com' len=185231 url=chrome-error://chromewebdata/
  chrome-error — re-nav /strains
  goto_caught Page.goto: net::ERR_HTTP_RESPONSE_CODE_FAILURE at https://strain-database.com/strains
Call log:
  - navigating to "https
  cf_wait title='strain-database.com' len=185231 url=chrome-error://chromewebdata/
  chrome-error — re-nav /strains
  goto_caught Page.goto: net::ERR_HTTP_RESPONSE_CODE_FAILURE at https://strain-database.com/strains
Call log:
  - navigating to "https
  cf_wait title='strain-database.com' len=185231 url=chrome-error://chromewebdata/
  chrome-error — re-nav /strains
  goto_caught Page.goto: net::ERR_HTTP_RESPONSE_CODE_FAILURE at https://strain-database.com/strains
Call log:
  - navigating to "https
  cf_wait title='strain-database.com' len=185231 url=chrome-error://chromewebdata/
  chrome-error — re-nav /strains
  goto_caught Page.goto: net::ERR_HTTP_RESPONSE_CODE_FAILURE at https://strain-database.com/strains
Call log:
  - navigating to "https
  cf_wait title='strain-database.com' len=185231 url=chrome-error://chromewebdata/
  chrome-error — re-nav /strains
  goto_caught Page.goto: net::ERR_HTTP_RESPONSE_CODE_FAILURE at https://strain-database.com/strains
Call log:
  - navigating to "https
  cf_wait title='strain-database.com' len=185231 url=chrome-error://chromewebdata/
  chrome-error — re-nav /strains
  goto_caught Page.goto: net::ERR_HTTP_RESPONSE_CODE_FAILURE at https://strain-database.com/strains
Call log:
  - navigating to "https
  cf_wait title='strain-database.com' len=185231 url=chrome-error://chromewebdata/
  chrome-error — re-nav /strains
  goto_caught Page.goto: net::ERR_HTTP_RESPONSE_CODE_FAILURE at https://strain-database.com/strains
Call log:
  - navigating to "https
  cf_wait title='strain-database.com' len=185231 url=chrome-error://chromewebdata/
  chrome-error — re-nav /strains
  goto_caught Page.goto: net::ERR_HTTP_RESPONSE_CODE_FAILURE at https://strain-database.com/strains
Call log:
  - navigating to "https
  cf_wait title='strain-database.com' len=185231 url=chrome-error://chromewebdata/
  chrome-error — re-nav /strains
  goto_caught Page.goto: net::ERR_HTTP_RESPONSE_CODE_FAILURE at https://strain-database.com/strains
Call log:
  - navigating to "https
  cf_wait title='strain-database.com' len=185231 url=chrome-error://chromewebdata/
  chrome-error — re-nav /strains
  goto_caught Page.goto: net::ERR_HTTP_RESPONSE_CODE_FAILURE at https://strain-database.com/strains
Call log:
  - navigating to "https
  cf_wait title='strain-database.com' len=185231 url=chrome-error://chromewebdata/
  chrome-error — re-nav /strains
  goto_caught Page.goto: net::ERR_HTTP_RESPONSE_CODE_FAILURE at https://strain-database.com/strains
Call log:
  - navigating to "https
  cf_wait title='strain-database.com' len=185231 url=chrome-error://chromewebdata/
  chrome-error — re-nav /strains
  goto_caught Page.goto: net::ERR_HTTP_RESPONSE_CODE_FAILURE at https://strain-database.com/strains
Call log:
  - navigating to "https
  cf_wait title='strain-database.com' len=185231 url=chrome-error://chromewebdata/
  chrome-error — re-nav /strains
  goto_caught Page.goto: net::ERR_HTTP_RESPONSE_CODE_FAILURE at https://strain-database.com/strains
Call log:
  - navigating to "https
  cf_wait title='strain-database.com' len=185231 url=chrome-error://chromewebdata/
  chrome-error — re-nav /strains
  goto_caught Page.goto: net::ERR_HTTP_RESPONSE_CODE_FAILURE at https://strain-database.com/strains
Call log:
  - navigating to "https
  cf_wait title='strain-database.com' len=185231 url=chrome-error://chromewebdata/
  chrome-error — re-nav /strains
  goto_caught Page.goto: net::ERR_HTTP_RESPONSE_CODE_FAILURE at https://strain-database.com/strains
Call log:
  - navigating to "https
  cf_wait title='strain-database.com' len=185231 url=chrome-error://chromewebdata/
  chrome-error — re-nav /strains
  goto_caught Page.goto: net::ERR_HTTP_RESPONSE_CODE_FAILURE at https://strain-database.com/strains
Call log:
  - navigating to "https
  cf_wait_err Page.content: Connection closed while reading from the driver
  chrome-error — re-nav /strains
