2026-08-07T20:21:56Z batched resume start pid=43892 bank=dcseedexchange batch=40
2026-08-07T20:21:57Z round 1 sitemap=1654 done=1625 dump=1625
2026-08-07T20:21:57Z dcseedexchange: coverage met
2026-08-07T20:21:57Z FINAL sitemap=1654 done=1625 dump=1625
staging: {
  "family": "dcseedexchange",
  "staging_db": "\\\\192.168.86.2\\Digital-Documents\\Digital Stealth Care\\Projects\\DSC-HUB\\brain\\data\\staging\\dcseedexchange.sqlite3",
  "count": 1625,
  "stats": {
    "strain_canonical": 1535,
    "strain_variant": 1537,
    "chemistry_profile": 32,
    "grow_trait": 575,
    "entity_link": 32,
    "attribute_kv": 0,
    "raw_record": 1625,
    "light_fixture": 0,
    "nutrient_product": 0,
    "medium_product": 0,
    "media_asset": 0,
    "followup_gap": 0,
    "schema_extension_log": 0,
    "source_record": 1
  }
}
2026-08-07T20:22:04Z staged count=1625 db=\\192.168.86.2\Digital-Documents\Digital Stealth Care\Projects\DSC-HUB\brain\data\staging\dcseedexchange.sqlite3
