Traceback (most recent call last):
  File "Y:\Digital Stealth Care\Projects\DSC-HUB\scripts\_resume_bank_scrape.py", line 155, in <module>
    raise SystemExit(main())
                     ~~~~^^
  File "Y:\Digital Stealth Care\Projects\DSC-HUB\scripts\_resume_bank_scrape.py", line 104, in main
    if coverage_met(bank):
       ~~~~~~~~~~~~^^^^^^
  File "Y:\Digital Stealth Care\Projects\DSC-HUB\scripts\_resume_bank_scrape.py", line 46, in coverage_met
    n, done, items = counts(bank)
                     ~~~~~~^^^^^^
  File "Y:\Digital Stealth Care\Projects\DSC-HUB\scripts\_resume_bank_scrape.py", line 37, in counts
    done = len(json.loads(ck.read_text(encoding="utf-8")).get("done") or [])
               ~~~~~~~~~~^^^^^^^^^^^^^^^^^^^^^^^^^^^^^^^^
  File "C:\Program Files\Python314\Lib\json\__init__.py", line 352, in loads
    return _default_decoder.decode(s)
           ~~~~~~~~~~~~~~~~~~~~~~~^^^
  File "C:\Program Files\Python314\Lib\json\decoder.py", line 345, in decode
    obj, end = self.raw_decode(s, idx=_w(s, 0).end())
               ~~~~~~~~~~~~~~~^^^^^^^^^^^^^^^^^^^^^^^
  File "C:\Program Files\Python314\Lib\json\decoder.py", line 363, in raw_decode
    raise JSONDecodeError("Expecting value", s, err.value) from None
json.decoder.JSONDecodeError: Expecting value: line 1 column 1 (char 0)
