2026-08-07T17:20:17Z resume wrapper start pid=9532 bank=dcseedexchange
2026-08-07T17:20:18Z === round 1 dcseedexchange: sitemap=1654 done=235 dump=235
2026-08-07T17:20:31Z resume wrapper start pid=30412 bank=dcseedexchange
2026-08-07T17:20:31Z === round 1 dcseedexchange: sitemap=1654 done=235 dump=235
2026-08-07T17:20:32Z round 1 exit=4294967295 now done=235 dump=235
2026-08-07T17:20:34Z === round 2 dcseedexchange: sitemap=1654 done=235 dump=235
2026-08-07T17:20:35Z round 1 exit=4294967295 now done=235 dump=235
2026-08-07T17:20:37Z === round 2 dcseedexchange: sitemap=1654 done=235 dump=235
2026-08-07T17:20:37Z round 2 exit=4294967295 now done=235 dump=235
2026-08-07T17:20:40Z === round 3 dcseedexchange: sitemap=1654 done=235 dump=235
2026-08-07T17:20:41Z round 2 exit=4294967295 now done=235 dump=235
2026-08-07T17:20:43Z === round 3 dcseedexchange: sitemap=1654 done=235 dump=235
2026-08-07T17:20:43Z round 3 exit=4294967295 now done=235 dump=235
2026-08-07T17:20:45Z === round 4 dcseedexchange: sitemap=1654 done=235 dump=235
2026-08-07T17:20:46Z round 3 exit=4294967295 now done=235 dump=235
2026-08-07T17:20:48Z === round 4 dcseedexchange: sitemap=1654 done=235 dump=235
2026-08-07T17:20:48Z round 4 exit=4294967295 now done=235 dump=235
2026-08-07T17:20:50Z === round 5 dcseedexchange: sitemap=1654 done=235 dump=235
2026-08-07T17:20:52Z dcseedexchange: stalled at done=235; stopping
2026-08-07T17:20:52Z FINAL dcseedexchange: sitemap=1654 done=235 dump=235
2026-08-07T17:21:00Z stage exit=0
2026-08-07T17:21:54Z in-process resume start pid=69832 bank=dcseedexchange
2026-08-07T17:21:55Z round 1 sitemap=1654 done=245 dump=235
2026-08-07T17:23:12Z batched resume start pid=69776 bank=dcseedexchange batch=40
2026-08-07T17:23:12Z round 1 sitemap=1654 done=235 dump=235
2026-08-07T17:25:23Z round 1 end done=275 dump=275 delta=40
2026-08-07T17:25:24Z round 2 sitemap=1654 done=275 dump=275
2026-08-07T17:30:53Z round 2 end done=315 dump=315 delta=40
2026-08-07T17:30:54Z round 3 sitemap=1654 done=315 dump=315
2026-08-07T17:35:58Z round 3 end done=355 dump=355 delta=40
2026-08-07T17:35:59Z round 4 sitemap=1654 done=355 dump=355
2026-08-07T17:40:58Z round 4 end done=395 dump=395 delta=40
2026-08-07T17:40:59Z round 5 sitemap=1654 done=395 dump=395
2026-08-07T17:46:39Z round 5 end done=435 dump=435 delta=40
2026-08-07T17:46:40Z round 6 sitemap=1654 done=435 dump=435
2026-08-07T17:51:49Z round 6 end done=475 dump=475 delta=40
2026-08-07T17:51:50Z round 7 sitemap=1654 done=475 dump=475
2026-08-07T17:56:56Z round 7 end done=515 dump=515 delta=40
2026-08-07T17:56:57Z round 8 sitemap=1654 done=515 dump=515
2026-08-07T18:02:16Z round 8 end done=555 dump=555 delta=40
2026-08-07T18:02:17Z round 9 sitemap=1654 done=555 dump=555
2026-08-07T18:07:46Z round 9 end done=595 dump=595 delta=40
2026-08-07T18:07:47Z round 10 sitemap=1654 done=595 dump=595
2026-08-07T18:13:12Z round 10 end done=635 dump=635 delta=40
2026-08-07T18:13:13Z round 11 sitemap=1654 done=635 dump=635
2026-08-07T18:18:14Z round 11 end done=675 dump=675 delta=40
2026-08-07T18:18:15Z round 12 sitemap=1654 done=675 dump=675
2026-08-07T18:23:26Z round 12 end done=715 dump=715 delta=40
2026-08-07T18:23:27Z round 13 sitemap=1654 done=715 dump=715
2026-08-07T18:26:51Z batched resume start pid=56504 bank=dcseedexchange batch=40
2026-08-07T18:26:51Z round 1 sitemap=1654 done=740 dump=735
2026-08-07T18:28:33Z round 13 end done=755 dump=755 delta=40
2026-08-07T18:28:34Z round 14 sitemap=1654 done=755 dump=755
2026-08-07T18:31:09Z round 1 end done=775 dump=775 delta=35
2026-08-07T18:31:10Z round 2 sitemap=1654 done=775 dump=775
2026-08-07T18:36:08Z round 2 end done=815 dump=815 delta=40
2026-08-07T18:36:09Z round 3 sitemap=1654 done=815 dump=815
2026-08-07T18:41:13Z round 3 end done=855 dump=855 delta=40
2026-08-07T18:41:15Z round 4 sitemap=1654 done=855 dump=855
2026-08-07T18:46:30Z round 4 end done=895 dump=895 delta=40
2026-08-07T18:46:32Z round 5 sitemap=1654 done=895 dump=895
2026-08-07T18:52:09Z round 5 end done=935 dump=935 delta=40
2026-08-07T18:52:11Z round 6 sitemap=1654 done=935 dump=935
2026-08-07T18:57:27Z round 6 end done=975 dump=975 delta=40
2026-08-07T18:57:28Z round 7 sitemap=1654 done=975 dump=975
2026-08-07T19:02:43Z round 7 end done=1015 dump=1015 delta=40
2026-08-07T19:02:44Z round 8 sitemap=1654 done=1015 dump=1015
2026-08-07T19:08:27Z round 8 end done=1055 dump=1055 delta=40
2026-08-07T19:08:28Z round 9 sitemap=1654 done=1055 dump=1055
2026-08-07T19:13:29Z round 9 end done=1095 dump=1095 delta=40
2026-08-07T19:13:31Z round 10 sitemap=1654 done=1095 dump=1095
2026-08-07T19:18:55Z round 10 end done=1135 dump=1135 delta=40
2026-08-07T19:18:56Z round 11 sitemap=1654 done=1135 dump=1135
2026-08-07T19:24:26Z round 11 end done=1175 dump=1175 delta=40
2026-08-07T19:24:28Z round 12 sitemap=1654 done=1175 dump=1175
2026-08-07T19:30:02Z round 12 end done=1215 dump=1215 delta=40
2026-08-07T19:30:03Z round 13 sitemap=1654 done=1215 dump=1215
2026-08-07T19:34:46Z round 13 end done=1255 dump=1255 delta=40
2026-08-07T19:34:47Z round 14 sitemap=1654 done=1255 dump=1255
2026-08-07T19:39:46Z round 14 end done=1295 dump=1295 delta=40
2026-08-07T19:39:48Z round 15 sitemap=1654 done=1295 dump=1295
2026-08-07T19:44:36Z round 15 end done=1335 dump=1335 delta=40
2026-08-07T19:44:37Z round 16 sitemap=1654 done=1335 dump=1335
2026-08-07T19:48:51Z round 16 end done=1375 dump=1375 delta=40
2026-08-07T19:48:52Z round 17 sitemap=1654 done=1375 dump=1375
2026-08-07T19:52:58Z round 17 end done=1415 dump=1415 delta=40
2026-08-07T19:53:00Z round 18 sitemap=1654 done=1415 dump=1415
2026-08-07T19:57:21Z round 18 end done=1455 dump=1455 delta=40
2026-08-07T19:57:22Z round 19 sitemap=1654 done=1455 dump=1455
2026-08-07T20:01:39Z round 19 end done=1495 dump=1495 delta=40
2026-08-07T20:01:40Z round 20 sitemap=1654 done=1495 dump=1495
2026-08-07T20:11:25Z batched resume start pid=40440 bank=dcseedexchange batch=40
2026-08-07T20:11:26Z round 1 sitemap=1654 done=1585 dump=1585
2026-08-07T20:15:30Z round 1 end done=1625 dump=1625 delta=40
2026-08-07T20:15:32Z round 2 sitemap=1654 done=1625 dump=1625
2026-08-07T20:15:33Z dcseedexchange: coverage met
2026-08-07T20:15:34Z FINAL sitemap=1654 done=1625 dump=1625
2026-08-07T20:15:58Z staged count=1625 db=\\192.168.86.2\Digital-Documents\Digital Stealth Care\Projects\DSC-HUB\brain\data\staging\dcseedexchange.sqlite3
2026-08-07T20:21:56Z batched resume start pid=43892 bank=dcseedexchange batch=40
2026-08-07T20:21:57Z round 1 sitemap=1654 done=1625 dump=1625
2026-08-07T20:21:57Z dcseedexchange: coverage met
2026-08-07T20:21:57Z FINAL sitemap=1654 done=1625 dump=1625
2026-08-07T20:22:04Z staged count=1625 db=\\192.168.86.2\Digital-Documents\Digital Stealth Care\Projects\DSC-HUB\brain\data\staging\dcseedexchange.sqlite3
