2026-08-07T19:40:38Z batched resume start pid=25144 bank=cropking batch=50
2026-08-07T19:40:38Z round 1 sitemap=3990 done=2205 dump=2175
cropking: sitemap cache 3990 URLs from dsc_strains_cropking.sitemap_urls.json
cropking: sitemap=3990 pending=50 resume done=2175 dump_items=2175 batch_limit=50
  fetching first pending: https://www.cropkingseeds.com/feminized-seeds/shirley-temple-strain-feminized-marijuana-seeds/
  ok #1 idx=1/50 name='Shirley Temple'
  ok #2 idx=2/50 name='OBX Strain Feminized'
  ok #3 idx=3/50 name='Granddaddy Frost Strain Feminized'
  ok #10 idx=10/50 name='Mai Tai'
  checkpoint items=2185 done=2185 this_run=10 rate=0.63/s batch=10/50
  ok #20 idx=20/50 name='Obama Runtz'
  checkpoint items=2195 done=2195 this_run=20 rate=0.64/s batch=20/50
  ok #30 idx=30/50 name='Crunch Berries'
  checkpoint items=2205 done=2205 this_run=30 rate=0.64/s batch=30/50
  ok #40 idx=40/50 name='Han Solo Burger'
  checkpoint items=2215 done=2215 this_run=40 rate=0.64/s batch=40/50
  ok #50 idx=50/50 name='Vanilla Frosting'
  checkpoint items=2225 done=2225 this_run=50 rate=0.65/s batch=50/50
wrote dsc_strains_cropking.json count=2225 errors=1
2026-08-07T19:41:56Z round 1 end done=2225 dump=2225 delta=20
2026-08-07T19:41:58Z round 2 sitemap=3990 done=2220 dump=2225
cropking: sitemap cache 3990 URLs from dsc_strains_cropking.sitemap_urls.json
cropking: sitemap=3990 pending=50 resume done=2220 dump_items=2225 batch_limit=50
  fetching first pending: https://www.cropkingseeds.com/feminized-seeds/granny-haze-strain-feminized-seeds/
  ok #1 idx=1/50 name='Granny Haze Strain Feminized'
  ok #2 idx=2/50 name='Jumpman #2 Strain Feminized'
  ok #3 idx=3/50 name='Super Boof Strain Feminized'
  ok #10 idx=10/50 name='Jelly Donut'
  checkpoint items=2230 done=2230 this_run=10 rate=0.76/s batch=10/50
  ok #20 idx=20/50 name='Joker'
  checkpoint items=2240 done=2240 this_run=20 rate=0.74/s batch=20/50
  ok #30 idx=30/50 name='Tropicana Banana'
  checkpoint items=2250 done=2250 this_run=30 rate=0.72/s batch=30/50
  ok #40 idx=40/50 name='Gelato 41 x Kush Mints Strain Feminized'
  checkpoint items=2260 done=2260 this_run=40 rate=0.74/s batch=40/50
  ok #50 idx=50/50 name='Super Sherb'
  checkpoint items=2270 done=2270 this_run=50 rate=0.73/s batch=50/50
wrote dsc_strains_cropking.json count=2270 errors=1
2026-08-07T19:43:09Z round 2 end done=2270 dump=2270 delta=50
2026-08-07T19:43:11Z round 3 sitemap=3990 done=2270 dump=2270
cropking: sitemap cache 3990 URLs from dsc_strains_cropking.sitemap_urls.json
cropking: sitemap=3990 pending=50 resume done=2270 dump_items=2270 batch_limit=50
  fetching first pending: https://www.cropkingseeds.com/feminized-seeds/runtz-cake-auto-strain-feminized-seeds/
  ok #1 idx=1/50 name='Runtz Cake Auto Strain Feminized'
  ok #2 idx=2/50 name='Cali Cocktail Strain Feminized'
  ok #3 idx=3/50 name='Blue Limonene Feminized'
  ok #10 idx=10/50 name='Truffle Cake'
  checkpoint items=2280 done=2280 this_run=10 rate=0.77/s batch=10/50
  ok #20 idx=20/50 name='Larry Bird'
  checkpoint items=2290 done=2290 this_run=20 rate=0.73/s batch=20/50
  ok #30 idx=30/50 name='Yahemi'
  checkpoint items=2300 done=2300 this_run=30 rate=0.69/s batch=30/50
  ok #40 idx=40/50 name='Orange Sherbet'
  checkpoint items=2310 done=2310 this_run=40 rate=0.71/s batch=40/50
  ok #50 idx=50/50 name='Alpine Fizz Strain Feminized'
  checkpoint items=2320 done=2320 this_run=50 rate=0.71/s batch=50/50
wrote dsc_strains_cropking.json count=2320 errors=1
2026-08-07T19:44:23Z round 3 end done=2320 dump=2320 delta=50
2026-08-07T19:44:25Z round 4 sitemap=3990 done=2320 dump=2320
cropking: sitemap cache 3990 URLs from dsc_strains_cropking.sitemap_urls.json
cropking: sitemap=3990 pending=50 resume done=2320 dump_items=2320 batch_limit=50
  fetching first pending: https://www.cropkingseeds.com/feminized-seeds/tamarindo-strain-feminized-seeds/
  ok #1 idx=1/50 name='Tamarindo Strain Feminized'
  ok #2 idx=2/50 name='Candy Gorilla Burger Strain Feminized'
  ok #3 idx=3/50 name='Guava Rising Strain Feminized'
  ok #10 idx=10/50 name='Triangle Mints'
  checkpoint items=2330 done=2330 this_run=10 rate=0.74/s batch=10/50
  ok #20 idx=20/50 name='Pink Starburst'
  checkpoint items=2340 done=2340 this_run=20 rate=0.71/s batch=20/50
  ok #30 idx=30/50 name='Holiday Cookies Feminized'
  checkpoint items=2350 done=2350 this_run=30 rate=0.72/s batch=30/50
  ok #40 idx=40/50 name='Hidden Pastry'
  checkpoint items=2360 done=2360 this_run=40 rate=0.63/s batch=40/50
  ok #50 idx=50/50 name='Golden Ambrosia Strain Feminized'
  checkpoint items=2370 done=2370 this_run=50 rate=0.67/s batch=50/50
wrote dsc_strains_cropking.json count=2370 errors=1
2026-08-07T19:45:41Z round 4 end done=2370 dump=2370 delta=50
2026-08-07T19:45:42Z round 5 sitemap=3990 done=2370 dump=2370
cropking: sitemap cache 3990 URLs from dsc_strains_cropking.sitemap_urls.json
cropking: sitemap=3990 pending=50 resume done=2370 dump_items=2370 batch_limit=50
  fetching first pending: https://www.cropkingseeds.com/feminized-seeds/king-louie-curio-strain-feminized-seeds/
  ok #1 idx=1/50 name='King Louie (Curio) Strain Feminized'
  ok #2 idx=2/50 name='Atomic Habibi Strain Feminized'
  ok #3 idx=3/50 name='Cake Crasher'
  ok #10 idx=10/50 name='Laughing Gas'
  checkpoint items=2380 done=2380 this_run=10 rate=0.74/s batch=10/50
  ok #20 idx=20/50 name='Creme Brulee'
  checkpoint items=2390 done=2390 this_run=20 rate=0.73/s batch=20/50
  ok #30 idx=30/50 name='Sour Candy'
  checkpoint items=2400 done=2400 this_run=30 rate=0.74/s batch=30/50
  ok #40 idx=40/50 name='Sour Papaya'
  checkpoint items=2410 done=2410 this_run=40 rate=0.73/s batch=40/50
  ok #50 idx=50/50 name='Creamium Gas Strain Feminized'
  checkpoint items=2420 done=2420 this_run=50 rate=0.73/s batch=50/50
wrote dsc_strains_cropking.json count=2420 errors=1
2026-08-07T19:46:52Z round 5 end done=2420 dump=2420 delta=50
2026-08-07T19:46:53Z round 6 sitemap=3990 done=2420 dump=2420
cropking: sitemap cache 3990 URLs from dsc_strains_cropking.sitemap_urls.json
cropking: sitemap=3990 pending=50 resume done=2420 dump_items=2420 batch_limit=50
  fetching first pending: https://www.cropkingseeds.com/feminized-seeds/key-lime-tajin-strain-feminized-seeds/
  ok #1 idx=1/50 name='Key Lime Tajin Strain Feminized'
  ok #2 idx=2/50 name='Ice Cream Man'
  ok #3 idx=3/50 name='Mint Cake'
  ok #10 idx=10/50 name="God's Breath"
  checkpoint items=2430 done=2430 this_run=10 rate=0.71/s batch=10/50
  ok #20 idx=20/50 name='Xeno'
  checkpoint items=2440 done=2440 this_run=20 rate=0.71/s batch=20/50
  ok #30 idx=30/50 name='Hectane'
  checkpoint items=2450 done=2450 this_run=30 rate=0.69/s batch=30/50
  ok #40 idx=40/50 name='Hubba Bubba'
  checkpoint items=2460 done=2460 this_run=40 rate=0.72/s batch=40/50
  ok #50 idx=50/50 name='Mochi Runtz'
  checkpoint items=2470 done=2470 this_run=50 rate=0.71/s batch=50/50
wrote dsc_strains_cropking.json count=2470 errors=1
2026-08-07T19:48:06Z round 6 end done=2470 dump=2470 delta=50
2026-08-07T19:48:07Z round 7 sitemap=3990 done=2470 dump=2470
cropking: sitemap cache 3990 URLs from dsc_strains_cropking.sitemap_urls.json
cropking: sitemap=3990 pending=50 resume done=2465 dump_items=2465 batch_limit=50
  fetching first pending: https://www.cropkingseeds.com/feminized-seeds/atomic-apple-strain-feminized-marijuana-seeds/
  ok #1 idx=1/50 name='Atomic Apple'
  ok #2 idx=2/50 name='Blue Gelato'
  ok #3 idx=3/50 name='Purple Cookies'
  ok #10 idx=10/50 name='Boysenberry Strain Feminized'
  checkpoint items=2475 done=2475 this_run=10 rate=0.79/s batch=10/50
  ok #20 idx=20/50 name='V6 Haze'
  checkpoint items=2485 done=2485 this_run=20 rate=0.77/s batch=20/50
  ok #30 idx=30/50 name='Super Candy'
  checkpoint items=2495 done=2495 this_run=30 rate=0.77/s batch=30/50
  ok #40 idx=40/50 name='Oreo Cake'
  checkpoint items=2505 done=2505 this_run=40 rate=0.76/s batch=40/50
  ok #50 idx=50/50 name='Strawberry Mimosa'
  checkpoint items=2515 done=2515 this_run=50 rate=0.70/s batch=50/50
wrote dsc_strains_cropking.json count=2515 errors=1
2026-08-07T19:49:21Z round 7 end done=2515 dump=2515 delta=45
2026-08-07T19:49:23Z round 8 sitemap=3990 done=2515 dump=2515
cropking: sitemap cache 3990 URLs from dsc_strains_cropking.sitemap_urls.json
cropking: sitemap=3990 pending=50 resume done=2515 dump_items=2515 batch_limit=50
  fetching first pending: https://www.cropkingseeds.com/feminized-seeds/ice-pie-strain-feminized-marijuana-seeds/
  ok #1 idx=1/50 name='Ice Pie'
  ok #2 idx=2/50 name="Leia's OG Feminized"
  ok #3 idx=3/50 name='Fuego Feminized'
  ok #10 idx=10/50 name='Comatose OG Feminized'
  checkpoint items=2525 done=2525 this_run=10 rate=0.67/s batch=10/50
  ok #20 idx=20/50 name='Drip Station'
  checkpoint items=2535 done=2535 this_run=20 rate=0.69/s batch=20/50
  ok #30 idx=30/50 name='White Guava'
  checkpoint items=2545 done=2545 this_run=30 rate=0.67/s batch=30/50
  ok #40 idx=40/50 name='Smarties'
  checkpoint items=2555 done=2555 this_run=40 rate=0.68/s batch=40/50
  ok #50 idx=50/50 name='Strawberry Slush Feminized'
  checkpoint items=2565 done=2565 this_run=50 rate=0.69/s batch=50/50
wrote dsc_strains_cropking.json count=2565 errors=1
2026-08-07T19:50:37Z round 8 end done=2565 dump=2565 delta=50
2026-08-07T19:50:38Z round 9 sitemap=3990 done=2565 dump=2565
cropking: sitemap cache 3990 URLs from dsc_strains_cropking.sitemap_urls.json
cropking: sitemap=3990 pending=50 resume done=2565 dump_items=2565 batch_limit=50
  fetching first pending: https://www.cropkingseeds.com/feminized-seeds/strawberry-sherbet-feminized-seeds/
  ok #1 idx=1/50 name='Strawberry Sherbet Feminized'
  ok #2 idx=2/50 name='Strawberry Punch Feminized'
  ok #3 idx=3/50 name='Strawberry Patch Feminized'
  ok #10 idx=10/50 name='Strawberry Champagne Feminized'
  checkpoint items=2575 done=2575 this_run=10 rate=0.65/s batch=10/50
  ok #20 idx=20/50 name='Zelato'
  checkpoint items=2585 done=2585 this_run=20 rate=0.67/s batch=20/50
  ok #30 idx=30/50 name='Gello'
  checkpoint items=2595 done=2595 this_run=30 rate=0.72/s batch=30/50
  ok #40 idx=40/50 name='Blue Sherbet'
  checkpoint items=2605 done=2605 this_run=40 rate=0.72/s batch=40/50
  ok #50 idx=50/50 name='Star Pebbles Feminized'
  checkpoint items=2615 done=2615 this_run=50 rate=0.73/s batch=50/50
wrote dsc_strains_cropking.json count=2615 errors=1
2026-08-07T19:51:49Z round 9 end done=2615 dump=2615 delta=50
2026-08-07T19:51:50Z round 10 sitemap=3990 done=2615 dump=2615
cropking: sitemap cache 3990 URLs from dsc_strains_cropking.sitemap_urls.json
cropking: sitemap=3990 pending=50 resume done=2615 dump_items=2615 batch_limit=50
  fetching first pending: https://www.cropkingseeds.com/feminized-seeds/stadanko-feminized-seeds/
  ok #1 idx=1/50 name='Stadanko Feminized'
  ok #2 idx=2/50 name='St Lucia OG Feminized'
  ok #3 idx=3/50 name='Spumoni Feminized'
  ok #10 idx=10/50 name='South Beach Sunrise Feminized'
  checkpoint items=2625 done=2625 this_run=10 rate=0.75/s batch=10/50
  ok #20 idx=20/50 name='Passion Fruit'
  checkpoint items=2635 done=2635 this_run=20 rate=0.68/s batch=20/50
  ok #30 idx=30/50 name='Monster Cookies'
  checkpoint items=2645 done=2645 this_run=30 rate=0.70/s batch=30/50
  ok #40 idx=40/50 name='Street Heat Feminized'
  checkpoint items=2655 done=2655 this_run=40 rate=0.69/s batch=40/50
  ok #50 idx=50/50 name='Sweat Helmet'
  checkpoint items=2665 done=2665 this_run=50 rate=0.69/s batch=50/50
wrote dsc_strains_cropking.json count=2665 errors=1
2026-08-07T19:53:04Z round 10 end done=2665 dump=2665 delta=50
2026-08-07T19:53:06Z round 11 sitemap=3990 done=2670 dump=2665
cropking: sitemap cache 3990 URLs from dsc_strains_cropking.sitemap_urls.json
cropking: sitemap=3990 pending=50 resume done=2665 dump_items=2665 batch_limit=50
  fetching first pending: https://www.cropkingseeds.com/feminized-seeds/sticky-papaya-strain-feminized-marijuana-seeds/
  ok #1 idx=1/50 name='Sticky Papaya'
  ok #2 idx=2/50 name='Granny Candy Rhythm Strain Feminized'
  ok #3 idx=3/50 name='Red Velvet Runtz'
  ok #10 idx=10/50 name='Now and Later'
  checkpoint items=2675 done=2675 this_run=10 rate=0.67/s batch=10/50
  ok #20 idx=20/50 name='Purple Rain'
  checkpoint items=2685 done=2685 this_run=20 rate=0.72/s batch=20/50
  ok #30 idx=30/50 name='Kitchen Sink'
  checkpoint items=2695 done=2695 this_run=30 rate=0.74/s batch=30/50
  ok #40 idx=40/50 name='Sour Patch Feminized'
  checkpoint items=2705 done=2705 this_run=40 rate=0.75/s batch=40/50
  ok #50 idx=50/50 name='Sour Bubble Feminized'
  checkpoint items=2715 done=2715 this_run=50 rate=0.75/s batch=50/50
wrote dsc_strains_cropking.json count=2715 errors=1
2026-08-07T19:54:15Z round 11 end done=2715 dump=2715 delta=45
2026-08-07T19:54:16Z round 12 sitemap=3990 done=2720 dump=2715
cropking: sitemap cache 3990 URLs from dsc_strains_cropking.sitemap_urls.json
cropking: sitemap=3990 pending=50 resume done=2715 dump_items=2715 batch_limit=50
  fetching first pending: https://www.cropkingseeds.com/feminized-seeds/sour-berry-blue-feminized-seeds/
  ok #1 idx=1/50 name='Sour Berry Blue Feminized'
  ok #2 idx=2/50 name='Sour Apple Biscotti Feminized'
  ok #3 idx=3/50 name='Bubble Gum Sherb Feminized'
  ok #10 idx=10/50 name='Wap'
  checkpoint items=2725 done=2725 this_run=10 rate=0.76/s batch=10/50
  ok #20 idx=20/50 name='Snowcap Feminized'
  checkpoint items=2735 done=2735 this_run=20 rate=0.55/s batch=20/50
  ok #30 idx=30/50 name='Refined Taste Feminized'
  checkpoint items=2745 done=2745 this_run=30 rate=0.59/s batch=30/50
  ok #40 idx=40/50 name='Mellowz'
  checkpoint items=2755 done=2755 this_run=40 rate=0.63/s batch=40/50
  ok #50 idx=50/50 name='Peanut Butter Gelato'
  checkpoint items=2765 done=2765 this_run=50 rate=0.58/s batch=50/50
wrote dsc_strains_cropking.json count=2765 errors=1
2026-08-07T19:55:43Z round 12 end done=2765 dump=2765 delta=45
2026-08-07T19:55:45Z round 13 sitemap=3990 done=2765 dump=2765
cropking: sitemap cache 3990 URLs from dsc_strains_cropking.sitemap_urls.json
cropking: sitemap=3990 pending=50 resume done=2765 dump_items=2765 batch_limit=50
  fetching first pending: https://www.cropkingseeds.com/feminized-seeds/animal-tsunami-strain-feminized-marijuana-seeds/
  ok #1 idx=1/50 name='Animal Tsunami'
  ok #2 idx=2/50 name='Motorhead'
  ok #3 idx=3/50 name='Pink Acai'
  ok #10 idx=10/50 name='Punch Breath'
  checkpoint items=2775 done=2775 this_run=10 rate=0.67/s batch=10/50
  ok #20 idx=20/50 name='Waffle Womper Strain Feminized'
  checkpoint items=2785 done=2785 this_run=20 rate=0.71/s batch=20/50
  ok #30 idx=30/50 name='Banana Cake'
  checkpoint items=2795 done=2795 this_run=30 rate=0.69/s batch=30/50
  ok #40 idx=40/50 name='Blueberry Gelato'
  checkpoint items=2805 done=2805 this_run=40 rate=0.68/s batch=40/50
  ok #50 idx=50/50 name='Mega Markerz Strain Feminized'
  checkpoint items=2815 done=2815 this_run=50 rate=0.67/s batch=50/50
wrote dsc_strains_cropking.json count=2815 errors=1
2026-08-07T19:57:01Z round 13 end done=2815 dump=2815 delta=50
2026-08-07T19:57:02Z round 14 sitemap=3990 done=2815 dump=2815
cropking: sitemap cache 3990 URLs from dsc_strains_cropking.sitemap_urls.json
cropking: sitemap=3990 pending=50 resume done=2815 dump_items=2815 batch_limit=50
  fetching first pending: https://www.cropkingseeds.com/feminized-seeds/madd-fruit-strain-feminized-seeds/
  ok #1 idx=1/50 name='Madd Fruit Strain Feminized'
  ok #2 idx=2/50 name='Sunset Spice Strain Feminized'
  ok #3 idx=3/50 name='Snake Glue Strain Feminized'
  ok #10 idx=10/50 name='Purple Northern Lights Feminized'
  checkpoint items=2825 done=2825 this_run=10 rate=0.62/s batch=10/50
  ok #20 idx=20/50 name='Pearly White Feminized'
  checkpoint items=2835 done=2835 this_run=20 rate=0.65/s batch=20/50
  ok #30 idx=30/50 name='Laughing Buddha Feminized'
  checkpoint items=2845 done=2845 this_run=30 rate=0.66/s batch=30/50
  ok #40 idx=40/50 name='Its It Feminized'
  checkpoint items=2855 done=2855 this_run=40 rate=0.66/s batch=40/50
  ok #50 idx=50/50 name='Trophy Wife'
  checkpoint items=2865 done=2865 this_run=50 rate=0.68/s batch=50/50
wrote dsc_strains_cropking.json count=2865 errors=1
2026-08-07T19:58:18Z round 14 end done=2865 dump=2865 delta=50
2026-08-07T19:58:19Z round 15 sitemap=3990 done=2865 dump=2865
cropking: sitemap cache 3990 URLs from dsc_strains_cropking.sitemap_urls.json
cropking: sitemap=3990 pending=50 resume done=2865 dump_items=2865 batch_limit=50
  fetching first pending: https://www.cropkingseeds.com/feminized-seeds/mochi-cake-strain-feminized-marijuana-seeds/
  ok #1 idx=1/50 name='Mochi Cake'
  ok #2 idx=2/50 name='Rainbow Cake'
  ok #3 idx=3/50 name='Glueball'
  ok #10 idx=10/50 name='Tallymon'
  checkpoint items=2875 done=2875 this_run=10 rate=0.73/s batch=10/50
  ok #20 idx=20/50 name='Purple Zkittlez'
  checkpoint items=2885 done=2885 this_run=20 rate=0.73/s batch=20/50
  ok #30 idx=30/50 name='Iron Lion Feminized'
  checkpoint items=2895 done=2895 this_run=30 rate=0.71/s batch=30/50
  ok #40 idx=40/50 name='Ice Cream Banana Feminized'
  checkpoint items=2905 done=2905 this_run=40 rate=0.71/s batch=40/50
  ok #50 idx=50/50 name='Blue Agave'
  checkpoint items=2915 done=2915 this_run=50 rate=0.72/s batch=50/50
wrote dsc_strains_cropking.json count=2915 errors=1
2026-08-07T19:59:30Z round 15 end done=2915 dump=2915 delta=50
2026-08-07T19:59:32Z round 16 sitemap=3990 done=2920 dump=2915
cropking: sitemap cache 3990 URLs from dsc_strains_cropking.sitemap_urls.json
cropking: sitemap=3990 pending=50 resume done=2915 dump_items=2915 batch_limit=50
  fetching first pending: https://www.cropkingseeds.com/feminized-seeds/kush-mints-feminized-marijuana-seeds/
  ok #1 idx=1/50 name='Kush Mints'
  ok #2 idx=2/50 name='Afgoo'
  ok #3 idx=3/50 name='Biscotti Mintz'
  ok #10 idx=10/50 name='Funnel Cake'
  checkpoint items=2925 done=2925 this_run=10 rate=0.92/s batch=10/50
  ok #20 idx=20/50 name='Lemon Cherry Sherbet'
  checkpoint items=2935 done=2935 this_run=20 rate=0.60/s batch=20/50
  ok #30 idx=30/50 name='Giggin Grapes Strain Feminized'
  checkpoint items=2945 done=2945 this_run=30 rate=0.64/s batch=30/50
  ok #40 idx=40/50 name='Goldmember Feminized'
  checkpoint items=2955 done=2955 this_run=40 rate=0.66/s batch=40/50
  ok #50 idx=50/50 name='Cherry Slurpee Feminized'
  checkpoint items=2965 done=2965 this_run=50 rate=0.67/s batch=50/50
wrote dsc_strains_cropking.json count=2965 errors=1
2026-08-07T20:00:48Z round 16 end done=2965 dump=2965 delta=45
2026-08-07T20:00:49Z round 17 sitemap=3990 done=2970 dump=2965
cropking: sitemap cache 3990 URLs from dsc_strains_cropking.sitemap_urls.json
cropking: sitemap=3990 pending=50 resume done=2965 dump_items=2965 batch_limit=50
  fetching first pending: https://www.cropkingseeds.com/feminized-seeds/cherry-limeade-cake-feminized-seeds/
  ok #1 idx=1/50 name='Cherry Limeade Cake Feminized'
  ok #2 idx=2/50 name='Dessert Runtz Feminized'
  ok #3 idx=3/50 name='Ozone Caked Up Strain Feminized'
  ok #10 idx=10/50 name='Zkittlez Cake'
  checkpoint items=2975 done=2975 this_run=10 rate=0.75/s batch=10/50
  ok #20 idx=20/50 name='Death Star'
  checkpoint items=2985 done=2985 this_run=20 rate=0.73/s batch=20/50
  ok #30 idx=30/50 name='Blueberry Cruffin'
  checkpoint items=2995 done=2995 this_run=30 rate=0.78/s batch=30/50
  ok #40 idx=40/50 name='Grape Bubblegum'
  checkpoint items=3005 done=3005 this_run=40 rate=0.75/s batch=40/50
  ok #50 idx=50/50 name='Uber Diesel Strain Feminized'
  checkpoint items=3015 done=3015 this_run=50 rate=0.75/s batch=50/50
wrote dsc_strains_cropking.json count=3015 errors=1
2026-08-07T20:01:58Z round 17 end done=3015 dump=3015 delta=45
2026-08-07T20:02:00Z round 18 sitemap=3990 done=3020 dump=3015
cropking: sitemap cache 3990 URLs from dsc_strains_cropking.sitemap_urls.json
cropking: sitemap=3990 pending=50 resume done=3015 dump_items=3015 batch_limit=50
  fetching first pending: https://www.cropkingseeds.com/feminized-seeds/strawberry-bearclaw-strain-feminized-seeds/
  ok #1 idx=1/50 name='Strawberry Bearclaw Strain Feminized'
  ok #2 idx=2/50 name='33 Weddings Strain Feminized'
  ok #3 idx=3/50 name='Caped Crusader'
  ok #10 idx=10/50 name='Blue Flame Feminized'
  checkpoint items=3025 done=3025 this_run=10 rate=0.90/s batch=10/50
  ok #20 idx=20/50 name='Queso Feminized'
  checkpoint items=3035 done=3035 this_run=20 rate=0.65/s batch=20/50
  ok #30 idx=30/50 name='Royal Highness'
  checkpoint items=3045 done=3045 this_run=30 rate=0.68/s batch=30/50
  ok #40 idx=40/50 name='Deadhead OG'
  checkpoint items=3055 done=3055 this_run=40 rate=0.67/s batch=40/50
  ok #50 idx=50/50 name='Betty White Feminized'
  checkpoint items=3065 done=3065 this_run=50 rate=0.68/s batch=50/50
wrote dsc_strains_cropking.json count=3065 errors=1
2026-08-07T20:03:16Z round 18 end done=3065 dump=3065 delta=45
2026-08-07T20:03:18Z round 19 sitemap=3990 done=3065 dump=3065
cropking: sitemap cache 3990 URLs from dsc_strains_cropking.sitemap_urls.json
cropking: sitemap=3990 pending=50 resume done=3065 dump_items=3065 batch_limit=50
  fetching first pending: https://www.cropkingseeds.com/feminized-seeds/3-bears-og-feminized-seeds/
  ok #1 idx=1/50 name='3 Bears OG Feminized'
  ok #2 idx=2/50 name='Banana Jelly Feminized'
  ok #3 idx=3/50 name='Banana Cream Pop Feminized'
  ok #10 idx=10/50 name='92 Cookies Feminized'
  checkpoint items=3075 done=3075 this_run=10 rate=0.82/s batch=10/50
  ok #20 idx=20/50 name='Melo Soap Strain Feminized'
  checkpoint items=3085 done=3085 this_run=20 rate=0.79/s batch=20/50
  ok #30 idx=30/50 name='Raspberry Kush'
  checkpoint items=3095 done=3095 this_run=30 rate=0.77/s batch=30/50
  ok #40 idx=40/50 name='High Fructose Corn Syrup'
  checkpoint items=3105 done=3105 this_run=40 rate=0.73/s batch=40/50
  ok #50 idx=50/50 name='Apple Mamba Strain Feminized'
  checkpoint items=3115 done=3115 this_run=50 rate=0.73/s batch=50/50
wrote dsc_strains_cropking.json count=3115 errors=1
2026-08-07T20:04:29Z round 19 end done=3115 dump=3115 delta=50
2026-08-07T20:04:31Z round 20 sitemap=3990 done=3120 dump=3115
cropking: sitemap cache 3990 URLs from dsc_strains_cropking.sitemap_urls.json
cropking: sitemap=3990 pending=50 resume done=3115 dump_items=3115 batch_limit=50
  fetching first pending: https://www.cropkingseeds.com/feminized-seeds/winter-sunset-strain-feminized-marijuana-seeds/
  ok #1 idx=1/50 name='Winter Sunset'
  ok #2 idx=2/50 name='Lychee'
  ok #3 idx=3/50 name='Julius Caesar'
  ok #10 idx=10/50 name='Pina Grande'
  checkpoint items=3125 done=3125 this_run=10 rate=0.71/s batch=10/50
  ok #20 idx=20/50 name='Apple Slushie Feminized'
  checkpoint items=3135 done=3135 this_run=20 rate=0.70/s batch=20/50
  ok #30 idx=30/50 name='Sugar Face Feminized'
  checkpoint items=3145 done=3145 this_run=30 rate=0.74/s batch=30/50
  ok #40 idx=40/50 name='Unicorn Cake Feminized'
  checkpoint items=3155 done=3155 this_run=40 rate=0.74/s batch=40/50
  ok #50 idx=50/50 name='Platinum Punch'
  checkpoint items=3165 done=3165 this_run=50 rate=0.72/s batch=50/50
wrote dsc_strains_cropking.json count=3165 errors=1
2026-08-07T20:05:42Z round 20 end done=3165 dump=3165 delta=45
2026-08-07T20:05:44Z round 21 sitemap=3990 done=3170 dump=3165
cropking: sitemap cache 3990 URLs from dsc_strains_cropking.sitemap_urls.json
cropking: sitemap=3990 pending=50 resume done=3165 dump_items=3165 batch_limit=50
  fetching first pending: https://www.cropkingseeds.com/feminized-seeds/sherb-crasher-strain-feminized-marijuana-seeds/
  ok #1 idx=1/50 name='Sherb Crasher'
  ok #2 idx=2/50 name='Dosi Woah'
  ok #3 idx=3/50 name='Triple Chocolate Chip'
  ok #10 idx=10/50 name="Elmer's Glue"
  checkpoint items=3175 done=3175 this_run=10 rate=0.69/s batch=10/50
  ok #20 idx=20/50 name='Vineyard Vibes Strain Feminized'
  checkpoint items=3185 done=3185 this_run=20 rate=0.58/s batch=20/50
  ok #30 idx=30/50 name='Lemon Dosidos Strain Feminized'
  checkpoint items=3195 done=3195 this_run=30 rate=0.64/s batch=30/50
  ok #40 idx=40/50 name='Strawberry Milk'
  checkpoint items=3205 done=3205 this_run=40 rate=0.67/s batch=40/50
  ok #50 idx=50/50 name='Fat Bastard'
  checkpoint items=3215 done=3215 this_run=50 rate=0.69/s batch=50/50
wrote dsc_strains_cropking.json count=3215 errors=1
2026-08-07T20:06:59Z round 21 end done=3215 dump=3215 delta=45
2026-08-07T20:07:00Z round 22 sitemap=3990 done=3215 dump=3215
cropking: sitemap cache 3990 URLs from dsc_strains_cropking.sitemap_urls.json
cropking: sitemap=3990 pending=50 resume done=3215 dump_items=3215 batch_limit=50
  fetching first pending: https://www.cropkingseeds.com/feminized-seeds/sweet-tea-strain-feminized-marijuana-seeds/
  ok #1 idx=1/50 name='Sweet Tea'
  ok #2 idx=2/50 name='Texas Shoreline'
  ok #3 idx=3/50 name='Berkel'
  ok #10 idx=10/50 name='Pink Candy'
  checkpoint items=3225 done=3225 this_run=10 rate=0.70/s batch=10/50
  ok #20 idx=20/50 name='Gas Truffle'
  checkpoint items=3235 done=3235 this_run=20 rate=0.57/s batch=20/50
  ok #30 idx=30/50 name='Indica Princess Strain Feminized'
  checkpoint items=3245 done=3245 this_run=30 rate=0.62/s batch=30/50
  ok #40 idx=40/50 name='Cold Snap'
  checkpoint items=3255 done=3255 this_run=40 rate=0.66/s batch=40/50
  ok #50 idx=50/50 name='Ice Cream Sherbet'
  checkpoint items=3265 done=3265 this_run=50 rate=0.67/s batch=50/50
wrote dsc_strains_cropking.json count=3265 errors=1
2026-08-07T20:08:18Z round 22 end done=3265 dump=3265 delta=50
2026-08-07T20:08:19Z round 23 sitemap=3990 done=3265 dump=3265
cropking: sitemap cache 3990 URLs from dsc_strains_cropking.sitemap_urls.json
cropking: sitemap=3990 pending=50 resume done=3265 dump_items=3265 batch_limit=50
  fetching first pending: https://www.cropkingseeds.com/feminized-seeds/lemon-bean-strain-feminized-marijuana-seeds/
  ok #1 idx=1/50 name='Lemon Bean'
  ok #2 idx=2/50 name='Lime Sherbet'
  ok #3 idx=3/50 name='Lumbar'
  ok #10 idx=10/50 name='Cookie Cake'
  checkpoint items=3275 done=3275 this_run=10 rate=0.63/s batch=10/50
  ok #20 idx=20/50 name='Cedar Rush Strain Feminized'
  checkpoint items=3285 done=3285 this_run=20 rate=0.54/s batch=20/50
  ok #30 idx=30/50 name='RS54'
  checkpoint items=3295 done=3295 this_run=30 rate=0.57/s batch=30/50
  ok #40 idx=40/50 name='Blue Candy'
  checkpoint items=3305 done=3305 this_run=40 rate=0.57/s batch=40/50
  ok #50 idx=50/50 name='Honeydew'
  checkpoint items=3315 done=3315 this_run=50 rate=0.58/s batch=50/50
wrote dsc_strains_cropking.json count=3315 errors=1
2026-08-07T20:09:49Z round 23 end done=3315 dump=3315 delta=50
2026-08-07T20:09:51Z round 24 sitemap=3990 done=3315 dump=3315
cropking: sitemap cache 3990 URLs from dsc_strains_cropking.sitemap_urls.json
cropking: sitemap=3990 pending=50 resume done=3315 dump_items=3315 batch_limit=50
  fetching first pending: https://www.cropkingseeds.com/feminized-seeds/quicksand-strain-feminized-marijuana-seeds/
  ok #1 idx=1/50 name='Quicksand'
  ok #2 idx=2/50 name='Runtz Vuitton Strain Feminized'
  ok #3 idx=3/50 name='Whompz Strain Feminized'
  ok #10 idx=10/50 name='Purple Oreoz'
  checkpoint items=3325 done=3325 this_run=10 rate=0.65/s batch=10/50
  ok #20 idx=20/50 name='Caesar'
  checkpoint items=3335 done=3335 this_run=20 rate=0.66/s batch=20/50
  ok #30 idx=30/50 name='Grease Bucket'
  checkpoint items=3345 done=3345 this_run=30 rate=0.67/s batch=30/50
  ok #40 idx=40/50 name='Vanilla Cream Pie'
  checkpoint items=3355 done=3355 this_run=40 rate=0.67/s batch=40/50
  ok #50 idx=50/50 name='Russian Cream'
  checkpoint items=3365 done=3365 this_run=50 rate=0.67/s batch=50/50
wrote dsc_strains_cropking.json count=3365 errors=1
2026-08-07T20:11:08Z round 24 end done=3365 dump=3365 delta=50
2026-08-07T20:11:09Z round 25 sitemap=3990 done=3365 dump=3365
cropking: sitemap cache 3990 URLs from dsc_strains_cropking.sitemap_urls.json
cropking: sitemap=3990 pending=50 resume done=3365 dump_items=3365 batch_limit=50
  fetching first pending: https://www.cropkingseeds.com/feminized-seeds/cake-face-strain-feminized-marijuana-seeds/
  ok #1 idx=1/50 name='Cake Face Strain Feminized'
  ok #2 idx=2/50 name='Apple Cobbler'
  ok #3 idx=3/50 name='Sour Dubb'
  ok #10 idx=10/50 name='Runtz Your Face Off'
  checkpoint items=3375 done=3375 this_run=10 rate=0.73/s batch=10/50
  ok #20 idx=20/50 name='Platinum Cake'
  checkpoint items=3385 done=3385 this_run=20 rate=0.73/s batch=20/50
  ok #30 idx=30/50 name='Tangerine Truffles Strain Feminized'
  checkpoint items=3395 done=3395 this_run=30 rate=0.54/s batch=30/50
  ok #40 idx=40/50 name='Lemon Lava Feminized'
  checkpoint items=3405 done=3405 this_run=40 rate=0.56/s batch=40/50
  ok #50 idx=50/50 name='Trap Candy'
  checkpoint items=3415 done=3415 this_run=50 rate=0.53/s batch=50/50
wrote dsc_strains_cropking.json count=3415 errors=1
2026-08-07T20:12:48Z round 25 end done=3415 dump=3415 delta=50
2026-08-07T20:12:51Z round 26 sitemap=3990 done=3415 dump=3415
cropking: sitemap cache 3990 URLs from dsc_strains_cropking.sitemap_urls.json
cropking: sitemap=3990 pending=50 resume done=3415 dump_items=3415 batch_limit=50
  fetching first pending: https://www.cropkingseeds.com/feminized-seeds/blue-biscotti-strain-feminized-marijuana-seeds/
  ok #1 idx=1/50 name='Blue Biscotti'
  ok #2 idx=2/50 name='Jungle Cookies'
  ok #3 idx=3/50 name='Purple Panty Dropper'
  ok #10 idx=10/50 name='Super Mambaz'
  checkpoint items=3425 done=3425 this_run=10 rate=0.61/s batch=10/50
  ok #20 idx=20/50 name='Lemon Pepper'
  checkpoint items=3435 done=3435 this_run=20 rate=0.63/s batch=20/50
  ok #30 idx=30/50 name='Mi Mo Stash Strain Feminized'
  checkpoint items=3445 done=3445 this_run=30 rate=0.65/s batch=30/50
  ok #40 idx=40/50 name='Wowzers'
  checkpoint items=3455 done=3455 this_run=40 rate=0.65/s batch=40/50
  ok #50 idx=50/50 name='Sour Power'
  checkpoint items=3465 done=3465 this_run=50 rate=0.63/s batch=50/50
wrote dsc_strains_cropking.json count=3465 errors=1
2026-08-07T20:14:16Z round 26 end done=3465 dump=3465 delta=50
2026-08-07T20:14:18Z round 27 sitemap=3990 done=3465 dump=3465
cropking: sitemap cache 3990 URLs from dsc_strains_cropking.sitemap_urls.json
cropking: sitemap=3990 pending=50 resume done=3465 dump_items=3465 batch_limit=50
  fetching first pending: https://www.cropkingseeds.com/feminized-seeds/sun-kush-feminized-marijuana-seeds/
  ok #1 idx=1/50 name='Sun Kush'
  ok #2 idx=2/50 name='Strawberry OG'
  ok #3 idx=3/50 name='Cintz Strain Feminized'
  ok #10 idx=10/50 name='Space Mints'
  checkpoint items=3475 done=3475 this_run=10 rate=0.56/s batch=10/50
  ok #20 idx=20/50 name='Nova Gas'
  checkpoint items=3485 done=3485 this_run=20 rate=0.61/s batch=20/50
  ok #30 idx=30/50 name='Dream Queen'
  checkpoint items=3495 done=3495 this_run=30 rate=0.61/s batch=30/50
  ok #40 idx=40/50 name='Divinity'
  checkpoint items=3505 done=3505 this_run=40 rate=0.61/s batch=40/50
  ok #50 idx=50/50 name='Super Cherry'
  checkpoint items=3515 done=3515 this_run=50 rate=0.61/s batch=50/50
wrote dsc_strains_cropking.json count=3515 errors=1
2026-08-07T20:15:46Z round 27 end done=3515 dump=3515 delta=50
2026-08-07T20:15:51Z round 28 sitemap=3990 done=3515 dump=3515
cropking: sitemap cache 3990 URLs from dsc_strains_cropking.sitemap_urls.json
cropking: sitemap=3990 pending=50 resume done=3515 dump_items=3515 batch_limit=50
  fetching first pending: https://www.cropkingseeds.com/feminized-seeds/sour-punch-strain-feminized-marijuana-seeds/
  ok #1 idx=1/50 name='Sour Punch'
  ok #2 idx=2/50 name='White Nerds'
  ok #3 idx=3/50 name='Ice Pop'
  ok #10 idx=10/50 name='Tigers Blood'
  checkpoint items=3525 done=3525 this_run=10 rate=0.53/s batch=10/50
  ok #20 idx=20/50 name='Willy Wonka'
  checkpoint items=3535 done=3535 this_run=20 rate=0.55/s batch=20/50
  ok #30 idx=30/50 name='White Sunshine'
  checkpoint items=3545 done=3545 this_run=30 rate=0.56/s batch=30/50
  ok #40 idx=40/50 name='Grapes of Wrath'
  checkpoint items=3555 done=3555 this_run=40 rate=0.57/s batch=40/50
  ok #50 idx=50/50 name='Sour Cherry'
  checkpoint items=3565 done=3565 this_run=50 rate=0.57/s batch=50/50
wrote dsc_strains_cropking.json count=3565 errors=1
2026-08-07T20:17:22Z round 28 end done=3565 dump=3565 delta=50
2026-08-07T20:17:25Z round 29 sitemap=3990 done=3565 dump=3565
cropking: sitemap cache 3990 URLs from dsc_strains_cropking.sitemap_urls.json
cropking: sitemap=3990 pending=50 resume done=3565 dump_items=3565 batch_limit=50
  fetching first pending: https://www.cropkingseeds.com/feminized-seeds/mutant-diesel-strain-feminized-seeds/
  ok #1 idx=1/50 name='Mutant Diesel Strain Feminized'
  ok #2 idx=2/50 name='NYC Sour Hitz Strain Feminized'
  ok #3 idx=3/50 name='Papaya Rain Strain Feminized'
  ok #10 idx=10/50 name='Lafiy Tafly'
  checkpoint items=3575 done=3575 this_run=10 rate=0.63/s batch=10/50
  ok #20 idx=20/50 name='Sourdough'
  checkpoint items=3585 done=3585 this_run=20 rate=0.65/s batch=20/50
  ok #30 idx=30/50 name='Lemon Runtz'
  checkpoint items=3595 done=3595 this_run=30 rate=0.64/s batch=30/50
  ok #40 idx=40/50 name='Lambs Durban Strain Feminized'
  checkpoint items=3605 done=3605 this_run=40 rate=0.62/s batch=40/50
  ok #50 idx=50/50 name='Larry OG'
  checkpoint items=3615 done=3615 this_run=50 rate=0.63/s batch=50/50
wrote dsc_strains_cropking.json count=3615 errors=1
2026-08-07T20:18:47Z round 29 end done=3615 dump=3615 delta=50
2026-08-07T20:18:49Z round 30 sitemap=3990 done=3615 dump=3615
cropking: sitemap cache 3990 URLs from dsc_strains_cropking.sitemap_urls.json
cropking: sitemap=3990 pending=50 resume done=3615 dump_items=3615 batch_limit=50
  fetching first pending: https://www.cropkingseeds.com/feminized-seeds/tie-dye-strain-feminized-marijuana-seeds/
  ok #1 idx=1/50 name='Tie Dye'
  ok #2 idx=2/50 name='White Lightning'
  ok #3 idx=3/50 name='Spiked Punch'
  ok #10 idx=10/50 name='Wedding Punch'
  checkpoint items=3625 done=3625 this_run=10 rate=0.54/s batch=10/50
  ok #20 idx=20/50 name='Ridgeback Feminized'
  checkpoint items=3635 done=3635 this_run=20 rate=0.59/s batch=20/50
  ok #30 idx=30/50 name='Dip N Stix'
  checkpoint items=3645 done=3645 this_run=30 rate=0.61/s batch=30/50
  ok #40 idx=40/50 name='Cherry Cake'
  checkpoint items=3655 done=3655 this_run=40 rate=0.64/s batch=40/50
  ok #50 idx=50/50 name='Mule Fuel'
  checkpoint items=3665 done=3665 this_run=50 rate=0.65/s batch=50/50
wrote dsc_strains_cropking.json count=3665 errors=1
2026-08-07T20:20:09Z round 30 end done=3665 dump=3665 delta=50
2026-08-07T20:20:10Z round 31 sitemap=3990 done=3665 dump=3665
cropking: sitemap cache 3990 URLs from dsc_strains_cropking.sitemap_urls.json
cropking: sitemap=3990 pending=50 resume done=3665 dump_items=3665 batch_limit=50
  fetching first pending: https://www.cropkingseeds.com/feminized-seeds/willie-nelson-strain-feminized-seeds/
  ok #1 idx=1/50 name='Willie Nelson Strain Feminized'
  ok #2 idx=2/50 name='White C Strain Feminized'
  ok #3 idx=3/50 name='The Glue Glue Strain Feminized'
  ok #10 idx=10/50 name='Blood Moon'
  checkpoint items=3675 done=3675 this_run=10 rate=0.73/s batch=10/50
  ok #20 idx=20/50 name='Platinum Pave Strain Feminized'
  checkpoint items=3685 done=3685 this_run=20 rate=0.66/s batch=20/50
  ok #30 idx=30/50 name='Cosmic Ice Pops Strain Feminized'
  checkpoint items=3695 done=3695 this_run=30 rate=0.65/s batch=30/50
  ok #40 idx=40/50 name='Sugar Plum OG Strain Feminized'
  checkpoint items=3705 done=3705 this_run=40 rate=0.66/s batch=40/50
  ok #50 idx=50/50 name='Colombian Skunk Strain Feminized'
  checkpoint items=3715 done=3715 this_run=50 rate=0.68/s batch=50/50
wrote dsc_strains_cropking.json count=3715 errors=1
2026-08-07T20:21:25Z round 31 end done=3715 dump=3715 delta=50
2026-08-07T20:21:26Z round 32 sitemap=3990 done=3715 dump=3715
cropking: sitemap cache 3990 URLs from dsc_strains_cropking.sitemap_urls.json
cropking: sitemap=3990 pending=50 resume done=3715 dump_items=3715 batch_limit=50
  fetching first pending: https://www.cropkingseeds.com/autoflowering-seeds/royal-haze-autoflower-seeds/
  ok #1 idx=1/50 name='Royal Haze Autoflower'
  ok #2 idx=2/50 name='Durban Poison Autoflower'
  ok #3 idx=3/50 name='Fantasmo Express Autoflower'
  ok #10 idx=10/50 name='505 Headbanger Autoflower'
  checkpoint items=3725 done=3725 this_run=10 rate=0.81/s batch=10/50
  ok #20 idx=20/50 name='Z-Up Autoflower'
  checkpoint items=3735 done=3735 this_run=20 rate=0.73/s batch=20/50
  ok #30 idx=30/50 name='Lychee Runtz Strain Feminized'
  checkpoint items=3745 done=3745 this_run=30 rate=0.73/s batch=30/50
  ok #40 idx=40/50 name='Black Cherry Papaya Strain Feminized'
  checkpoint items=3755 done=3755 this_run=40 rate=0.74/s batch=40/50
  ok #50 idx=50/50 name='Sabor Kush Hitz Strain Feminized'
  checkpoint items=3765 done=3765 this_run=50 rate=0.74/s batch=50/50
wrote dsc_strains_cropking.json count=3765 errors=1
2026-08-07T20:22:36Z round 32 end done=3765 dump=3765 delta=50
2026-08-07T20:22:38Z round 33 sitemap=3990 done=3765 dump=3765
cropking: sitemap cache 3990 URLs from dsc_strains_cropking.sitemap_urls.json
cropking: sitemap=3990 pending=50 resume done=3765 dump_items=3765 batch_limit=50
  fetching first pending: https://www.cropkingseeds.com/feminized-seeds/lemon-sherb-punch-strain-feminized-seeds/
  ok #1 idx=1/50 name='Lemon Sherb Punch Strain Feminized'
  ok #2 idx=2/50 name='Candy Gas'
  ok #3 idx=3/50 name='Jacob’s Breath Strain Feminized'
  ok #10 idx=10/50 name='Candied Pound Cake Strain Feminized'
  checkpoint items=3775 done=3775 this_run=10 rate=0.65/s batch=10/50
  ok #20 idx=20/50 name='Jelly Donutz Autoflower'
  checkpoint items=3785 done=3785 this_run=20 rate=0.70/s batch=20/50
  ok #30 idx=30/50 name='Black Jack Autoflower'
  checkpoint items=3795 done=3795 this_run=30 rate=0.73/s batch=30/50
  ok #40 idx=40/50 name='Blue Tag Strain Feminized'
  checkpoint items=3805 done=3805 this_run=40 rate=0.74/s batch=40/50
  ok #50 idx=50/50 name='Hawaiian Hash Berry Strain Feminized'
  checkpoint items=3815 done=3815 this_run=50 rate=0.73/s batch=50/50
wrote dsc_strains_cropking.json count=3815 errors=1
2026-08-07T20:23:49Z round 33 end done=3815 dump=3815 delta=50
2026-08-07T20:23:50Z round 34 sitemap=3990 done=3815 dump=3815
cropking: sitemap cache 3990 URLs from dsc_strains_cropking.sitemap_urls.json
cropking: sitemap=3990 pending=50 resume done=3815 dump_items=3815 batch_limit=50
  fetching first pending: https://www.cropkingseeds.com/feminized-seeds/velvet-sunburst-strain-feminized-seeds/
  ok #1 idx=1/50 name='Velvet Sunburst Strain Feminized'
  ok #2 idx=2/50 name='Nuclear Slushie Strain Feminized'
  ok #3 idx=3/50 name='Blue Sierraz Strain Feminized'
  ok #10 idx=10/50 name='Poison Starfruit Strain Feminized'
  checkpoint items=3825 done=3825 this_run=10 rate=0.79/s batch=10/50
  ok #20 idx=20/50 name='Yoshi Kush Strain Feminized'
  checkpoint items=3835 done=3835 this_run=20 rate=0.78/s batch=20/50
  ok #30 idx=30/50 name='Bunny Bites Strain Feminized'
  checkpoint items=3845 done=3845 this_run=30 rate=0.79/s batch=30/50
  ok #40 idx=40/50 name='Pax Trip Forbidden Fruit Strain Feminized'
  checkpoint items=3855 done=3855 this_run=40 rate=0.80/s batch=40/50
  ok #50 idx=50/50 name='Mendo Frost Autoflower'
  checkpoint items=3865 done=3865 this_run=50 rate=0.79/s batch=50/50
wrote dsc_strains_cropking.json count=3865 errors=1
2026-08-07T20:24:55Z round 34 end done=3865 dump=3865 delta=50
2026-08-07T20:24:56Z round 35 sitemap=3990 done=3865 dump=3865
cropking: sitemap cache 3990 URLs from dsc_strains_cropking.sitemap_urls.json
cropking: sitemap=3990 pending=50 resume done=3865 dump_items=3865 batch_limit=50
  fetching first pending: https://www.cropkingseeds.com/autoflowering-seeds/bluetane-autoflower-seeds/
  ok #1 idx=1/50 name='Bluetane Autoflower'
  ok #2 idx=2/50 name='Lemon Kix Autoflower'
  ok #3 idx=3/50 name='Somango Autoflower'
  ok #10 idx=10/50 name='Gelato #41 Autoflower'
  checkpoint items=3875 done=3875 this_run=10 rate=0.75/s batch=10/50
  ok #20 idx=20/50 name='Cherry Slushie'
  checkpoint items=3885 done=3885 this_run=20 rate=0.77/s batch=20/50
  ok #30 idx=30/50 name='Slime Ade Strain Feminized'
  checkpoint items=3895 done=3895 this_run=30 rate=0.77/s batch=30/50
  ok #40 idx=40/50 name='Titan Express Strain Feminized'
  checkpoint items=3905 done=3905 this_run=40 rate=0.77/s batch=40/50
  ok #50 idx=50/50 name='Iced Lemonade Strain Feminized'
  checkpoint items=3915 done=3915 this_run=50 rate=0.77/s batch=50/50
wrote dsc_strains_cropking.json count=3915 errors=1
2026-08-07T20:26:03Z round 35 end done=3915 dump=3915 delta=50
2026-08-07T20:26:05Z round 36 sitemap=3990 done=3915 dump=3915
2026-08-07T20:26:05Z cropking: coverage met
2026-08-07T20:26:05Z FINAL sitemap=3990 done=3915 dump=3915
staging: {
  "family": "cropking",
  "staging_db": "\\\\192.168.86.2\\Digital-Documents\\Digital Stealth Care\\Projects\\DSC-HUB\\brain\\data\\staging\\cropking.sqlite3",
  "count": 3915,
  "stats": {
    "strain_canonical": 3889,
    "strain_variant": 3889,
    "chemistry_profile": 3910,
    "grow_trait": 3893,
    "entity_link": 3910,
    "attribute_kv": 0,
    "raw_record": 3915,
    "light_fixture": 0,
    "nutrient_product": 0,
    "medium_product": 0,
    "media_asset": 0,
    "followup_gap": 0,
    "schema_extension_log": 0,
    "source_record": 1
  }
}
2026-08-07T20:26:10Z staged count=3915 db=\\192.168.86.2\Digital-Documents\Digital Stealth Care\Projects\DSC-HUB\brain\data\staging\cropking.sqlite3
