2026-08-07T17:23:12Z batched resume start pid=69776 bank=dcseedexchange batch=40
2026-08-07T17:23:12Z round 1 sitemap=1654 done=235 dump=235
dcseedexchange: sitemap cache 1654 URLs from dsc_strains_dcseedexchange.sitemap_urls.json
dcseedexchange: sitemap=1654 pending=40 resume done=235 dump_items=235 batch_limit=40
  fetching first pending: https://dcseedexchange.com/product/bodhi-seeds-silver-unicorn-super-silver-haze-x-purple-unicorn-f3-love-gift-11-regular-seeds-2/
  ok #1 idx=1/40 name='Bodhi Seeds Silver Unicorn (Super Silver Haze x Purple Unicorn F3) Love Gift'
  ok #2 idx=2/40 name='Dynasty Genetics Honey Badger Haze'
  ok #3 idx=3/40 name='Bodhi Seeds Aruba x Everything'
  ok #10 idx=10/40 name='Bodhi Seeds Black Lotus'
  checkpoint items=245 done=245 this_run=10 rate=0.45/s batch=10/40
  ok #20 idx=20/40 name='Ethos Genetics Glittlez R1'
  checkpoint items=255 done=255 this_run=20 rate=0.45/s batch=20/40
  ok #30 idx=30/40 name='Bodhi Seeds Supernatural Selections 023 Holy Hand Grenade'
  checkpoint items=265 done=265 this_run=30 rate=0.45/s batch=30/40
  ok #40 idx=40/40 name='Bodhi Seeds The Fuzz'
  checkpoint items=275 done=275 this_run=40 rate=0.31/s batch=40/40
wrote dsc_strains_dcseedexchange.json count=275 errors=66
2026-08-07T17:25:23Z round 1 end done=275 dump=275 delta=40
2026-08-07T17:25:24Z round 2 sitemap=1654 done=275 dump=275
dcseedexchange: sitemap cache 1654 URLs from dsc_strains_dcseedexchange.sitemap_urls.json
dcseedexchange: sitemap=1654 pending=40 resume done=275 dump_items=275 batch_limit=40
  fetching first pending: https://dcseedexchange.com/product/bodhi-seeds-nierika-seed-trust-petrolia-headstash-11-regular-heirloom-seeds/
  ok #1 idx=1/40 name='Bodhi Seeds Nierika Seed Trust Petrolia Headstash'
  ok #2 idx=2/40 name='Hazeman Seeds BlueBerry'
  ok #3 idx=3/40 name='Thug Pug Genetics Peanut Butter Breath'
  ok #10 idx=10/40 name='Lyme Rising Farm The Hydra'
  checkpoint items=285 done=285 this_run=10 rate=0.12/s batch=10/40
  ok #20 idx=20/40 name='Vashon Seeds Ripped Early Bird'
  checkpoint items=295 done=295 this_run=20 rate=0.12/s batch=20/40
  ok #30 idx=30/40 name='Bodhi Seeds Red Eye Jedi'
  checkpoint items=305 done=305 this_run=30 rate=0.12/s batch=30/40
  ok #40 idx=40/40 name='Bodhi Seeds Raspberry Hashplant'
  checkpoint items=315 done=315 this_run=40 rate=0.12/s batch=40/40
wrote dsc_strains_dcseedexchange.json count=315 errors=66
2026-08-07T17:30:53Z round 2 end done=315 dump=315 delta=40
2026-08-07T17:30:54Z round 3 sitemap=1654 done=315 dump=315
dcseedexchange: sitemap cache 1654 URLs from dsc_strains_dcseedexchange.sitemap_urls.json
dcseedexchange: sitemap=1654 pending=40 resume done=315 dump_items=315 batch_limit=40
  fetching first pending: https://dcseedexchange.com/product/jaws-genetics-blackberry-cookie-f2-blackberry-meds-f1-x-alien-cookies-f1-12-regular-seeds/
  ok #1 idx=1/40 name='Jaws Genetics Blackberry Cookie F2'
  ok #2 idx=2/40 name='Freak Genetics Pure Michigan F4'
  ok #3 idx=3/40 name='Off Grid Seeds Chocolate Rain Mix Pack'
  ok #10 idx=10/40 name='Alien vs. Triangle Auto F5'
  checkpoint items=325 done=325 this_run=10 rate=0.14/s batch=10/40
  ok #20 idx=20/40 name='Black Strap Auto (Anvil F7 (Reversed) x Black Label Cookies III)'
  checkpoint items=335 done=335 this_run=20 rate=0.14/s batch=20/40
  ok #30 idx=30/40 name='Double Grape F7 Auto'
  checkpoint items=345 done=345 this_run=30 rate=0.14/s batch=30/40
  ok #40 idx=40/40 name='Humboldt Headband Auto F4'
  checkpoint items=355 done=355 this_run=40 rate=0.13/s batch=40/40
wrote dsc_strains_dcseedexchange.json count=355 errors=66
2026-08-07T17:35:58Z round 3 end done=355 dump=355 delta=40
2026-08-07T17:35:59Z round 4 sitemap=1654 done=355 dump=355
dcseedexchange: sitemap cache 1654 URLs from dsc_strains_dcseedexchange.sitemap_urls.json
dcseedexchange: sitemap=1654 pending=40 resume done=355 dump_items=355 batch_limit=40
  fetching first pending: https://dcseedexchange.com/product/grape-walker-kush-f3-auto-3-feminized-autoflower-seeds/
  ok #1 idx=1/40 name='Grape Walker Kush F3 Auto'
  ok #2 idx=2/40 name='Hubbabubbasmelloscope F6 Auto'
  ok #3 idx=3/40 name='Humboldt Sour Diesel Bx4 Auto'
  ok #10 idx=10/40 name='Mango Sherbert F3 Auto'
  checkpoint items=365 done=365 this_run=10 rate=0.13/s batch=10/40
  ok #20 idx=20/40 name='Pluto’s Bride F1 Auto'
  checkpoint items=375 done=375 this_run=20 rate=0.13/s batch=20/40
  ok #30 idx=30/40 name='Sour Apple Auto'
  checkpoint items=385 done=385 this_run=30 rate=0.13/s batch=30/40
  ok #40 idx=40/40 name='Thorpe’s Gold F1'
  checkpoint items=395 done=395 this_run=40 rate=0.13/s batch=40/40
wrote dsc_strains_dcseedexchange.json count=395 errors=66
2026-08-07T17:40:58Z round 4 end done=395 dump=395 delta=40
2026-08-07T17:40:59Z round 5 sitemap=1654 done=395 dump=395
dcseedexchange: sitemap cache 1654 URLs from dsc_strains_dcseedexchange.sitemap_urls.json
dcseedexchange: sitemap=1654 pending=40 resume done=395 dump_items=395 batch_limit=40
  fetching first pending: https://dcseedexchange.com/product/sweet-n-sour-f3-auto-3-feminized-autoflower-seeds/
  ok #1 idx=1/40 name='Sweet-N-Sour F3 Auto'
  ok #2 idx=2/40 name='Troubled Grape Auto F3'
  ok #3 idx=3/40 name='Vanilla Latte Auto'
  ok #10 idx=10/40 name='Banana Peel F1'
  checkpoint items=405 done=405 this_run=10 rate=0.12/s batch=10/40
  ok #20 idx=20/40 name='Blueberry Pancakes'
  checkpoint items=415 done=415 this_run=20 rate=0.12/s batch=20/40
  ok #30 idx=30/40 name='ChemDMT S3'
  checkpoint items=425 done=425 this_run=30 rate=0.12/s batch=30/40
  ok #40 idx=40/40 name='Dream Queen S2'
  checkpoint items=435 done=435 this_run=40 rate=0.12/s batch=40/40
wrote dsc_strains_dcseedexchange.json count=435 errors=66
2026-08-07T17:46:39Z round 5 end done=435 dump=435 delta=40
2026-08-07T17:46:40Z round 6 sitemap=1654 done=435 dump=435
dcseedexchange: sitemap cache 1654 URLs from dsc_strains_dcseedexchange.sitemap_urls.json
dcseedexchange: sitemap=1654 pending=40 resume done=435 dump_items=435 batch_limit=40
  fetching first pending: https://dcseedexchange.com/product/drippy-eye-s1-juicy-fruit-thai-x-snow-lotus-x-star-pupil-7-feminized-seeds/
  ok #1 idx=1/40 name='Drippy Eye S1'
  ok #2 idx=2/40 name='Don Carlos F3'
  ok #3 idx=3/40 name='Donutz S2'
  ok #10 idx=10/40 name='G13 Bubblegum'
  checkpoint items=445 done=445 this_run=10 rate=0.12/s batch=10/40
  ok #20 idx=20/40 name='Grape Pupil v1 F1'
  checkpoint items=455 done=455 this_run=20 rate=0.13/s batch=20/40
  ok #30 idx=30/40 name='Holy Grail S1 Seeds'
  checkpoint items=465 done=465 this_run=30 rate=0.13/s batch=30/40
  ok #40 idx=40/40 name='Lemon Layer Cream Cake F1'
  checkpoint items=475 done=475 this_run=40 rate=0.13/s batch=40/40
wrote dsc_strains_dcseedexchange.json count=475 errors=66
2026-08-07T17:51:49Z round 6 end done=475 dump=475 delta=40
2026-08-07T17:51:50Z round 7 sitemap=1654 done=475 dump=475
dcseedexchange: sitemap cache 1654 URLs from dsc_strains_dcseedexchange.sitemap_urls.json
dcseedexchange: sitemap=1654 pending=40 resume done=475 dump_items=475 batch_limit=40
  fetching first pending: https://dcseedexchange.com/product/lemon-pie-x-pre-98-bubba-kush-f1-6-feminized-seeds/
  ok #1 idx=1/40 name='Lemon Pie Bubba F1'
  ok #2 idx=2/40 name='Mango Sherbert F3'
  ok #3 idx=3/40 name='Lemon Pupil F1'
  ok #10 idx=10/40 name='Montel’s Dream Fuel'
  checkpoint items=485 done=485 this_run=10 rate=0.14/s batch=10/40
  ok #20 idx=20/40 name='Pak Man'
  checkpoint items=495 done=495 this_run=20 rate=0.14/s batch=20/40
  ok #30 idx=30/40 name='Poddy Mouth S1'
  checkpoint items=505 done=505 this_run=30 rate=0.13/s batch=30/40
  ok #40 idx=40/40 name='Raspberry Parfait F1'
  checkpoint items=515 done=515 this_run=40 rate=0.13/s batch=40/40
wrote dsc_strains_dcseedexchange.json count=515 errors=66
2026-08-07T17:56:56Z round 7 end done=515 dump=515 delta=40
2026-08-07T17:56:57Z round 8 sitemap=1654 done=515 dump=515
dcseedexchange: sitemap cache 1654 URLs from dsc_strains_dcseedexchange.sitemap_urls.json
dcseedexchange: sitemap=1654 pending=40 resume done=515 dump_items=515 batch_limit=40
  fetching first pending: https://dcseedexchange.com/product/royal-highness-f6-10-feminized-seeds/
  ok #1 idx=1/40 name='Royal Highness F6'
  ok #2 idx=2/40 name='Root Berry'
  ok #3 idx=3/40 name='Santa Muerte'
  ok #10 idx=10/40 name='Squirt Bx3'
  checkpoint items=525 done=525 this_run=10 rate=0.12/s batch=10/40
  ok #20 idx=20/40 name='The Remedy S1'
  checkpoint items=535 done=535 this_run=20 rate=0.12/s batch=20/40
  ok #30 idx=30/40 name='Albino Poop F1'
  checkpoint items=545 done=545 this_run=30 rate=0.13/s batch=30/40
  ok #40 idx=40/40 name='Backshots F2'
  checkpoint items=555 done=555 this_run=40 rate=0.13/s batch=40/40
wrote dsc_strains_dcseedexchange.json count=555 errors=66
2026-08-07T18:02:16Z round 8 end done=555 dump=555 delta=40
2026-08-07T18:02:17Z round 9 sitemap=1654 done=555 dump=555
dcseedexchange: sitemap cache 1654 URLs from dsc_strains_dcseedexchange.sitemap_urls.json
dcseedexchange: sitemap=1654 pending=40 resume done=555 dump_items=555 batch_limit=40
  fetching first pending: https://dcseedexchange.com/product/banana-og-bx1-laffy-taffy-cut-10-regular-seeds/
  ok #1 idx=1/40 name='Banana OG BX1'
  ok #2 idx=2/40 name='Berry Loved F1'
  ok #3 idx=3/40 name='Big Smith F2'
  ok #10 idx=10/40 name='Blue Bubba Kush'
  checkpoint items=565 done=565 this_run=10 rate=0.12/s batch=10/40
  ok #20 idx=20/40 name='Cake Face F1'
  checkpoint items=575 done=575 this_run=20 rate=0.12/s batch=20/40
  ok #30 idx=30/40 name='Chuy Purps x Pineapple Chakra x Goat Yogi F1'
  checkpoint items=585 done=585 this_run=30 rate=0.12/s batch=30/40
  ok #40 idx=40/40 name='Dawg Nutz F1'
  checkpoint items=595 done=595 this_run=40 rate=0.12/s batch=40/40
wrote dsc_strains_dcseedexchange.json count=595 errors=66
2026-08-07T18:07:46Z round 9 end done=595 dump=595 delta=40
2026-08-07T18:07:47Z round 10 sitemap=1654 done=595 dump=595
dcseedexchange: sitemap cache 1654 URLs from dsc_strains_dcseedexchange.sitemap_urls.json
dcseedexchange: sitemap=1654 pending=40 resume done=595 dump_items=595 batch_limit=40
  fetching first pending: https://dcseedexchange.com/product/deep-ellum-sativa-mix-10-regular-seeds/
  ok #1 idx=1/40 name='Deep Ellum Sativa Mix'
  ok #2 idx=2/40 name='Deadly Kernel F1'
  ok #3 idx=3/40 name='Dilated Pupil V2 F1'
  ok #10 idx=10/40 name='Dubba Bubba Kush'
  checkpoint items=605 done=605 this_run=10 rate=0.12/s batch=10/40
  ok #20 idx=20/40 name='Gangster OG'
  checkpoint items=615 done=615 this_run=20 rate=0.12/s batch=20/40
  ok #30 idx=30/40 name='HeadChez'
  checkpoint items=625 done=625 this_run=30 rate=0.12/s batch=30/40
  ok #40 idx=40/40 name='Kashmiri Limonella F3'
  checkpoint items=635 done=635 this_run=40 rate=0.12/s batch=40/40
wrote dsc_strains_dcseedexchange.json count=635 errors=66
2026-08-07T18:13:12Z round 10 end done=635 dump=635 delta=40
2026-08-07T18:13:13Z round 11 sitemap=1654 done=635 dump=635
dcseedexchange: sitemap cache 1654 URLs from dsc_strains_dcseedexchange.sitemap_urls.json
dcseedexchange: sitemap=1654 pending=40 resume done=635 dump_items=635 batch_limit=40
  fetching first pending: https://dcseedexchange.com/product/kashmiri-venom-f3-kashmiri-dosidos-22-x-venom-og-10-regular-seeds/
  ok #1 idx=1/40 name='Kashmiri Venom F3'
  ok #2 idx=2/40 name='Killer Queen'
  ok #3 idx=3/40 name='Lemon Chocolate F2'
  ok #10 idx=10/40 name='Lime Blues F3'
  checkpoint items=645 done=645 this_run=10 rate=0.12/s batch=10/40
  ok #20 idx=20/40 name='Mother of Berries BX1'
  checkpoint items=655 done=655 this_run=20 rate=0.13/s batch=20/40
  ok #30 idx=30/40 name="Ol'Dirty Bastard"
  checkpoint items=665 done=665 this_run=30 rate=0.13/s batch=30/40
  ok #40 idx=40/40 name='Pre-98 Bubba X Goat Supreme F1'
  checkpoint items=675 done=675 this_run=40 rate=0.13/s batch=40/40
wrote dsc_strains_dcseedexchange.json count=675 errors=66
2026-08-07T18:18:14Z round 11 end done=675 dump=675 delta=40
2026-08-07T18:18:15Z round 12 sitemap=1654 done=675 dump=675
dcseedexchange: sitemap cache 1654 URLs from dsc_strains_dcseedexchange.sitemap_urls.json
dcseedexchange: sitemap=1654 pending=40 resume done=675 dump_items=675 batch_limit=40
  fetching first pending: https://dcseedexchange.com/product/prayer-pupil-star-pupil-x-prayer-tower-13-regular-seeds/
  ok #1 idx=1/40 name='Prayer Pupil F1'
  ok #2 idx=2/40 name='Poppy Skunk F2'
  ok #3 idx=3/40 name='Purple Backshots F2'
  ok #10 idx=10/40 name='Rainbow Belts 2.0 F2'
  checkpoint items=685 done=685 this_run=10 rate=0.13/s batch=10/40
  ok #20 idx=20/40 name='Royal Oil F3'
  checkpoint items=695 done=695 this_run=20 rate=0.13/s batch=20/40
  ok #30 idx=30/40 name='Sour Candy Haze F3'
  checkpoint items=705 done=705 this_run=30 rate=0.13/s batch=30/40
  ok #40 idx=40/40 name='Sour Diesel IBL x Chocolate Trip'
  checkpoint items=715 done=715 this_run=40 rate=0.13/s batch=40/40
wrote dsc_strains_dcseedexchange.json count=715 errors=66
2026-08-07T18:23:26Z round 12 end done=715 dump=715 delta=40
2026-08-07T18:23:27Z round 13 sitemap=1654 done=715 dump=715
dcseedexchange: sitemap cache 1654 URLs from dsc_strains_dcseedexchange.sitemap_urls.json
dcseedexchange: sitemap=1654 pending=40 resume done=715 dump_items=715 batch_limit=40
  fetching first pending: https://dcseedexchange.com/product/space-ape-f1-apesht-kush-f3-x-white-og-f3-10-regular-seeds/
  ok #1 idx=1/40 name='Space Ape F1'
  ok #2 idx=2/40 name='Space Madness F1'
  ok #3 idx=3/40 name='Star Cookies F1'
  ok #10 idx=10/40 name='Tar Baby Haze F1'
  checkpoint items=725 done=725 this_run=10 rate=0.13/s batch=10/40
  ok #20 idx=20/40 name='Twister F1'
  checkpoint items=735 done=735 this_run=20 rate=0.13/s batch=20/40
  ok #30 idx=30/40 name='X Mass F1'
  checkpoint items=745 done=745 this_run=30 rate=0.13/s batch=30/40
  ok #40 idx=40/40 name='Hop Latent Viroid (HLVd) Detection Kit'
  checkpoint items=755 done=755 this_run=40 rate=0.13/s batch=40/40
wrote dsc_strains_dcseedexchange.json count=755 errors=66
2026-08-07T18:28:33Z round 13 end done=755 dump=755 delta=40
2026-08-07T18:28:34Z round 14 sitemap=1654 done=755 dump=755
dcseedexchange: sitemap cache 1654 URLs from dsc_strains_dcseedexchange.sitemap_urls.json
dcseedexchange: sitemap=1654 pending=40 resume done=755 dump_items=755 batch_limit=40
  fetching first pending: https://dcseedexchange.com/product/sunny-vera-body-butter-4-oz/
  ok #1 idx=1/40 name='Sunny Vera Body Butter 4 oz'
  ok #2 idx=2/40 name='Sunny Vera Calming Salve 2 oz'
  ok #3 idx=3/40 name="Sunny Vera's Warming Salve 2 oz"
  ok #10 idx=10/40 name='Campbell County Cheese F1'
  checkpoint items=765 done=765 this_run=10 rate=0.13/s batch=10/40
  ok #20 idx=20/40 name='Chemdog "D" x LA Pure Kush F1'
  checkpoint items=775 done=775 this_run=20 rate=0.13/s batch=20/40
  ok #30 idx=30/40 name='Joe’s Gift F1'
  checkpoint items=785 done=785 this_run=30 rate=0.13/s batch=30/40
  ok #40 idx=40/40 name='White Dog G F1'
  checkpoint items=795 done=795 this_run=40 rate=0.13/s batch=40/40
wrote dsc_strains_dcseedexchange.json count=795 errors=66
