
===== warm start 2026-08-08T14:52:46 delay=10.19 limit=140 =====
cmd: C:\Program Files\Python314\python.exe -u y:\Digital Stealth Care\Projects\DSC-HUB\scripts\scrape_strain_database.py --delay 10.19 --limit 140 --checkpoint-every 10 --stage

===== warm start 2026-08-08T14:54:35 delay=11.33 limit=140 =====
cmd: C:\Program Files\Python314\python.exe -u \\192.168.86.2\Digital-Documents\Digital Stealth Care\Projects\DSC-HUB\scripts\scrape_strain_database.py --delay 11.33 --limit 140 --checkpoint-every 10 --stage
session: loaded 5 cookies from _strain_database_cookies.json
sitemap cache: 5000 EN strain URLs
strain_database: 140 queued; resume done=140 dump_items=140
Traceback (most recent call last):
  File "\\192.168.86.2\Digital-Documents\Digital Stealth Care\Projects\DSC-HUB\scripts\scrape_strain_database.py", line 965, in <module>
    raise SystemExit(main())
                     ~~~~^^
  File "\\192.168.86.2\Digital-Documents\Digital Stealth Care\Projects\DSC-HUB\scripts\scrape_strain_database.py", line 953, in main
    scrape(
    ~~~~~~^
        delay=args.delay,
        ^^^^^^^^^^^^^^^^^
    ...<2 lines>...
        checkpoint_every=max(5, args.checkpoint_every),
        ^^^^^^^^^^^^^^^^^^^^^^^^^^^^^^^^^^^^^^^^^^^^^^^
    )
    ^
  File "\\192.168.86.2\Digital-Documents\Digital Stealth Care\Projects\DSC-HUB\scripts\scrape_strain_database.py", line 812, in scrape
    session.save_cookies()
    ~~~~~~~~~~~~~~~~~~~~^^
  File "\\192.168.86.2\Digital-Documents\Digital Stealth Care\Projects\DSC-HUB\scripts\scrape_strain_database.py", line 214, in save_cookies
    jar = {c.name: c.value for c in self._cffi.cookies}
           ^^^^^^
AttributeError: 'str' object has no attribute 'name'
