
=== Rollitup (rollitup) resume done=0 dump=0
  rollitup: boards after discovery n=12
  rollitup: board f/grow-journals.54/ pages=6 queue_now=79
  rollitup: board f/grow-journal-discussion.93/ pages=6 queue_now=193
  rollitup: board f/seed-and-strain-reviews.43/ pages=6 queue_now=313
  rollitup: board f/auto-flowering-strains.127/ pages=6 queue_now=430
  rollitup: board f/general-marijuana-growing.39/ pages=6 queue_now=547
  rollitup: board f/indoor-growing.49/ pages=6 queue_now=658
  rollitup: board f/outdoor-growing.48/ pages=6 queue_now=778
  rollitup: board f/grow-room-design-setup.66/ pages=6 queue_now=885
  rollitup: board f/vertical-growing.126/ pages=6 queue_now=992
  rollitup: board f/stealth-micro-cab-growing.125/ pages=6 queue_now=1105
  rollitup: board f/breeders-paradise.94/ pages=6 queue_now=1224
  rollitup: board f/seedbank-reviews.88/ pages=6 queue_now=1343
  queued threads=350
  checkpoint items=25 done=25 this_run=25 rate=0.75/s idx=25/350
  checkpoint items=50 done=51 this_run=50 rate=0.67/s idx=51/350
  checkpoint items=75 done=76 this_run=75 rate=0.51/s idx=76/350
  checkpoint items=100 done=101 this_run=100 rate=0.55/s idx=101/350
  checkpoint items=125 done=126 this_run=125 rate=0.57/s idx=126/350
  checkpoint items=150 done=151 this_run=150 rate=0.60/s idx=151/350
  checkpoint items=175 done=176 this_run=175 rate=0.62/s idx=176/350
  checkpoint items=200 done=201 this_run=200 rate=0.63/s idx=201/350
  checkpoint items=225 done=226 this_run=225 rate=0.64/s idx=226/350
  checkpoint items=250 done=251 this_run=250 rate=0.65/s idx=251/350
  checkpoint items=275 done=276 this_run=275 rate=0.65/s idx=276/350
  checkpoint items=300 done=301 this_run=300 rate=0.66/s idx=301/350
  checkpoint items=325 done=326 this_run=325 rate=0.66/s idx=326/350
  checkpoint items=349 done=350 this_run=349 rate=0.67/s idx=350/350
wrote dsc_forum_rollitup.json count=349 blockers=0
staging: {
  "family": "forum_rollitup",
  "staging_db": "\\\\192.168.86.2\\Digital-Documents\\Digital Stealth Care\\Projects\\DSC-HUB\\brain\\data\\staging\\forum_rollitup.sqlite3",
  "count": 349,
  "stats": {
    "strain_canonical": 345,
    "strain_variant": 0,
    "chemistry_profile": 0,
    "grow_trait": 0,
    "entity_link": 0,
    "attribute_kv": 2768,
    "raw_record": 349,
    "light_fixture": 0,
    "nutrient_product": 0,
    "medium_product": 0,
    "media_asset": 0,
    "followup_gap": 0,
    "schema_extension_log": 8,
    "source_record": 1
  }
}

=== SUMMARY ===
rollitup: items=349 scraped=349 queued=350 blockers=0
