  https://shop.greenhouseseeds.nl/sitemap.xml -> accepted 116
  category https://shop.greenhouseseeds.nl/feminised-cannabis-seeds/ -> +13 (total 129)
  category https://shop.greenhouseseeds.nl/feminised-cannabis-seeds/1-seed-pack/ -> +0 (total 129)
  category https://shop.greenhouseseeds.nl/feminised-cannabis-seeds/climate-zones/indoor/ -> +0 (total 129)
  category https://shop.greenhouseseeds.nl/feminised-cannabis-seeds/climate-zones/outdoor/ -> +0 (total 129)
  category https://shop.greenhouseseeds.nl/medicinal-seeds/ -> +0 (total 129)
  category https://shop.greenhouseseeds.nl/medicinal-seeds/high-thc-seeds/ -> +0 (total 129)
  category https://shop.greenhouseseeds.nl/medicinal-seeds/moderate-thc-seeds/ -> +0 (total 129)
  category https://shop.greenhouseseeds.nl/bestsellers/ -> +0 (total 129)
  category https://shop.greenhouseseeds.nl/usa/ -> +0 (total 129)
greenhouse: category crawl added 13
greenhouse: sitemap total 129 (cached dsc_strains_greenhouse.sitemap_urls.json)
greenhouse: 129 urls queued; resume done=0 dump_items=69 skipped=0
  ok #1 idx=1/129 name='Big Bang'
  ok #2 idx=2/129 name='Damn Sour'
  ok #3 idx=3/129 name='Exodus Cheese'
  greenhouse checkpoint items=80 done=20 skipped=0 this_run=20 rate=0.39/s idx=20/129
greenhouse staging: {
  "family": "bank_greenhouse",
  "staging_db": "\\\\192.168.86.2\\Digital-Documents\\Digital Stealth Care\\Projects\\DSC-HUB\\brain\\data\\staging\\bank_greenhouse.sqlite3",
  "count": 80,
  "bulk": false,
  "store_raw": true,
  "stats": {
    "strain_canonical": 70,
    "strain_variant": 70,
    "chemistry_profile": 62,
    "grow_trait": 66,
    "entity_link": 62,
    "attribute_kv": 1147,
    "raw_record": 80,
    "light_fixture": 0,
    "nutrient_product": 0,
    "medium_product": 0,
    "media_asset": 0,
    "followup_gap": 0,
    "schema_extension_log": 21,
    "source_record": 1
  }
}
  ok #25 idx=25/129 name='Chemdog'
  greenhouse checkpoint items=99 done=40 skipped=0 this_run=40 rate=0.38/s idx=40/129
  ok #50 idx=50/129 name='AlienZ'
  greenhouse checkpoint items=119 done=61 skipped=1 this_run=60 rate=0.38/s idx=61/129
  ok #75 idx=77/129 name='Hawaiian Snow x Sour Banana'
  greenhouse checkpoint items=127 done=84 skipped=4 this_run=80 rate=0.37/s idx=84/129
  ok #100 idx=104/129 name='Hawaiian Snow'
  greenhouse checkpoint items=127 done=104 skipped=4 this_run=100 rate=0.38/s idx=104/129
  greenhouse checkpoint items=127 done=124 skipped=4 this_run=120 rate=0.38/s idx=124/129
  ok #125 idx=129/129 name='White Widow'
  greenhouse checkpoint items=127 done=129 skipped=4 this_run=125 rate=0.38/s idx=129/129
wrote dsc_strains_greenhouse.json count=127 skipped=4 errors=0
greenhouse staging: {
  "family": "bank_greenhouse",
  "staging_db": "\\\\192.168.86.2\\Digital-Documents\\Digital Stealth Care\\Projects\\DSC-HUB\\brain\\data\\staging\\bank_greenhouse.sqlite3",
  "count": 127,
  "bulk": false,
  "store_raw": true,
  "stats": {
    "strain_canonical": 109,
    "strain_variant": 109,
    "chemistry_profile": 100,
    "grow_trait": 118,
    "entity_link": 100,
    "attribute_kv": 2008,
    "raw_record": 127,
    "light_fixture": 0,
    "nutrient_product": 0,
    "medium_product": 0,
    "media_asset": 0,
    "followup_gap": 0,
    "schema_extension_log": 21,
    "source_record": 1
  }
}
