partition tier_A_second_half slice=[96:192] rows=96 (tiers.A=192)
targets=16 skipped_done=0 skipped_parked=0 skipped_first_half=0
probing 16 targets…
  probe purple-city-genetics: tier=A platform=magento ok caps=['sitemap']
  probe quebec-cannabis-seeds: tier=A platform=magento ok caps=['sitemap']
  probe relic-seeds: tier=A platform=magento ok caps=['sitemap']
  probe seed-attics: tier=A platform=magento ok caps=['sitemap']
  probe sensi-seeds: tier=A platform=magento ok caps=['sitemap', 'sitemap_index']
  probe siam-seeds: tier=A platform=magento ok caps=[]
  probe silberhaze-genetics: tier=A platform=magento ok caps=['sitemap']
  probe silver-river-seeds: tier=A platform=woocommerce ok caps=['sitemap']
  probe sub-rosa-gardens: tier=A platform=magento ok caps=['sitemap']
  probe sur-genetics: tier=A platform=magento ok caps=['sitemap']
  probe teamingwithterps: tier=A platform=magento ok caps=['sitemap']
  probe the-cali-connection: tier=A platform=magento ok caps=['sitemap']
  probe the-captain: tier=A platform=woocommerce ok caps=['sitemap', 'sitemap_index']
  probe the-grass-menagerie: tier=A platform=magento ok caps=['sitemap']
  probe the-northfire: tier=A platform=magento ok caps=['sitemap']
  probe tiki-madman: tier=A platform=woocommerce ok caps=['sitemap']
=== scrape silver-river-seeds (Silver River Seeds) platform=woocommerce caps=['sitemap']
  silver-river-seeds products.json page 1 fail: HTTP Error 404: Not Found
  sitemap https://silverriverseeds.com/sitemap.xml +children -> +0 (total 0)
  sitemap https://www.silverriverseeds.com/sitemap.xml +children -> +0 (total 0)
  sitemap https://www.silverriverseeds.com/wp-sitemap-posts-product-1.xml +children -> +0 (total 0)
silver-river-seeds: sitemap/product urls=0
=== scrape the-captain (The Captain) platform=woocommerce caps=['sitemap', 'sitemap_index']
  the-captain products.json page 1 fail: HTTP Error 404: Not Found
  sitemap https://thecaptain.com/sitemap_index.xml +children -> +0 (total 0)
  sitemap https://thecaptain.com/sitemap.xml +children -> +0 (total 0)
  sitemap https://www.thecaptain.com/sitemap_index.xml +children -> +0 (total 0)
  sitemap https://www.thecaptain.com/sitemap.xml +children -> +0 (total 0)
the-captain: sitemap/product urls=0
=== scrape tiki-madman (Tiki Madman) platform=woocommerce caps=['sitemap']
  tiki-madman products.json page 1 fail: HTTP Error 404: Not Found
  sitemap https://tikimadman.com/sitemap.xml +children -> +47 (total 47)
tiki-madman: sitemap/product urls=47
  tiki-madman ok #1 '8 Mile Runtz'
  tiki-madman ok #2 'Acai Sherbert'
  tiki-madman checkpoint items=20 scraped=20 rate=0.57/s
  tiki-madman ok #25 'Lemon Cherry Icee'
  tiki-madman checkpoint items=40 scraped=40 rate=0.59/s
  tiki-madman checkpoint items=47 scraped=47 rate=0.59/s
tiki-madman staging: family=bank_tiki_madman raw=47 db=\\192.168.86.2\Digital-Documents\Digital Stealth Care\Projects\DSC-HUB\brain\data\staging\bank_tiki_madman.sqlite3
=== scrape purple-city-genetics (Purple City Genetics) platform=magento caps=['sitemap']
  purple-city-genetics products.json page 1 fail: Expecting value: line 1 column 1 (char 0)
  sitemap https://www.purplecitygenetics.com/sitemap.xml +children -> +0 (total 0)
  category https://www.purplecitygenetics.com/en/cannabis-seeds -> +1 (total 1)
purple-city-genetics: sitemap/product urls=1
  purple-city-genetics ok #1 'Seed'
  purple-city-genetics checkpoint items=1 scraped=1 rate=0.61/s
purple-city-genetics staging: family=bank_purple_city_genetics raw=1 db=\\192.168.86.2\Digital-Documents\Digital Stealth Care\Projects\DSC-HUB\brain\data\staging\bank_purple_city_genetics.sqlite3
=== scrape quebec-cannabis-seeds (Quebec Cannabis Seeds) platform=magento caps=['sitemap']
  quebec-cannabis-seeds products.json page 1 fail: HTTP Error 404: Not Found
  sitemap https://quebeccannabisseeds.com/sitemap.xml +children -> +0 (total 0)
  sitemap https://www.quebeccannabisseeds.com/sitemap.xml +children -> +0 (total 0)
quebec-cannabis-seeds: sitemap/product urls=0
=== scrape relic-seeds (Relic Seeds) platform=magento caps=['sitemap']
  relic-seeds products.json page 1 fail: HTTP Error 404: Not Found
  sitemap https://www.relicseeds.com/sitemap.xml +children -> +0 (total 0)
  sitemap https://relicseeds.com/sitemap.xml +children -> +0 (total 0)
relic-seeds: sitemap/product urls=0
=== scrape seed-attics (Seed Attics) platform=magento caps=['sitemap']
  seed-attics products.json page 1 fail: HTTP Error 404: Not Found
  sitemap https://www.seedattics.com/sitemap.xml +children -> +3 (total 3)
  sitemap https://seedattics.com/sitemap.xml +children -> +0 (total 3)
  category https://seedattics.com/shop/ -> +1 (total 4)
seed-attics: sitemap/product urls=4
  seed-attics ok #1 'Genetics — Shop'
  seed-attics ok #2 'Clothing — Shop'
  seed-attics checkpoint items=4 scraped=4 rate=0.53/s
seed-attics staging: family=bank_seed_attics raw=4 db=\\192.168.86.2\Digital-Documents\Digital Stealth Care\Projects\DSC-HUB\brain\data\staging\bank_seed_attics.sqlite3
=== scrape sensi-seeds (Sensi Seeds) platform=magento caps=['sitemap', 'sitemap_index']
  sensi-seeds products.json page 1 fail: HTTP Error 404: Not Found
  sitemap https://sensiseeds.com/sitemap_index.xml +children -> +0 (total 0)
  sitemap https://sensiseeds.com/sitemap.xml +children -> +0 (total 0)
  sitemap https://www.sensiseeds.com/sitemap_index.xml +children -> +0 (total 0)
  sitemap https://www.sensiseeds.com/sitemap.xml +children -> +0 (total 0)
  category https://sensiseeds.com/en/cannabis-seeds -> +58 (total 58)
sensi-seeds: sitemap/product urls=58
  sensi-seeds ok #1 'About Sensi Seeds'
  sensi-seeds ok #2 'Our Shops'
  sensi-seeds checkpoint items=20 scraped=20 rate=0.67/s
  sensi-seeds ok #25 'Big Bud Feminized Seeds'
  sensi-seeds checkpoint items=40 scraped=40 rate=0.75/s
  sensi-seeds ok #50 'White Widow Automatic Seeds by White Label'
  sensi-seeds checkpoint items=57 scraped=57 rate=0.78/s
sensi-seeds staging: family=bank_sensi_seeds raw=57 db=\\192.168.86.2\Digital-Documents\Digital Stealth Care\Projects\DSC-HUB\brain\data\staging\bank_sensi_seeds.sqlite3
=== scrape siam-seeds (Siam Seeds) platform=magento caps=[]
  siam-seeds products.json page 1 fail: Expecting value: line 1 column 2 (char 1)
siam-seeds: sitemap/product urls=0
=== scrape silberhaze-genetics (Silberhaze Genetics) platform=magento caps=['sitemap']
  silberhaze-genetics products.json page 1 fail: HTTP Error 404: Not Found
  sitemap https://silberhazegenetics.com/sitemap.xml +children -> +0 (total 0)
  sitemap https://www.silberhazegenetics.com/sitemap.xml +children -> +0 (total 0)
  category https://silberhazegenetics.com/seeds/ -> +2 (total 2)
  category https://www.silberhazegenetics.com/seeds/ -> +1 (total 3)
silberhaze-genetics: sitemap/product urls=3
  silberhaze-genetics ok #1 'Seeds — Silberhaze Genetics™'
  silberhaze-genetics ok #2 'Seeds — Seeds — Silberhaze Genetics™'
  silberhaze-genetics checkpoint items=3 scraped=3 rate=0.48/s
silberhaze-genetics staging: family=bank_silberhaze_genetics raw=3 db=\\192.168.86.2\Digital-Documents\Digital Stealth Care\Projects\DSC-HUB\brain\data\staging\bank_silberhaze_genetics.sqlite3
=== scrape sub-rosa-gardens (Sub Rosa Gardens) platform=magento caps=['sitemap']
  sub-rosa-gardens products.json page 1 fail: HTTP Error 404: Not Found
  sitemap https://www.subrosagardens.com/sitemap.xml +children -> +0 (total 0)
  sitemap https://subrosagardens.com/sitemap.xml +children -> +0 (total 0)
sub-rosa-gardens: sitemap/product urls=0
=== scrape sur-genetics (Sur Genetics) platform=magento caps=['sitemap']
  sur-genetics products.json page 1 fail: HTTP Error 404: Not Found
  sitemap https://sur-genetics.com/sitemap.xml +children -> +0 (total 0)
  sitemap https://www.sur-genetics.com/sitemap.xml +children -> +0 (total 0)
sur-genetics: sitemap/product urls=0
=== scrape teamingwithterps (TeamingWithTerps) platform=magento caps=['sitemap']
  teamingwithterps products.json page 1 fail: HTTP Error 404: Not Found
  sitemap https://www.teamingwithterps.com/sitemap.xml +children -> +0 (total 0)
  sitemap https://teamingwithterps.com/sitemap.xml +children -> +0 (total 0)
teamingwithterps: sitemap/product urls=0
=== scrape the-cali-connection (The Cali Connection) platform=magento caps=['sitemap']
  the-cali-connection products.json page 1 fail: HTTP Error 404: Not Found
  sitemap https://thecaliconnection.com/sitemap.xml +children -> +0 (total 0)
  sitemap https://www.thecaliconnection.com/sitemap.xml +children -> +0 (total 0)
  category https://thecaliconnection.com/shop/ -> +1 (total 1)
  category https://www.thecaliconnection.com/shop/ -> +1 (total 2)
the-cali-connection: sitemap/product urls=2
  the-cali-connection ok #1 'Cali Connection Seeds'
  the-cali-connection ok #2 'Cali Connection Seeds'
  the-cali-connection checkpoint items=2 scraped=2 rate=1.65/s
the-cali-connection staging: family=bank_the_cali_connection raw=2 db=\\192.168.86.2\Digital-Documents\Digital Stealth Care\Projects\DSC-HUB\brain\data\staging\bank_the_cali_connection.sqlite3
=== scrape the-grass-menagerie (The Grass Menagerie) platform=magento caps=['sitemap']
  the-grass-menagerie products.json page 1 fail: HTTP Error 404: Not Found
  sitemap https://thegrassmenagerie.org/sitemap.xml +children -> +0 (total 0)
  sitemap https://www.thegrassmenagerie.org/sitemap.xml +children -> +0 (total 0)
the-grass-menagerie: sitemap/product urls=0
=== scrape the-northfire (The Northfire) platform=magento caps=['sitemap']
  the-northfire products.json page 1 fail: HTTP Error 404: Not Found
  sitemap https://www.thenorthfireclothing.store/sitemap.xml +children -> +7 (total 7)
  sitemap https://thenorthfireclothing.store/sitemap.xml +children -> +0 (total 7)
the-northfire: sitemap/product urls=7
  the-northfire checkpoint items=0 scraped=0 rate=0.00/s
  the-northfire checkpoint items=0 scraped=0 rate=0.00/s
  the-northfire checkpoint items=0 scraped=0 rate=0.00/s
  the-northfire checkpoint items=0 scraped=0 rate=0.00/s
  the-northfire checkpoint items=0 scraped=0 rate=0.00/s
  the-northfire checkpoint items=0 scraped=0 rate=0.00/s
  the-northfire checkpoint items=0 scraped=0 rate=0.00/s
DONE ok=6 empty=10 err=0 items=114 skipped_dead=0
  OK tiki-madman: 47 (sitemap_pdp)
  OK purple-city-genetics: 1 (sitemap_pdp)
  OK seed-attics: 4 (sitemap_pdp)
  OK sensi-seeds: 57 (sitemap_pdp)
  OK silberhaze-genetics: 3 (sitemap_pdp)
  OK the-cali-connection: 2 (sitemap_pdp)
