partition tier_A_second_half slice=[96:192] rows=96 (tiers.A=192)
targets=16 skipped_done=0 skipped_parked=0 skipped_first_half=0
probing 16 targets…
  probe hoku-seed-co: tier=A platform=magento ok caps=['sitemap']
  probe honey-pot-genetics: tier=A platform=shopify ok caps=['shopify_json', 'sitemap']
  probe hortilab: tier=A platform=shopify ok caps=['shopify_json', 'sitemap']
  probe humboldt-seed-company: tier=A platform=magento ok caps=['sitemap', 'sitemap_index']
  probe hybrid-department: tier=A platform=magento ok caps=['sitemap']
  probe irie-genetics: tier=A platform=woocommerce ok caps=['sitemap']
  probe jah-seeds: tier=A platform=magento ok caps=['sitemap', 'sitemap_index', 'shopify_sitemap']
  probe jungle-boys: tier=A platform=magento ok caps=['sitemap']
  probe jym-seeds: tier=A platform=magento ok caps=['sitemap']
  probe kalashnikov-seeds: tier=A platform=magento ok caps=['sitemap']
  probe krumme-gurken: tier=C platform=shopify bot_wall caps=['product_json', 'sitemap_xml']
  probe la-chanvriere: tier=A platform=woocommerce ok caps=['sitemap']
  probe la-devils-lettuce: tier=A platform=woocommerce ok caps=['sitemap']
  probe la-maga: tier=A platform=magento ok caps=[]
  probe liberty-seeds: tier=A platform=magento ok caps=['sitemap']
  probe lovin-in-her-eyes: tier=A platform=woocommerce ok caps=['sitemap']
=== scrape honey-pot-genetics (Honey Pot Genetics) platform=shopify caps=['shopify_json', 'sitemap']
honey-pot-genetics staging: family=bank_honey_pot_genetics raw=4 db=\\192.168.86.2\Digital-Documents\Digital Stealth Care\Projects\DSC-HUB\brain\data\staging\bank_honey_pot_genetics.sqlite3
=== scrape hortilab (HortiLab) platform=shopify caps=['shopify_json', 'sitemap']
hortilab staging: family=bank_hortilab raw=16 db=\\192.168.86.2\Digital-Documents\Digital Stealth Care\Projects\DSC-HUB\brain\data\staging\bank_hortilab.sqlite3
=== scrape irie-genetics (Irie Genetics) platform=woocommerce caps=['sitemap']
  irie-genetics products.json page 1 fail: HTTP Error 404: Not Found
  sitemap https://iriegenetics.com/sitemap.xml +children -> +0 (total 0)
  sitemap https://www.iriegenetics.com/sitemap.xml +children -> +0 (total 0)
irie-genetics: sitemap/product urls=0
=== scrape la-chanvriere (La Chanvriere) platform=woocommerce caps=['sitemap']
  la-chanvriere products.json page 1 fail: HTTP Error 404: Not Found
  sitemap https://www.lachanvriere.com/sitemap.xml +children -> +17 (total 17)
  sitemap https://lachanvriere.com/sitemap.xml +children -> +0 (total 17)
  sitemap https://lachanvriere.com/wp-sitemap-posts-product-1.xml +children -> +0 (total 17)
la-chanvriere: sitemap/product urls=17
la-chanvriere staging: family=bank_la_chanvriere raw=17 db=\\192.168.86.2\Digital-Documents\Digital Stealth Care\Projects\DSC-HUB\brain\data\staging\bank_la_chanvriere.sqlite3
=== scrape la-devils-lettuce (La Devils Lettuce) platform=woocommerce caps=['sitemap']
  la-devils-lettuce products.json page 1 fail: HTTP Error 404: Not Found
  sitemap https://ladevilslettuce.com/sitemap.xml +children -> +11 (total 11)
  sitemap https://ladevilslettuce.com/media/sitemap/sitemap.xml +children -> +0 (total 11)
  sitemap https://ladevilslettuce.com/pub/media/sitemap/sitemap.xml +children -> +0 (total 11)
  sitemap https://www.ladevilslettuce.com/sitemap.xml +children -> +0 (total 11)
  sitemap https://www.ladevilslettuce.com/wp-sitemap-posts-product-1.xml +children -> +0 (total 11)
  sitemap https://www.ladevilslettuce.com/media/sitemap/sitemap.xml +children -> +0 (total 11)
  sitemap https://www.ladevilslettuce.com/pub/media/sitemap/sitemap.xml +children -> +0 (total 11)
la-devils-lettuce: sitemap/product urls=11
la-devils-lettuce staging: family=bank_la_devils_lettuce raw=11 db=\\192.168.86.2\Digital-Documents\Digital Stealth Care\Projects\DSC-HUB\brain\data\staging\bank_la_devils_lettuce.sqlite3
=== scrape lovin-in-her-eyes (Lovin' in Her Eyes) platform=woocommerce caps=['sitemap']
  lovin-in-her-eyes products.json page 1 fail: HTTP Error 404: Not Found
  sitemap https://lovininhereyes.com/sitemap.xml +children -> +28 (total 28)
lovin-in-her-eyes: sitemap/product urls=28
lovin-in-her-eyes staging: family=bank_lovin_in_her_eyes raw=24 db=\\192.168.86.2\Digital-Documents\Digital Stealth Care\Projects\DSC-HUB\brain\data\staging\bank_lovin_in_her_eyes.sqlite3
=== scrape hoku-seed-co (Hoku Seed Co) platform=magento caps=['sitemap']
  hoku-seed-co products.json page 1 fail: HTTP Error 404: Not Found
  sitemap https://hokuseedco.com/sitemap.xml +children -> +0 (total 0)
  sitemap https://www.hokuseedco.com/sitemap.xml +children -> +0 (total 0)
hoku-seed-co: sitemap/product urls=0
=== scrape humboldt-seed-company (Humboldt Seed Company) platform=magento caps=['sitemap', 'sitemap_index']
  humboldt-seed-company products.json page 1 fail: HTTP Error 404: Not Found
  sitemap https://humboldtseedcompany.com/sitemap_index.xml +children -> +0 (total 0)
  sitemap https://humboldtseedcompany.com/sitemap.xml +children -> +0 (total 0)
  sitemap https://www.humboldtseedcompany.com/sitemap_index.xml +children -> +0 (total 0)
  category https://humboldtseedcompany.com/en/cannabis-seeds -> +44 (total 44)
humboldt-seed-company: sitemap/product urls=44
  humboldt-seed-company ok #1 'All Gas OG Autoflower Seeds'
  humboldt-seed-company ok #2 'Apple Blossom Autoflower Seeds'
  humboldt-seed-company checkpoint items=20 scraped=20 rate=0.74/s
  humboldt-seed-company ok #25 '12 Best Indica Seeds For Your Garden'
  humboldt-seed-company checkpoint items=40 scraped=40 rate=0.75/s
  humboldt-seed-company checkpoint items=44 scraped=44 rate=0.74/s
humboldt-seed-company staging: family=bank_humboldt_seed_company raw=44 db=\\192.168.86.2\Digital-Documents\Digital Stealth Care\Projects\DSC-HUB\brain\data\staging\bank_humboldt_seed_company.sqlite3
=== scrape hybrid-department (Hybrid Department) platform=magento caps=['sitemap']
  hybrid-department products.json page 1 fail: HTTP Error 404: Not Found
  sitemap https://hybrid-department.com/sitemap.xml +children -> +0 (total 0)
  sitemap https://www.hybrid-department.com/sitemap.xml +children -> +0 (total 0)
  category https://hybrid-department.com/shop/ -> +7 (total 7)
  category https://www.hybrid-department.com/shop/ -> +7 (total 14)
hybrid-department: sitemap/product urls=14
  hybrid-department ok #1 'CBD naturel vs synthèse : un déséquilibre réglementaire'
  hybrid-department ok #2 'Faut'
  hybrid-department checkpoint items=14 scraped=14 rate=0.89/s
hybrid-department staging: family=bank_hybrid_department raw=14 db=\\192.168.86.2\Digital-Documents\Digital Stealth Care\Projects\DSC-HUB\brain\data\staging\bank_hybrid_department.sqlite3
=== scrape jah-seeds (Jah Seeds) platform=magento caps=['shopify_sitemap', 'sitemap', 'sitemap_index']
  jah-seeds products.json page 1 fail: HTTP Error 404: Not Found
  sitemap https://jahseeds.ua/sitemap_index.xml +children -> +0 (total 0)
  sitemap https://jahseeds.ua/sitemap.xml +children -> +0 (total 0)
  sitemap https://jahseeds.ua/sitemap_products_1.xml +children -> +0 (total 0)
  sitemap https://www.jahseeds.ua/sitemap_index.xml +children -> +0 (total 0)
  sitemap https://www.jahseeds.ua/sitemap.xml +children -> +0 (total 0)
  sitemap https://www.jahseeds.ua/sitemap_products_1.xml +children -> +0 (total 0)
jah-seeds: sitemap/product urls=0
=== scrape jungle-boys (Jungle Boys) platform=magento caps=['sitemap']
  jungle-boys products.json page 1 fail: HTTP Error 404: Not Found
  sitemap https://www.jungleboys.com/sitemap.xml +children -> +0 (total 0)
  sitemap https://jungleboys.com/sitemap.xml +children -> +0 (total 0)
jungle-boys: sitemap/product urls=0
=== scrape jym-seeds (JYM Seeds) platform=magento caps=['sitemap']
  jym-seeds products.json page 1 fail: HTTP Error 404: Not Found
  sitemap https://www.jymseeds.com/sitemap.xml +children -> +0 (total 0)
  sitemap https://jymseeds.com/sitemap.xml +children -> +0 (total 0)
jym-seeds: sitemap/product urls=0
=== scrape kalashnikov-seeds (Kalashnikov Seeds) platform=magento caps=['sitemap']
  kalashnikov-seeds products.json page 1 fail: HTTP Error 404: Not Found
  sitemap https://www.kalashnikov-seeds.com/sitemap.xml +children -> +0 (total 0)
  category https://www.kalashnikov-seeds.com/shop/ -> +1 (total 1)
kalashnikov-seeds: sitemap/product urls=1
  kalashnikov-seeds ok #1 'Kalashnikov seeds — Kalashnikov Seeds'
  kalashnikov-seeds checkpoint items=1 scraped=1 rate=0.23/s
kalashnikov-seeds staging: family=bank_kalashnikov_seeds raw=1 db=\\192.168.86.2\Digital-Documents\Digital Stealth Care\Projects\DSC-HUB\brain\data\staging\bank_kalashnikov_seeds.sqlite3
=== scrape la-maga (La Maga) platform=magento caps=[]
  la-maga products.json page 1 fail: Expecting value: line 1 column 1 (char 0)
la-maga: sitemap/product urls=0
=== scrape liberty-seeds (Liberty Seeds) platform=magento caps=['sitemap']
  liberty-seeds products.json page 1 fail: Expecting value: line 1 column 1 (char 0)
  sitemap https://libertyseeds.com/sitemap.xml +children -> +0 (total 0)
  sitemap https://www.libertyseeds.com/sitemap.xml +children -> +0 (total 0)
  category https://libertyseeds.com/shop/ -> +1 (total 1)
  category https://www.libertyseeds.com/shop/ -> +1 (total 2)
liberty-seeds: sitemap/product urls=2
  liberty-seeds ok #1 'Sample Pack'
  liberty-seeds ok #2 'Sample Pack'
  liberty-seeds checkpoint items=2 scraped=2 rate=0.90/s
liberty-seeds staging: family=bank_liberty_seeds raw=2 db=\\192.168.86.2\Digital-Documents\Digital Stealth Care\Projects\DSC-HUB\brain\data\staging\bank_liberty_seeds.sqlite3
DONE ok=9 empty=6 err=0 items=133 skipped_dead=1
  OK honey-pot-genetics: 4 (shopify_products_json)
  OK hortilab: 16 (shopify_products_json)
  OK la-chanvriere: 17 (sitemap_pdp)
  OK la-devils-lettuce: 11 (sitemap_pdp)
  OK lovin-in-her-eyes: 24 (sitemap_pdp)
  OK humboldt-seed-company: 44 (sitemap_pdp)
  OK hybrid-department: 14 (sitemap_pdp)
  OK kalashnikov-seeds: 1 (sitemap_pdp)
  OK liberty-seeds: 2 (sitemap_pdp)
