partition tier_A_second_half slice=[96:192] rows=96 (tiers.A=192)
targets=32 skipped_done=0 skipped_parked=0 skipped_first_half=0
probing 32 targets…
  probe phat-panda: tier=A platform=magento ok caps=['sitemap']
  probe pheno-finder-seeds: tier=A platform=woocommerce ok caps=['sitemap']
  probe pheno-hound-genetics: tier=A platform=magento ok caps=['sitemap']
  probe pinehurst: tier=A platform=magento ok caps=['sitemap', 'sitemap_index']
  probe pnw-cultivar: tier=A platform=magento ok caps=['sitemap']
  probe precursor-genetics: tier=A platform=magento ok caps=['sitemap', 'wc_product_sitemap']
  probe pure-instinto: tier=A platform=woocommerce ok caps=['sitemap']
  probe purple-city-genetics: tier=A platform=magento ok caps=['sitemap']
  probe quebec-cannabis-seeds: tier=A platform=magento ok caps=['sitemap']
  probe relic-seeds: tier=A platform=magento ok caps=['sitemap']
  probe seed-attics: tier=A platform=magento ok caps=['sitemap']
  probe sensi-seeds: tier=A platform=magento ok caps=['sitemap', 'sitemap_index']
  probe shuga-seeds: tier=A platform=woocommerce ok caps=['sitemap']
  probe siam-seeds: tier=A platform=magento ok caps=[]
  probe silberhaze-genetics: tier=A platform=magento ok caps=['sitemap']
  probe silver-river-seeds: tier=A platform=woocommerce ok caps=['sitemap']
  probe sub-rosa-gardens: tier=A platform=magento ok caps=['sitemap']
  probe sur-genetics: tier=A platform=magento ok caps=['sitemap']
  probe swordzman: tier=A platform=woocommerce ok caps=['sitemap']
  probe teamingwithterps: tier=A platform=magento ok caps=['sitemap']
  probe terp-hogz: tier=A platform=woocommerce ok caps=['sitemap']
  probe the-cali-connection: tier=A platform=magento ok caps=['sitemap']
  probe the-captain: tier=A platform=woocommerce ok caps=['sitemap', 'sitemap_index']
  probe the-grass-menagerie: tier=A platform=magento ok caps=['sitemap']
  probe the-northfire: tier=A platform=magento ok caps=['sitemap']
  probe the-real-seed-company: tier=A platform=woocommerce ok caps=['sitemap']
  probe tiki-madman: tier=A platform=woocommerce ok caps=['sitemap']
  probe trich-house: tier=A platform=shopify ok caps=['shopify_json', 'sitemap']
  probe twisty-seeds: tier=A platform=woocommerce ok caps=['sitemap']
  probe underworld-genetix: tier=A platform=magento ok caps=['sitemap']
  probe united-seedbanks: tier=A platform=magento ok caps=['sitemap']
  probe useful-seeds: tier=A platform=woocommerce ok caps=['sitemap']
=== scrape trich-house (Trich House) platform=shopify caps=['shopify_json', 'sitemap']
trich-house staging: family=bank_trich_house raw=64 db=\\192.168.86.2\Digital-Documents\Digital Stealth Care\Projects\DSC-HUB\brain\data\staging\bank_trich_house.sqlite3
=== scrape pheno-finder-seeds (Pheno Finder Seeds) platform=woocommerce caps=['sitemap']
  pheno-finder-seeds products.json page 1 fail: HTTP Error 404: Not Found
  sitemap https://phenofinderseeds.com/sitemap.xml +children -> +42 (total 42)
pheno-finder-seeds: sitemap/product urls=42
  pheno-finder-seeds ok #1 'After Eighths'
  pheno-finder-seeds ok #2 'Auto Fruity Kuntz'
  pheno-finder-seeds checkpoint items=20 scraped=20 rate=0.40/s
  pheno-finder-seeds ok #25 'Mac 11'
  pheno-finder-seeds checkpoint items=40 scraped=40 rate=0.40/s
  pheno-finder-seeds checkpoint items=42 scraped=42 rate=0.40/s
pheno-finder-seeds staging: family=bank_pheno_finder_seeds raw=42 db=\\192.168.86.2\Digital-Documents\Digital Stealth Care\Projects\DSC-HUB\brain\data\staging\bank_pheno_finder_seeds.sqlite3
=== scrape precursor-genetics (Precursor Genetics) platform=magento caps=['sitemap', 'wc_product_sitemap']
  precursor-genetics products.json page 1 fail: HTTP Error 404: Not Found
  sitemap https://precursorgenetics.com/product-sitemap.xml +children -> +0 (total 0)
  sitemap https://precursorgenetics.com/sitemap.xml +children -> +0 (total 0)
  sitemap https://precursorgenetics.com/media/sitemap/sitemap.xml +children -> +0 (total 0)
  sitemap https://precursorgenetics.com/pub/media/sitemap/sitemap.xml +children -> +0 (total 0)
  sitemap https://www.precursorgenetics.com/sitemap.xml +children -> +0 (total 0)
  sitemap https://www.precursorgenetics.com/media/sitemap/sitemap.xml +children -> +0 (total 0)
  sitemap https://www.precursorgenetics.com/pub/media/sitemap/sitemap.xml +children -> +0 (total 0)
precursor-genetics: sitemap/product urls=0
=== scrape pure-instinto (Pure Instinto) platform=woocommerce caps=['sitemap']
  pure-instinto products.json page 1 fail: HTTP Error 404: Not Found
  sitemap https://pureinstinto.com/sitemap.xml +children -> +79 (total 79)
pure-instinto: sitemap/product urls=79
  pure-instinto ok #1 'Aca-Dos Delight Feminized Cannabis Seeds - Exotic Line'
  pure-instinto ok #2 'Alien Snack AUTO - Autoflowering Cannabis Seeds - USA line'
  pure-instinto checkpoint items=20 scraped=20 rate=0.33/s
  pure-instinto ok #25 'Kushido - Feminized Cannabis Seeds - Yuzuza Line'
  pure-instinto checkpoint items=40 scraped=40 rate=0.30/s
  pure-instinto checkpoint items=40 scraped=40 rate=0.29/s
  pure-instinto ok #50 'Spooky OG Feminized Cannabis Seeds'
  pure-instinto checkpoint items=60 scraped=60 rate=0.29/s
pure-instinto staging: family=bank_pure_instinto raw=60 db=\\192.168.86.2\Digital-Documents\Digital Stealth Care\Projects\DSC-HUB\brain\data\staging\bank_pure_instinto.sqlite3
  pure-instinto checkpoint items=62 scraped=62 rate=0.29/s
pure-instinto staging: family=bank_pure_instinto raw=62 db=\\192.168.86.2\Digital-Documents\Digital Stealth Care\Projects\DSC-HUB\brain\data\staging\bank_pure_instinto.sqlite3
=== scrape shuga-seeds (Shuga Seeds) platform=woocommerce caps=['sitemap']
  shuga-seeds products.json page 1 fail: HTTP Error 404: Not Found
  sitemap https://shugaseeds.com/sitemap.xml +children -> +0 (total 0)
  sitemap https://www.shugaseeds.com/sitemap.xml +children -> +0 (total 0)
  sitemap https://www.shugaseeds.com/wp-sitemap-posts-product-1.xml +children -> +0 (total 0)
  category https://shugaseeds.com/shop/ -> +20 (total 20)
  category https://shugaseeds.com/en/shop/ -> +20 (total 40)
shuga-seeds: sitemap/product urls=40
  shuga-seeds ok #1 'BLUE RANDYLOSA'
  shuga-seeds ok #2 'CROMO'
  shuga-seeds checkpoint items=20 scraped=20 rate=0.19/s
  shuga-seeds ok #25 'DORAYAKI'
  shuga-seeds checkpoint items=40 scraped=40 rate=0.19/s
shuga-seeds staging: family=bank_shuga_seeds raw=40 db=\\192.168.86.2\Digital-Documents\Digital Stealth Care\Projects\DSC-HUB\brain\data\staging\bank_shuga_seeds.sqlite3
=== scrape silver-river-seeds (Silver River Seeds) platform=woocommerce caps=['sitemap']
  silver-river-seeds products.json page 1 fail: HTTP Error 404: Not Found
  sitemap https://silverriverseeds.com/sitemap.xml +children -> +0 (total 0)
  sitemap https://www.silverriverseeds.com/sitemap.xml +children -> +0 (total 0)
  sitemap https://www.silverriverseeds.com/wp-sitemap-posts-product-1.xml +children -> +0 (total 0)
silver-river-seeds: sitemap/product urls=0
=== scrape swordzman (Swordzman) platform=woocommerce caps=['sitemap']
  swordzman products.json page 1 fail: HTTP Error 404: Not Found
  sitemap https://swordzman.com/sitemap.xml +children -> +48 (total 48)
swordzman: sitemap/product urls=48
  swordzman ok #1 '92 OG × Verde Cake'
  swordzman ok #2 'Banana G × Grape Moon Pop'
  swordzman checkpoint items=20 scraped=20 rate=0.97/s
  swordzman ok #25 'Pixie Peach (Grape Gas × Peach Ringz × OZK) × Berry Pop'
  swordzman checkpoint items=40 scraped=40 rate=0.87/s
  swordzman checkpoint items=46 scraped=46 rate=0.88/s
swordzman staging: family=bank_swordzman raw=46 db=\\192.168.86.2\Digital-Documents\Digital Stealth Care\Projects\DSC-HUB\brain\data\staging\bank_swordzman.sqlite3
=== scrape terp-hogz (Terp Hogz) platform=woocommerce caps=['sitemap']
  terp-hogz products.json page 1 fail: HTTP Error 404: Not Found
  sitemap https://terphogz.com/sitemap.xml +children -> +111 (total 111)
terp-hogz: sitemap/product urls=111
  terp-hogz checkpoint items=0 scraped=0 rate=0.00/s
  terp-hogz ok #1 'The Azucar - Regular'
  terp-hogz ok #2 'Banana Pi’nana Z'
  terp-hogz fail https://terphogz.com/product/cakez-regular: HTTP 502 for https://terphogz.com/product/cakez-regular
  terp-hogz fail https://terphogz.com/product/clemonadez-regular: HTTP 502 for https://terphogz.com/product/clemonadez-regular
  terp-hogz fail https://terphogz.com/product/creamiez-feminized: HTTP 502 for https://terphogz.com/product/creamiez-feminized
  terp-hogz checkpoint items=20 scraped=20 rate=0.19/s
  terp-hogz ok #25 'Grape-Z - Feminized'
  terp-hogz checkpoint items=40 scraped=40 rate=0.20/s
  terp-hogz ok #50 'Red Zushi Sundae - Feminized'
