partition tier_A_second_half slice=[96:192] rows=96 (tiers.A=192)
targets=31 skipped_done=0 skipped_parked=0 skipped_first_half=0
probing 31 targets…
  probe hoku-seed-co: tier=A platform=magento ok caps=['sitemap']
  probe honey-pot-genetics: tier=A platform=shopify ok caps=['shopify_json', 'sitemap']
  probe hortilab: tier=A platform=shopify ok caps=['shopify_json', 'sitemap']
  probe humboldt-seed-company: tier=A platform=magento ok caps=['sitemap', 'sitemap_index']
  probe hybrid-department: tier=A platform=magento ok caps=['sitemap']
  probe hyp3rids: tier=A platform=woocommerce ok caps=['sitemap']
  probe irie-genetics: tier=A platform=woocommerce ok caps=['sitemap']
  probe jah-seeds: tier=A platform=magento ok caps=['sitemap', 'sitemap_index', 'shopify_sitemap']
  probe jungle-boys: tier=A platform=magento ok caps=['sitemap']
  probe jym-seeds: tier=A platform=magento ok caps=['sitemap']
  probe kalashnikov-seeds: tier=A platform=magento ok caps=['sitemap']
  probe krumme-gurken: tier=C platform=shopify bot_wall caps=['product_json', 'sitemap_xml']
  probe la-chanvriere: tier=A platform=woocommerce ok caps=['sitemap']
  probe la-devils-lettuce: tier=A platform=woocommerce ok caps=['sitemap']
  probe la-maga: tier=A platform=magento ok caps=[]
  probe liberty-seeds: tier=A platform=magento ok caps=['sitemap']
  probe light-seeker-seeds: tier=A platform=shopify ok caps=['shopify_json', 'sitemap']
  probe lovin-in-her-eyes: tier=A platform=woocommerce ok caps=['sitemap']
  probe makka-seeds: tier=A platform=woocommerce ok caps=['sitemap']
  probe mendo-dope-farms: tier=A platform=magento ok caps=['sitemap']
  probe meraki-genetics: tier=A platform=shopify ok caps=['shopify_json', 'sitemap']
  probe mgb-worldwide: tier=A platform=magento ok caps=['sitemap']
  probe microgenetica: tier=A platform=magento ok caps=['sitemap']
  probe nation-of-kamas: tier=A platform=shopify ok caps=['shopify_json', 'sitemap']
  probe natural-genetics-seeds: tier=A platform=woocommerce ok caps=['sitemap']
  probe nectar-seeds: tier=A platform=magento ok caps=['sitemap']
  probe next-generation-seed-company: tier=A platform=woocommerce ok caps=['sitemap']
  probe norden-seeds: tier=A platform=woocommerce ok caps=['sitemap']
  probe norstar-genetics: tier=A platform=woocommerce ok caps=['sitemap']
  probe ocean-grown-seeds: tier=A platform=magento ok caps=['sitemap']
  probe octo-genetica: tier=A platform=woocommerce ok caps=['sitemap']
=== scrape honey-pot-genetics (Honey Pot Genetics) platform=shopify caps=['shopify_json', 'sitemap']
honey-pot-genetics staging: family=bank_honey_pot_genetics raw=4 db=\\192.168.86.2\Digital-Documents\Digital Stealth Care\Projects\DSC-HUB\brain\data\staging\bank_honey_pot_genetics.sqlite3
=== scrape hortilab (HortiLab) platform=shopify caps=['shopify_json', 'sitemap']
hortilab staging: family=bank_hortilab raw=16 db=\\192.168.86.2\Digital-Documents\Digital Stealth Care\Projects\DSC-HUB\brain\data\staging\bank_hortilab.sqlite3
=== scrape light-seeker-seeds (Light Seeker Seeds) platform=shopify caps=['shopify_json', 'sitemap']
light-seeker-seeds staging: family=bank_light_seeker_seeds raw=33 db=\\192.168.86.2\Digital-Documents\Digital Stealth Care\Projects\DSC-HUB\brain\data\staging\bank_light_seeker_seeds.sqlite3
=== scrape meraki-genetics (Meraki Genetics) platform=shopify caps=['shopify_json', 'sitemap']
meraki-genetics staging: family=bank_meraki_genetics raw=183 db=\\192.168.86.2\Digital-Documents\Digital Stealth Care\Projects\DSC-HUB\brain\data\staging\bank_meraki_genetics.sqlite3
=== scrape nation-of-kamas (Nation Of Kamas) platform=shopify caps=['shopify_json', 'sitemap']
nation-of-kamas staging: family=bank_nation_of_kamas raw=2 db=\\192.168.86.2\Digital-Documents\Digital Stealth Care\Projects\DSC-HUB\brain\data\staging\bank_nation_of_kamas.sqlite3
=== scrape hyp3rids (Hyp3rids) platform=woocommerce caps=['sitemap']
  hyp3rids products.json page 1 fail: HTTP Error 404: Not Found
  sitemap https://hyp3rids.com/sitemap.xml +children -> +67 (total 67)
hyp3rids: sitemap/product urls=67
  hyp3rids ok #1 'ACE OF HAZE'
  hyp3rids ok #2 'APAC KAHUNA'
  hyp3rids checkpoint items=20 scraped=20 rate=0.46/s
  hyp3rids ok #25 'HEIRLOOM PURPLE AFGHAN KUSH IBL'
  hyp3rids checkpoint items=40 scraped=40 rate=0.46/s
  hyp3rids ok #50 'RED II'
  hyp3rids checkpoint items=60 scraped=60 rate=0.46/s
hyp3rids staging: family=bank_hyp3rids raw=60 db=\\192.168.86.2\Digital-Documents\Digital Stealth Care\Projects\DSC-HUB\brain\data\staging\bank_hyp3rids.sqlite3
  hyp3rids checkpoint items=67 scraped=67 rate=0.45/s
hyp3rids staging: family=bank_hyp3rids raw=67 db=\\192.168.86.2\Digital-Documents\Digital Stealth Care\Projects\DSC-HUB\brain\data\staging\bank_hyp3rids.sqlite3
=== scrape irie-genetics (Irie Genetics) platform=woocommerce caps=['sitemap']
  irie-genetics products.json page 1 fail: HTTP Error 404: Not Found
  sitemap https://iriegenetics.com/sitemap.xml +children -> +0 (total 0)
  sitemap https://www.iriegenetics.com/sitemap.xml +children -> +0 (total 0)
irie-genetics: sitemap/product urls=0
=== scrape la-chanvriere (La Chanvriere) platform=woocommerce caps=['sitemap']
  la-chanvriere products.json page 1 fail: HTTP Error 404: Not Found
  sitemap https://www.lachanvriere.com/sitemap.xml +children -> +17 (total 17)
  sitemap https://lachanvriere.com/sitemap.xml +children -> +0 (total 17)
  sitemap https://lachanvriere.com/wp-sitemap-posts-product-1.xml +children -> +0 (total 17)
la-chanvriere: sitemap/product urls=17
  la-chanvriere ok #1 'AUBIZOO 3kg'
  la-chanvriere ok #2 'BAUME CORPS CHANVRE certifié BIO 150 ML'
  la-chanvriere checkpoint items=17 scraped=17 rate=0.15/s
la-chanvriere staging: family=bank_la_chanvriere raw=17 db=\\192.168.86.2\Digital-Documents\Digital Stealth Care\Projects\DSC-HUB\brain\data\staging\bank_la_chanvriere.sqlite3
=== scrape la-devils-lettuce (La Devils Lettuce) platform=woocommerce caps=['sitemap']
  la-devils-lettuce products.json page 1 fail: HTTP Error 404: Not Found
  sitemap https://ladevilslettuce.com/sitemap.xml +children -> +11 (total 11)
  sitemap https://ladevilslettuce.com/media/sitemap/sitemap.xml +children -> +0 (total 11)
  sitemap https://ladevilslettuce.com/pub/media/sitemap/sitemap.xml +children -> +0 (total 11)
  sitemap https://www.ladevilslettuce.com/sitemap.xml +children -> +0 (total 11)
  sitemap https://www.ladevilslettuce.com/wp-sitemap-posts-product-1.xml +children -> +0 (total 11)
  sitemap https://www.ladevilslettuce.com/media/sitemap/sitemap.xml +children -> +0 (total 11)
  sitemap https://www.ladevilslettuce.com/pub/media/sitemap/sitemap.xml +children -> +0 (total 11)
la-devils-lettuce: sitemap/product urls=11
  la-devils-lettuce ok #1 'Kona Cake OG'
  la-devils-lettuce ok #2 'Mac de Pina'
  la-devils-lettuce checkpoint items=11 scraped=11 rate=0.27/s
la-devils-lettuce staging: family=bank_la_devils_lettuce raw=11 db=\\192.168.86.2\Digital-Documents\Digital Stealth Care\Projects\DSC-HUB\brain\data\staging\bank_la_devils_lettuce.sqlite3
=== scrape lovin-in-her-eyes (Lovin' in Her Eyes) platform=woocommerce caps=['sitemap']
  lovin-in-her-eyes products.json page 1 fail: HTTP Error 404: Not Found
  sitemap https://lovininhereyes.com/sitemap.xml +children -> +28 (total 28)
lovin-in-her-eyes: sitemap/product urls=28
  lovin-in-her-eyes ok #1 'Atomic Renegade'
  lovin-in-her-eyes ok #2 'Berry Taboo'
  lovin-in-her-eyes checkpoint items=20 scraped=20 rate=0.26/s
  lovin-in-her-eyes checkpoint items=24 scraped=24 rate=0.27/s
lovin-in-her-eyes staging: family=bank_lovin_in_her_eyes raw=24 db=\\192.168.86.2\Digital-Documents\Digital Stealth Care\Projects\DSC-HUB\brain\data\staging\bank_lovin_in_her_eyes.sqlite3
=== scrape makka-seeds (Makka Seeds) platform=woocommerce caps=['sitemap']
  makka-seeds products.json page 1 fail: HTTP Error 404: Not Found
  sitemap https://makkaseeds.com/sitemap.xml +children -> +0 (total 0)
  sitemap https://www.makkaseeds.com/sitemap.xml +children -> +0 (total 0)
  category https://makkaseeds.com/shop/ -> +6 (total 6)
makka-seeds: sitemap/product urls=6
  makka-seeds checkpoint items=0 scraped=0 rate=0.00/s
  makka-seeds ok #1 'Ricas en CBD'
  makka-seeds ok #2 'Semillas Feminizadas'
  makka-seeds checkpoint items=5 scraped=5 rate=0.11/s
makka-seeds staging: family=bank_makka_seeds raw=5 db=\\192.168.86.2\Digital-Documents\Digital Stealth Care\Projects\DSC-HUB\brain\data\staging\bank_makka_seeds.sqlite3
=== scrape natural-genetics-seeds (Natural Genetics Seeds) platform=woocommerce caps=['sitemap']
  natural-genetics-seeds products.json page 1 fail: Expecting value: line 1 column 1 (char 0)
  sitemap http://naturalgeneticsseeds.com/sitemap.xml +children -> +0 (total 0)
  sitemap http://naturalgeneticsseeds.com/wp-sitemap-posts-product-1.xml +children -> +0 (total 0)
  sitemap http://www.naturalgeneticsseeds.com/sitemap.xml +children -> +0 (total 0)
  sitemap http://www.naturalgeneticsseeds.com/wp-sitemap-posts-product-1.xml +children -> +0 (total 0)
natural-genetics-seeds: sitemap/product urls=0
=== scrape next-generation-seed-company (Next Generation Seed Company) platform=woocommerce caps=['sitemap']
  next-generation-seed-company products.json page 1 fail: HTTP Error 404: Not Found
  sitemap https://nextgenerationseedcompany.com/sitemap.xml +children -> +68 (total 68)
next-generation-seed-company: sitemap/product urls=68
  next-generation-seed-company ok #1 'Critical Magic'
  next-generation-seed-company ok #2 'Crystalline Entity'
  next-generation-seed-company checkpoint items=40 scraped=20 rate=0.25/s
  next-generation-seed-company ok #25 'Jack Herer auto'
  next-generation-seed-company checkpoint items=60 scraped=40 rate=0.25/s
next-generation-seed-company staging: family=bank_next_generation_seed_company raw=60 db=\\192.168.86.2\Digital-Documents\Digital Stealth Care\Projects\DSC-HUB\brain\data\staging\bank_next_generation_seed_company.sqlite3
