partition tier_A_second_half slice=[96:192] rows=96 (tiers.A=192)
targets=16 skipped_done=0 skipped_parked=0 skipped_first_half=0
probing 16 targets…
  probe twisty-seeds: tier=A platform=woocommerce ok caps=['sitemap']
  probe underworld-genetix: tier=A platform=magento ok caps=['sitemap']
  probe united-seedbanks: tier=A platform=magento ok caps=['sitemap']
  probe useful-seeds: tier=A platform=woocommerce ok caps=['sitemap']
  probe whitehurst-genetix: tier=A platform=woocommerce ok caps=['sitemap']
  probe yankee-seed: tier=A platform=woocommerce ok caps=['sitemap']
  probe yellowhammer-genetics: tier=A platform=magento ok caps=['sitemap']
  probe yin-yang-seeds: tier=A platform=woocommerce ok caps=['sitemap']
  probe zambeza: tier=A platform=magento ok caps=['sitemap']
  probe zaza-genetics: tier=A platform=magento ok caps=['sitemap']
  probe tastebudz-seeds: tier=A platform=woocommerce ok caps=['sitemap', 'sitemap_index', 'wc_product_sitemap']
  probe crickets-and-cicada-seeds: tier=A platform=woocommerce ok caps=['sitemap', 'sitemap_index', 'wc_product_sitemap']
  probe finest-picker-genetics: tier=A platform=woocommerce ok caps=['sitemap', 'sitemap_index', 'wc_product_sitemap']
  probe diamond-rock-genetics: tier=A platform=woocommerce ok caps=['sitemap', 'sitemap_index', 'wc_product_sitemap']
  probe spice-of-life-seeds: tier=A platform=woocommerce ok caps=['sitemap']
  probe sunleaf-seed-co: tier=A platform=woocommerce ok caps=['sitemap']
=== scrape crickets-and-cicada-seeds (Crickets and Cicada Seeds) platform=woocommerce caps=['sitemap', 'sitemap_index', 'wc_product_sitemap']
  crickets-and-cicada-seeds products.json page 1 fail: HTTP Error 404: Not Found
  sitemap https://cricketsandcicada.com/product-sitemap.xml +children -> +25 (total 25)
crickets-and-cicada-seeds: sitemap/product urls=25
crickets-and-cicada-seeds staging: family=bank_crickets_and_cicada_seeds raw=23 db=\\192.168.86.2\Digital-Documents\Digital Stealth Care\Projects\DSC-HUB\brain\data\staging\bank_crickets_and_cicada_seeds.sqlite3
=== scrape diamond-rock-genetics (Diamond Rock Genetics) platform=woocommerce caps=['sitemap', 'sitemap_index', 'wc_product_sitemap']
  diamond-rock-genetics products.json page 1 fail: HTTP Error 404: Not Found
  sitemap https://www.diamondrock.com/product-sitemap.xml +children -> +0 (total 0)
  sitemap https://www.diamondrock.com/product-sitemap1.xml +children -> +0 (total 0)
  sitemap https://www.diamondrock.com/sitemap_index.xml +children -> +0 (total 0)
  sitemap https://www.diamondrock.com/sitemap.xml +children -> +0 (total 0)
  sitemap https://www.diamondrock.com/wp-sitemap-posts-product-1.xml +children -> +0 (total 0)
  sitemap https://diamondrock.com/product-sitemap.xml +children -> +0 (total 0)
  sitemap https://diamondrock.com/product-sitemap1.xml +children -> +0 (total 0)
  sitemap https://diamondrock.com/sitemap_index.xml +children -> +0 (total 0)
  sitemap https://diamondrock.com/sitemap.xml +children -> +0 (total 0)
  sitemap https://diamondrock.com/wp-sitemap-posts-product-1.xml +children -> +0 (total 0)
diamond-rock-genetics: sitemap/product urls=0
=== scrape finest-picker-genetics (Finest Picker Genetics) platform=woocommerce caps=['sitemap', 'sitemap_index', 'wc_product_sitemap']
  finest-picker-genetics products.json page 1 fail: HTTP Error 404: Not Found
  sitemap https://www.finestpicker.com/product-sitemap.xml +children -> +4 (total 4)
  sitemap https://www.finestpicker.com/product-sitemap1.xml +children -> +0 (total 4)
  sitemap https://www.finestpicker.com/sitemap_index.xml +children -> +0 (total 4)
  sitemap https://www.finestpicker.com/sitemap.xml +children -> +0 (total 4)
  sitemap https://www.finestpicker.com/wp-sitemap-posts-product-1.xml +children -> +0 (total 4)
  sitemap https://finestpicker.com/product-sitemap.xml +children -> +0 (total 4)
  sitemap https://finestpicker.com/product-sitemap1.xml +children -> +0 (total 4)
  sitemap https://finestpicker.com/sitemap_index.xml +children -> +0 (total 4)
  sitemap https://finestpicker.com/wp-sitemap-posts-product-1.xml +children -> +0 (total 4)
finest-picker-genetics: sitemap/product urls=4
finest-picker-genetics staging: family=bank_finest_picker_genetics raw=4 db=\\192.168.86.2\Digital-Documents\Digital Stealth Care\Projects\DSC-HUB\brain\data\staging\bank_finest_picker_genetics.sqlite3
=== scrape spice-of-life-seeds (Spice of Life Seeds) platform=woocommerce caps=['sitemap']
  spice-of-life-seeds products.json page 1 fail: HTTP Error 404: Not Found
  sitemap https://spiceoflife.com/sitemap.xml +children -> +51 (total 51)
spice-of-life-seeds: sitemap/product urls=51
  spice-of-life-seeds ok #1 'All Star Strokers'
  spice-of-life-seeds ok #2 'Ameer Al Noble'
  spice-of-life-seeds checkpoint items=20 scraped=20 rate=0.08/s
  spice-of-life-seeds ok #25 'Kryolan TV Paint Stick - Alabaster Matte Kryolan Makeup Stick'
  spice-of-life-seeds checkpoint items=40 scraped=40 rate=0.08/s
  spice-of-life-seeds ok #50 'Wicked Orange Blossom + Patchouli Sensual Massage Cream'
  spice-of-life-seeds checkpoint items=51 scraped=51 rate=0.08/s
spice-of-life-seeds staging: family=bank_spice_of_life_seeds raw=51 db=\\192.168.86.2\Digital-Documents\Digital Stealth Care\Projects\DSC-HUB\brain\data\staging\bank_spice_of_life_seeds.sqlite3
=== scrape sunleaf-seed-co (Sunleaf Seed Co) platform=woocommerce caps=['sitemap']
  sunleaf-seed-co products.json page 1 fail: HTTP Error 404: Not Found
  sitemap https://sunleafseed.com/sitemap.xml +children -> +1 (total 1)
  sitemap https://www.sunleafseed.com/sitemap.xml +children -> +0 (total 1)
  sitemap https://www.sunleafseed.com/wp-sitemap-posts-product-1.xml +children -> +0 (total 1)
  category https://sunleafseed.com/en/feminized-seeds -> +2 (total 3)
sunleaf-seed-co: sitemap/product urls=3
  sunleaf-seed-co ok #1 'Shop Feminized Seeds Menu'
  sunleaf-seed-co ok #2 'Oaxacan Regular Series'
  sunleaf-seed-co checkpoint items=3 scraped=3 rate=0.69/s
sunleaf-seed-co staging: family=bank_sunleaf_seed_co raw=3 db=\\192.168.86.2\Digital-Documents\Digital Stealth Care\Projects\DSC-HUB\brain\data\staging\bank_sunleaf_seed_co.sqlite3
=== scrape tastebudz-seeds (Tastebudz Seeds) platform=woocommerce caps=['sitemap', 'sitemap_index', 'wc_product_sitemap']
  tastebudz-seeds products.json page 1 fail: HTTP Error 404: Not Found
  sitemap https://tastebudzgenetics.com/product-sitemap.xml +children -> +74 (total 74)
tastebudz-seeds: sitemap/product urls=74
  tastebudz-seeds ok #1 'Apple and Blackberry Cannabis Seeds | Elite F1 Autoflower'
  tastebudz-seeds ok #2 'Half Price Autoflower Seed Bundle 2026  |  Tastebudz Top Selling Gassy Strains'
  tastebudz-seeds checkpoint items=20 scraped=20 rate=0.14/s
  tastebudz-seeds fail https://tastebudzgenetics.com/product/house-specials-auto-mix: 'charmap' codec can't encode character '\U0001f4dc' in position 26: character maps to <undefined>
  tastebudz-seeds checkpoint items=40 scraped=40 rate=0.14/s
  tastebudz-seeds ok #50 'Buy Forbidden Fruitz Strain | 8-9 week Autoflower Seeds'
  tastebudz-seeds checkpoint items=60 scraped=60 rate=0.14/s
tastebudz-seeds staging: family=bank_tastebudz_seeds raw=60 db=\\192.168.86.2\Digital-Documents\Digital Stealth Care\Projects\DSC-HUB\brain\data\staging\bank_tastebudz_seeds.sqlite3
