partition tier_A_second_half slice=[96:192] rows=96 (tiers.A=192)
targets=6 skipped_done=0 skipped_parked=0 skipped_first_half=0
probing 6 targets…
  probe whitehurst-genetix: tier=A platform=woocommerce ok caps=['sitemap']
  probe yankee-seed: tier=A platform=woocommerce ok caps=['sitemap']
  probe yellowhammer-genetics: tier=A platform=magento ok caps=['sitemap']
  probe yin-yang-seeds: tier=A platform=woocommerce ok caps=['sitemap']
  probe zambeza: tier=A platform=magento ok caps=['sitemap']
  probe zaza-genetics: tier=A platform=magento ok caps=['sitemap']
=== scrape whitehurst-genetix (Whitehurst Genetix) platform=woocommerce caps=['sitemap']
  whitehurst-genetix products.json page 1 fail: HTTP Error 404: Not Found
  sitemap https://whitehurstgenetix.com/sitemap.xml +children -> +24 (total 24)
whitehurst-genetix: sitemap/product urls=24
  whitehurst-genetix ok #1 'Register'
  whitehurst-genetix ok #2 'Register'
  whitehurst-genetix checkpoint items=20 scraped=20 rate=0.26/s
whitehurst-genetix staging: family=bank_whitehurst_genetix raw=20 db=\\192.168.86.2\Digital-Documents\Digital Stealth Care\Projects\DSC-HUB\brain\data\staging\bank_whitehurst_genetix.sqlite3
=== scrape yankee-seed (Yankee Seed) platform=woocommerce caps=['sitemap']
  yankee-seed products.json page 1 fail: HTTP Error 404: Not Found
  sitemap https://yankeeseed.com/sitemap.xml +children -> +29 (total 29)
yankee-seed: sitemap/product urls=29
  yankee-seed ok #1 'Albany Piff (Yankee Cut)'
  yankee-seed ok #2 'Bandaid Punch regular (10)'
  yankee-seed checkpoint items=20 scraped=20 rate=0.55/s
  yankee-seed ok #25 'Tommy Gun Haze F2 10 Semi Auto'
  yankee-seed checkpoint items=29 scraped=29 rate=0.55/s
yankee-seed staging: family=bank_yankee_seed raw=29 db=\\192.168.86.2\Digital-Documents\Digital Stealth Care\Projects\DSC-HUB\brain\data\staging\bank_yankee_seed.sqlite3
=== scrape yin-yang-seeds (Yin Yang Seeds) platform=woocommerce caps=['sitemap']
  yin-yang-seeds products.json page 1 fail: HTTP Error 404: Not Found
  sitemap https://yinyangseeds.com/sitemap.xml +children -> +59 (total 59)
yin-yang-seeds: sitemap/product urls=59
  yin-yang-seeds ok #1 '9 Pound Pucker'
  yin-yang-seeds ok #2 'Abacus CBD F8'
  yin-yang-seeds checkpoint items=20 scraped=20 rate=0.18/s
  yin-yang-seeds ok #25 'GOG Pucker'
  yin-yang-seeds checkpoint items=40 scraped=40 rate=0.17/s
  yin-yang-seeds ok #50 'Sour Diesel CBD'
  yin-yang-seeds checkpoint items=59 scraped=59 rate=0.17/s
yin-yang-seeds staging: family=bank_yin_yang_seeds raw=59 db=\\192.168.86.2\Digital-Documents\Digital Stealth Care\Projects\DSC-HUB\brain\data\staging\bank_yin_yang_seeds.sqlite3
=== scrape yellowhammer-genetics (Yellowhammer Genetics) platform=magento caps=['sitemap']
  yellowhammer-genetics products.json page 1 fail: HTTP Error 400: Bad Request
yellowhammer-genetics: sitemap/product urls=0
=== scrape zambeza (Zambeza) platform=magento caps=['sitemap']
  zambeza products.json page 1 fail: HTTP Error 404: Not Found
  sitemap https://www.zambeza.com/sitemap.xml +children -> +102 (total 102)
zambeza: sitemap/product urls=102
  zambeza ok #1 'Zambeza Seedkit'
  zambeza ok #2 'Jack the Ripper Autoflowering'
  zambeza checkpoint items=20 scraped=20 rate=0.57/s
  zambeza ok #25 'Misty Gorilla'
  zambeza checkpoint items=40 scraped=40 rate=0.57/s
  zambeza ok #50 'Amnesia Haze XL Auto Bulk Seeds'
  zambeza checkpoint items=60 scraped=60 rate=0.57/s
zambeza staging: family=bank_zambeza raw=60 db=\\192.168.86.2\Digital-Documents\Digital Stealth Care\Projects\DSC-HUB\brain\data\staging\bank_zambeza.sqlite3
  zambeza ok #75 'Super Silver Haze Bulk Seeds'
  zambeza checkpoint items=80 scraped=80 rate=0.47/s
  zambeza checkpoint items=96 scraped=96 rate=0.46/s
zambeza staging: family=bank_zambeza raw=96 db=\\192.168.86.2\Digital-Documents\Digital Stealth Care\Projects\DSC-HUB\brain\data\staging\bank_zambeza.sqlite3
=== scrape zaza-genetics (ZaZa Genetics) platform=magento caps=['sitemap']
  zaza-genetics products.json page 1 fail: HTTP Error 400: Bad Request
zaza-genetics: sitemap/product urls=0
DONE ok=4 empty=2 err=0 items=204 skipped_dead=0
  OK whitehurst-genetix: 20 (sitemap_pdp)
  OK yankee-seed: 29 (sitemap_pdp)
  OK yin-yang-seeds: 59 (sitemap_pdp)
  OK zambeza: 96 (sitemap_pdp)
