2026-08-08T14:18:25.410642+10:00 SHEPHERD start plan=207 poll=60s pid=50244
2026-08-08T14:18:34.482263+10:00 status alive=True wrapper=[41208] child=[45052] resume=[] done_ok=0/207 wal_mb=235.9
2026-08-08T14:24:45.820532+10:00 status alive=True wrapper=[41208] child=[45052] resume=[] done_ok=0/207 wal_mb=236.0
2026-08-08T14:29:56.105554+10:00 status alive=True wrapper=[41208] child=[45052] resume=[] done_ok=0/207 wal_mb=236.2
2026-08-08T14:36:04.149202+10:00 status alive=True wrapper=[41208] child=[45052] resume=[] done_ok=0/207 wal_mb=236.4
2026-08-08T14:41:06.143752+10:00 status alive=True wrapper=[41208] child=[45052] resume=[] done_ok=0/207 wal_mb=236.5
2026-08-08T14:46:06.631254+10:00 status alive=True wrapper=[41208] child=[45052] resume=[] done_ok=0/207 wal_mb=236.6
2026-08-08T14:51:42.396108+10:00 status alive=True wrapper=[41208] child=[45052] resume=[] done_ok=0/207 wal_mb=236.6
2026-08-08T14:56:52.546994+10:00 status alive=True wrapper=[41208] child=[45052] resume=[] done_ok=0/207 wal_mb=237.0
2026-08-08T15:02:09.837501+10:00 status alive=True wrapper=[41208] child=[45052] resume=[] done_ok=0/207 wal_mb=237.1
2026-08-08T15:08:34.034250+10:00 status alive=True wrapper=[41208] child=[45052] resume=[] done_ok=0/207 wal_mb=237.3
2026-08-08T15:13:41.463451+10:00 status alive=True wrapper=[41208] child=[45052] resume=[] done_ok=0/207 wal_mb=237.4
2026-08-08T15:18:45.884680+10:00 status alive=True wrapper=[41208] child=[45052] resume=[] done_ok=0/207 wal_mb=237.6
2026-08-08T15:23:50.905116+10:00 status alive=True wrapper=[41208] child=[45052] resume=[] done_ok=0/207 wal_mb=237.7
2026-08-08T15:29:53.470904+10:00 status alive=True wrapper=[41208] child=[45052] resume=[] done_ok=0/207 wal_mb=237.8
2026-08-08T15:35:23.281454+10:00 status alive=True wrapper=[41208] child=[45052] resume=[] done_ok=0/207 wal_mb=237.9
2026-08-08T15:40:37.917275+10:00 status alive=True wrapper=[41208] child=[45052] resume=[] done_ok=0/207 wal_mb=238.3
2026-08-08T15:46:46.590382+10:00 status alive=True wrapper=[41208] child=[45052] resume=[] done_ok=0/207 wal_mb=238.4
2026-08-08T15:51:48.951922+10:00 status alive=True wrapper=[41208] child=[45052] resume=[] done_ok=0/207 wal_mb=238.6
2026-08-08T15:56:49.875180+10:00 status alive=True wrapper=[41208] child=[45052] resume=[] done_ok=0/207 wal_mb=238.7
2026-08-08T16:01:56.178225+10:00 status alive=True wrapper=[41208] child=[45052] resume=[] done_ok=0/207 wal_mb=238.8
2026-08-08T16:08:08.840415+10:00 status alive=True wrapper=[41208] child=[45052] resume=[] done_ok=0/207 wal_mb=239.0
2026-08-08T16:14:27.744916+10:00 status alive=True wrapper=[41208] child=[45052] resume=[] done_ok=0/207 wal_mb=239.2
2026-08-08T16:19:30.430914+10:00 status alive=True wrapper=[41208] child=[45052] resume=[] done_ok=0/207 wal_mb=239.3
2026-08-08T16:24:35.767383+10:00 status alive=True wrapper=[41208] child=[45052] resume=[] done_ok=0/207 wal_mb=239.4
2026-08-08T16:30:12.553910+10:00 status alive=True wrapper=[41208] child=[45052] resume=[] done_ok=0/207 wal_mb=239.5
2026-08-08T16:36:13.068719+10:00 status alive=True wrapper=[41208] child=[45052] resume=[] done_ok=0/207 wal_mb=239.6
2026-08-08T16:42:04.028482+10:00 status alive=True wrapper=[41208] child=[45052] resume=[] done_ok=0/207 wal_mb=239.7
2026-08-08T16:47:23.760327+10:00 status alive=True wrapper=[41208] child=[45052] resume=[] done_ok=0/207 wal_mb=239.8
2026-08-08T16:52:33.445973+10:00 status alive=True wrapper=[41208] child=[45052] resume=[] done_ok=0/207 wal_mb=240.0
2026-08-08T16:57:40.607287+10:00 status alive=True wrapper=[41208] child=[45052] resume=[] done_ok=0/207 wal_mb=240.1
2026-08-08T17:03:00.373226+10:00 status alive=True wrapper=[41208] child=[45052] resume=[] done_ok=0/207 wal_mb=240.3
2026-08-08T17:08:44.433140+10:00 status alive=True wrapper=[41208] child=[45052] resume=[] done_ok=0/207 wal_mb=240.4
2026-08-08T17:14:39.411337+10:00 status alive=True wrapper=[41208] child=[45052] resume=[] done_ok=0/207 wal_mb=240.6
2026-08-08T17:19:46.370536+10:00 status alive=True wrapper=[41208] child=[45052] resume=[] done_ok=0/207 wal_mb=240.8
2026-08-08T17:24:56.095968+10:00 status alive=True wrapper=[41208] child=[45052] resume=[] done_ok=0/207 wal_mb=240.9
2026-08-08T17:31:11.498876+10:00 status alive=True wrapper=[41208] child=[45052] resume=[] done_ok=0/207 wal_mb=241.1
2026-08-08T17:37:21.031047+10:00 status alive=True wrapper=[41208] child=[45052] resume=[] done_ok=0/207 wal_mb=241.3
2026-08-08T17:42:27.034369+10:00 status alive=True wrapper=[41208] child=[45052] resume=[] done_ok=0/207 wal_mb=241.4
2026-08-08T17:48:03.024503+10:00 status alive=True wrapper=[41208] child=[45052] resume=[] done_ok=0/207 wal_mb=241.5
2026-08-08T17:53:44.841368+10:00 status alive=True wrapper=[41208] child=[45052] resume=[] done_ok=0/207 wal_mb=243.9
2026-08-08T17:58:48.876254+10:00 status alive=True wrapper=[41208] child=[45052] resume=[] done_ok=0/207 wal_mb=248.5
2026-08-08T18:03:52.864397+10:00 status alive=True wrapper=[41208] child=[45052] resume=[] done_ok=0/207 wal_mb=252.7
2026-08-08T18:08:57.982447+10:00 status alive=True wrapper=[41208] child=[45052] resume=[] done_ok=0/207 wal_mb=256.8
2026-08-08T18:14:02.079729+10:00 status alive=True wrapper=[41208] child=[45052] resume=[] done_ok=0/207 wal_mb=260.9
2026-08-08T18:19:07.755079+10:00 status alive=True wrapper=[41208] child=[45052] resume=[] done_ok=0/207 wal_mb=264.8
2026-08-08T18:24:12.455840+10:00 status alive=True wrapper=[41208] child=[45052] resume=[] done_ok=0/207 wal_mb=268.9
2026-08-08T18:30:12.972930+10:00 status alive=True wrapper=[41208] child=[45052] resume=[] done_ok=0/207 wal_mb=274.3
2026-08-08T18:35:16.889314+10:00 status alive=True wrapper=[41208] child=[45052] resume=[] done_ok=0/207 wal_mb=278.6
2026-08-08T18:40:21.948786+10:00 status alive=True wrapper=[41208] child=[45052] resume=[] done_ok=0/207 wal_mb=282.8
2026-08-08T18:45:36.499173+10:00 status alive=True wrapper=[41208] child=[45052] resume=[] done_ok=0/207 wal_mb=285.8
2026-08-08T18:50:50.661323+10:00 status alive=True wrapper=[41208] child=[45052] resume=[] done_ok=0/207 wal_mb=286.0
2026-08-08T18:56:15.988883+10:00 status alive=True wrapper=[41208] child=[45052] resume=[] done_ok=0/207 wal_mb=286.1
2026-08-08T19:01:48.223764+10:00 status alive=True wrapper=[41208] child=[45052] resume=[] done_ok=0/207 wal_mb=286.3
2026-08-08T19:07:03.228841+10:00 status alive=True wrapper=[41208] child=[45052] resume=[] done_ok=0/207 wal_mb=286.4
2026-08-08T19:12:15.924724+10:00 status alive=True wrapper=[41208] child=[45052] resume=[] done_ok=0/207 wal_mb=286.4
2026-08-08T19:17:25.452937+10:00 status alive=True wrapper=[41208] child=[45052] resume=[] done_ok=0/207 wal_mb=286.8
2026-08-08T19:23:06.729970+10:00 status alive=True wrapper=[41208] child=[45052] resume=[] done_ok=0/207 wal_mb=287.0
2026-08-08T19:29:15.040995+10:00 status alive=True wrapper=[41208] child=[45052] resume=[] done_ok=0/207 wal_mb=287.2
2026-08-08T19:34:32.000383+10:00 status alive=True wrapper=[41208] child=[45052] resume=[] done_ok=0/207 wal_mb=287.3
2026-08-08T19:39:43.622481+10:00 status alive=True wrapper=[41208] child=[45052] resume=[] done_ok=0/207 wal_mb=287.4
2026-08-08T19:44:47.519921+10:00 status alive=True wrapper=[41208] child=[45052] resume=[] done_ok=0/207 wal_mb=287.6
2026-08-08T19:50:57.547403+10:00 status alive=True wrapper=[41208] child=[45052] resume=[] done_ok=0/207 wal_mb=287.7
2026-08-08T19:56:05.819483+10:00 status alive=True wrapper=[41208] child=[45052] resume=[] done_ok=0/207 wal_mb=287.8
2026-08-08T20:02:20.796643+10:00 status alive=True wrapper=[41208] child=[45052] resume=[] done_ok=0/207 wal_mb=288.0
2026-08-08T20:08:00.561341+10:00 status alive=True wrapper=[41208] child=[45052] resume=[] done_ok=0/207 wal_mb=288.0
2026-08-08T20:13:50.192973+10:00 status alive=True wrapper=[41208] child=[45052] resume=[] done_ok=0/207 wal_mb=288.1
2026-08-08T20:19:28.548594+10:00 status alive=True wrapper=[41208] child=[45052] resume=[] done_ok=0/207 wal_mb=288.2
2026-08-08T20:25:06.284141+10:00 status alive=True wrapper=[41208] child=[45052] resume=[] done_ok=0/207 wal_mb=288.3
2026-08-08T20:30:45.041275+10:00 status alive=True wrapper=[41208] child=[45052] resume=[] done_ok=0/207 wal_mb=288.4
2026-08-08T20:36:07.473724+10:00 status alive=True wrapper=[41208] child=[45052] resume=[] done_ok=0/207 wal_mb=288.7
2026-08-08T20:41:17.188176+10:00 status alive=True wrapper=[41208] child=[45052] resume=[] done_ok=0/207 wal_mb=288.9
2026-08-08T20:46:28.026478+10:00 status alive=True wrapper=[41208] child=[45052] resume=[] done_ok=0/207 wal_mb=289.1
2026-08-08T20:51:35.993389+10:00 status alive=True wrapper=[41208] child=[45052] resume=[] done_ok=0/207 wal_mb=289.3
2026-08-08T20:56:51.194867+10:00 status alive=True wrapper=[41208] child=[45052] resume=[] done_ok=0/207 wal_mb=289.5
2026-08-08T21:02:04.506411+10:00 status alive=True wrapper=[41208] child=[45052] resume=[] done_ok=0/207 wal_mb=289.7
2026-08-08T21:07:18.647369+10:00 status alive=True wrapper=[41208] child=[45052] resume=[] done_ok=0/207 wal_mb=289.8
2026-08-08T21:12:27.918676+10:00 status alive=True wrapper=[41208] child=[45052] resume=[] done_ok=0/207 wal_mb=290.0
2026-08-08T21:17:39.097421+10:00 status alive=True wrapper=[41208] child=[45052] resume=[] done_ok=0/207 wal_mb=290.2
2026-08-08T21:22:51.785565+10:00 status alive=True wrapper=[41208] child=[45052] resume=[] done_ok=0/207 wal_mb=290.5
2026-08-08T21:28:05.770107+10:00 status alive=True wrapper=[41208] child=[45052] resume=[] done_ok=0/207 wal_mb=290.7
2026-08-08T21:33:18.763327+10:00 status alive=True wrapper=[41208] child=[45052] resume=[] done_ok=0/207 wal_mb=290.9
2026-08-08T21:38:29.428543+10:00 status alive=True wrapper=[41208] child=[45052] resume=[] done_ok=0/207 wal_mb=291.1
2026-08-08T21:43:47.975667+10:00 status alive=True wrapper=[41208] child=[45052] resume=[] done_ok=0/207 wal_mb=291.3
2026-08-08T21:49:01.406562+10:00 status alive=True wrapper=[41208] child=[45052] resume=[] done_ok=0/207 wal_mb=291.5
2026-08-08T21:54:15.607349+10:00 status alive=True wrapper=[41208] child=[45052] resume=[] done_ok=0/207 wal_mb=291.7
2026-08-08T21:59:24.180677+10:00 status alive=True wrapper=[41208] child=[45052] resume=[] done_ok=0/207 wal_mb=292.0
2026-08-08T22:04:32.399702+10:00 status alive=True wrapper=[41208] child=[45052] resume=[] done_ok=0/207 wal_mb=292.1
2026-08-08T22:09:41.318206+10:00 status alive=True wrapper=[41208] child=[45052] resume=[] done_ok=0/207 wal_mb=292.3
2026-08-08T22:14:55.244129+10:00 status alive=True wrapper=[41208] child=[45052] resume=[] done_ok=0/207 wal_mb=292.7
2026-08-08T22:20:02.111906+10:00 status alive=True wrapper=[41208] child=[45052] resume=[] done_ok=0/207 wal_mb=293.4
2026-08-08T22:25:09.676548+10:00 status alive=True wrapper=[41208] child=[45052] resume=[] done_ok=0/207 wal_mb=293.7
2026-08-08T22:30:18.713546+10:00 status alive=True wrapper=[41208] child=[45052] resume=[] done_ok=0/207 wal_mb=294.1
2026-08-08T22:35:27.734420+10:00 status alive=True wrapper=[41208] child=[45052] resume=[] done_ok=0/207 wal_mb=294.3
2026-08-08T22:40:34.686305+10:00 status alive=True wrapper=[41208] child=[45052] resume=[] done_ok=0/207 wal_mb=294.4
2026-08-08T22:45:43.809360+10:00 status alive=True wrapper=[41208] child=[45052] resume=[] done_ok=0/207 wal_mb=294.8
2026-08-08T22:50:57.792408+10:00 status alive=True wrapper=[41208] child=[45052] resume=[] done_ok=0/207 wal_mb=295.0
2026-08-08T22:56:05.807523+10:00 status alive=True wrapper=[41208] child=[45052] resume=[] done_ok=0/207 wal_mb=295.2
2026-08-08T23:01:15.318018+10:00 status alive=True wrapper=[41208] child=[45052] resume=[] done_ok=0/207 wal_mb=295.4
2026-08-08T23:06:31.896515+10:00 status alive=True wrapper=[41208] child=[45052] resume=[] done_ok=0/207 wal_mb=295.6
2026-08-08T23:11:45.702885+10:00 status alive=True wrapper=[41208] child=[45052] resume=[] done_ok=0/207 wal_mb=295.9
2026-08-08T23:16:56.539788+10:00 status alive=True wrapper=[41208] child=[45052] resume=[] done_ok=0/207 wal_mb=296.1
2026-08-08T23:22:05.844984+10:00 status alive=True wrapper=[41208] child=[45052] resume=[] done_ok=0/207 wal_mb=296.3
2026-08-08T23:27:25.722774+10:00 status alive=True wrapper=[41208] child=[45052] resume=[] done_ok=0/207 wal_mb=296.5
2026-08-08T23:32:36.845483+10:00 status alive=True wrapper=[41208] child=[45052] resume=[] done_ok=0/207 wal_mb=296.7
2026-08-08T23:37:49.093999+10:00 status alive=True wrapper=[41208] child=[45052] resume=[] done_ok=0/207 wal_mb=296.9
2026-08-08T23:42:58.318774+10:00 status alive=True wrapper=[41208] child=[45052] resume=[] done_ok=0/207 wal_mb=297.6
2026-08-08T23:48:09.900324+10:00 status alive=True wrapper=[41208] child=[45052] resume=[] done_ok=0/207 wal_mb=298.0
2026-08-08T23:53:18.317965+10:00 status alive=True wrapper=[41208] child=[45052] resume=[] done_ok=0/207 wal_mb=298.3
2026-08-08T23:58:30.588091+10:00 status alive=True wrapper=[41208] child=[45052] resume=[] done_ok=0/207 wal_mb=298.5
2026-08-09T00:03:47.849746+10:00 status alive=True wrapper=[41208] child=[45052] resume=[] done_ok=0/207 wal_mb=298.7
2026-08-09T00:09:18.797577+10:00 status alive=True wrapper=[41208] child=[45052] resume=[] done_ok=0/207 wal_mb=298.8
2026-08-09T00:14:31.099681+10:00 status alive=True wrapper=[41208] child=[45052] resume=[] done_ok=0/207 wal_mb=298.9
2026-08-09T00:19:45.342179+10:00 status alive=True wrapper=[41208] child=[45052] resume=[] done_ok=0/207 wal_mb=299.1
2026-08-09T00:25:01.507688+10:00 status alive=True wrapper=[41208] child=[45052] resume=[] done_ok=0/207 wal_mb=299.3
2026-08-09T00:30:14.135757+10:00 status alive=True wrapper=[41208] child=[45052] resume=[] done_ok=0/207 wal_mb=299.5
2026-08-09T00:35:34.689348+10:00 status alive=True wrapper=[41208] child=[45052] resume=[] done_ok=0/207 wal_mb=299.6
2026-08-09T00:40:51.424436+10:00 status alive=True wrapper=[41208] child=[45052] resume=[] done_ok=0/207 wal_mb=299.8
2026-08-09T00:46:08.284926+10:00 status alive=True wrapper=[41208] child=[45052] resume=[] done_ok=0/207 wal_mb=300.0
2026-08-09T00:51:26.852201+10:00 status alive=True wrapper=[41208] child=[45052] resume=[] done_ok=0/207 wal_mb=300.3
2026-08-09T00:56:41.986563+10:00 status alive=True wrapper=[41208] child=[45052] resume=[] done_ok=0/207 wal_mb=300.5
2026-08-09T01:01:51.574499+10:00 status alive=True wrapper=[41208] child=[45052] resume=[] done_ok=0/207 wal_mb=300.8
2026-08-09T01:06:59.011430+10:00 status alive=True wrapper=[41208] child=[45052] resume=[] done_ok=0/207 wal_mb=300.9
2026-08-09T01:12:20.683374+10:00 status alive=True wrapper=[41208] child=[45052] resume=[] done_ok=0/207 wal_mb=301.1
2026-08-09T01:17:30.604593+10:00 status alive=True wrapper=[41208] child=[45052] resume=[] done_ok=0/207 wal_mb=301.3
2026-08-09T01:22:44.591303+10:00 status alive=True wrapper=[41208] child=[45052] resume=[] done_ok=0/207 wal_mb=301.4
2026-08-09T01:27:52.898785+10:00 status alive=True wrapper=[41208] child=[45052] resume=[] done_ok=0/207 wal_mb=301.6
2026-08-09T01:33:09.670483+10:00 status alive=True wrapper=[41208] child=[45052] resume=[] done_ok=0/207 wal_mb=301.8
2026-08-09T01:38:26.192624+10:00 status alive=True wrapper=[41208] child=[45052] resume=[] done_ok=0/207 wal_mb=301.9
2026-08-09T01:43:37.444471+10:00 status alive=True wrapper=[41208] child=[45052] resume=[] done_ok=0/207 wal_mb=302.1
2026-08-09T01:48:47.496267+10:00 status alive=True wrapper=[41208] child=[45052] resume=[] done_ok=0/207 wal_mb=302.2
2026-08-09T01:54:03.530400+10:00 status alive=True wrapper=[41208] child=[45052] resume=[] done_ok=0/207 wal_mb=302.4
2026-08-09T01:59:16.341276+10:00 status alive=True wrapper=[41208] child=[45052] resume=[] done_ok=0/207 wal_mb=302.6
2026-08-09T02:04:32.805245+10:00 status alive=True wrapper=[41208] child=[45052] resume=[] done_ok=0/207 wal_mb=302.7
2026-08-09T02:09:49.910792+10:00 status alive=True wrapper=[41208] child=[45052] resume=[] done_ok=0/207 wal_mb=303.8
2026-08-09T02:15:00.298265+10:00 status alive=True wrapper=[41208] child=[45052] resume=[] done_ok=0/207 wal_mb=305.9
2026-08-09T02:20:18.177531+10:00 status alive=True wrapper=[41208] child=[45052] resume=[] done_ok=0/207 wal_mb=306.1
2026-08-09T02:25:29.433314+10:00 status alive=True wrapper=[41208] child=[45052] resume=[] done_ok=0/207 wal_mb=306.2
2026-08-09T02:30:59.237840+10:00 status alive=True wrapper=[41208] child=[45052] resume=[] done_ok=0/207 wal_mb=306.2
2026-08-09T02:36:15.278636+10:00 status alive=True wrapper=[41208] child=[45052] resume=[] done_ok=0/207 wal_mb=306.3
2026-08-09T02:41:31.742460+10:00 status alive=True wrapper=[41208] child=[45052] resume=[] done_ok=0/207 wal_mb=306.3
2026-08-09T02:46:43.119159+10:00 status alive=True wrapper=[41208] child=[45052] resume=[] done_ok=0/207 wal_mb=306.3
2026-08-09T02:52:02.578446+10:00 status alive=True wrapper=[41208] child=[45052] resume=[] done_ok=0/207 wal_mb=306.4
2026-08-09T02:57:16.437471+10:00 status alive=True wrapper=[41208] child=[45052] resume=[] done_ok=0/207 wal_mb=306.4
2026-08-09T03:02:32.945538+10:00 status alive=True wrapper=[41208] child=[45052] resume=[] done_ok=0/207 wal_mb=306.4
2026-08-09T03:07:45.930113+10:00 status alive=True wrapper=[41208] child=[45052] resume=[] done_ok=0/207 wal_mb=306.4
2026-08-09T03:12:56.323943+10:00 status alive=True wrapper=[41208] child=[45052] resume=[] done_ok=0/207 wal_mb=306.5
2026-08-09T03:18:04.047943+10:00 status alive=True wrapper=[41208] child=[45052] resume=[] done_ok=0/207 wal_mb=306.8
2026-08-09T03:23:18.379155+10:00 status alive=True wrapper=[41208] child=[45052] resume=[] done_ok=0/207 wal_mb=307.0
2026-08-09T03:28:31.906458+10:00 status alive=True wrapper=[41208] child=[45052] resume=[] done_ok=0/207 wal_mb=307.2
2026-08-09T03:33:41.117237+10:00 status alive=True wrapper=[41208] child=[45052] resume=[] done_ok=0/207 wal_mb=307.4
2026-08-09T03:38:50.179253+10:00 status alive=True wrapper=[41208] child=[45052] resume=[] done_ok=0/207 wal_mb=307.6
2026-08-09T03:43:57.223581+10:00 status alive=True wrapper=[41208] child=[45052] resume=[] done_ok=0/207 wal_mb=307.7
2026-08-09T03:49:09.406643+10:00 status alive=True wrapper=[41208] child=[45052] resume=[] done_ok=0/207 wal_mb=307.7
2026-08-09T03:54:21.437473+10:00 status alive=True wrapper=[41208] child=[45052] resume=[] done_ok=0/207 wal_mb=307.8
2026-08-09T03:59:33.237684+10:00 status alive=True wrapper=[41208] child=[45052] resume=[] done_ok=0/207 wal_mb=308.0
2026-08-09T04:04:51.825930+10:00 status alive=True wrapper=[41208] child=[45052] resume=[] done_ok=0/207 wal_mb=308.0
2026-08-09T04:10:04.081180+10:00 status alive=True wrapper=[41208] child=[45052] resume=[] done_ok=0/207 wal_mb=308.0
2026-08-09T04:15:12.696588+10:00 status alive=True wrapper=[41208] child=[45052] resume=[] done_ok=0/207 wal_mb=308.0
2026-08-09T04:20:25.267891+10:00 status alive=True wrapper=[41208] child=[45052] resume=[] done_ok=0/207 wal_mb=308.0
2026-08-09T04:25:36.854608+10:00 status alive=True wrapper=[41208] child=[45052] resume=[] done_ok=0/207 wal_mb=308.0
2026-08-09T04:30:49.718848+10:00 status alive=True wrapper=[41208] child=[45052] resume=[] done_ok=0/207 wal_mb=308.0
2026-08-09T04:31:51.704447+10:00 NOTE wal stalled ~30min but process still alive; not restarting
2026-08-09T04:35:57.958837+10:00 status alive=True wrapper=[41208] child=[45052] resume=[] done_ok=0/207 wal_mb=308.0
2026-08-09T04:41:21.652477+10:00 status alive=True wrapper=[41208] child=[45052] resume=[] done_ok=0/207 wal_mb=308.0
2026-08-09T04:46:32.267412+10:00 status alive=True wrapper=[41208] child=[45052] resume=[] done_ok=0/207 wal_mb=308.0
2026-08-09T04:51:43.191711+10:00 status alive=True wrapper=[41208] child=[45052] resume=[] done_ok=0/207 wal_mb=308.0
2026-08-09T04:56:50.895154+10:00 status alive=True wrapper=[41208] child=[45052] resume=[] done_ok=0/207 wal_mb=308.0
2026-08-09T05:01:59.683717+10:00 status alive=True wrapper=[41208] child=[45052] resume=[] done_ok=0/207 wal_mb=308.0
2026-08-09T05:07:08.904745+10:00 status alive=True wrapper=[41208] child=[45052] resume=[] done_ok=0/207 wal_mb=308.0
2026-08-09T05:12:20.116645+10:00 status alive=True wrapper=[41208] child=[45052] resume=[] done_ok=0/207 wal_mb=308.0
2026-08-09T05:17:30.256362+10:00 status alive=True wrapper=[41208] child=[45052] resume=[] done_ok=0/207 wal_mb=308.0
2026-08-09T05:22:38.632242+10:00 status alive=True wrapper=[41208] child=[45052] resume=[] done_ok=0/207 wal_mb=308.0
2026-08-09T05:27:52.712769+10:00 status alive=True wrapper=[41208] child=[45052] resume=[] done_ok=0/207 wal_mb=308.0
2026-08-09T05:33:11.774765+10:00 status alive=True wrapper=[41208] child=[45052] resume=[] done_ok=0/207 wal_mb=308.0
2026-08-09T05:38:31.220355+10:00 status alive=True wrapper=[41208] child=[45052] resume=[] done_ok=0/207 wal_mb=308.0
2026-08-09T05:43:42.057768+10:00 status alive=True wrapper=[41208] child=[45052] resume=[] done_ok=0/207 wal_mb=308.0
2026-08-09T05:48:56.434790+10:00 status alive=True wrapper=[41208] child=[45052] resume=[] done_ok=0/207 wal_mb=308.0
2026-08-09T05:54:05.277414+10:00 status alive=True wrapper=[41208] child=[45052] resume=[] done_ok=0/207 wal_mb=308.0
2026-08-09T05:59:14.028386+10:00 status alive=True wrapper=[41208] child=[45052] resume=[] done_ok=0/207 wal_mb=308.0
2026-08-09T06:04:26.922831+10:00 status alive=True wrapper=[41208] child=[45052] resume=[] done_ok=0/207 wal_mb=308.0
2026-08-09T06:09:37.525637+10:00 status alive=True wrapper=[41208] child=[45052] resume=[] done_ok=0/207 wal_mb=308.0
2026-08-09T06:14:47.163445+10:00 status alive=True wrapper=[41208] child=[45052] resume=[] done_ok=0/207 wal_mb=308.0
2026-08-09T06:19:58.667409+10:00 status alive=True wrapper=[41208] child=[45052] resume=[] done_ok=0/207 wal_mb=308.0
2026-08-09T06:25:06.400498+10:00 status alive=True wrapper=[41208] child=[45052] resume=[] done_ok=0/207 wal_mb=308.0
2026-08-09T06:30:21.721402+10:00 status alive=True wrapper=[41208] child=[45052] resume=[] done_ok=0/207 wal_mb=308.0
2026-08-09T06:35:32.918385+10:00 status alive=True wrapper=[41208] child=[45052] resume=[] done_ok=0/207 wal_mb=308.0
2026-08-09T06:40:41.398063+10:00 status alive=True wrapper=[41208] child=[45052] resume=[] done_ok=0/207 wal_mb=308.0
2026-08-09T06:45:51.730431+10:00 status alive=True wrapper=[41208] child=[45052] resume=[] done_ok=0/207 wal_mb=308.0
2026-08-09T06:51:00.076861+10:00 status alive=True wrapper=[41208] child=[45052] resume=[] done_ok=0/207 wal_mb=308.0
2026-08-09T06:56:09.417287+10:00 status alive=True wrapper=[41208] child=[45052] resume=[] done_ok=0/207 wal_mb=308.0
2026-08-09T07:01:18.771199+10:00 status alive=True wrapper=[41208] child=[45052] resume=[] done_ok=0/207 wal_mb=308.0
2026-08-09T07:06:31.689847+10:00 status alive=True wrapper=[41208] child=[45052] resume=[] done_ok=0/207 wal_mb=308.0
2026-08-09T07:11:43.980303+10:00 status alive=True wrapper=[41208] child=[45052] resume=[] done_ok=0/207 wal_mb=308.0
2026-08-09T07:16:55.597583+10:00 status alive=True wrapper=[41208] child=[45052] resume=[] done_ok=0/207 wal_mb=308.0
2026-08-09T07:22:06.903986+10:00 status alive=True wrapper=[41208] child=[45052] resume=[] done_ok=0/207 wal_mb=308.0
2026-08-09T07:27:19.439492+10:00 status alive=True wrapper=[41208] child=[45052] resume=[] done_ok=0/207 wal_mb=308.0
2026-08-09T07:32:29.653511+10:00 status alive=True wrapper=[41208] child=[45052] resume=[] done_ok=0/207 wal_mb=308.0
2026-08-09T07:37:41.082192+10:00 status alive=True wrapper=[41208] child=[45052] resume=[] done_ok=0/207 wal_mb=308.0
2026-08-09T07:42:56.570287+10:00 status alive=True wrapper=[41208] child=[45052] resume=[] done_ok=0/207 wal_mb=308.0
2026-08-09T07:48:12.040919+10:00 status alive=True wrapper=[41208] child=[45052] resume=[] done_ok=0/207 wal_mb=308.0
2026-08-09T07:53:26.926428+10:00 status alive=True wrapper=[41208] child=[45052] resume=[] done_ok=0/207 wal_mb=308.0
2026-08-09T07:58:41.789781+10:00 status alive=True wrapper=[41208] child=[45052] resume=[] done_ok=0/207 wal_mb=308.0
2026-08-09T08:03:52.346759+10:00 status alive=True wrapper=[41208] child=[45052] resume=[] done_ok=0/207 wal_mb=308.0
2026-08-09T08:08:59.277097+10:00 status alive=True wrapper=[41208] child=[45052] resume=[] done_ok=0/207 wal_mb=308.0
2026-08-09T08:14:06.711736+10:00 status alive=True wrapper=[41208] child=[45052] resume=[] done_ok=0/207 wal_mb=308.0
2026-08-09T08:19:17.081226+10:00 status alive=True wrapper=[41208] child=[45052] resume=[] done_ok=0/207 wal_mb=308.0
2026-08-09T08:24:25.763485+10:00 status alive=True wrapper=[41208] child=[45052] resume=[] done_ok=0/207 wal_mb=308.0
2026-08-09T08:29:39.198108+10:00 status alive=True wrapper=[41208] child=[45052] resume=[] done_ok=0/207 wal_mb=308.0
2026-08-09T08:34:53.204505+10:00 status alive=True wrapper=[41208] child=[45052] resume=[] done_ok=0/207 wal_mb=308.0
2026-08-09T08:40:09.095401+10:00 status alive=True wrapper=[41208] child=[45052] resume=[] done_ok=0/207 wal_mb=308.0
2026-08-09T08:45:23.778607+10:00 status alive=True wrapper=[41208] child=[45052] resume=[] done_ok=0/207 wal_mb=308.0
2026-08-09T08:50:35.843842+10:00 status alive=True wrapper=[41208] child=[45052] resume=[] done_ok=0/207 wal_mb=308.0
2026-08-09T08:55:48.273872+10:00 status alive=True wrapper=[41208] child=[45052] resume=[] done_ok=0/207 wal_mb=308.0
2026-08-09T09:00:58.845850+10:00 status alive=True wrapper=[41208] child=[45052] resume=[] done_ok=0/207 wal_mb=308.0
2026-08-09T09:06:15.041897+10:00 status alive=True wrapper=[41208] child=[45052] resume=[] done_ok=0/207 wal_mb=308.0
2026-08-09T09:11:27.996231+10:00 status alive=True wrapper=[41208] child=[45052] resume=[] done_ok=0/207 wal_mb=308.0
2026-08-09T09:16:38.746532+10:00 status alive=True wrapper=[41208] child=[45052] resume=[] done_ok=0/207 wal_mb=308.0
2026-08-09T09:21:49.541394+10:00 status alive=True wrapper=[41208] child=[45052] resume=[] done_ok=0/207 wal_mb=308.0
2026-08-09T09:27:07.565638+10:00 status alive=True wrapper=[41208] child=[60644] resume=[] done_ok=0/207 wal_mb=0.0
2026-08-09T09:32:24.614440+10:00 status alive=True wrapper=[41208] child=[60644] resume=[] done_ok=0/207 wal_mb=0.0
2026-08-09T09:37:33.479602+10:00 status alive=True wrapper=[41208] child=[60644] resume=[] done_ok=0/207 wal_mb=0.0
2026-08-09T09:42:42.071136+10:00 status alive=True wrapper=[41208] child=[60644] resume=[] done_ok=0/207 wal_mb=6.4
2026-08-09T09:47:52.698353+10:00 status alive=True wrapper=[41208] child=[60644] resume=[] done_ok=0/207 wal_mb=47.5
2026-08-09T09:53:09.289387+10:00 status alive=True wrapper=[41208] child=[60644] resume=[] done_ok=0/207 wal_mb=49.2
2026-08-09T09:58:23.703002+10:00 status alive=True wrapper=[41208] child=[60644] resume=[] done_ok=0/207 wal_mb=49.2
2026-08-09T10:03:34.788554+10:00 status alive=True wrapper=[41208] child=[60644] resume=[] done_ok=0/207 wal_mb=49.2
2026-08-09T10:08:51.945456+10:00 status alive=True wrapper=[41208] child=[60644] resume=[] done_ok=0/207 wal_mb=49.2
2026-08-09T10:14:07.299779+10:00 status alive=True wrapper=[41208] child=[60644] resume=[] done_ok=0/207 wal_mb=49.2
2026-08-09T10:19:18.355796+10:00 status alive=True wrapper=[41208] child=[60644] resume=[] done_ok=0/207 wal_mb=49.2
2026-08-09T10:24:29.420074+10:00 status alive=True wrapper=[41208] child=[60644] resume=[] done_ok=0/207 wal_mb=49.2
2026-08-09T10:29:42.348449+10:00 status alive=True wrapper=[41208] child=[60644] resume=[] done_ok=0/207 wal_mb=49.2
2026-08-09T10:35:00.784982+10:00 status alive=True wrapper=[41208] child=[60644] resume=[] done_ok=0/207 wal_mb=49.2
2026-08-09T10:40:15.950589+10:00 status alive=True wrapper=[41208] child=[60644] resume=[] done_ok=0/207 wal_mb=50.2
2026-08-09T10:45:31.236141+10:00 status alive=True wrapper=[41208] child=[60644] resume=[] done_ok=0/207 wal_mb=56.9
2026-08-09T10:50:58.630550+10:00 status alive=True wrapper=[41208] child=[60644] resume=[] done_ok=0/207 wal_mb=65.7
2026-08-09T10:56:25.057910+10:00 status alive=True wrapper=[41208] child=[60644] resume=[] done_ok=0/207 wal_mb=73.4
2026-08-09T11:01:54.290394+10:00 status alive=True wrapper=[41208] child=[60644] resume=[] done_ok=0/207 wal_mb=76.0
2026-08-09T11:07:23.239783+10:00 status alive=True wrapper=[41208] child=[60644] resume=[] done_ok=0/207 wal_mb=85.2
2026-08-09T11:13:05.940730+10:00 status alive=True wrapper=[41208] child=[60644] resume=[] done_ok=0/207 wal_mb=244.0
2026-08-09T11:18:58.253742+10:00 status alive=True wrapper=[41208] child=[67940] resume=[] done_ok=1/207 wal_mb=164.1
2026-08-09T11:24:04.152342+10:00 status alive=True wrapper=[41208] child=[67940] resume=[] done_ok=1/207 wal_mb=313.8
2026-08-09T11:29:52.223442+10:00 status alive=True wrapper=[41208] child=[66108] resume=[] done_ok=2/207 wal_mb=239.8
2026-08-09T11:36:10.893423+10:00 status alive=True wrapper=[41208] child=[66108] resume=[] done_ok=2/207 wal_mb=249.6
2026-08-09T11:41:28.886666+10:00 status alive=True wrapper=[41208] child=[66108] resume=[] done_ok=2/207 wal_mb=251.3
2026-08-09T11:48:51.553099+10:00 status alive=True wrapper=[41208] child=[66108] resume=[] done_ok=2/207 wal_mb=255.3
2026-08-09T11:54:06.848454+10:00 status alive=True wrapper=[41208] child=[66108] resume=[] done_ok=2/207 wal_mb=255.8
2026-08-09T11:59:22.606202+10:00 status alive=True wrapper=[41208] child=[66108] resume=[] done_ok=2/207 wal_mb=256.2
2026-08-09T12:04:41.072385+10:00 status alive=True wrapper=[41208] child=[66108] resume=[] done_ok=2/207 wal_mb=256.7
2026-08-09T12:05:42.282150+10:00 NOTE wal stalled ~30min but process still alive; not restarting
2026-08-09T12:09:53.932973+10:00 status alive=True wrapper=[41208] child=[66108] resume=[] done_ok=2/207 wal_mb=257.1
2026-08-09T12:10:55.821270+10:00 writer DEAD done_ok=2/207 — launching resume
2026-08-09T12:10:56.060152+10:00 LAUNCH resume via _n087_exclusive_merge_resume.py
2026-08-09T12:10:57.240416+10:00 resume pid=60036
2026-08-09T12:15:23.802195+10:00 status alive=True wrapper=[] child=[57656] resume=[60036] done_ok=2/207 wal_mb=257.2
2026-08-09T12:20:31.602563+10:00 status alive=True wrapper=[] child=[57656] resume=[60036] done_ok=2/207 wal_mb=257.2
