herbies: fetching sitemap https://herbiesheadshop.com/sitemaps/en.xml
herbies: sitemap total 4142 (cached dsc_strains_herbies.sitemap_urls.json)
herbies: queued 4142 product URLs
  herbies checkpoint items=65 this_run=25 rate=0.35/s idx=25/4142
  herbies checkpoint items=90 this_run=50 rate=0.35/s idx=52/4142

===== RESTART 2026-08-07T16:56:45Z =====
herbies: sitemap cache 4142 from dsc_strains_herbies.sitemap_urls.json
herbies: queued 4142 product URLs
  herbies checkpoint items=130 this_run=40 rate=0.38/s idx=92/4142
  herbies checkpoint items=170 this_run=80 rate=0.38/s idx=133/4142
\n===== SPEED RESTART delay=0.4 2026-08-07T17:01:20Z =====\nherbies: sitemap cache 4142 from dsc_strains_herbies.sitemap_urls.json
herbies: queued 4142 product URLs
  herbies checkpoint items=220 this_run=50 rate=0.38/s idx=183/4142
  herbies checkpoint items=270 this_run=100 rate=0.40/s idx=236/4142
  herbies checkpoint items=320 this_run=150 rate=0.39/s idx=286/4142
  herbies checkpoint items=370 this_run=200 rate=0.40/s idx=336/4142
  herbies checkpoint items=420 this_run=250 rate=0.40/s idx=386/4142
  herbies checkpoint items=470 this_run=300 rate=0.40/s idx=439/4142
  herbies checkpoint items=520 this_run=350 rate=0.40/s idx=492/4142
herbies staging: {
  "family": "bank_herbies",
  "staging_db": "\\\\192.168.86.2\\Digital-Documents\\Digital Stealth Care\\Projects\\DSC-HUB\\brain\\data\\staging\\bank_herbies.sqlite3",
  "count": 520,
  "bulk": false,
  "store_raw": true,
  "stats": {
    "strain_canonical": 491,
    "strain_variant": 502,
    "chemistry_profile": 141,
    "grow_trait": 346,
    "entity_link": 141,
    "attribute_kv": 701,
    "raw_record": 520,
    "light_fixture": 0,
    "nutrient_product": 0,
    "medium_product": 0,
    "media_asset": 0,
    "followup_gap": 0,
    "schema_extension_log": 2,
    "source_record": 1
  }
}
  herbies checkpoint items=570 this_run=400 rate=0.40/s idx=542/4142
  herbies checkpoint items=620 this_run=450 rate=0.40/s idx=594/4142
  herbies checkpoint items=670 this_run=500 rate=0.40/s idx=647/4142
  herbies checkpoint items=720 this_run=550 rate=0.40/s idx=698/4142
  herbies checkpoint items=770 this_run=600 rate=0.40/s idx=749/4142
  herbies checkpoint items=820 this_run=650 rate=0.40/s idx=802/4142
  herbies checkpoint items=870 this_run=700 rate=0.40/s idx=852/4142
  herbies checkpoint items=920 this_run=750 rate=0.40/s idx=902/4142
  herbies checkpoint items=970 this_run=800 rate=0.40/s idx=953/4142
  herbies checkpoint items=1020 this_run=850 rate=0.40/s idx=1003/4142
herbies staging: {
  "family": "bank_herbies",
  "staging_db": "\\\\192.168.86.2\\Digital-Documents\\Digital Stealth Care\\Projects\\DSC-HUB\\brain\\data\\staging\\bank_herbies.sqlite3",
  "count": 1020,
  "bulk": false,
  "store_raw": true,
  "stats": {
    "strain_canonical": 944,
    "strain_variant": 973,
    "chemistry_profile": 252,
    "grow_trait": 744,
    "entity_link": 252,
    "attribute_kv": 1388,
    "raw_record": 1020,
    "light_fixture": 0,
    "nutrient_product": 0,
    "medium_product": 0,
    "media_asset": 0,
    "followup_gap": 0,
    "schema_extension_log": 2,
    "source_record": 1
  }
}
  herbies checkpoint items=1070 this_run=900 rate=0.40/s idx=1054/4142
  herbies checkpoint items=1120 this_run=950 rate=0.40/s idx=1104/4142
  herbies checkpoint items=1170 this_run=1000 rate=0.40/s idx=1154/4142
  herbies checkpoint items=1220 this_run=1050 rate=0.40/s idx=1204/4142
  herbies checkpoint items=1270 this_run=1100 rate=0.40/s idx=1254/4142

===== SPEED2 delay=0.3 2026-08-07T17:48:22Z dump=1270 =====
herbies: sitemap cache 4142 from dsc_strains_herbies.sitemap_urls.json
herbies: queued 4142 product URLs
  herbies checkpoint items=1320 this_run=50 rate=0.44/s idx=1305/4142
herbies staging: {
  "family": "bank_herbies",
  "staging_db": "\\\\192.168.86.2\\Digital-Documents\\Digital Stealth Care\\Projects\\DSC-HUB\\brain\\data\\staging\\bank_herbies.sqlite3",
  "count": 1320,
  "bulk": false,
  "store_raw": true,
  "stats": {
    "strain_canonical": 1219,
    "strain_variant": 1254,
    "chemistry_profile": 325,
    "grow_trait": 979,
    "entity_link": 325,
    "attribute_kv": 1910,
    "raw_record": 1320,
    "light_fixture": 0,
    "nutrient_product": 0,
    "medium_product": 0,
    "media_asset": 0,
    "followup_gap": 0,
    "schema_extension_log": 6,
    "source_record": 1
  }
}
  herbies checkpoint items=1370 this_run=100 rate=0.41/s idx=1355/4142
  herbies checkpoint items=1420 this_run=150 rate=0.42/s idx=1405/4142
  herbies checkpoint items=1470 this_run=200 rate=0.42/s idx=1456/4142
  herbies checkpoint items=1520 this_run=250 rate=0.43/s idx=1507/4142
  herbies checkpoint items=1570 this_run=300 rate=0.43/s idx=1557/4142
  herbies checkpoint items=1620 this_run=350 rate=0.43/s idx=1611/4142
  herbies checkpoint items=1670 this_run=400 rate=0.43/s idx=1661/4142
  herbies checkpoint items=1720 this_run=450 rate=0.42/s idx=1713/4142
  herbies checkpoint items=1770 this_run=500 rate=0.42/s idx=1766/4142
  herbies checkpoint items=1820 this_run=550 rate=0.42/s idx=1820/4142
herbies staging: {
  "family": "bank_herbies",
  "staging_db": "\\\\192.168.86.2\\Digital-Documents\\Digital Stealth Care\\Projects\\DSC-HUB\\brain\\data\\staging\\bank_herbies.sqlite3",
  "count": 1820,
  "bulk": false,
  "store_raw": true,
  "stats": {
    "strain_canonical": 1683,
    "strain_variant": 1735,
    "chemistry_profile": 432,
    "grow_trait": 1363,
    "entity_link": 432,
    "attribute_kv": 3670,
    "raw_record": 1820,
    "light_fixture": 0,
    "nutrient_product": 0,
    "medium_product": 0,
    "media_asset": 0,
    "followup_gap": 0,
    "schema_extension_log": 6,
    "source_record": 1
  }
}
  herbies checkpoint items=1870 this_run=600 rate=0.42/s idx=1870/4142
  herbies checkpoint items=1920 this_run=650 rate=0.42/s idx=1920/4142
  herbies checkpoint items=1970 this_run=700 rate=0.42/s idx=1970/4142
  herbies checkpoint items=2020 this_run=750 rate=0.42/s idx=2020/4142
  herbies checkpoint items=2070 this_run=800 rate=0.42/s idx=2070/4142
  herbies checkpoint items=2120 this_run=850 rate=0.42/s idx=2120/4142
  herbies checkpoint items=2170 this_run=900 rate=0.42/s idx=2170/4142
  herbies checkpoint items=2220 this_run=950 rate=0.42/s idx=2220/4142
  herbies checkpoint items=2270 this_run=1000 rate=0.42/s idx=2270/4142
  herbies checkpoint items=2320 this_run=1050 rate=0.41/s idx=2320/4142
herbies staging: {
  "family": "bank_herbies",
  "staging_db": "\\\\192.168.86.2\\Digital-Documents\\Digital Stealth Care\\Projects\\DSC-HUB\\brain\\data\\staging\\bank_herbies.sqlite3",
  "count": 2320,
  "bulk": false,
  "store_raw": true,
  "stats": {
    "strain_canonical": 2140,
    "strain_variant": 2205,
    "chemistry_profile": 555,
    "grow_trait": 1732,
    "entity_link": 555,
    "attribute_kv": 5426,
    "raw_record": 2320,
    "light_fixture": 0,
    "nutrient_product": 0,
    "medium_product": 0,
    "media_asset": 0,
    "followup_gap": 0,
    "schema_extension_log": 7,
    "source_record": 1
  }
}
  herbies checkpoint items=2370 this_run=1100 rate=0.40/s idx=2370/4142
  herbies checkpoint items=2420 this_run=1150 rate=0.40/s idx=2420/4142
  herbies checkpoint items=2470 this_run=1200 rate=0.40/s idx=2470/4142
  herbies checkpoint items=2520 this_run=1250 rate=0.40/s idx=2520/4142
  herbies checkpoint items=2570 this_run=1300 rate=0.40/s idx=2570/4142
  herbies checkpoint items=2620 this_run=1350 rate=0.40/s idx=2620/4142
  herbies checkpoint items=2670 this_run=1400 rate=0.40/s idx=2670/4142
  herbies checkpoint items=2720 this_run=1450 rate=0.40/s idx=2720/4142
  herbies checkpoint items=2770 this_run=1500 rate=0.40/s idx=2770/4142
  herbies checkpoint items=2820 this_run=1550 rate=0.40/s idx=2820/4142
herbies staging: {
  "family": "bank_herbies",
  "staging_db": "\\\\192.168.86.2\\Digital-Documents\\Digital Stealth Care\\Projects\\DSC-HUB\\brain\\data\\staging\\bank_herbies.sqlite3",
  "count": 2820,
  "bulk": false,
  "store_raw": true,
  "stats": {
    "strain_canonical": 2592,
    "strain_variant": 2672,
    "chemistry_profile": 668,
    "grow_trait": 2097,
    "entity_link": 668,
    "attribute_kv": 7219,
    "raw_record": 2820,
    "light_fixture": 0,
    "nutrient_product": 0,
    "medium_product": 0,
    "media_asset": 0,
    "followup_gap": 0,
    "schema_extension_log": 7,
    "source_record": 1
  }
}
  herbies checkpoint items=2870 this_run=1600 rate=0.40/s idx=2870/4142
  herbies checkpoint items=2920 this_run=1650 rate=0.40/s idx=2920/4142
  herbies checkpoint items=2970 this_run=1700 rate=0.39/s idx=2970/4142
  herbies checkpoint items=3020 this_run=1750 rate=0.39/s idx=3020/4142
  fail https://herbiesheadshop.com/cannabis-seeds/purgatory-regular-tga-subcool-seeds: The read operation timed out
  fail https://herbiesheadshop.com/cannabis-seeds/purple: The read operation timed out
  fail https://herbiesheadshop.com/cannabis-seeds/purple-1: The read operation timed out
  fail https://herbiesheadshop.com/cannabis-seeds/purple-1-regular: The read operation timed out
  fail https://herbiesheadshop.com/cannabis-seeds/purple-afghan-kush: The read operation timed out
  fail https://herbiesheadshop.com/cannabis-seeds/purple-bud-automatic-white-label: The read operation timed out
  fail https://herbiesheadshop.com/cannabis-seeds/purple-bud-white-label: The read operation timed out
  herbies checkpoint items=3070 this_run=1800 rate=0.33/s idx=3077/4142
  herbies checkpoint items=3120 this_run=1850 rate=0.33/s idx=3127/4142
  herbies checkpoint items=3170 this_run=1900 rate=0.33/s idx=3177/4142
  herbies checkpoint items=3220 this_run=1950 rate=0.33/s idx=3227/4142
  herbies checkpoint items=3270 this_run=2000 rate=0.34/s idx=3277/4142
  herbies checkpoint items=3320 this_run=2050 rate=0.34/s idx=3327/4142
herbies staging: {
  "family": "bank_herbies",
  "staging_db": "\\\\192.168.86.2\\Digital-Documents\\Digital Stealth Care\\Projects\\DSC-HUB\\brain\\data\\staging\\bank_herbies.sqlite3",
  "count": 3320,
  "bulk": false,
  "store_raw": true,
  "stats": {
    "strain_canonical": 3058,
    "strain_variant": 3147,
    "chemistry_profile": 783,
    "grow_trait": 2473,
    "entity_link": 783,
    "attribute_kv": 8984,
    "raw_record": 3320,
    "light_fixture": 0,
    "nutrient_product": 0,
    "medium_product": 0,
    "media_asset": 0,
    "followup_gap": 0,
    "schema_extension_log": 7,
    "source_record": 1
  }
}
  herbies checkpoint items=3370 this_run=2100 rate=0.34/s idx=3377/4142
  herbies checkpoint items=3420 this_run=2150 rate=0.33/s idx=3427/4142
  herbies checkpoint items=3470 this_run=2200 rate=0.33/s idx=3477/4142
  herbies checkpoint items=3520 this_run=2250 rate=0.33/s idx=3527/4142
  herbies checkpoint items=3570 this_run=2300 rate=0.32/s idx=3577/4142
  herbies checkpoint items=3620 this_run=2350 rate=0.32/s idx=3627/4142
  herbies checkpoint items=3670 this_run=2400 rate=0.32/s idx=3677/4142
  herbies checkpoint items=3720 this_run=2450 rate=0.32/s idx=3727/4142
  herbies checkpoint items=3770 this_run=2500 rate=0.32/s idx=3777/4142
  herbies checkpoint items=3820 this_run=2550 rate=0.33/s idx=3827/4142
herbies staging: {
  "family": "bank_herbies",
  "staging_db": "\\\\192.168.86.2\\Digital-Documents\\Digital Stealth Care\\Projects\\DSC-HUB\\brain\\data\\staging\\bank_herbies.sqlite3",
  "count": 3820,
  "bulk": false,
  "store_raw": true,
  "stats": {
    "strain_canonical": 3509,
    "strain_variant": 3620,
    "chemistry_profile": 885,
    "grow_trait": 2819,
    "entity_link": 885,
    "attribute_kv": 10827,
    "raw_record": 3820,
    "light_fixture": 0,
    "nutrient_product": 0,
    "medium_product": 0,
    "media_asset": 0,
    "followup_gap": 0,
    "schema_extension_log": 7,
    "source_record": 1
  }
}
  herbies checkpoint items=3870 this_run=2600 rate=0.33/s idx=3877/4142
  herbies checkpoint items=3920 this_run=2650 rate=0.33/s idx=3927/4142
  herbies checkpoint items=3970 this_run=2700 rate=0.33/s idx=3977/4142
  herbies checkpoint items=4020 this_run=2750 rate=0.33/s idx=4027/4142
  herbies checkpoint items=4070 this_run=2800 rate=0.32/s idx=4077/4142
  herbies checkpoint items=4120 this_run=2850 rate=0.32/s idx=4127/4142
  herbies checkpoint items=4135 this_run=2865 rate=0.32/s idx=4142/4142
wrote dsc_strains_herbies.json count=4135
herbies staging: {
  "family": "bank_herbies",
  "staging_db": "\\\\192.168.86.2\\Digital-Documents\\Digital Stealth Care\\Projects\\DSC-HUB\\brain\\data\\staging\\bank_herbies.sqlite3",
  "count": 4135,
  "bulk": false,
  "store_raw": true,
  "stats": {
    "strain_canonical": 3814,
    "strain_variant": 3935,
    "chemistry_profile": 952,
    "grow_trait": 3036,
    "entity_link": 952,
    "attribute_kv": 11964,
    "raw_record": 4135,
    "light_fixture": 0,
    "nutrient_product": 0,
    "medium_product": 0,
    "media_asset": 0,
    "followup_gap": 0,
    "schema_extension_log": 7,
    "source_record": 1
  }
}
