ilgm: fetching sitemap https://ilgm.com/sitemap.xml
ilgm: sitemap total 389 (cached dsc_strains_ilgm.sitemap_urls.json)
ilgm: queued 389 product URLs
  ilgm checkpoint items=65 this_run=25 rate=0.27/s idx=32/389

===== RESTART 2026-08-07T16:56:45Z =====
ilgm: sitemap cache 375 from dsc_strains_ilgm.sitemap_urls.json
ilgm: queued 375 product URLs
  ilgm checkpoint items=105 this_run=40 rate=0.30/s idx=99/375
  ilgm checkpoint items=145 this_run=80 rate=0.33/s idx=139/375
\n===== OWNED RESTART scrape_bank_sitemaps 2026-08-07T17:01:02Z =====\nilgm: sitemap cache 375 from dsc_strains_ilgm.sitemap_urls.json
ilgm: 375 urls queued; resume done=146 dump_items=145 skipped=0
  ok #1 idx=140/375 name='Fire OG Feminized'
  ok #2 idx=141/375 name='Forbidden Runtz Autoflower'
  ok #3 idx=142/375 name='Frosted Cherry O S F3 Autoflower'

===== RESTART2 2026-08-07T17:07:01Z =====
ilgm: sitemap cache 375 from dsc_strains_ilgm.sitemap_urls.json
ilgm: 375 urls queued; resume done=150 dump_items=150 skipped=0
  ok #1 idx=151/375 name='Galactic Grape Guava'
  ok #2 idx=152/375 name='Galactic Runtz'
  ok #3 idx=153/375 name='Garlic Breath'
  ok #25 idx=175/375 name='Gold Leaf Autoflower Seeds 50'
  ilgm checkpoint items=190 done=190 skipped=0 this_run=40 rate=0.42/s idx=190/375
  ok #50 idx=200/375 name='Grapericot Pie Feminized'
  ok #75 idx=225/375 name='Jack Flash'
  ilgm checkpoint items=230 done=230 skipped=0 this_run=80 rate=0.41/s idx=230/375
  ok #100 idx=250/375 name='Lowryder Autoflower'
  ilgm checkpoint items=270 done=270 skipped=0 this_run=120 rate=0.40/s idx=270/375
  ok #125 idx=275/375 name='Oh My Thai Autoflower'
  ok #150 idx=300/375 name='Purple Punch Feminized'
  ilgm checkpoint items=310 done=310 skipped=0 this_run=160 rate=0.38/s idx=310/375
  ok #175 idx=325/375 name='Sticky Bluntz Feminized'
  ok #200 idx=350/375 name='Tokyo Sweet'
  ilgm checkpoint items=350 done=350 skipped=0 this_run=200 rate=0.38/s idx=350/375
  ok #225 idx=375/375 name='Zookies Autoflower'
  ilgm checkpoint items=375 done=375 skipped=0 this_run=225 rate=0.38/s idx=375/375
wrote dsc_strains_ilgm.json count=375 skipped=0 errors=0
ilgm staging: {
  "family": "bank_ilgm",
  "staging_db": "\\\\192.168.86.2\\Digital-Documents\\Digital Stealth Care\\Projects\\DSC-HUB\\brain\\data\\staging\\bank_ilgm.sqlite3",
  "count": 375,
  "bulk": false,
  "store_raw": true,
  "stats": {
    "strain_canonical": 375,
    "strain_variant": 375,
    "chemistry_profile": 1,
    "grow_trait": 271,
    "entity_link": 1,
    "attribute_kv": 3402,
    "raw_record": 375,
    "light_fixture": 0,
    "nutrient_product": 0,
    "medium_product": 0,
    "media_asset": 0,
    "followup_gap": 0,
    "schema_extension_log": 12,
    "source_record": 1
  }
}
