seedsupreme: fetching sitemap https://seedsupreme.com/media/sitemap/sitemap.xml
seedsupreme: sitemap total 602 (cached dsc_strains_seedsupreme.sitemap_urls.json)
seedsupreme: queued 602 product URLs
  seedsupreme checkpoint items=75 this_run=25 rate=0.84/s idx=29/602
  seedsupreme checkpoint items=100 this_run=50 rate=0.86/s idx=61/602
  seedsupreme checkpoint items=125 this_run=75 rate=0.88/s idx=90/602
  seedsupreme checkpoint items=150 this_run=100 rate=0.88/s idx=117/602
  seedsupreme checkpoint items=175 this_run=125 rate=0.88/s idx=144/602

===== RESTART 2026-08-07T16:56:45Z =====
seedsupreme: sitemap cache 549 from dsc_strains_seedsupreme.sitemap_urls.json
seedsupreme: queued 549 product URLs
  seedsupreme checkpoint items=215 this_run=40 rate=0.54/s idx=167/549
  seedsupreme checkpoint items=255 this_run=80 rate=0.48/s idx=213/549
\n===== OWNED RESTART scrape_bank_sitemaps 2026-08-07T17:01:03Z =====\nseedsupreme: sitemap cache 537 from dsc_strains_seedsupreme.sitemap_urls.json
seedsupreme: 537 urls queued; resume done=75 dump_items=75 skipped=0
  ok #1 idx=76/537 name='Blue OG'
  ok #2 idx=77/537 name='Blue Widow'
  ok #3 idx=78/537 name='Blueberry'
  ok #25 idx=100/537 name='Bubba Kush'
  seedsupreme checkpoint items=115 done=115 skipped=0 this_run=40 rate=0.46/s idx=115/537
  ok #50 idx=125/537 name='CBD Kush'
  ok #75 idx=150/537 name='Cinderella 99 x Tangilope'
  seedsupreme checkpoint items=155 done=155 skipped=0 this_run=80 rate=0.46/s idx=155/537
  ok #100 idx=175/537 name='Critical x Somango'
  seedsupreme checkpoint items=195 done=195 skipped=0 this_run=120 rate=0.54/s idx=195/537
  ok #125 idx=200/537 name='Exodus Cheese'
  ok #150 idx=225/537 name='Gelato'
  seedsupreme checkpoint items=235 done=235 skipped=0 this_run=160 rate=0.59/s idx=235/537
  ok #175 idx=250/537 name='Grape Ape'
  ok #200 idx=275/537 name='Hawaii x Purple Skunk'
  seedsupreme checkpoint items=275 done=275 skipped=0 this_run=200 rate=0.60/s idx=275/537
  ok #225 idx=300/537 name='Jack Cookies'
  seedsupreme checkpoint items=315 done=315 skipped=0 this_run=240 rate=0.57/s idx=315/537
  ok #250 idx=325/537 name='Lemon Haze'
  ok #275 idx=350/537 name='Mimosa'
  seedsupreme checkpoint items=355 done=355 skipped=0 this_run=280 rate=0.55/s idx=355/537
  ok #300 idx=375/537 name='OG Kush Live Rosin THCa Vape 1G'
  seedsupreme checkpoint items=395 done=395 skipped=0 this_run=320 rate=0.54/s idx=395/537
  ok #325 idx=400/537 name='Pure Indica'
  ok #350 idx=425/537 name='Rolling Tray by United Strains of America'
  seedsupreme checkpoint items=435 done=435 skipped=0 this_run=360 rate=0.53/s idx=435/537
seedsupreme staging: {
  "family": "bank_seed_supreme",
  "staging_db": "\\\\192.168.86.2\\Digital-Documents\\Digital Stealth Care\\Projects\\DSC-HUB\\brain\\data\\staging\\bank_seed_supreme.sqlite3",
  "count": 435,
  "bulk": false,
  "store_raw": true,
  "stats": {
    "strain_canonical": 369,
    "strain_variant": 370,
    "chemistry_profile": 0,
    "grow_trait": 369,
    "entity_link": 0,
    "attribute_kv": 6422,
    "raw_record": 435,
    "light_fixture": 0,
    "nutrient_product": 0,
    "medium_product": 0,
    "media_asset": 0,
    "followup_gap": 0,
    "schema_extension_log": 18,
    "source_record": 1
  }
}
  ok #375 idx=450/537 name='Skywalker'
  ok #400 idx=475/537 name='Strawberry'
  seedsupreme checkpoint items=475 done=475 skipped=0 this_run=400 rate=0.53/s idx=475/537
  ok #425 idx=500/537 name='THC Gummies'
  seedsupreme checkpoint items=515 done=515 skipped=0 this_run=440 rate=0.53/s idx=515/537
  ok #450 idx=525/537 name='White Rhino'
  seedsupreme checkpoint items=537 done=537 skipped=0 this_run=462 rate=0.53/s idx=537/537
wrote dsc_strains_seedsupreme.json count=537 skipped=0 errors=0
seedsupreme staging: {
  "family": "bank_seed_supreme",
  "staging_db": "\\\\192.168.86.2\\Digital-Documents\\Digital Stealth Care\\Projects\\DSC-HUB\\brain\\data\\staging\\bank_seed_supreme.sqlite3",
  "count": 537,
  "bulk": false,
  "store_raw": true,
  "stats": {
    "strain_canonical": 455,
    "strain_variant": 456,
    "chemistry_profile": 0,
    "grow_trait": 450,
    "entity_link": 0,
    "attribute_kv": 7853,
    "raw_record": 537,
    "light_fixture": 0,
    "nutrient_product": 0,
    "medium_product": 0,
    "media_asset": 0,
    "followup_gap": 0,
    "schema_extension_log": 18,
    "source_record": 1
  }
}
