01:48:46 SKIP allbud: tiny/in-progress raw=6
01:48:46 SKIP cannlytics_expand: journal lock / skip
01:48:46 SKIP leafly_flat: prefer leafly_flat_enrich
01:48:46 SKIP phytochem_lab: prefer phytochem_smith
01:48:46 SKIP north_atlantic: prefer north_atlantic_local
01:49:15 BEFORE {"strain_canonical": 66973, "strain_variant": 30542, "chemistry_profile": 331166, "grow_trait": 18654, "entity_link": 866503, "attribute_kv": 1075, "raw_record": 0, "light_fixture": 7, "nutrient_product": 3, "medium_product": 1, "media_asset": 16, "followup_gap": 1, "schema_extension_log": 13, "source_record": 47}
01:49:15 MERGE_START seedcity
01:49:16 MERGE_DONE seedcity status=failed rc=4294967295 s=1.8
01:49:17 RETRY seedcity attempt=0
01:49:32 MERGE_START seedcity
01:49:33 MERGE_DONE seedcity status=failed rc=4294967295 s=0.2
01:49:33 RETRY seedcity attempt=1
01:49:48 MERGE_START seedcity
01:49:50 MERGE_DONE seedcity status=failed rc=4294967295 s=2.1
01:49:50 RETRY seedcity attempt=2
01:50:06 MERGE_START kushy_crosses_local
01:50:08 MERGE_DONE kushy_crosses_local status=failed rc=4294967295 s=2.3
01:50:08 RETRY kushy_crosses_local attempt=0
01:50:23 MERGE_START kushy_crosses_local
01:50:26 MERGE_DONE kushy_crosses_local status=failed rc=4294967295 s=2.3
01:50:26 RETRY kushy_crosses_local attempt=1
01:50:41 MERGE_START kushy_crosses_local
01:50:42 MERGE_DONE kushy_crosses_local status=failed rc=4294967295 s=1.3
01:50:43 RETRY kushy_crosses_local attempt=2
01:50:58 MERGE_START cannabis_intelligence
01:50:58 MERGE_DONE cannabis_intelligence status=failed rc=4294967295 s=0.1
01:50:58 RETRY cannabis_intelligence attempt=0
01:51:13 MERGE_START cannabis_intelligence
01:51:13 MERGE_DONE cannabis_intelligence status=failed rc=4294967295 s=0.1
01:51:13 RETRY cannabis_intelligence attempt=1
01:51:29 MERGE_START cannabis_intelligence
01:51:29 MERGE_DONE cannabis_intelligence status=failed rc=4294967295 s=0.1
01:51:29 RETRY cannabis_intelligence attempt=2
01:51:44 MERGE_START phytochem_smith
01:51:45 MERGE_DONE phytochem_smith status=failed rc=4294967295 s=0.3
01:51:45 RETRY phytochem_smith attempt=0
01:52:00 MERGE_START phytochem_smith
01:52:00 MERGE_DONE phytochem_smith status=failed rc=4294967295 s=0.2
01:52:00 RETRY phytochem_smith attempt=1
01:52:15 MERGE_START phytochem_smith
01:52:15 MERGE_DONE phytochem_smith status=failed rc=4294967295 s=0.2
01:52:16 RETRY phytochem_smith attempt=2
01:52:31 MERGE_START leafly_flat_enrich
01:52:31 MERGE_DONE leafly_flat_enrich status=failed rc=4294967295 s=0.5
01:52:32 RETRY leafly_flat_enrich attempt=0
01:52:47 MERGE_START leafly_flat_enrich
01:52:49 MERGE_DONE leafly_flat_enrich status=failed rc=4294967295 s=2.0
01:52:49 RETRY leafly_flat_enrich attempt=1
01:53:04 MERGE_START leafly_flat_enrich
01:53:06 MERGE_DONE leafly_flat_enrich status=failed rc=4294967295 s=1.9
01:53:06 RETRY leafly_flat_enrich attempt=2
01:53:21 MERGE_START replication_labs
01:53:23 MERGE_DONE replication_labs status=failed rc=4294967295 s=1.8
01:53:23 RETRY replication_labs attempt=0
01:53:38 MERGE_START replication_labs
01:53:41 MERGE_DONE replication_labs status=failed rc=4294967295 s=2.0
01:53:41 RETRY replication_labs attempt=1
01:53:56 MERGE_START replication_labs
01:53:58 MERGE_DONE replication_labs status=failed rc=4294967295 s=1.9
01:53:58 RETRY replication_labs attempt=2
01:54:13 MERGE_START north_atlantic_local
01:54:15 MERGE_DONE north_atlantic_local status=failed rc=4294967295 s=1.6
01:54:15 RETRY north_atlantic_local attempt=0
01:54:30 MERGE_START north_atlantic_local
01:54:32 MERGE_DONE north_atlantic_local status=failed rc=4294967295 s=1.1
01:54:32 RETRY north_atlantic_local attempt=1
01:54:47 MERGE_START north_atlantic_local
01:54:48 MERGE_DONE north_atlantic_local status=failed rc=4294967295 s=0.4
01:54:48 RETRY north_atlantic_local attempt=2
01:55:03 MERGE_START medical_effects
01:55:05 MERGE_DONE medical_effects status=failed rc=4294967295 s=1.8
01:55:05 RETRY medical_effects attempt=0
01:55:20 MERGE_START medical_effects
01:55:21 MERGE_DONE medical_effects status=failed rc=4294967295 s=0.4
01:55:21 RETRY medical_effects attempt=1
01:55:36 MERGE_START medical_effects
01:55:37 MERGE_DONE medical_effects status=failed rc=4294967295 s=0.7
01:55:37 RETRY medical_effects attempt=2
01:55:52 MERGE_START cannia
01:55:53 MERGE_DONE cannia status=failed rc=4294967295 s=0.4
01:55:53 RETRY cannia attempt=0
01:56:08 MERGE_START cannia
01:56:10 MERGE_DONE cannia status=failed rc=4294967295 s=1.3
01:56:10 RETRY cannia attempt=1
01:56:25 MERGE_START cannia
01:56:27 MERGE_DONE cannia status=failed rc=4294967295 s=1.8
01:56:27 RETRY cannia attempt=2
01:56:42 MERGE_START pickle_archive
01:56:44 MERGE_DONE pickle_archive status=failed rc=4294967295 s=1.8
01:56:44 RETRY pickle_archive attempt=0
01:57:00 MERGE_START pickle_archive
