
===== launch 2026-08-07T16:49:32Z delay=0.85 =====
url cache: dsc_strains_seedfinder.urls.json count=40638
staging: \\192.168.86.2\Digital-Documents\Digital Stealth Care\Projects\DSC-HUB\brain\data\staging\seedfinder.sqlite3
urls=40638 have=439 todo=40199 delay=0.85
  checkpoint 464/40638 (+25/40199)
  checkpoint 489/40638 (+50/40199)
  checkpoint 514/40638 (+75/40199)
  checkpoint 539/40638 (+100/40199)

===== launch 2026-08-07T16:54:43Z delay=0.85 =====
url cache: dsc_strains_seedfinder.urls.json count=40638
staging: \\192.168.86.2\Digital-Documents\Digital Stealth Care\Projects\DSC-HUB\brain\data\staging\seedfinder.sqlite3
urls=40638 have=539 todo=40099 delay=0.85
  checkpoint 564/40638 (+25/40099) dump=skipped
  checkpoint 589/40638 (+50/40099) dump=skipped
  checkpoint 614/40638 (+75/40099) dump=skipped
  checkpoint 639/40638 (+100/40099) dump=skipped
  checkpoint 664/40638 (+125/40099) dump=skipped
  checkpoint 689/40638 (+150/40099) dump=skipped
  checkpoint 714/40638 (+175/40099) dump=skipped
  checkpoint 739/40638 (+200/40099) dump=skipped
  checkpoint 764/40638 (+225/40099) dump=skipped
  checkpoint 789/40638 (+250/40099) dump=skipped
  checkpoint 814/40638 (+275/40099) dump=skipped
  checkpoint 839/40638 (+300/40099) dump=skipped
  checkpoint 864/40638 (+325/40099) dump=skipped
  checkpoint 889/40638 (+350/40099) dump=skipped
  checkpoint 914/40638 (+375/40099) dump=skipped
  checkpoint 939/40638 (+400/40099) dump=skipped
  checkpoint 964/40638 (+425/40099) dump=skipped
  checkpoint 989/40638 (+450/40099) dump=skipped
  checkpoint 1014/40638 (+475/40099) dump=skipped
  checkpoint 1039/40638 (+500/40099) dump=flushed
  checkpoint 1064/40638 (+525/40099) dump=skipped
  checkpoint 1089/40638 (+550/40099) dump=skipped
  checkpoint 1114/40638 (+575/40099) dump=skipped
  checkpoint 1139/40638 (+600/40099) dump=skipped
  checkpoint 1164/40638 (+625/40099) dump=skipped
  checkpoint 1189/40638 (+650/40099) dump=skipped
  checkpoint 1214/40638 (+675/40099) dump=skipped
  checkpoint 1239/40638 (+700/40099) dump=skipped
  checkpoint 1264/40638 (+725/40099) dump=skipped
  checkpoint 1289/40638 (+750/40099) dump=skipped
  checkpoint 1314/40638 (+775/40099) dump=skipped
  checkpoint 1339/40638 (+800/40099) dump=skipped
  checkpoint 1364/40638 (+825/40099) dump=skipped
  checkpoint 1389/40638 (+850/40099) dump=skipped
  checkpoint 1414/40638 (+875/40099) dump=skipped
  checkpoint 1439/40638 (+900/40099) dump=skipped
  checkpoint 1464/40638 (+925/40099) dump=skipped
  checkpoint 1489/40638 (+950/40099) dump=skipped
  checkpoint 1514/40638 (+975/40099) dump=skipped
  checkpoint 1539/40638 (+1000/40099) dump=flushed
  checkpoint 1564/40638 (+1025/40099) dump=skipped
  checkpoint 1589/40638 (+1050/40099) dump=skipped
  checkpoint 1614/40638 (+1075/40099) dump=skipped
  checkpoint 1639/40638 (+1100/40099) dump=skipped
  checkpoint 1664/40638 (+1125/40099) dump=skipped
  checkpoint 1689/40638 (+1150/40099) dump=skipped
  checkpoint 1714/40638 (+1175/40099) dump=skipped
  checkpoint 1739/40638 (+1200/40099) dump=skipped
  checkpoint 1764/40638 (+1225/40099) dump=skipped
  checkpoint 1789/40638 (+1250/40099) dump=skipped
  checkpoint 1814/40638 (+1275/40099) dump=skipped
  checkpoint 1839/40638 (+1300/40099) dump=skipped
  checkpoint 1864/40638 (+1325/40099) dump=skipped
  checkpoint 1889/40638 (+1350/40099) dump=skipped
  checkpoint 1914/40638 (+1375/40099) dump=skipped
  checkpoint 1939/40638 (+1400/40099) dump=skipped
  checkpoint 1964/40638 (+1425/40099) dump=skipped
  checkpoint 1989/40638 (+1450/40099) dump=skipped
  checkpoint 2014/40638 (+1475/40099) dump=skipped
  checkpoint 2039/40638 (+1500/40099) dump=flushed
  checkpoint 2064/40638 (+1525/40099) dump=skipped
  checkpoint 2089/40638 (+1550/40099) dump=skipped
  checkpoint 2114/40638 (+1575/40099) dump=skipped
  checkpoint 2139/40638 (+1600/40099) dump=skipped
  checkpoint 2164/40638 (+1625/40099) dump=skipped
  checkpoint 2189/40638 (+1650/40099) dump=skipped
  checkpoint 2214/40638 (+1675/40099) dump=skipped
  checkpoint 2239/40638 (+1700/40099) dump=skipped
  checkpoint 2264/40638 (+1725/40099) dump=skipped
  checkpoint 2289/40638 (+1750/40099) dump=skipped
  checkpoint 2314/40638 (+1775/40099) dump=skipped
  checkpoint 2339/40638 (+1800/40099) dump=skipped
  checkpoint 2364/40638 (+1825/40099) dump=skipped
  checkpoint 2389/40638 (+1850/40099) dump=skipped
  checkpoint 2414/40638 (+1875/40099) dump=skipped
  checkpoint 2439/40638 (+1900/40099) dump=skipped
  checkpoint 2464/40638 (+1925/40099) dump=skipped
  checkpoint 2489/40638 (+1950/40099) dump=skipped
  checkpoint 2514/40638 (+1975/40099) dump=skipped
  checkpoint 2539/40638 (+2000/40099) dump=flushed
  checkpoint 2564/40638 (+2025/40099) dump=skipped
  checkpoint 2589/40638 (+2050/40099) dump=skipped
  checkpoint 2614/40638 (+2075/40099) dump=skipped
  checkpoint 2639/40638 (+2100/40099) dump=skipped
  checkpoint 2664/40638 (+2125/40099) dump=skipped
  checkpoint 2689/40638 (+2150/40099) dump=skipped
  checkpoint 2714/40638 (+2175/40099) dump=skipped
  checkpoint 2739/40638 (+2200/40099) dump=skipped
  checkpoint 2764/40638 (+2225/40099) dump=skipped
  checkpoint 2789/40638 (+2250/40099) dump=skipped
  checkpoint 2814/40638 (+2275/40099) dump=skipped
  checkpoint 2839/40638 (+2300/40099) dump=skipped
  checkpoint 2864/40638 (+2325/40099) dump=skipped
  checkpoint 2889/40638 (+2350/40099) dump=skipped
  checkpoint 2914/40638 (+2375/40099) dump=skipped
  checkpoint 2939/40638 (+2400/40099) dump=skipped
  checkpoint 2964/40638 (+2425/40099) dump=skipped
  checkpoint 2989/40638 (+2450/40099) dump=skipped
  checkpoint 3014/40638 (+2475/40099) dump=skipped
  checkpoint 3039/40638 (+2500/40099) dump=flushed
  checkpoint 3064/40638 (+2525/40099) dump=skipped
  checkpoint 3089/40638 (+2550/40099) dump=skipped
  checkpoint 3126/40638 (+2600/40099) dump=skipped
  checkpoint 3151/40638 (+2625/40099) dump=skipped
  checkpoint 3176/40638 (+2650/40099) dump=skipped
  checkpoint 3201/40638 (+2675/40099) dump=skipped
  checkpoint 3226/40638 (+2700/40099) dump=skipped
  checkpoint 3251/40638 (+2725/40099) dump=skipped
  checkpoint 3276/40638 (+2750/40099) dump=skipped
  checkpoint 3301/40638 (+2775/40099) dump=skipped
  checkpoint 3326/40638 (+2800/40099) dump=skipped
  checkpoint 3351/40638 (+2825/40099) dump=skipped
  checkpoint 3376/40638 (+2850/40099) dump=skipped
  checkpoint 3401/40638 (+2875/40099) dump=skipped
  checkpoint 3426/40638 (+2900/40099) dump=skipped
  checkpoint 3451/40638 (+2925/40099) dump=skipped
  checkpoint 3476/40638 (+2950/40099) dump=skipped
  checkpoint 3501/40638 (+2975/40099) dump=skipped
  checkpoint 3526/40638 (+3000/40099) dump=flushed
  checkpoint 3551/40638 (+3025/40099) dump=skipped
  checkpoint 3576/40638 (+3050/40099) dump=skipped
  checkpoint 3601/40638 (+3075/40099) dump=skipped
  checkpoint 3626/40638 (+3100/40099) dump=skipped
  checkpoint 3651/40638 (+3125/40099) dump=skipped
  checkpoint 3676/40638 (+3150/40099) dump=skipped
  checkpoint 3701/40638 (+3175/40099) dump=skipped
  checkpoint 3726/40638 (+3200/40099) dump=skipped
  checkpoint 3751/40638 (+3225/40099) dump=skipped
  checkpoint 3776/40638 (+3250/40099) dump=skipped
  checkpoint 3801/40638 (+3275/40099) dump=skipped
  checkpoint 3826/40638 (+3300/40099) dump=skipped
  checkpoint 3851/40638 (+3325/40099) dump=skipped
  checkpoint 3876/40638 (+3350/40099) dump=skipped
  checkpoint 3901/40638 (+3375/40099) dump=skipped
  checkpoint 3926/40638 (+3400/40099) dump=skipped
  checkpoint 3951/40638 (+3425/40099) dump=skipped
  checkpoint 3976/40638 (+3450/40099) dump=skipped
  checkpoint 4001/40638 (+3475/40099) dump=skipped
  checkpoint 4026/40638 (+3500/40099) dump=flushed
  checkpoint 4051/40638 (+3525/40099) dump=skipped
  checkpoint 4076/40638 (+3550/40099) dump=skipped
  checkpoint 4101/40638 (+3575/40099) dump=skipped
  checkpoint 4126/40638 (+3600/40099) dump=skipped
  checkpoint 4151/40638 (+3625/40099) dump=skipped
  checkpoint 4176/40638 (+3650/40099) dump=skipped
  checkpoint 4201/40638 (+3675/40099) dump=skipped
  checkpoint 4226/40638 (+3700/40099) dump=skipped
  checkpoint 4251/40638 (+3725/40099) dump=skipped
  checkpoint 4276/40638 (+3750/40099) dump=skipped
  checkpoint 4301/40638 (+3775/40099) dump=skipped
  checkpoint 4326/40638 (+3800/40099) dump=skipped
  checkpoint 4351/40638 (+3825/40099) dump=skipped
  checkpoint 4376/40638 (+3850/40099) dump=skipped
  checkpoint 4401/40638 (+3875/40099) dump=skipped
  checkpoint 4426/40638 (+3900/40099) dump=skipped
staging_stats: {"strain_canonical": 3823, "strain_variant": 4445, "chemistry_profile": 514, "grow_trait": 4445, "entity_link": 514, "attribute_kv": 0, "raw_record": 4445, "light_fixture": 0, "nutrient_product": 0, "medium_product": 0, "media_asset": 0, "followup_gap": 0, "schema_extension_log": 0, "source_record": 1}
CF_BLOCKED https://seedfinder.eu/en/strain-info/black-dreams/jordan-of-the-islands
Open this URL in a browser, complete the Cloudflare challenge if shown, then re-run this script (checkpoint resumes):
  https://seedfinder.eu/en/strain-info/black-dreams/jordan-of-the-islands

===== launch 2026-08-07T20:08:12Z delay=1.25 =====
url cache: dsc_strains_seedfinder.urls.json count=40638
staging: \\192.168.86.2\Digital-Documents\Digital Stealth Care\Projects\DSC-HUB\brain\data\staging\seedfinder.sqlite3
urls=40638 have=4445 todo=36193 delay=1.25
  checkpoint 4470/40638 (+25/36193) dump=skipped
  checkpoint 4495/40638 (+50/36193) dump=skipped
  checkpoint 4520/40638 (+75/36193) dump=skipped
  checkpoint 4545/40638 (+100/36193) dump=skipped
  checkpoint 4570/40638 (+125/36193) dump=skipped
  checkpoint 4595/40638 (+150/36193) dump=skipped
  checkpoint 4620/40638 (+175/36193) dump=skipped
  checkpoint 4645/40638 (+200/36193) dump=skipped
  checkpoint 4670/40638 (+225/36193) dump=skipped
  checkpoint 4695/40638 (+250/36193) dump=skipped
  checkpoint 4720/40638 (+275/36193) dump=skipped
  checkpoint 4745/40638 (+300/36193) dump=skipped
  checkpoint 4770/40638 (+325/36193) dump=skipped
  checkpoint 4795/40638 (+350/36193) dump=skipped
  checkpoint 4820/40638 (+375/36193) dump=skipped
  checkpoint 4845/40638 (+400/36193) dump=skipped
  checkpoint 4870/40638 (+425/36193) dump=skipped
  checkpoint 4895/40638 (+450/36193) dump=skipped
  checkpoint 4920/40638 (+475/36193) dump=skipped
  checkpoint 4945/40638 (+500/36193) dump=flushed
  checkpoint 4970/40638 (+525/36193) dump=skipped
  checkpoint 4995/40638 (+550/36193) dump=skipped
  checkpoint 5020/40638 (+575/36193) dump=skipped
  checkpoint 5044/40638 (+600/36193) dump=skipped
  checkpoint 5069/40638 (+625/36193) dump=skipped
  checkpoint 5094/40638 (+650/36193) dump=skipped
  checkpoint 5119/40638 (+675/36193) dump=skipped
  checkpoint 5144/40638 (+700/36193) dump=skipped
  checkpoint 5169/40638 (+725/36193) dump=skipped
  checkpoint 5194/40638 (+750/36193) dump=skipped
  checkpoint 5219/40638 (+775/36193) dump=skipped
  checkpoint 5244/40638 (+800/36193) dump=skipped
  checkpoint 5269/40638 (+825/36193) dump=skipped
  checkpoint 5294/40638 (+850/36193) dump=skipped
  checkpoint 5319/40638 (+875/36193) dump=skipped
  checkpoint 5344/40638 (+900/36193) dump=skipped
  checkpoint 5369/40638 (+925/36193) dump=skipped
  checkpoint 5394/40638 (+950/36193) dump=skipped
  checkpoint 5419/40638 (+975/36193) dump=skipped
  checkpoint 5444/40638 (+1000/36193) dump=flushed
  checkpoint 5469/40638 (+1025/36193) dump=skipped
  checkpoint 5494/40638 (+1050/36193) dump=skipped
  checkpoint 5519/40638 (+1075/36193) dump=skipped
  checkpoint 5544/40638 (+1100/36193) dump=skipped
  checkpoint 5569/40638 (+1125/36193) dump=skipped
  checkpoint 5594/40638 (+1150/36193) dump=skipped
  checkpoint 5619/40638 (+1175/36193) dump=skipped
  checkpoint 5644/40638 (+1200/36193) dump=skipped
  checkpoint 5669/40638 (+1225/36193) dump=skipped
  checkpoint 5694/40638 (+1250/36193) dump=skipped
  checkpoint 5719/40638 (+1275/36193) dump=skipped
  checkpoint 5744/40638 (+1300/36193) dump=skipped
  checkpoint 5769/40638 (+1325/36193) dump=skipped
  checkpoint 5794/40638 (+1350/36193) dump=skipped
  checkpoint 5819/40638 (+1375/36193) dump=skipped
  checkpoint 5844/40638 (+1400/36193) dump=skipped
  checkpoint 5869/40638 (+1425/36193) dump=skipped
  checkpoint 5894/40638 (+1450/36193) dump=skipped
  checkpoint 5919/40638 (+1475/36193) dump=skipped
  checkpoint 5944/40638 (+1500/36193) dump=flushed
  checkpoint 5969/40638 (+1525/36193) dump=skipped
  checkpoint 5994/40638 (+1550/36193) dump=skipped
  checkpoint 6019/40638 (+1575/36193) dump=skipped
  checkpoint 6044/40638 (+1600/36193) dump=skipped
  checkpoint 6069/40638 (+1625/36193) dump=skipped
  checkpoint 6094/40638 (+1650/36193) dump=skipped
  checkpoint 6119/40638 (+1675/36193) dump=skipped
  checkpoint 6144/40638 (+1700/36193) dump=skipped
staging_stats: {"strain_canonical": 5258, "strain_variant": 6164, "chemistry_profile": 674, "grow_trait": 6164, "entity_link": 674, "attribute_kv": 0, "raw_record": 6164, "light_fixture": 0, "nutrient_product": 0, "medium_product": 0, "media_asset": 0, "followup_gap": 0, "schema_extension_log": 0, "source_record": 1}
CF_BLOCKED https://seedfinder.eu/en/strain-info/brazil-mostly-indica/original-strains
Open this URL in a browser, complete the Cloudflare challenge if shown, then re-run this script (checkpoint resumes):
  https://seedfinder.eu/en/strain-info/brazil-mostly-indica/original-strains

===== watchdog launch 2026-08-07T21:30:25Z delay=1.25 =====
url cache: dsc_strains_seedfinder.urls.json count=40638
staging: \\192.168.86.2\Digital-Documents\Digital Stealth Care\Projects\DSC-HUB\brain\data\staging\seedfinder.sqlite3
urls=40638 have=6164 todo=34474 delay=1.25
  checkpoint 6189/40638 (+25/34474) dump=skipped
  checkpoint 6214/40638 (+50/34474) dump=skipped
  checkpoint 6239/40638 (+75/34474) dump=skipped
  checkpoint 6264/40638 (+100/34474) dump=skipped
  checkpoint 6289/40638 (+125/34474) dump=skipped
  checkpoint 6314/40638 (+150/34474) dump=skipped
  checkpoint 6339/40638 (+175/34474) dump=skipped
  checkpoint 6364/40638 (+200/34474) dump=skipped
  checkpoint 6389/40638 (+225/34474) dump=skipped
  checkpoint 6414/40638 (+250/34474) dump=skipped
  checkpoint 6439/40638 (+275/34474) dump=skipped
  checkpoint 6464/40638 (+300/34474) dump=skipped
  checkpoint 6489/40638 (+325/34474) dump=skipped
  checkpoint 6514/40638 (+350/34474) dump=skipped
  checkpoint 6539/40638 (+375/34474) dump=skipped
  checkpoint 6564/40638 (+400/34474) dump=skipped
  checkpoint 6589/40638 (+425/34474) dump=skipped
  checkpoint 6614/40638 (+450/34474) dump=skipped
  checkpoint 6639/40638 (+475/34474) dump=skipped
  checkpoint 6664/40638 (+500/34474) dump=flushed
  checkpoint 6689/40638 (+525/34474) dump=skipped
  checkpoint 6714/40638 (+550/34474) dump=skipped
  checkpoint 6739/40638 (+575/34474) dump=skipped
  checkpoint 6764/40638 (+600/34474) dump=skipped
  checkpoint 6789/40638 (+625/34474) dump=skipped
  checkpoint 6814/40638 (+650/34474) dump=skipped
  checkpoint 6839/40638 (+675/34474) dump=skipped
  checkpoint 6864/40638 (+700/34474) dump=skipped
  checkpoint 6889/40638 (+725/34474) dump=skipped
  checkpoint 6914/40638 (+750/34474) dump=skipped
  checkpoint 6939/40638 (+775/34474) dump=skipped
  checkpoint 6964/40638 (+800/34474) dump=skipped
  checkpoint 6989/40638 (+825/34474) dump=skipped
  checkpoint 7014/40638 (+850/34474) dump=skipped
  checkpoint 7039/40638 (+875/34474) dump=skipped
  checkpoint 7064/40638 (+900/34474) dump=skipped
  checkpoint 7089/40638 (+925/34474) dump=skipped
  checkpoint 7114/40638 (+950/34474) dump=skipped
  checkpoint 7139/40638 (+975/34474) dump=skipped
  checkpoint 7164/40638 (+1000/34474) dump=flushed
  checkpoint 7189/40638 (+1025/34474) dump=skipped
  checkpoint 7214/40638 (+1050/34474) dump=skipped
  checkpoint 7239/40638 (+1075/34474) dump=skipped
  checkpoint 7264/40638 (+1100/34474) dump=skipped
  checkpoint 7289/40638 (+1125/34474) dump=skipped
  checkpoint 7314/40638 (+1150/34474) dump=skipped
  checkpoint 7339/40638 (+1175/34474) dump=skipped
  checkpoint 7364/40638 (+1200/34474) dump=skipped
  checkpoint 7389/40638 (+1225/34474) dump=skipped
  checkpoint 7414/40638 (+1250/34474) dump=skipped
  checkpoint 7439/40638 (+1275/34474) dump=skipped
  checkpoint 7464/40638 (+1300/34474) dump=skipped
  checkpoint 7489/40638 (+1325/34474) dump=skipped
  checkpoint 7514/40638 (+1350/34474) dump=skipped
  checkpoint 7539/40638 (+1375/34474) dump=skipped
  checkpoint 7564/40638 (+1400/34474) dump=skipped
  checkpoint 7589/40638 (+1425/34474) dump=skipped
  checkpoint 7614/40638 (+1450/34474) dump=skipped
  checkpoint 7639/40638 (+1475/34474) dump=skipped
  checkpoint 7664/40638 (+1500/34474) dump=flushed
  checkpoint 7689/40638 (+1525/34474) dump=skipped
  checkpoint 7714/40638 (+1550/34474) dump=skipped
