2026-08-07T16:58:37Z watchdog start pid=74656
2026-08-07T16:58:37Z ok pid=3640 done=639/40638 errs=11 stall_ticks=0
2026-08-07T16:59:08Z ok pid=3640 done=664/40638 errs=11 stall_ticks=0
2026-08-07T17:00:08Z ok pid=3640 done=689/40638 errs=11 stall_ticks=0
2026-08-07T17:00:38Z ok pid=3640 done=714/40638 errs=11 stall_ticks=0
2026-08-07T17:01:39Z ok pid=3640 done=739/40638 errs=11 stall_ticks=0
2026-08-07T17:02:39Z ok pid=3640 done=764/40638 errs=11 stall_ticks=0
2026-08-07T17:03:40Z ok pid=3640 done=789/40638 errs=11 stall_ticks=0
2026-08-07T17:04:40Z ok pid=3640 done=814/40638 errs=11 stall_ticks=0
2026-08-07T17:05:41Z ok pid=3640 done=839/40638 errs=11 stall_ticks=0
2026-08-07T17:06:41Z ok pid=3640 done=864/40638 errs=11 stall_ticks=0
2026-08-07T17:07:11Z ok pid=3640 done=889/40638 errs=11 stall_ticks=0
2026-08-07T17:08:12Z ok pid=3640 done=914/40638 errs=11 stall_ticks=0
2026-08-07T17:09:12Z ok pid=3640 done=939/40638 errs=11 stall_ticks=0
2026-08-07T17:10:13Z ok pid=3640 done=964/40638 errs=11 stall_ticks=0
2026-08-07T17:11:13Z ok pid=3640 done=989/40638 errs=11 stall_ticks=0
2026-08-07T17:12:13Z ok pid=3640 done=1014/40638 errs=11 stall_ticks=0
2026-08-07T17:13:14Z ok pid=3640 done=1039/40638 errs=11 stall_ticks=0
2026-08-07T17:14:14Z ok pid=3640 done=1064/40638 errs=11 stall_ticks=0
2026-08-07T17:14:44Z ok pid=3640 done=1089/40638 errs=11 stall_ticks=0
2026-08-07T17:15:45Z ok pid=3640 done=1114/40638 errs=11 stall_ticks=0
2026-08-07T17:16:45Z ok pid=3640 done=1139/40638 errs=11 stall_ticks=0
2026-08-07T17:17:46Z ok pid=3640 done=1164/40638 errs=11 stall_ticks=0
2026-08-07T17:18:46Z ok pid=3640 done=1189/40638 errs=11 stall_ticks=0
2026-08-07T17:19:47Z ok pid=3640 done=1214/40638 errs=11 stall_ticks=0
2026-08-07T17:20:47Z ok pid=3640 done=1239/40638 errs=11 stall_ticks=0
2026-08-07T17:21:48Z ok pid=3640 done=1264/40638 errs=11 stall_ticks=0
2026-08-07T17:22:48Z ok pid=3640 done=1289/40638 errs=11 stall_ticks=0
2026-08-07T17:23:18Z ok pid=3640 done=1314/40638 errs=11 stall_ticks=0
2026-08-07T17:24:19Z ok pid=3640 done=1339/40638 errs=11 stall_ticks=0
2026-08-07T17:25:19Z ok pid=3640 done=1364/40638 errs=11 stall_ticks=0
2026-08-07T17:25:49Z ok pid=3640 done=1389/40638 errs=11 stall_ticks=0
2026-08-07T17:26:50Z ok pid=3640 done=1414/40638 errs=11 stall_ticks=0
2026-08-07T17:27:50Z ok pid=3640 done=1439/40638 errs=11 stall_ticks=0
2026-08-07T17:28:51Z ok pid=3640 done=1464/40638 errs=11 stall_ticks=0
2026-08-07T17:29:21Z ok pid=3640 done=1489/40638 errs=11 stall_ticks=0
2026-08-07T17:30:21Z ok pid=3640 done=1514/40638 errs=11 stall_ticks=0
2026-08-07T17:31:22Z ok pid=3640 done=1539/40638 errs=11 stall_ticks=0
2026-08-07T17:32:52Z ok pid=3640 done=1564/40638 errs=11 stall_ticks=0
2026-08-07T17:33:53Z ok pid=3640 done=1589/40638 errs=11 stall_ticks=0
2026-08-07T17:34:53Z ok pid=3640 done=1614/40638 errs=11 stall_ticks=0
2026-08-07T17:35:54Z ok pid=3640 done=1639/40638 errs=11 stall_ticks=0
2026-08-07T17:36:54Z ok pid=3640 done=1664/40638 errs=11 stall_ticks=0
2026-08-07T17:37:55Z ok pid=3640 done=1689/40638 errs=11 stall_ticks=0
2026-08-07T17:38:55Z ok pid=3640 done=1714/40638 errs=11 stall_ticks=0
2026-08-07T17:39:56Z ok pid=3640 done=1739/40638 errs=11 stall_ticks=0
2026-08-07T17:40:56Z ok pid=3640 done=1764/40638 errs=11 stall_ticks=0
2026-08-07T17:42:27Z ok pid=3640 done=1789/40638 errs=11 stall_ticks=0
2026-08-07T17:43:27Z ok pid=3640 done=1814/40638 errs=11 stall_ticks=0
2026-08-07T17:44:28Z ok pid=3640 done=1839/40638 errs=11 stall_ticks=0
2026-08-07T17:45:28Z ok pid=3640 done=1864/40638 errs=11 stall_ticks=0
2026-08-07T17:46:59Z ok pid=3640 done=1889/40638 errs=11 stall_ticks=0
2026-08-07T17:47:59Z ok pid=3640 done=1914/40638 errs=11 stall_ticks=0
2026-08-07T17:49:00Z ok pid=3640 done=1939/40638 errs=11 stall_ticks=0
2026-08-07T17:50:00Z ok pid=3640 done=1964/40638 errs=11 stall_ticks=0
2026-08-07T17:51:01Z ok pid=3640 done=1989/40638 errs=11 stall_ticks=0
2026-08-07T17:52:01Z ok pid=3640 done=2014/40638 errs=11 stall_ticks=0
2026-08-07T17:53:02Z ok pid=3640 done=2039/40638 errs=11 stall_ticks=0
2026-08-07T17:54:02Z ok pid=3640 done=2064/40638 errs=11 stall_ticks=0
2026-08-07T17:55:02Z ok pid=3640 done=2089/40638 errs=11 stall_ticks=0
2026-08-07T17:56:03Z ok pid=3640 done=2114/40638 errs=11 stall_ticks=0
2026-08-07T17:56:33Z ok pid=3640 done=2139/40638 errs=11 stall_ticks=0
2026-08-07T17:57:34Z ok pid=3640 done=2164/40638 errs=11 stall_ticks=0
2026-08-07T17:58:34Z ok pid=3640 done=2189/40638 errs=11 stall_ticks=0
2026-08-07T17:59:05Z ok pid=3640 done=2214/40638 errs=11 stall_ticks=0
2026-08-07T18:00:05Z ok pid=3640 done=2239/40638 errs=11 stall_ticks=0
2026-08-07T18:01:06Z ok pid=3640 done=2264/40638 errs=11 stall_ticks=0
2026-08-07T18:02:06Z ok pid=3640 done=2289/40638 errs=11 stall_ticks=0
2026-08-07T18:03:07Z ok pid=3640 done=2314/40638 errs=11 stall_ticks=0
2026-08-07T18:03:37Z ok pid=3640 done=2339/40638 errs=11 stall_ticks=0
2026-08-07T18:04:37Z ok pid=3640 done=2364/40638 errs=11 stall_ticks=0
2026-08-07T18:05:38Z ok pid=3640 done=2389/40638 errs=11 stall_ticks=0
2026-08-07T18:06:38Z ok pid=3640 done=2414/40638 errs=11 stall_ticks=0
2026-08-07T18:07:39Z ok pid=3640 done=2439/40638 errs=11 stall_ticks=0
2026-08-07T18:08:39Z ok pid=3640 done=2464/40638 errs=11 stall_ticks=0
2026-08-07T18:09:09Z ok pid=3640 done=2489/40638 errs=11 stall_ticks=0
2026-08-07T18:10:10Z ok pid=3640 done=2514/40638 errs=11 stall_ticks=0
2026-08-07T18:11:10Z ok pid=3640 done=2539/40638 errs=11 stall_ticks=0
2026-08-07T18:12:11Z ok pid=3640 done=2564/40638 errs=11 stall_ticks=0
2026-08-07T18:13:11Z ok pid=3640 done=2589/40638 errs=11 stall_ticks=0
2026-08-07T18:13:41Z ok pid=3640 done=2614/40638 errs=11 stall_ticks=0
2026-08-07T18:14:42Z ok pid=3640 done=2639/40638 errs=11 stall_ticks=0
2026-08-07T18:15:42Z ok pid=3640 done=2664/40638 errs=11 stall_ticks=0
2026-08-07T18:16:43Z ok pid=3640 done=2689/40638 errs=11 stall_ticks=0
2026-08-07T18:17:43Z ok pid=3640 done=2714/40638 errs=11 stall_ticks=0
2026-08-07T18:18:44Z ok pid=3640 done=2739/40638 errs=11 stall_ticks=0
2026-08-07T18:19:14Z ok pid=3640 done=2764/40638 errs=11 stall_ticks=0
2026-08-07T18:20:14Z ok pid=3640 done=2789/40638 errs=11 stall_ticks=0
2026-08-07T18:21:15Z ok pid=3640 done=2814/40638 errs=11 stall_ticks=0
2026-08-07T18:21:45Z ok pid=3640 done=2839/40638 errs=11 stall_ticks=0
2026-08-07T18:22:46Z ok pid=3640 done=2864/40638 errs=11 stall_ticks=0
2026-08-07T18:23:46Z ok pid=3640 done=2889/40638 errs=11 stall_ticks=0
2026-08-07T18:24:46Z ok pid=3640 done=2914/40638 errs=11 stall_ticks=0
2026-08-07T18:25:47Z ok pid=3640 done=2939/40638 errs=11 stall_ticks=0
2026-08-07T18:26:47Z ok pid=3640 done=2964/40638 errs=11 stall_ticks=0
2026-08-07T18:27:48Z ok pid=3640 done=2989/40638 errs=11 stall_ticks=0
2026-08-07T18:28:49Z ok pid=3640 done=3014/40638 errs=11 stall_ticks=0
2026-08-07T18:29:19Z ok pid=3640 done=3039/40638 errs=11 stall_ticks=0
2026-08-07T18:30:49Z ok pid=3640 done=3064/40638 errs=11 stall_ticks=0
2026-08-07T18:31:20Z ok pid=3640 done=3089/40638 errs=11 stall_ticks=0
2026-08-07T18:34:21Z ok pid=3640 done=3089/40638 errs=22 stall_ticks=6
2026-08-07T18:36:53Z ok pid=3640 done=3126/40638 errs=24 stall_ticks=0
2026-08-07T18:37:54Z ok pid=3640 done=3151/40638 errs=24 stall_ticks=0
2026-08-07T18:39:25Z ok pid=3640 done=3176/40638 errs=24 stall_ticks=0
2026-08-07T18:40:26Z ok pid=3640 done=3201/40638 errs=24 stall_ticks=0
2026-08-07T18:41:27Z ok pid=3640 done=3226/40638 errs=24 stall_ticks=0
2026-08-07T18:42:59Z ok pid=3640 done=3251/40638 errs=24 stall_ticks=0
2026-08-07T18:44:00Z ok pid=3640 done=3276/40638 errs=24 stall_ticks=0
2026-08-07T18:45:32Z ok pid=3640 done=3301/40638 errs=24 stall_ticks=0
2026-08-07T18:46:33Z ok pid=3640 done=3326/40638 errs=24 stall_ticks=0
2026-08-07T18:47:34Z ok pid=3640 done=3351/40638 errs=24 stall_ticks=0
2026-08-07T18:48:35Z ok pid=3640 done=3376/40638 errs=24 stall_ticks=0
2026-08-07T18:50:06Z ok pid=3640 done=3401/40638 errs=24 stall_ticks=0
2026-08-07T18:51:07Z ok pid=3640 done=3426/40638 errs=24 stall_ticks=0
2026-08-07T18:52:08Z ok pid=3640 done=3451/40638 errs=24 stall_ticks=0
2026-08-07T18:53:09Z ok pid=3640 done=3476/40638 errs=24 stall_ticks=0
2026-08-07T18:54:09Z ok pid=3640 done=3501/40638 errs=24 stall_ticks=0
2026-08-07T18:55:10Z ok pid=3640 done=3526/40638 errs=24 stall_ticks=0
2026-08-07T18:56:41Z ok pid=3640 done=3551/40638 errs=24 stall_ticks=0
2026-08-07T18:57:42Z ok pid=3640 done=3576/40638 errs=24 stall_ticks=0
2026-08-07T18:58:43Z ok pid=3640 done=3601/40638 errs=24 stall_ticks=0
2026-08-07T18:59:43Z ok pid=3640 done=3626/40638 errs=24 stall_ticks=0
2026-08-07T19:00:44Z ok pid=3640 done=3651/40638 errs=24 stall_ticks=0
2026-08-07T19:01:45Z ok pid=3640 done=3676/40638 errs=24 stall_ticks=0
2026-08-07T19:02:45Z ok pid=3640 done=3701/40638 errs=24 stall_ticks=0
2026-08-07T19:04:16Z ok pid=3640 done=3726/40638 errs=24 stall_ticks=0
2026-08-07T19:05:17Z ok pid=3640 done=3751/40638 errs=24 stall_ticks=0
2026-08-07T19:06:18Z ok pid=3640 done=3776/40638 errs=24 stall_ticks=0
2026-08-07T19:07:19Z ok pid=3640 done=3801/40638 errs=24 stall_ticks=0
2026-08-07T19:08:50Z ok pid=3640 done=3826/40638 errs=24 stall_ticks=0
2026-08-07T19:09:51Z ok pid=3640 done=3851/40638 errs=24 stall_ticks=0
2026-08-07T19:10:52Z ok pid=3640 done=3876/40638 errs=24 stall_ticks=0
2026-08-07T19:11:53Z ok pid=3640 done=3901/40638 errs=24 stall_ticks=0
2026-08-07T19:12:53Z ok pid=3640 done=3926/40638 errs=24 stall_ticks=0
2026-08-07T19:13:54Z ok pid=3640 done=3951/40638 errs=24 stall_ticks=0
2026-08-07T19:14:55Z ok pid=3640 done=3976/40638 errs=24 stall_ticks=0
2026-08-07T19:15:56Z ok pid=3640 done=4001/40638 errs=24 stall_ticks=0
2026-08-07T19:17:27Z ok pid=3640 done=4026/40638 errs=24 stall_ticks=0
2026-08-07T19:18:28Z ok pid=3640 done=4051/40638 errs=24 stall_ticks=0
2026-08-07T19:19:28Z ok pid=3640 done=4076/40638 errs=24 stall_ticks=0
2026-08-07T19:20:29Z ok pid=3640 done=4101/40638 errs=24 stall_ticks=0
2026-08-07T19:21:30Z ok pid=3640 done=4126/40638 errs=24 stall_ticks=0
2026-08-07T19:22:30Z ok pid=3640 done=4151/40638 errs=24 stall_ticks=0
2026-08-07T19:23:32Z ok pid=3640 done=4176/40638 errs=24 stall_ticks=0
2026-08-07T19:25:37Z ok pid=3640 done=4201/40638 errs=24 stall_ticks=0
2026-08-07T19:27:08Z ok pid=3640 done=4226/40638 errs=24 stall_ticks=0
2026-08-07T19:28:09Z ok pid=3640 done=4251/40638 errs=24 stall_ticks=0
2026-08-07T19:29:10Z ok pid=3640 done=4276/40638 errs=24 stall_ticks=0
2026-08-07T19:30:42Z ok pid=3640 done=4301/40638 errs=24 stall_ticks=0
2026-08-07T19:31:43Z ok pid=3640 done=4326/40638 errs=24 stall_ticks=0
2026-08-07T19:32:44Z ok pid=3640 done=4351/40638 errs=24 stall_ticks=0
2026-08-07T19:34:17Z ok pid=3640 done=4376/40638 errs=24 stall_ticks=0
2026-08-07T19:35:19Z ok pid=3640 done=4401/40638 errs=24 stall_ticks=0
2026-08-07T19:36:52Z ok pid=3640 done=4426/40638 errs=24 stall_ticks=0
2026-08-07T19:38:24Z ok pid=3640 done=4445/40638 errs=25 stall_ticks=0
2026-08-07T19:38:58Z STOP CF_BLOCKED https://seedfinder.eu/en/strain-info/black-dreams/jordan-of-the-islands
2026-08-07T20:08:16Z watchdog start pid=66716
2026-08-07T20:08:17Z ok pid=62360 done=4445/40638 errs=25 stall_ticks=0
2026-08-07T20:11:19Z ok pid=62360 done=4470/40638 errs=25 stall_ticks=0
2026-08-07T20:12:20Z ok pid=62360 done=4495/40638 errs=25 stall_ticks=0
2026-08-07T20:13:21Z ok pid=62360 done=4520/40638 errs=25 stall_ticks=0
2026-08-07T20:14:22Z ok pid=62360 done=4545/40638 errs=25 stall_ticks=0
2026-08-07T20:15:23Z ok pid=62360 done=4570/40638 errs=25 stall_ticks=0
2026-08-07T20:16:24Z ok pid=62360 done=4595/40638 errs=25 stall_ticks=0
2026-08-07T20:17:25Z ok pid=62360 done=4620/40638 errs=25 stall_ticks=0
2026-08-07T20:18:57Z ok pid=62360 done=4645/40638 errs=25 stall_ticks=0
2026-08-07T20:19:58Z ok pid=62360 done=4670/40638 errs=25 stall_ticks=0
2026-08-07T20:20:58Z ok pid=62360 done=4695/40638 errs=25 stall_ticks=0
2026-08-07T20:21:59Z ok pid=62360 done=4720/40638 errs=25 stall_ticks=0
2026-08-07T20:23:00Z ok pid=62360 done=4745/40638 errs=25 stall_ticks=0
2026-08-07T20:24:00Z ok pid=62360 done=4770/40638 errs=25 stall_ticks=0
2026-08-07T20:25:01Z ok pid=62360 done=4795/40638 errs=25 stall_ticks=0
2026-08-07T20:26:02Z ok pid=62360 done=4820/40638 errs=25 stall_ticks=0
2026-08-07T20:27:03Z ok pid=62360 done=4845/40638 errs=25 stall_ticks=0
2026-08-07T20:28:34Z ok pid=62360 done=4870/40638 errs=25 stall_ticks=0
2026-08-07T20:29:35Z ok pid=62360 done=4895/40638 errs=25 stall_ticks=0
2026-08-07T20:30:36Z ok pid=62360 done=4920/40638 errs=25 stall_ticks=0
2026-08-07T20:31:37Z ok pid=62360 done=4945/40638 errs=25 stall_ticks=0
2026-08-07T20:32:38Z ok pid=62360 done=4970/40638 errs=25 stall_ticks=0
2026-08-07T20:33:39Z ok pid=62360 done=4995/40638 errs=25 stall_ticks=0
2026-08-07T20:34:41Z ok pid=62360 done=5020/40638 errs=25 stall_ticks=0
2026-08-07T20:37:14Z ok pid=62360 done=5044/40638 errs=26 stall_ticks=0
2026-08-07T20:38:14Z ok pid=62360 done=5069/40638 errs=26 stall_ticks=0
2026-08-07T20:39:15Z ok pid=62360 done=5094/40638 errs=26 stall_ticks=0
2026-08-07T20:40:16Z ok pid=62360 done=5119/40638 errs=26 stall_ticks=0
2026-08-07T20:41:17Z ok pid=62360 done=5144/40638 errs=26 stall_ticks=0
2026-08-07T20:42:17Z ok pid=62360 done=5169/40638 errs=26 stall_ticks=0
2026-08-07T20:43:19Z ok pid=62360 done=5194/40638 errs=26 stall_ticks=0
2026-08-07T20:44:50Z ok pid=62360 done=5219/40638 errs=26 stall_ticks=0
2026-08-07T20:45:50Z ok pid=62360 done=5244/40638 errs=26 stall_ticks=0
2026-08-07T20:46:51Z ok pid=62360 done=5269/40638 errs=26 stall_ticks=0
2026-08-07T20:47:52Z ok pid=62360 done=5294/40638 errs=26 stall_ticks=0
2026-08-07T20:48:54Z ok pid=62360 done=5319/40638 errs=26 stall_ticks=0
2026-08-07T20:49:55Z ok pid=62360 done=5344/40638 errs=26 stall_ticks=0
2026-08-07T20:50:55Z ok pid=62360 done=5369/40638 errs=26 stall_ticks=0
2026-08-07T20:51:56Z ok pid=62360 done=5394/40638 errs=26 stall_ticks=0
2026-08-07T20:52:58Z ok pid=62360 done=5419/40638 errs=26 stall_ticks=0
2026-08-07T20:53:58Z ok pid=62360 done=5444/40638 errs=26 stall_ticks=0
2026-08-07T20:55:29Z ok pid=62360 done=5469/40638 errs=26 stall_ticks=0
2026-08-07T20:56:30Z ok pid=62360 done=5494/40638 errs=26 stall_ticks=0
2026-08-07T20:57:31Z ok pid=62360 done=5519/40638 errs=26 stall_ticks=0
2026-08-07T20:58:31Z ok pid=62360 done=5544/40638 errs=26 stall_ticks=0
2026-08-07T20:59:32Z ok pid=62360 done=5569/40638 errs=26 stall_ticks=0
2026-08-07T21:00:33Z ok pid=62360 done=5594/40638 errs=26 stall_ticks=0
2026-08-07T21:01:34Z ok pid=62360 done=5619/40638 errs=26 stall_ticks=0
2026-08-07T21:02:34Z ok pid=62360 done=5644/40638 errs=26 stall_ticks=0
2026-08-07T21:03:35Z ok pid=62360 done=5669/40638 errs=26 stall_ticks=0
2026-08-07T21:04:36Z ok pid=62360 done=5694/40638 errs=26 stall_ticks=0
2026-08-07T21:05:37Z ok pid=62360 done=5719/40638 errs=26 stall_ticks=0
2026-08-07T21:06:37Z ok pid=62360 done=5744/40638 errs=26 stall_ticks=0
2026-08-07T21:07:38Z ok pid=62360 done=5769/40638 errs=26 stall_ticks=0
2026-08-07T21:09:09Z ok pid=62360 done=5794/40638 errs=26 stall_ticks=0
2026-08-07T21:10:10Z ok pid=62360 done=5819/40638 errs=26 stall_ticks=0
2026-08-07T21:11:11Z ok pid=62360 done=5844/40638 errs=26 stall_ticks=0
2026-08-07T21:12:11Z ok pid=62360 done=5869/40638 errs=26 stall_ticks=0
2026-08-07T21:13:12Z ok pid=62360 done=5894/40638 errs=26 stall_ticks=0
2026-08-07T21:14:13Z ok pid=62360 done=5919/40638 errs=26 stall_ticks=0
2026-08-07T21:15:14Z ok pid=62360 done=5944/40638 errs=26 stall_ticks=0
2026-08-07T21:16:14Z ok pid=62360 done=5969/40638 errs=26 stall_ticks=0
2026-08-07T21:17:15Z ok pid=62360 done=5994/40638 errs=26 stall_ticks=0
2026-08-07T21:18:16Z ok pid=62360 done=6019/40638 errs=26 stall_ticks=0
2026-08-07T21:19:47Z ok pid=62360 done=6044/40638 errs=26 stall_ticks=0
2026-08-07T21:20:47Z ok pid=62360 done=6069/40638 errs=26 stall_ticks=0
2026-08-07T21:21:48Z ok pid=62360 done=6094/40638 errs=26 stall_ticks=0
2026-08-07T21:22:48Z ok pid=62360 done=6119/40638 errs=26 stall_ticks=0
2026-08-07T21:23:49Z ok pid=62360 done=6144/40638 errs=26 stall_ticks=0
2026-08-07T21:25:19Z CF_COOLDOWN round=1 sleep=120s url=https://seedfinder.eu/en/strain-info/brazil-mostly-indica/original-strains
2026-08-07T21:27:23Z probe_fail HTTP Error 403: Forbidden
2026-08-07T21:27:23Z CF_STILL_BLOCKED; extending cool-down
2026-08-07T21:30:24Z CF_CLEARED; resuming scrape
2026-08-07T21:30:26Z started scrape pid=55864
2026-08-07T21:31:12Z ok pid=55864 done=6164/40638 errs=29 stall_ticks=0
2026-08-07T21:34:17Z ok pid=55864 done=6164/40638 errs=29 stall_ticks=6
2026-08-07T21:36:19Z ok pid=55864 done=6189/40638 errs=29 stall_ticks=0
2026-08-07T21:37:20Z ok pid=55864 done=6214/40638 errs=29 stall_ticks=0
2026-08-07T21:38:20Z ok pid=55864 done=6239/40638 errs=29 stall_ticks=0
2026-08-07T21:39:21Z ok pid=55864 done=6264/40638 errs=29 stall_ticks=0
2026-08-07T21:40:21Z ok pid=55864 done=6289/40638 errs=29 stall_ticks=0
2026-08-07T21:41:22Z ok pid=55864 done=6314/40638 errs=29 stall_ticks=0
2026-08-07T21:42:23Z ok pid=55864 done=6339/40638 errs=29 stall_ticks=0
2026-08-07T21:43:23Z ok pid=55864 done=6364/40638 errs=29 stall_ticks=0
2026-08-07T21:44:24Z ok pid=55864 done=6389/40638 errs=29 stall_ticks=0
2026-08-07T21:45:25Z ok pid=55864 done=6414/40638 errs=29 stall_ticks=0
2026-08-07T21:46:25Z ok pid=55864 done=6439/40638 errs=29 stall_ticks=0
2026-08-07T21:47:26Z ok pid=55864 done=6464/40638 errs=29 stall_ticks=0
2026-08-07T21:48:26Z ok pid=55864 done=6489/40638 errs=29 stall_ticks=0
2026-08-07T21:48:56Z ok pid=55864 done=6514/40638 errs=29 stall_ticks=0
2026-08-07T21:49:57Z ok pid=55864 done=6539/40638 errs=29 stall_ticks=0
2026-08-07T21:50:58Z ok pid=55864 done=6564/40638 errs=29 stall_ticks=0
2026-08-07T21:51:58Z ok pid=55864 done=6589/40638 errs=29 stall_ticks=0
2026-08-07T21:52:59Z ok pid=55864 done=6614/40638 errs=29 stall_ticks=0
2026-08-07T21:54:00Z ok pid=55864 done=6639/40638 errs=29 stall_ticks=0
2026-08-07T21:55:00Z ok pid=55864 done=6664/40638 errs=29 stall_ticks=0
2026-08-07T21:56:31Z ok pid=55864 done=6689/40638 errs=29 stall_ticks=0
2026-08-07T21:57:32Z ok pid=55864 done=6714/40638 errs=29 stall_ticks=0
2026-08-07T21:58:32Z ok pid=55864 done=6739/40638 errs=29 stall_ticks=0
2026-08-07T21:59:33Z ok pid=55864 done=6764/40638 errs=29 stall_ticks=0
2026-08-07T22:00:34Z ok pid=55864 done=6789/40638 errs=29 stall_ticks=0
2026-08-07T22:02:05Z ok pid=55864 done=6814/40638 errs=29 stall_ticks=0
2026-08-07T22:03:06Z ok pid=55864 done=6839/40638 errs=29 stall_ticks=0
2026-08-07T22:04:06Z ok pid=55864 done=6864/40638 errs=29 stall_ticks=0
2026-08-07T22:05:07Z ok pid=55864 done=6889/40638 errs=29 stall_ticks=0
2026-08-07T22:06:37Z ok pid=55864 done=6914/40638 errs=29 stall_ticks=0
2026-08-07T22:07:38Z ok pid=55864 done=6939/40638 errs=29 stall_ticks=0
2026-08-07T22:08:38Z ok pid=55864 done=6964/40638 errs=29 stall_ticks=0
2026-08-07T22:09:39Z ok pid=55864 done=6989/40638 errs=29 stall_ticks=0
2026-08-07T22:10:39Z ok pid=55864 done=7014/40638 errs=29 stall_ticks=0
2026-08-07T22:11:40Z ok pid=55864 done=7039/40638 errs=29 stall_ticks=0
2026-08-07T22:12:40Z ok pid=55864 done=7064/40638 errs=29 stall_ticks=0
2026-08-07T22:13:41Z ok pid=55864 done=7089/40638 errs=29 stall_ticks=0
2026-08-07T22:14:41Z ok pid=55864 done=7114/40638 errs=29 stall_ticks=0
2026-08-07T22:15:42Z ok pid=55864 done=7139/40638 errs=29 stall_ticks=0
2026-08-07T22:16:43Z ok pid=55864 done=7164/40638 errs=29 stall_ticks=0
2026-08-07T22:18:14Z ok pid=55864 done=7189/40638 errs=29 stall_ticks=0
2026-08-07T22:19:15Z ok pid=55864 done=7214/40638 errs=29 stall_ticks=0
2026-08-07T22:20:15Z ok pid=55864 done=7239/40638 errs=29 stall_ticks=0
2026-08-07T22:21:16Z ok pid=55864 done=7264/40638 errs=29 stall_ticks=0
2026-08-07T22:22:47Z ok pid=55864 done=7289/40638 errs=29 stall_ticks=0
2026-08-07T22:23:48Z ok pid=55864 done=7314/40638 errs=29 stall_ticks=0
2026-08-07T22:24:49Z ok pid=55864 done=7339/40638 errs=29 stall_ticks=0
2026-08-07T22:25:49Z ok pid=55864 done=7364/40638 errs=29 stall_ticks=0
2026-08-07T22:26:51Z ok pid=55864 done=7389/40638 errs=29 stall_ticks=0
2026-08-07T22:27:51Z ok pid=55864 done=7414/40638 errs=29 stall_ticks=0
2026-08-07T22:28:52Z ok pid=55864 done=7439/40638 errs=29 stall_ticks=0
2026-08-07T22:29:52Z ok pid=55864 done=7464/40638 errs=29 stall_ticks=0
2026-08-07T22:30:53Z ok pid=55864 done=7489/40638 errs=29 stall_ticks=0
2026-08-07T22:31:54Z ok pid=55864 done=7514/40638 errs=29 stall_ticks=0
2026-08-07T22:32:54Z ok pid=55864 done=7539/40638 errs=29 stall_ticks=0
2026-08-07T22:34:26Z ok pid=55864 done=7564/40638 errs=29 stall_ticks=0
2026-08-07T22:35:28Z ok pid=55864 done=7589/40638 errs=29 stall_ticks=0
2026-08-07T22:36:29Z ok pid=55864 done=7614/40638 errs=29 stall_ticks=0
2026-08-07T22:37:30Z ok pid=55864 done=7639/40638 errs=29 stall_ticks=0
2026-08-07T22:38:32Z ok pid=55864 done=7664/40638 errs=29 stall_ticks=0
2026-08-07T22:39:35Z ok pid=55864 done=7689/40638 errs=29 stall_ticks=0
