resume urls=40638 have=10291 done=10291 todo=30347 delay=1.5-3.0s headed=True
staging \\192.168.86.2\Digital-Documents\Digital Stealth Care\Projects\DSC-HUB\brain\data\staging\seedfinder.sqlite3
launch headed=True channel=None ud=C:\Users\cmgwe\AppData\Local\Temp\dsc-pw-chromium-seedfinder
warm attempt=1 title='Marijuana Strain Database | Search | Research :: SeedFinder.eu' len=56864 url=https://seedfinder.eu/en
  cf_wait title='Marijuana Strain Database | Search | Research :: SeedFinder.eu' len=56864
warm_ok title='Marijuana Strain Database | Search | Research :: SeedFinder.eu'
  checkpoint 10316/40638 (+25/30347) scraped=25
  checkpoint 10341/40638 (+50/30347) scraped=50
  checkpoint 10366/40638 (+75/30347) scraped=75
  checkpoint 10391/40638 (+100/30347) scraped=100
  checkpoint 10416/40638 (+125/30347) scraped=125
  checkpoint 10441/40638 (+150/30347) scraped=150
  checkpoint 10466/40638 (+175/30347) scraped=175
  checkpoint 10491/40638 (+200/30347) scraped=200
  checkpoint 10516/40638 (+225/30347) scraped=225
  checkpoint 10541/40638 (+250/30347) scraped=250
  checkpoint 10566/40638 (+275/30347) scraped=275
  checkpoint 10591/40638 (+300/30347) scraped=300
  checkpoint 10616/40638 (+325/30347) scraped=325
  checkpoint 10641/40638 (+350/30347) scraped=350
  checkpoint 10666/40638 (+375/30347) scraped=375
  checkpoint 10691/40638 (+400/30347) scraped=400
  checkpoint 10716/40638 (+425/30347) scraped=425
  checkpoint 10741/40638 (+450/30347) scraped=450
  checkpoint 10766/40638 (+475/30347) scraped=475
staging_stats {"strain_canonical": 9352, "strain_variant": 10791, "chemistry_profile": 1206, "grow_trait": 10791, "entity_link": 1206, "attribute_kv": 0, "raw_record": 10791, "light_fixture": 0, "nutrient_product": 0, "medium_product": 0, "media_asset": 0, "followup_gap": 0, "schema_extension_log": 0, "source_record": 1}
DONE scraped=500 done_total=10791 blockers=0
resume urls=40638 have=11946 done=12398 todo=28240 delay=1.5-3.0s headed=True
staging \\192.168.86.2\Digital-Documents\Digital Stealth Care\Projects\DSC-HUB\brain\data\staging\seedfinder.sqlite3
launch headed=True channel=None ud=C:\Users\cmgwe\AppData\Local\Temp\dsc-pw-chromium-seedfinder
warm attempt=1 title='Marijuana Strain Database | Search | Research :: SeedFinder.eu' len=56718 url=https://seedfinder.eu/en
  cf_wait title='Marijuana Strain Database | Search | Research :: SeedFinder.eu' len=56718
warm_ok title='Marijuana Strain Database | Search | Research :: SeedFinder.eu'
  checkpoint 12423/40638 (+25/28240) scraped=25
  checkpoint 12448/40638 (+50/28240) scraped=50
  checkpoint 12473/40638 (+75/28240) scraped=75
  checkpoint 12498/40638 (+100/28240) scraped=100
  checkpoint 12523/40638 (+125/28240) scraped=125
  checkpoint 12548/40638 (+150/28240) scraped=150
  checkpoint 12573/40638 (+175/28240) scraped=175
  checkpoint 12598/40638 (+200/28240) scraped=200
  checkpoint 12623/40638 (+225/28240) scraped=225
  checkpoint 12648/40638 (+250/28240) scraped=250
  checkpoint 12673/40638 (+275/28240) scraped=275
  checkpoint 12698/40638 (+300/28240) scraped=300
  checkpoint 12723/40638 (+325/28240) scraped=325
  checkpoint 12748/40638 (+350/28240) scraped=350
  checkpoint 12773/40638 (+375/28240) scraped=375
  checkpoint 12798/40638 (+400/28240) scraped=400
  checkpoint 12823/40638 (+425/28240) scraped=425
  checkpoint 12848/40638 (+450/28240) scraped=450
  checkpoint 12873/40638 (+475/28240) scraped=475
  checkpoint 12898/40638 (+500/28240) scraped=500 dump=flushed
  checkpoint 12923/40638 (+525/28240) scraped=525
  checkpoint 12948/40638 (+550/28240) scraped=550
  checkpoint 12973/40638 (+575/28240) scraped=575
  checkpoint 12998/40638 (+600/28240) scraped=600
  checkpoint 13023/40638 (+625/28240) scraped=625
  checkpoint 13048/40638 (+650/28240) scraped=650
  checkpoint 13073/40638 (+675/28240) scraped=675
  checkpoint 13098/40638 (+700/28240) scraped=700
  checkpoint 13123/40638 (+725/28240) scraped=725
  FAIL https://seedfinder.eu/en/strain-info/faded-glory/snowhigh-seeds: Page.content: Unable to retrieve content because the page is navigating and changing the content.
  checkpoint 13147/40638 (+750/28240) scraped=749
  checkpoint 13172/40638 (+775/28240) scraped=774
  checkpoint 13197/40638 (+800/28240) scraped=799
  checkpoint 13222/40638 (+825/28240) scraped=824
  checkpoint 13247/40638 (+850/28240) scraped=849
  checkpoint 13272/40638 (+875/28240) scraped=874
  checkpoint 13297/40638 (+900/28240) scraped=899
  checkpoint 13322/40638 (+925/28240) scraped=924
  checkpoint 13347/40638 (+950/28240) scraped=949
  checkpoint 13372/40638 (+975/28240) scraped=974
  checkpoint 13397/40638 (+1000/28240) scraped=999 dump=flushed
  checkpoint 13422/40638 (+1025/28240) scraped=1024
  checkpoint 13447/40638 (+1050/28240) scraped=1049
  checkpoint 13472/40638 (+1075/28240) scraped=1074
  checkpoint 13497/40638 (+1100/28240) scraped=1099
  checkpoint 13522/40638 (+1125/28240) scraped=1124
  checkpoint 13547/40638 (+1150/28240) scraped=1149
  checkpoint 13572/40638 (+1175/28240) scraped=1174
  checkpoint 13597/40638 (+1200/28240) scraped=1199
  checkpoint 13622/40638 (+1225/28240) scraped=1224
  checkpoint 13647/40638 (+1250/28240) scraped=1249
  checkpoint 13672/40638 (+1275/28240) scraped=1274
  checkpoint 13697/40638 (+1300/28240) scraped=1299
  checkpoint 13722/40638 (+1325/28240) scraped=1324
  checkpoint 13747/40638 (+1350/28240) scraped=1349
  checkpoint 13772/40638 (+1375/28240) scraped=1374
  checkpoint 13797/40638 (+1400/28240) scraped=1399
  checkpoint 13822/40638 (+1425/28240) scraped=1424
  checkpoint 13847/40638 (+1450/28240) scraped=1449
  checkpoint 13872/40638 (+1475/28240) scraped=1474
  checkpoint 13897/40638 (+1500/28240) scraped=1499 dump=flushed
  checkpoint 13922/40638 (+1525/28240) scraped=1524
  checkpoint 13947/40638 (+1550/28240) scraped=1549
  checkpoint 13972/40638 (+1575/28240) scraped=1574
  checkpoint 13997/40638 (+1600/28240) scraped=1599
  checkpoint 14022/40638 (+1625/28240) scraped=1624
  checkpoint 14047/40638 (+1650/28240) scraped=1649
  checkpoint 14072/40638 (+1675/28240) scraped=1674
  checkpoint 14097/40638 (+1700/28240) scraped=1699
  checkpoint 14122/40638 (+1725/28240) scraped=1724
  checkpoint 14147/40638 (+1750/28240) scraped=1749
  checkpoint 14172/40638 (+1775/28240) scraped=1774
  checkpoint 14197/40638 (+1800/28240) scraped=1799
resume urls=40638 have=13751 done=14203 todo=26435 delay=1.5-3.0s headed=True
staging \\192.168.86.2\Digital-Documents\Digital Stealth Care\Projects\DSC-HUB\brain\data\staging\seedfinder.sqlite3
launch headed=True channel=None ud=C:\Users\cmgwe\AppData\Local\Temp\dsc-pw-chromium-seedfinder
warm attempt=1 title='Marijuana Strain Database | Search | Research :: SeedFinder.eu' len=56842 url=https://seedfinder.eu/en
  cf_wait title='Marijuana Strain Database | Search | Research :: SeedFinder.eu' len=56842
warm_ok title='Marijuana Strain Database | Search | Research :: SeedFinder.eu'
  checkpoint 14228/40638 (+25/26435) scraped=25
  checkpoint 14253/40638 (+50/26435) scraped=50
  checkpoint 14278/40638 (+75/26435) scraped=75
  checkpoint 14303/40638 (+100/26435) scraped=100
  checkpoint 14328/40638 (+125/26435) scraped=125
  checkpoint 14353/40638 (+150/26435) scraped=150
  checkpoint 14378/40638 (+175/26435) scraped=175
  checkpoint 14403/40638 (+200/26435) scraped=200
  checkpoint 14428/40638 (+225/26435) scraped=225
  checkpoint 14453/40638 (+250/26435) scraped=250
  checkpoint 14478/40638 (+275/26435) scraped=275
  checkpoint 14503/40638 (+300/26435) scraped=300
  checkpoint 14528/40638 (+325/26435) scraped=325
  checkpoint 14553/40638 (+350/26435) scraped=350
  checkpoint 14578/40638 (+375/26435) scraped=375
  checkpoint 14603/40638 (+400/26435) scraped=400
  checkpoint 14628/40638 (+425/26435) scraped=425
  checkpoint 14653/40638 (+450/26435) scraped=450
  checkpoint 14678/40638 (+475/26435) scraped=475
  checkpoint 14703/40638 (+500/26435) scraped=500 dump=flushed
  checkpoint 14728/40638 (+525/26435) scraped=525
  checkpoint 14753/40638 (+550/26435) scraped=550
  checkpoint 14778/40638 (+575/26435) scraped=575
  checkpoint 14803/40638 (+600/26435) scraped=600
  checkpoint 14828/40638 (+625/26435) scraped=625
  checkpoint 14853/40638 (+650/26435) scraped=650
  checkpoint 14878/40638 (+675/26435) scraped=675
  checkpoint 14903/40638 (+700/26435) scraped=700
  checkpoint 14928/40638 (+725/26435) scraped=725
  checkpoint 14953/40638 (+750/26435) scraped=750
  checkpoint 14978/40638 (+775/26435) scraped=775
  checkpoint 15003/40638 (+800/26435) scraped=800
  checkpoint 15028/40638 (+825/26435) scraped=825
  checkpoint 15053/40638 (+850/26435) scraped=850
  checkpoint 15078/40638 (+875/26435) scraped=875
  checkpoint 15103/40638 (+900/26435) scraped=900
  checkpoint 15128/40638 (+925/26435) scraped=925
  checkpoint 15153/40638 (+950/26435) scraped=950
  checkpoint 15178/40638 (+975/26435) scraped=975
  checkpoint 15203/40638 (+1000/26435) scraped=1000 dump=flushed
  checkpoint 15228/40638 (+1025/26435) scraped=1025
  checkpoint 15253/40638 (+1050/26435) scraped=1050
  checkpoint 15278/40638 (+1075/26435) scraped=1075
  checkpoint 15303/40638 (+1100/26435) scraped=1100
  checkpoint 15328/40638 (+1125/26435) scraped=1125
  checkpoint 15353/40638 (+1150/26435) scraped=1150
  checkpoint 15378/40638 (+1175/26435) scraped=1175
  checkpoint 15403/40638 (+1200/26435) scraped=1200
  checkpoint 15428/40638 (+1225/26435) scraped=1225
  checkpoint 15453/40638 (+1250/26435) scraped=1250
  checkpoint 15478/40638 (+1275/26435) scraped=1275
  checkpoint 15503/40638 (+1300/26435) scraped=1300
  checkpoint 15528/40638 (+1325/26435) scraped=1325
  checkpoint 15553/40638 (+1350/26435) scraped=1350
  checkpoint 15578/40638 (+1375/26435) scraped=1375
  checkpoint 15603/40638 (+1400/26435) scraped=1400
  checkpoint 15628/40638 (+1425/26435) scraped=1425
  checkpoint 15653/40638 (+1450/26435) scraped=1450
  checkpoint 15678/40638 (+1475/26435) scraped=1475
  checkpoint 15703/40638 (+1500/26435) scraped=1500 dump=flushed
  checkpoint 15728/40638 (+1525/26435) scraped=1525
  checkpoint 15753/40638 (+1550/26435) scraped=1550
  checkpoint 15778/40638 (+1575/26435) scraped=1575
  checkpoint 15803/40638 (+1600/26435) scraped=1600
  checkpoint 15828/40638 (+1625/26435) scraped=1625
  checkpoint 15853/40638 (+1650/26435) scraped=1650
  checkpoint 15878/40638 (+1675/26435) scraped=1675
  checkpoint 15903/40638 (+1700/26435) scraped=1700
  checkpoint 15928/40638 (+1725/26435) scraped=1725
  checkpoint 15953/40638 (+1750/26435) scraped=1750
  checkpoint 15978/40638 (+1775/26435) scraped=1775
  checkpoint 16003/40638 (+1800/26435) scraped=1800
  checkpoint 16028/40638 (+1825/26435) scraped=1825
  checkpoint 16053/40638 (+1850/26435) scraped=1850
  checkpoint 16078/40638 (+1875/26435) scraped=1875
  checkpoint 16103/40638 (+1900/26435) scraped=1900
  checkpoint 16128/40638 (+1925/26435) scraped=1925
  checkpoint 16153/40638 (+1950/26435) scraped=1950
  checkpoint 16178/40638 (+1975/26435) scraped=1975
  checkpoint 16203/40638 (+2000/26435) scraped=2000 dump=flushed
  checkpoint 16228/40638 (+2025/26435) scraped=2025
  checkpoint 16253/40638 (+2050/26435) scraped=2050
  checkpoint 16278/40638 (+2075/26435) scraped=2075
  checkpoint 16303/40638 (+2100/26435) scraped=2100
  checkpoint 16328/40638 (+2125/26435) scraped=2125
  checkpoint 16353/40638 (+2150/26435) scraped=2150
  checkpoint 16378/40638 (+2175/26435) scraped=2175
  checkpoint 16403/40638 (+2200/26435) scraped=2200
  checkpoint 16428/40638 (+2225/26435) scraped=2225
  checkpoint 16453/40638 (+2250/26435) scraped=2250
  checkpoint 16478/40638 (+2275/26435) scraped=2275
  checkpoint 16503/40638 (+2300/26435) scraped=2300
  checkpoint 16528/40638 (+2325/26435) scraped=2325
  checkpoint 16553/40638 (+2350/26435) scraped=2350
  checkpoint 16578/40638 (+2375/26435) scraped=2375
  checkpoint 16603/40638 (+2400/26435) scraped=2400
  checkpoint 16628/40638 (+2425/26435) scraped=2425
  checkpoint 16653/40638 (+2450/26435) scraped=2450
  checkpoint 16678/40638 (+2475/26435) scraped=2475
  checkpoint 16703/40638 (+2500/26435) scraped=2500 dump=flushed
  checkpoint 16728/40638 (+2525/26435) scraped=2525
  checkpoint 16753/40638 (+2550/26435) scraped=2550
  checkpoint 16778/40638 (+2575/26435) scraped=2575
  checkpoint 16803/40638 (+2600/26435) scraped=2600
  checkpoint 16828/40638 (+2625/26435) scraped=2625
  checkpoint 16853/40638 (+2650/26435) scraped=2650
  checkpoint 16878/40638 (+2675/26435) scraped=2675
  checkpoint 16903/40638 (+2700/26435) scraped=2700
  checkpoint 16928/40638 (+2725/26435) scraped=2725
  checkpoint 16953/40638 (+2750/26435) scraped=2750
  checkpoint 16978/40638 (+2775/26435) scraped=2775
  checkpoint 17003/40638 (+2800/26435) scraped=2800
  checkpoint 17028/40638 (+2825/26435) scraped=2825
  checkpoint 17053/40638 (+2850/26435) scraped=2850
  checkpoint 17078/40638 (+2875/26435) scraped=2875
  checkpoint 17103/40638 (+2900/26435) scraped=2900
  checkpoint 17128/40638 (+2925/26435) scraped=2925
  checkpoint 17153/40638 (+2950/26435) scraped=2950
  checkpoint 17178/40638 (+2975/26435) scraped=2975
  checkpoint 17203/40638 (+3000/26435) scraped=3000 dump=flushed
  checkpoint 17228/40638 (+3025/26435) scraped=3025
  checkpoint 17253/40638 (+3050/26435) scraped=3050
  checkpoint 17278/40638 (+3075/26435) scraped=3075
  checkpoint 17303/40638 (+3100/26435) scraped=3100
  checkpoint 17328/40638 (+3125/26435) scraped=3125
  checkpoint 17353/40638 (+3150/26435) scraped=3150
  checkpoint 17378/40638 (+3175/26435) scraped=3175
  checkpoint 17403/40638 (+3200/26435) scraped=3200
  checkpoint 17428/40638 (+3225/26435) scraped=3225
  checkpoint 17453/40638 (+3250/26435) scraped=3250
  checkpoint 17478/40638 (+3275/26435) scraped=3275
  checkpoint 17503/40638 (+3300/26435) scraped=3300
  checkpoint 17528/40638 (+3325/26435) scraped=3325
  checkpoint 17553/40638 (+3350/26435) scraped=3350
  checkpoint 17578/40638 (+3375/26435) scraped=3375
  checkpoint 17603/40638 (+3400/26435) scraped=3400
  checkpoint 17628/40638 (+3425/26435) scraped=3425
  checkpoint 17653/40638 (+3450/26435) scraped=3450
  checkpoint 17678/40638 (+3475/26435) scraped=3475
  checkpoint 17703/40638 (+3500/26435) scraped=3500 dump=flushed
  checkpoint 17728/40638 (+3525/26435) scraped=3525
  checkpoint 17753/40638 (+3550/26435) scraped=3550
  checkpoint 17778/40638 (+3575/26435) scraped=3575
  checkpoint 17803/40638 (+3600/26435) scraped=3600
  checkpoint 17828/40638 (+3625/26435) scraped=3625
  checkpoint 17853/40638 (+3650/26435) scraped=3650
  checkpoint 17878/40638 (+3675/26435) scraped=3675
  checkpoint 17903/40638 (+3700/26435) scraped=3700
  checkpoint 17928/40638 (+3725/26435) scraped=3725
  checkpoint 17953/40638 (+3750/26435) scraped=3750
  checkpoint 17978/40638 (+3775/26435) scraped=3775
  checkpoint 18003/40638 (+3800/26435) scraped=3800
  checkpoint 18028/40638 (+3825/26435) scraped=3825
  checkpoint 18053/40638 (+3850/26435) scraped=3850
  checkpoint 18078/40638 (+3875/26435) scraped=3875
  checkpoint 18103/40638 (+3900/26435) scraped=3900
  checkpoint 18128/40638 (+3925/26435) scraped=3925
  checkpoint 18153/40638 (+3950/26435) scraped=3950
  checkpoint 18178/40638 (+3975/26435) scraped=3975
  checkpoint 18203/40638 (+4000/26435) scraped=4000 dump=flushed
  checkpoint 18228/40638 (+4025/26435) scraped=4025
  checkpoint 18253/40638 (+4050/26435) scraped=4050
  checkpoint 18278/40638 (+4075/26435) scraped=4075
  checkpoint 18303/40638 (+4100/26435) scraped=4100
  checkpoint 18328/40638 (+4125/26435) scraped=4125
  checkpoint 18353/40638 (+4150/26435) scraped=4150
  checkpoint 18378/40638 (+4175/26435) scraped=4175
  checkpoint 18403/40638 (+4200/26435) scraped=4200
  checkpoint 18428/40638 (+4225/26435) scraped=4225
  checkpoint 18453/40638 (+4250/26435) scraped=4250
  checkpoint 18478/40638 (+4275/26435) scraped=4275
  checkpoint 18503/40638 (+4300/26435) scraped=4300
  checkpoint 18528/40638 (+4325/26435) scraped=4325
  checkpoint 18553/40638 (+4350/26435) scraped=4350
  checkpoint 18578/40638 (+4375/26435) scraped=4375
  checkpoint 18603/40638 (+4400/26435) scraped=4400
  checkpoint 18628/40638 (+4425/26435) scraped=4425
  checkpoint 18653/40638 (+4450/26435) scraped=4450
  checkpoint 18678/40638 (+4475/26435) scraped=4475
  checkpoint 18703/40638 (+4500/26435) scraped=4500 dump=flushed
  checkpoint 18728/40638 (+4525/26435) scraped=4525
  checkpoint 18753/40638 (+4550/26435) scraped=4550
  checkpoint 18778/40638 (+4575/26435) scraped=4575
  checkpoint 18803/40638 (+4600/26435) scraped=4600
  checkpoint 18828/40638 (+4625/26435) scraped=4625
  checkpoint 18853/40638 (+4650/26435) scraped=4650
  checkpoint 18878/40638 (+4675/26435) scraped=4675
  checkpoint 18903/40638 (+4700/26435) scraped=4700
  checkpoint 18928/40638 (+4725/26435) scraped=4725
  checkpoint 18953/40638 (+4750/26435) scraped=4750
  checkpoint 18978/40638 (+4775/26435) scraped=4775
  checkpoint 19003/40638 (+4800/26435) scraped=4800
  checkpoint 19028/40638 (+4825/26435) scraped=4825
  checkpoint 19053/40638 (+4850/26435) scraped=4850
  checkpoint 19078/40638 (+4875/26435) scraped=4875
  checkpoint 19103/40638 (+4900/26435) scraped=4900
  checkpoint 19128/40638 (+4925/26435) scraped=4925
  checkpoint 19153/40638 (+4950/26435) scraped=4950
  checkpoint 19178/40638 (+4975/26435) scraped=4975
  checkpoint 19203/40638 (+5000/26435) scraped=5000 dump=flushed
  checkpoint 19228/40638 (+5025/26435) scraped=5025
  checkpoint 19253/40638 (+5050/26435) scraped=5050
  checkpoint 19278/40638 (+5075/26435) scraped=5075
  checkpoint 19303/40638 (+5100/26435) scraped=5100
  checkpoint 19328/40638 (+5125/26435) scraped=5125
  checkpoint 19353/40638 (+5150/26435) scraped=5150
  checkpoint 19378/40638 (+5175/26435) scraped=5175
  checkpoint 19403/40638 (+5200/26435) scraped=5200
  checkpoint 19428/40638 (+5225/26435) scraped=5225
  checkpoint 19453/40638 (+5250/26435) scraped=5250
  checkpoint 19478/40638 (+5275/26435) scraped=5275
  checkpoint 19503/40638 (+5300/26435) scraped=5300
  checkpoint 19528/40638 (+5325/26435) scraped=5325
  checkpoint 19553/40638 (+5350/26435) scraped=5350
  checkpoint 19578/40638 (+5375/26435) scraped=5375
  checkpoint 19603/40638 (+5400/26435) scraped=5400
  checkpoint 19628/40638 (+5425/26435) scraped=5425
  checkpoint 19653/40638 (+5450/26435) scraped=5450
  checkpoint 19678/40638 (+5475/26435) scraped=5475
  checkpoint 19703/40638 (+5500/26435) scraped=5500 dump=flushed
  checkpoint 19728/40638 (+5525/26435) scraped=5525
  checkpoint 19753/40638 (+5550/26435) scraped=5550
  checkpoint 19778/40638 (+5575/26435) scraped=5575
  checkpoint 19803/40638 (+5600/26435) scraped=5600
  checkpoint 19828/40638 (+5625/26435) scraped=5625
  checkpoint 19853/40638 (+5650/26435) scraped=5650
  checkpoint 19878/40638 (+5675/26435) scraped=5675
  checkpoint 19903/40638 (+5700/26435) scraped=5700
  checkpoint 19928/40638 (+5725/26435) scraped=5725
  checkpoint 19953/40638 (+5750/26435) scraped=5750
  checkpoint 19978/40638 (+5775/26435) scraped=5775
  checkpoint 20003/40638 (+5800/26435) scraped=5800
  checkpoint 20028/40638 (+5825/26435) scraped=5825
  checkpoint 20053/40638 (+5850/26435) scraped=5850
  checkpoint 20078/40638 (+5875/26435) scraped=5875
  checkpoint 20103/40638 (+5900/26435) scraped=5900
  checkpoint 20128/40638 (+5925/26435) scraped=5925
  checkpoint 20153/40638 (+5950/26435) scraped=5950
  checkpoint 20178/40638 (+5975/26435) scraped=5975
  checkpoint 20203/40638 (+6000/26435) scraped=6000 dump=flushed
  checkpoint 20228/40638 (+6025/26435) scraped=6025
  checkpoint 20253/40638 (+6050/26435) scraped=6050
  checkpoint 20278/40638 (+6075/26435) scraped=6075
  checkpoint 20303/40638 (+6100/26435) scraped=6100
  checkpoint 20328/40638 (+6125/26435) scraped=6125
  checkpoint 20353/40638 (+6150/26435) scraped=6150
  checkpoint 20378/40638 (+6175/26435) scraped=6175
  checkpoint 20403/40638 (+6200/26435) scraped=6200
  checkpoint 20428/40638 (+6225/26435) scraped=6225
  checkpoint 20453/40638 (+6250/26435) scraped=6250
  checkpoint 20478/40638 (+6275/26435) scraped=6275
  checkpoint 20503/40638 (+6300/26435) scraped=6300
  checkpoint 20528/40638 (+6325/26435) scraped=6325
  checkpoint 20553/40638 (+6350/26435) scraped=6350
  checkpoint 20578/40638 (+6375/26435) scraped=6375
  checkpoint 20603/40638 (+6400/26435) scraped=6400
  checkpoint 20628/40638 (+6425/26435) scraped=6425
  checkpoint 20653/40638 (+6450/26435) scraped=6450
  checkpoint 20678/40638 (+6475/26435) scraped=6475
  checkpoint 20703/40638 (+6500/26435) scraped=6500 dump=flushed
  checkpoint 20728/40638 (+6525/26435) scraped=6525
  checkpoint 20753/40638 (+6550/26435) scraped=6550
  checkpoint 20778/40638 (+6575/26435) scraped=6575
  checkpoint 20803/40638 (+6600/26435) scraped=6600
  checkpoint 20828/40638 (+6625/26435) scraped=6625
  checkpoint 20853/40638 (+6650/26435) scraped=6650
  checkpoint 20878/40638 (+6675/26435) scraped=6675
  checkpoint 20903/40638 (+6700/26435) scraped=6700
  checkpoint 20928/40638 (+6725/26435) scraped=6725
  checkpoint 20953/40638 (+6750/26435) scraped=6750
  checkpoint 20978/40638 (+6775/26435) scraped=6775
  checkpoint 21003/40638 (+6800/26435) scraped=6800
  checkpoint 21028/40638 (+6825/26435) scraped=6825
  checkpoint 21053/40638 (+6850/26435) scraped=6850
  checkpoint 21078/40638 (+6875/26435) scraped=6875
  checkpoint 21103/40638 (+6900/26435) scraped=6900
  checkpoint 21128/40638 (+6925/26435) scraped=6925
  checkpoint 21153/40638 (+6950/26435) scraped=6950
  checkpoint 21178/40638 (+6975/26435) scraped=6975
  checkpoint 21203/40638 (+7000/26435) scraped=7000 dump=flushed
  checkpoint 21228/40638 (+7025/26435) scraped=7025
  checkpoint 21253/40638 (+7050/26435) scraped=7050
  checkpoint 21278/40638 (+7075/26435) scraped=7075
  checkpoint 21303/40638 (+7100/26435) scraped=7100
  checkpoint 21328/40638 (+7125/26435) scraped=7125
  checkpoint 21353/40638 (+7150/26435) scraped=7150
  checkpoint 21378/40638 (+7175/26435) scraped=7175
  checkpoint 21403/40638 (+7200/26435) scraped=7200
  checkpoint 21428/40638 (+7225/26435) scraped=7225
  checkpoint 21453/40638 (+7250/26435) scraped=7250
  checkpoint 21478/40638 (+7275/26435) scraped=7275
  checkpoint 21503/40638 (+7300/26435) scraped=7300
  checkpoint 21528/40638 (+7325/26435) scraped=7325
  checkpoint 21553/40638 (+7350/26435) scraped=7350
  checkpoint 21578/40638 (+7375/26435) scraped=7375
  checkpoint 21603/40638 (+7400/26435) scraped=7400
  checkpoint 21628/40638 (+7425/26435) scraped=7425
  checkpoint 21653/40638 (+7450/26435) scraped=7450
  checkpoint 21678/40638 (+7475/26435) scraped=7475
  checkpoint 21703/40638 (+7500/26435) scraped=7500 dump=flushed
  checkpoint 21728/40638 (+7525/26435) scraped=7525
  checkpoint 21753/40638 (+7550/26435) scraped=7550
  checkpoint 21778/40638 (+7575/26435) scraped=7575
  checkpoint 21803/40638 (+7600/26435) scraped=7600
  checkpoint 21828/40638 (+7625/26435) scraped=7625
  checkpoint 21853/40638 (+7650/26435) scraped=7650
  checkpoint 21878/40638 (+7675/26435) scraped=7675
  checkpoint 21903/40638 (+7700/26435) scraped=7700
  checkpoint 21928/40638 (+7725/26435) scraped=7725
  checkpoint 21953/40638 (+7750/26435) scraped=7750
  checkpoint 21978/40638 (+7775/26435) scraped=7775
  checkpoint 22003/40638 (+7800/26435) scraped=7800
  checkpoint 22028/40638 (+7825/26435) scraped=7825
  checkpoint 22053/40638 (+7850/26435) scraped=7850
  checkpoint 22078/40638 (+7875/26435) scraped=7875
  checkpoint 22103/40638 (+7900/26435) scraped=7900
  checkpoint 22128/40638 (+7925/26435) scraped=7925
  checkpoint 22153/40638 (+7950/26435) scraped=7950
  checkpoint 22178/40638 (+7975/26435) scraped=7975
  checkpoint 22203/40638 (+8000/26435) scraped=8000 dump=flushed
  checkpoint 22228/40638 (+8025/26435) scraped=8025
  checkpoint 22253/40638 (+8050/26435) scraped=8050
  checkpoint 22278/40638 (+8075/26435) scraped=8075
  checkpoint 22303/40638 (+8100/26435) scraped=8100
  checkpoint 22328/40638 (+8125/26435) scraped=8125
  checkpoint 22353/40638 (+8150/26435) scraped=8150
  checkpoint 22378/40638 (+8175/26435) scraped=8175
  checkpoint 22403/40638 (+8200/26435) scraped=8200
  checkpoint 22428/40638 (+8225/26435) scraped=8225
  checkpoint 22453/40638 (+8250/26435) scraped=8250
  checkpoint 22478/40638 (+8275/26435) scraped=8275
  checkpoint 22503/40638 (+8300/26435) scraped=8300
  checkpoint 22528/40638 (+8325/26435) scraped=8325
  checkpoint 22553/40638 (+8350/26435) scraped=8350
  checkpoint 22578/40638 (+8375/26435) scraped=8375
  checkpoint 22603/40638 (+8400/26435) scraped=8400
  checkpoint 22628/40638 (+8425/26435) scraped=8425
  checkpoint 22653/40638 (+8450/26435) scraped=8450
  checkpoint 22678/40638 (+8475/26435) scraped=8475
  checkpoint 22703/40638 (+8500/26435) scraped=8500 dump=flushed
  checkpoint 22728/40638 (+8525/26435) scraped=8525
  checkpoint 22753/40638 (+8550/26435) scraped=8550
  checkpoint 22778/40638 (+8575/26435) scraped=8575
  checkpoint 22803/40638 (+8600/26435) scraped=8600
  checkpoint 22828/40638 (+8625/26435) scraped=8625
  checkpoint 22853/40638 (+8650/26435) scraped=8650
resume urls=40638 have=22251 done=22853 todo=17785 delay=1.5-3.0s headed=True
resume urls=40638 have=22251 done=22853 todo=17785 delay=1.5-3.0s headed=True
staging \\192.168.86.2\Digital-Documents\Digital Stealth Care\Projects\DSC-HUB\brain\data\staging\seedfinder.sqlite3
launch headed=True channel=None ud=C:\Users\cmgwe\AppData\Local\Temp\dsc-pw-chromium-seedfinder
warm attempt=1 title='Marijuana Strain Database | Search | Research :: SeedFinder.eu' len=56728 url=https://seedfinder.eu/en
  cf_wait title='Marijuana Strain Database | Search | Research :: SeedFinder.eu' len=56728
warm_ok title='Marijuana Strain Database | Search | Research :: SeedFinder.eu'
  checkpoint 22878/40638 (+25/17785) scraped=25
  checkpoint 22903/40638 (+50/17785) scraped=50
  checkpoint 22928/40638 (+75/17785) scraped=75
  checkpoint 22953/40638 (+100/17785) scraped=100
  checkpoint 22978/40638 (+125/17785) scraped=125
  checkpoint 23003/40638 (+150/17785) scraped=150
  checkpoint 23028/40638 (+175/17785) scraped=175
  checkpoint 23053/40638 (+200/17785) scraped=200
  checkpoint 23078/40638 (+225/17785) scraped=225
  checkpoint 23103/40638 (+250/17785) scraped=250
  checkpoint 23128/40638 (+275/17785) scraped=275
  checkpoint 23153/40638 (+300/17785) scraped=300
  checkpoint 23178/40638 (+325/17785) scraped=325
  checkpoint 23203/40638 (+350/17785) scraped=350
  checkpoint 23228/40638 (+375/17785) scraped=375
  checkpoint 23253/40638 (+400/17785) scraped=400
  checkpoint 23278/40638 (+425/17785) scraped=425
  checkpoint 23303/40638 (+450/17785) scraped=450
  checkpoint 23328/40638 (+475/17785) scraped=475
  checkpoint 23353/40638 (+500/17785) scraped=500 dump=flushed
  checkpoint 23378/40638 (+525/17785) scraped=525
  checkpoint 23403/40638 (+550/17785) scraped=550
  checkpoint 23428/40638 (+575/17785) scraped=575
  checkpoint 23453/40638 (+600/17785) scraped=600
  checkpoint 23478/40638 (+625/17785) scraped=625
  checkpoint 23503/40638 (+650/17785) scraped=650
  checkpoint 23528/40638 (+675/17785) scraped=675
  checkpoint 23553/40638 (+700/17785) scraped=700
  checkpoint 23578/40638 (+725/17785) scraped=725
  checkpoint 23603/40638 (+750/17785) scraped=750
  checkpoint 23628/40638 (+775/17785) scraped=775
  checkpoint 23653/40638 (+800/17785) scraped=800
  checkpoint 23678/40638 (+825/17785) scraped=825
  checkpoint 23703/40638 (+850/17785) scraped=850
  checkpoint 23728/40638 (+875/17785) scraped=875
  checkpoint 23753/40638 (+900/17785) scraped=900
  checkpoint 23778/40638 (+925/17785) scraped=925
  checkpoint 23803/40638 (+950/17785) scraped=950
  checkpoint 23828/40638 (+975/17785) scraped=975
  checkpoint 23853/40638 (+1000/17785) scraped=1000 dump=flushed
  checkpoint 23878/40638 (+1025/17785) scraped=1025
  checkpoint 23903/40638 (+1050/17785) scraped=1050
  checkpoint 23928/40638 (+1075/17785) scraped=1075
  checkpoint 23953/40638 (+1100/17785) scraped=1100
  checkpoint 23978/40638 (+1125/17785) scraped=1125
  checkpoint 24003/40638 (+1150/17785) scraped=1150
  checkpoint 24028/40638 (+1175/17785) scraped=1175
  checkpoint 24053/40638 (+1200/17785) scraped=1200
  checkpoint 24078/40638 (+1225/17785) scraped=1225
  checkpoint 24103/40638 (+1250/17785) scraped=1250
  checkpoint 24128/40638 (+1275/17785) scraped=1275
  checkpoint 24153/40638 (+1300/17785) scraped=1300
  checkpoint 24178/40638 (+1325/17785) scraped=1325
  checkpoint 24203/40638 (+1350/17785) scraped=1350
  checkpoint 24228/40638 (+1375/17785) scraped=1375
  checkpoint 24253/40638 (+1400/17785) scraped=1400
  checkpoint 24278/40638 (+1425/17785) scraped=1425
  checkpoint 24303/40638 (+1450/17785) scraped=1450
  checkpoint 24328/40638 (+1475/17785) scraped=1475
  checkpoint 24353/40638 (+1500/17785) scraped=1500 dump=flushed
  checkpoint 24378/40638 (+1525/17785) scraped=1525
  checkpoint 24403/40638 (+1550/17785) scraped=1550
  checkpoint 24428/40638 (+1575/17785) scraped=1575
  checkpoint 24453/40638 (+1600/17785) scraped=1600
  checkpoint 24478/40638 (+1625/17785) scraped=1625
  checkpoint 24503/40638 (+1650/17785) scraped=1650
  checkpoint 24528/40638 (+1675/17785) scraped=1675
  checkpoint 24553/40638 (+1700/17785) scraped=1700
  checkpoint 24578/40638 (+1725/17785) scraped=1725
  checkpoint 24603/40638 (+1750/17785) scraped=1750
  checkpoint 24628/40638 (+1775/17785) scraped=1775
  checkpoint 24653/40638 (+1800/17785) scraped=1800
  checkpoint 24678/40638 (+1825/17785) scraped=1825
  checkpoint 24703/40638 (+1850/17785) scraped=1850
  checkpoint 24728/40638 (+1875/17785) scraped=1875
  checkpoint 24753/40638 (+1900/17785) scraped=1900
  checkpoint 24778/40638 (+1925/17785) scraped=1925
  checkpoint 24803/40638 (+1950/17785) scraped=1950
  checkpoint 24828/40638 (+1975/17785) scraped=1975
  checkpoint 24853/40638 (+2000/17785) scraped=2000 dump=flushed
  checkpoint 24878/40638 (+2025/17785) scraped=2025
  checkpoint 24903/40638 (+2050/17785) scraped=2050
  checkpoint 24928/40638 (+2075/17785) scraped=2075
  checkpoint 24953/40638 (+2100/17785) scraped=2100
  checkpoint 24978/40638 (+2125/17785) scraped=2125
  checkpoint 25003/40638 (+2150/17785) scraped=2150
  checkpoint 25028/40638 (+2175/17785) scraped=2175
  checkpoint 25053/40638 (+2200/17785) scraped=2200
  checkpoint 25078/40638 (+2225/17785) scraped=2225
  checkpoint 25103/40638 (+2250/17785) scraped=2250
  checkpoint 25128/40638 (+2275/17785) scraped=2275
  checkpoint 25153/40638 (+2300/17785) scraped=2300
  checkpoint 25178/40638 (+2325/17785) scraped=2325
  checkpoint 25203/40638 (+2350/17785) scraped=2350
  checkpoint 25228/40638 (+2375/17785) scraped=2375
  checkpoint 25253/40638 (+2400/17785) scraped=2400
  checkpoint 25278/40638 (+2425/17785) scraped=2425
  checkpoint 25303/40638 (+2450/17785) scraped=2450
  checkpoint 25328/40638 (+2475/17785) scraped=2475
  checkpoint 25353/40638 (+2500/17785) scraped=2500 dump=flushed
  checkpoint 25378/40638 (+2525/17785) scraped=2525
  checkpoint 25403/40638 (+2550/17785) scraped=2550
  checkpoint 25428/40638 (+2575/17785) scraped=2575
  checkpoint 25453/40638 (+2600/17785) scraped=2600
  checkpoint 25478/40638 (+2625/17785) scraped=2625
  checkpoint 25503/40638 (+2650/17785) scraped=2650
  checkpoint 25528/40638 (+2675/17785) scraped=2675
  checkpoint 25553/40638 (+2700/17785) scraped=2700
  checkpoint 25578/40638 (+2725/17785) scraped=2725
  checkpoint 25603/40638 (+2750/17785) scraped=2750
  checkpoint 25628/40638 (+2775/17785) scraped=2775
  checkpoint 25653/40638 (+2800/17785) scraped=2800
  checkpoint 25678/40638 (+2825/17785) scraped=2825
  checkpoint 25703/40638 (+2850/17785) scraped=2850
  checkpoint 25728/40638 (+2875/17785) scraped=2875
  checkpoint 25753/40638 (+2900/17785) scraped=2900
  checkpoint 25778/40638 (+2925/17785) scraped=2925
  checkpoint 25803/40638 (+2950/17785) scraped=2950
  checkpoint 25828/40638 (+2975/17785) scraped=2975
  checkpoint 25853/40638 (+3000/17785) scraped=3000 dump=flushed
  checkpoint 25878/40638 (+3025/17785) scraped=3025
  checkpoint 25903/40638 (+3050/17785) scraped=3050
  checkpoint 25928/40638 (+3075/17785) scraped=3075
  checkpoint 25953/40638 (+3100/17785) scraped=3100
  checkpoint 25978/40638 (+3125/17785) scraped=3125
  checkpoint 26003/40638 (+3150/17785) scraped=3150
  checkpoint 26028/40638 (+3175/17785) scraped=3175
  checkpoint 26053/40638 (+3200/17785) scraped=3200
  checkpoint 26078/40638 (+3225/17785) scraped=3225
  checkpoint 26103/40638 (+3250/17785) scraped=3250
  checkpoint 26128/40638 (+3275/17785) scraped=3275
  checkpoint 26153/40638 (+3300/17785) scraped=3300
  checkpoint 26178/40638 (+3325/17785) scraped=3325
  checkpoint 26203/40638 (+3350/17785) scraped=3350
  checkpoint 26228/40638 (+3375/17785) scraped=3375
  checkpoint 26253/40638 (+3400/17785) scraped=3400
  checkpoint 26278/40638 (+3425/17785) scraped=3425
  checkpoint 26303/40638 (+3450/17785) scraped=3450
  checkpoint 26328/40638 (+3475/17785) scraped=3475
  checkpoint 26353/40638 (+3500/17785) scraped=3500 dump=flushed
  checkpoint 26378/40638 (+3525/17785) scraped=3525
  FAIL https://seedfinder.eu/en/strain-info/orange-flakez-flakez-frosted-fruit-cake-s1-x-tangie/quentin-terpentino-genetics: CF_OR_EMPTY title='500 Internal Server Error' url=https://seedfinder.eu/en/strain-
CF_BLOCKED https://seedfinder.eu/en/strain-info/orange-flakez-flakez-frosted-fruit-cake-s1-x-tangie/quentin-terpentino-genetics
staging_stats {"strain_canonical": 23254, "strain_variant": 26383, "chemistry_profile": 2627, "grow_trait": 26379, "entity_link": 8992, "attribute_kv": 0, "raw_record": 26384, "light_fixture": 0, "nutrient_product": 0, "medium_product": 0, "media_asset": 0, "followup_gap": 0, "schema_extension_log": 0, "source_record": 1}
DONE scraped=3537 done_total=26390 blockers=1
