dcseedexchange: sitemap cache 1654 URLs from dsc_strains_dcseedexchange.sitemap_urls.json
dcseedexchange: sitemap=1654 pending=1209 resume done=445 dump_items=445
  fetching first pending: https://dcseedexchange.com/product/fortune-cookie-10-feminized-seeds/
  ok #1 idx=1/1209 name='Fortune Cookie'
  ok #2 idx=2/1209 name='G.S. Cookies F5'
  ok #3 idx=3/1209 name='Garlic Budder'
  ok #10 idx=10/1209 name='Grape Pupil v1 F1'
  ok #20 idx=20/1209 name='Holy Grail S1 Seeds'
  ok #30 idx=30/1209 name='Lemon Layer Cream Cake F1'
  ok #40 idx=40/1209 name='Montel’s Dream Fuel'
  checkpoint items=485 done=485 this_run=40 rate=0.13/s batch=40/1209
  ok #50 idx=50/1209 name='Pak Man'
  ok #60 idx=60/1209 name='Poddy Mouth S1'
  ok #70 idx=70/1209 name='Raspberry Parfait F1'
  ok #80 idx=80/1209 name='Squirt Bx3'
  checkpoint items=525 done=525 this_run=80 rate=0.13/s batch=80/1209
  ok #90 idx=90/1209 name='The Remedy S1'
  ok #100 idx=100/1209 name='Albino Poop F1'
  ok #110 idx=110/1209 name='Backshots F2'
  ok #120 idx=120/1209 name='Blue Bubba Kush'
  checkpoint items=565 done=565 this_run=120 rate=0.13/s batch=120/1209
  ok #130 idx=130/1209 name='Cake Face F1'
  ok #140 idx=140/1209 name='Chuy Purps x Pineapple Chakra x Goat Yogi F1'
  ok #150 idx=150/1209 name='Dawg Nutz F1'
  ok #160 idx=160/1209 name='Dubba Bubba Kush'
  checkpoint items=605 done=605 this_run=160 rate=0.13/s batch=160/1209
  ok #170 idx=170/1209 name='Gangster OG'
  ok #180 idx=180/1209 name='HeadChez'
  ok #190 idx=190/1209 name='Kashmiri Limonella F3'
  ok #200 idx=200/1209 name='Lime Blues F3'
  checkpoint items=645 done=645 this_run=200 rate=0.13/s batch=200/1209
  ok #210 idx=210/1209 name='Mother of Berries BX1'

===== WATCH RESUME 2026-08-07T18:17:13Z =====
dcseedexchange: sitemap cache 1654 URLs from dsc_strains_dcseedexchange.sitemap_urls.json
dcseedexchange: sitemap=1654 pending=989 resume done=665 dump_items=665
  fetching first pending: https://dcseedexchange.com/product/otto-octavius-f1-nitro-jelly-x-jelly-pie-10-regular-seeds/
  ok #1 idx=1/989 name='Otto Octavius F1'
  ok #2 idx=2/989 name='Peaceful Child F1'
  ok #3 idx=3/989 name='PicAxe F1'
  ok #10 idx=10/989 name='Pre-98 Bubba X Goat Supreme F1'
  ok #20 idx=20/989 name='Rainbow Belts 2.0 F2'
  ok #30 idx=30/989 name='Royal Oil F3'
  ok #40 idx=40/989 name='Sour Candy Haze F3'
  checkpoint items=705 done=705 this_run=40 rate=0.13/s batch=40/989
  ok #50 idx=50/989 name='Sour Diesel IBL x Chocolate Trip'
  ok #60 idx=60/989 name='Tar Baby Haze F1'
  ok #70 idx=70/989 name='Twister F1'
  ok #80 idx=80/989 name='X Mass F1'
  checkpoint items=745 done=745 this_run=80 rate=0.13/s batch=80/989
  ok #90 idx=90/989 name='Hop Latent Viroid (HLVd) Detection Kit'
  ok #100 idx=100/989 name='Campbell County Cheese F1'
  ok #110 idx=110/989 name='Chemdog "D" x LA Pure Kush F1'
  ok #120 idx=120/989 name='Joe’s Gift F1'
  checkpoint items=785 done=785 this_run=120 rate=0.13/s batch=120/989
  ok #130 idx=130/989 name='White Dog G F1'
  ok #140 idx=140/989 name='Blue Drama'
  ok #150 idx=150/989 name='Chocolate Diesel x GlueChee'
  ok #160 idx=160/989 name='Galaxy Grape Auto'
  checkpoint items=825 done=825 this_run=160 rate=0.13/s batch=160/989
  ok #170 idx=170/989 name='Lime Ol Dirty Glue (O.D.G) F1'
  ok #180 idx=180/989 name='R.I.L. x Sowah F1'
  ok #190 idx=190/989 name='Southpaw Kush F1'
  ok #200 idx=200/989 name='White Pine F1'
  checkpoint items=865 done=865 this_run=200 rate=0.13/s batch=200/989
  ok #210 idx=210/989 name='Ethos Genetics Snowball S1'
  ok #220 idx=220/989 name='Navy Cross V2 F1'
  ok #230 idx=230/989 name='Grape Moments F1'

===== WATCH RESUME 2026-08-07T18:48:05Z =====
dcseedexchange: sitemap cache 1654 URLs from dsc_strains_dcseedexchange.sitemap_urls.json
dcseedexchange: sitemap=1654 pending=749 resume done=905 dump_items=905
  fetching first pending: https://dcseedexchange.com/product/cherry-crisp-f1-super-fried-applez-4-x-super-buff-cherry-26-10-regular-seeds/
  ok #1 idx=1/749 name='Cherry Crisp F1'
  ok #2 idx=2/749 name='Maiden Voyage F1'
  ok #3 idx=3/749 name='Witch Doctor Auto F5'
  ok #10 idx=10/749 name='Grape Stomper F1'
  ok #20 idx=20/749 name='Golden Coast Genetics Native Skunk F1'

===== WATCH RESUME 2026-08-07T18:52:46Z =====
dcseedexchange: sitemap cache 1654 URLs from dsc_strains_dcseedexchange.sitemap_urls.json
dcseedexchange: sitemap=1654 pending=719 resume done=935 dump_items=935
  fetching first pending: https://dcseedexchange.com/product/astro-kush-fugu-kush-x-tre-stardawg-12-regular-seeds/
  ok #1 idx=1/719 name='Astro Kush'
  ok #2 idx=2/719 name='Elephant Stomper F1'
  ok #3 idx=3/719 name='Fugu Kush'
  ok #10 idx=10/719 name='Cali Ice F2'
  ok #20 idx=20/719 name='Exodus Cheese BC1/F2'
  ok #30 idx=30/719 name='Pura Vino F2'
  ok #40 idx=40/719 name='Kingsman F2'
  checkpoint items=975 done=975 this_run=40 rate=0.14/s batch=40/719
  ok #50 idx=50/719 name='JellyCat S1'
  ok #60 idx=60/719 name='Raspberry Boogie S1'
  ok #70 idx=70/719 name='Northern Lights 2x1 F1'
  ok #80 idx=80/719 name='Northern Lights #5 S1'
  checkpoint items=1015 done=1015 this_run=80 rate=0.13/s batch=80/719
  ok #90 idx=90/719 name='Docs Dank Seeds Inspector Lestrade'
  ok #100 idx=100/719 name='Black Lemon Reserve F1'
  ok #110 idx=110/719 name='Wig Splitter F1'
  ok #120 idx=120/719 name='SC Hashberry F1'
  checkpoint items=1055 done=1055 this_run=120 rate=0.13/s batch=120/719
  ok #130 idx=130/719 name='The "Maine" Event F2'
  ok #140 idx=140/719 name='Meigs OG F1'
  ok #150 idx=150/719 name='Fast Ham F1'
  ok #160 idx=160/719 name='Fast Purple'
  checkpoint items=1095 done=1095 this_run=160 rate=0.13/s batch=160/719
  ok #170 idx=170/719 name='Project 25 F1'
  ok #180 idx=180/719 name='Skunk 9D4 x Metal Haze'
  ok #190 idx=190/719 name='Black Cheese'
  ok #200 idx=200/719 name='Silver Pearl Bx3 10 LIMITED Regular Seeds'
  checkpoint items=1135 done=1135 this_run=200 rate=0.13/s batch=200/719
  ok #210 idx=210/719 name='Purple City Genetics Bubba Diagonal x Purple Punch'
  ok #220 idx=220/719 name='Top Dawg Seeds African Piff #3'
  ok #230 idx=230/719 name='Cantaloupe Kush Auto'
  ok #240 idx=240/719 name='Black Lime Marmalade'
  checkpoint items=1175 done=1175 this_run=240 rate=0.13/s batch=240/719
  ok #250 idx=250/719 name='Grimm Truffles'
  ok #260 idx=260/719 name='Cinderella Pineapple'
  ok #270 idx=270/719 name='Memory Loss BC1 F2'
  ok #280 idx=280/719 name='American Skunk Select Colombian F1'
  checkpoint items=1215 done=1215 this_run=280 rate=0.13/s batch=280/719
  ok #290 idx=290/719 name='Swazi Burmese Columbian Red F1'
  ok #300 idx=300/719 name='White Bubble F1'
  ok #310 idx=310/719 name='Solfire Gardens Banana Runtz'
  ok #320 idx=320/719 name='CannaVenture Pure Runtz'
  checkpoint items=1255 done=1255 this_run=320 rate=0.13/s batch=320/719
  ok #330 idx=330/719 name='Californian Snow Auto'
  ok #340 idx=340/719 name='Lemon Tree F4 Auto'
  ok #350 idx=350/719 name='Thug Pug Genetics Monkey Business x Hazy Lady Collab #11'
  ok #360 idx=360/719 name='Blue Star Seed Co Flo Star F1'
  checkpoint items=1295 done=1295 this_run=360 rate=0.13/s batch=360/719

===== WATCH RESUME 2026-08-07T19:41:46Z =====
dcseedexchange: sitemap cache 1654 URLs from dsc_strains_dcseedexchange.sitemap_urls.json
dcseedexchange: sitemap=1654 pending=349 resume done=1305 dump_items=1305
  fetching first pending: https://dcseedexchange.com/product/pound-cake-auto-10-feminized-autoflower-seeds/
  ok #1 idx=1/349 name='Pound Cake Auto'
  ok #2 idx=2/349 name='Pound Cake Auto'
  ok #3 idx=3/349 name='Purple Lemonade Auto'
  ok #10 idx=10/349 name='Terpentine Auto F4'
  ok #20 idx=20/349 name='Double Dose Diesel S1'
  ok #30 idx=30/349 name='Watermelon Hashplant'
  ok #40 idx=40/349 name='Plumberry Kush'
  checkpoint items=1345 done=1345 this_run=40 rate=0.17/s batch=40/349
  ok #50 idx=50/349 name='Strawberry Yum Yum'
  ok #60 idx=60/349 name='4 Blue Stars F1'
  ok #70 idx=70/349 name='Durban Poison x Double Dose Diesel'
  ok #80 idx=80/349 name='Mass Medical Strains Indigo Child BX1'
  checkpoint items=1385 done=1385 this_run=80 rate=0.17/s batch=80/349
  ok #90 idx=90/349 name='Meltdown S1'
  ok #100 idx=100/349 name='Galaxy Sunshine x Black &amp;amp; Blissful F1'
  ok #110 idx=110/349 name='Midnight Marathon F4 Auto'
  ok #120 idx=120/349 name='Skunk/Haze C x G13/Northern Lights #2 F1'
  checkpoint items=1425 done=1425 this_run=120 rate=0.16/s batch=120/349
  ok #130 idx=130/349 name='Mass Medical Strains Prayer Pupil x Deadly Sativa 13 LIMITED Regular Seeds'
  ok #140 idx=140/349 name='Hollywood Blues F1'
  ok #150 idx=150/349 name='Blue Star Moonshine'
  ok #160 idx=160/349 name='13 Faces F1'
  checkpoint items=1465 done=1465 this_run=160 rate=0.16/s batch=160/349
  ok #170 idx=170/349 name='Lavender Peach F1'
  ok #180 idx=180/349 name='Mass Medical Strains Flounder Breath'
  ok #190 idx=190/349 name='Ambrosia Skunk F3'
  ok #200 idx=200/349 name='Ztrawberriez Auto'
  checkpoint items=1505 done=1505 this_run=200 rate=0.16/s batch=200/349
  ok #210 idx=210/349 name='EZ-XY Plant Sex Test 3-Pack'
  ok #220 idx=220/349 name='Grimm Glue BX'
  ok #230 idx=230/349 name='Citronaide'
  ok #240 idx=240/349 name='Serial Crusher Theory F4'
  checkpoint items=1545 done=1545 this_run=240 rate=0.16/s batch=240/349
  ok #250 idx=250/349 name='Super Strawberry Diesel F1'
  ok #260 idx=260/349 name='Blueberry Auto'
  ok #270 idx=270/349 name='Lavender Thai F1'
  ok #280 idx=280/349 name='Mulberry F3 Auto'
  checkpoint items=1585 done=1585 this_run=280 rate=0.16/s batch=280/349
