dutchpassion: sitemap cache 174 from dsc_strains_dutchpassion.sitemap_urls.json
dutchpassion: 174 urls queued; resume done=165 dump_items=165 skipped=0
  fail https://dutch-passion.com/en/cannabis-seeds/amsterdam-amnesia: HTTP 429 for https://dutch-passion.com/en/cannabis-seeds/amsterdam-amnesia
  fail https://dutch-passion.com/en/cannabis-seeds/auto-cinderella-jack: HTTP 429 for https://dutch-passion.com/en/cannabis-seeds/auto-cinderella-jack
  ok #1 idx=12/174 name='Auto Colorado Cookies®'
  ok #2 idx=40/174 name='Auto THC-Victory'
  ok #3 idx=41/174 name='Auto Think Different'
  fail https://dutch-passion.com/en/cannabis-seeds/orange-bud: HTTP 429 for https://dutch-passion.com/en/cannabis-seeds/orange-bud
wrote dsc_strains_dutchpassion.json count=171 skipped=0 errors=12
dutchpassion staging: {
  "family": "bank_dutchpassion",
  "staging_db": "\\\\192.168.86.2\\Digital-Documents\\Digital Stealth Care\\Projects\\DSC-HUB\\brain\\data\\staging\\bank_dutchpassion.sqlite3",
  "count": 171,
  "bulk": false,
  "store_raw": true,
  "stats": {
    "strain_canonical": 171,
    "strain_variant": 171,
    "chemistry_profile": 0,
    "grow_trait": 57,
    "entity_link": 0,
    "attribute_kv": 1823,
    "raw_record": 171,
    "light_fixture": 0,
    "nutrient_product": 0,
    "medium_product": 0,
    "media_asset": 0,
    "followup_gap": 0,
    "schema_extension_log": 14,
    "source_record": 1
  }
}

===== WATCH RESUME 2026-08-07T17:22:06Z =====
dutchpassion: sitemap cache 174 from dsc_strains_dutchpassion.sitemap_urls.json
dutchpassion: 174 urls queued; resume done=171 dump_items=171 skipped=0
  ok #1 idx=1/174 name='Amsterdam Amnesia®'
  ok #2 idx=11/174 name='Auto Cinderella Jack®'
  ok #3 idx=101/174 name='Orange Bud®'
wrote dsc_strains_dutchpassion.json count=174 skipped=0 errors=12
dutchpassion staging: {
  "family": "bank_dutchpassion",
  "staging_db": "\\\\192.168.86.2\\Digital-Documents\\Digital Stealth Care\\Projects\\DSC-HUB\\brain\\data\\staging\\bank_dutchpassion.sqlite3",
  "count": 174,
  "bulk": false,
  "store_raw": true,
  "stats": {
    "strain_canonical": 174,
    "strain_variant": 174,
    "chemistry_profile": 0,
    "grow_trait": 58,
    "entity_link": 0,
    "attribute_kv": 1855,
    "raw_record": 174,
    "light_fixture": 0,
    "nutrient_product": 0,
    "medium_product": 0,
    "media_asset": 0,
    "followup_gap": 0,
    "schema_extension_log": 14,
    "source_record": 1
  }
}
