truenorth: 1349/2942 items=1325 errs=0 pids=[50104]
cropking: 810/3990 items=805 errs=1 pids=[61404]
dcseedexchange: 445/1654 items=445 errs=66 pids=[52272]
DONE zamnesia items=2298 done=2298/2291
herbies: 1270/4142 items=1270 errs=0 pids=[44644]
DONE dutchpassion items=174 done=174/174
truenorth: 1399/2942 items=1375 errs=0 pids=[50104] +50
cropking: 825/3990 items=825 errs=1 pids=[61404] +15
dcseedexchange: 455/1654 items=455 errs=66 pids=[52272] +10
DONE zamnesia items=2298 done=2298/2291
herbies: 1270/4142 items=1270 errs=0 pids=[43220] (stall)
DONE dutchpassion items=174 done=174/174
truenorth: 1450/2942 items=1425 errs=0 pids=[50104] +51
cropking: 845/3990 items=845 errs=1 pids=[61404] +20
dcseedexchange: 465/1654 items=465 errs=66 pids=[52272] +10
DONE zamnesia items=2298 done=2298/2291
herbies: 1320/4142 items=1320 errs=0 pids=[43220] +50
DONE dutchpassion items=174 done=174/174
truenorth: 1475/2942 items=1450 errs=0 pids=[50104] +25
cropking: 865/3990 items=865 errs=1 pids=[61404] +20
dcseedexchange: 480/1654 items=475 errs=66 pids=[52272] +15
DONE zamnesia items=2298 done=2298/2291
herbies: 1370/4142 items=1370 errs=0 pids=[43220] +50
DONE dutchpassion items=174 done=174/174
truenorth: 1525/2942 items=1500 errs=0 pids=[50104] +50
cropking: 880/3990 items=875 errs=1 pids=[61404] +15
dcseedexchange: 490/1654 items=485 errs=66 pids=[52272] +10
DONE zamnesia items=2298 done=2298/2291
herbies: 1370/4142 items=1370 errs=0 pids=[43220] (stall)
DONE dutchpassion items=174 done=174/174
truenorth: 1575/2942 items=1550 errs=0 pids=[50104] +50
cropking: 895/3990 items=895 errs=1 pids=[61404] +15
dcseedexchange: 505/1654 items=505 errs=66 pids=[52272] +15
DONE zamnesia items=2298 done=2298/2291
herbies: 1420/4142 items=1420 errs=0 pids=[43220] +50
DONE dutchpassion items=174 done=174/174
truenorth: 1600/2942 items=1575 errs=0 pids=[50104] +25
cropking: 910/3990 items=905 errs=1 pids=[61404] +15
dcseedexchange: 515/1654 items=515 errs=66 pids=[52272] +10
DONE zamnesia items=2298 done=2298/2291
herbies: 1470/4142 items=1470 errs=0 pids=[43220] +50
DONE dutchpassion items=174 done=174/174
truenorth: 1650/2942 items=1625 errs=0 pids=[50104] +50
cropking: 930/3990 items=925 errs=1 pids=[61404] +20
dcseedexchange: 525/1654 items=525 errs=66 pids=[52272] +10
DONE zamnesia items=2298 done=2298/2291
herbies: 1520/4142 items=1520 errs=0 pids=[43220] +50
DONE dutchpassion items=174 done=174/174
truenorth: 1675/2942 items=1650 errs=0 pids=[50104] +25
cropking: 945/3990 items=945 errs=1 pids=[61404] +15
dcseedexchange: 540/1654 items=535 errs=66 pids=[52272] +15
DONE zamnesia items=2298 done=2298/2291
herbies: 1570/4142 items=1570 errs=0 pids=[43220] +50
DONE dutchpassion items=174 done=174/174
truenorth: 1727/2942 items=1700 errs=0 pids=[50104] +52
cropking: 965/3990 items=965 errs=1 pids=[61404] +20
dcseedexchange: 550/1654 items=545 errs=66 pids=[52272] +10
DONE zamnesia items=2298 done=2298/2291
herbies: 1570/4142 items=1570 errs=0 pids=[43220] (stall)
DONE dutchpassion items=174 done=174/174
truenorth: 1752/2942 items=1725 errs=0 pids=[50104] +25
cropking: 975/3990 items=975 errs=1 pids=[61404] +10
dcseedexchange: 560/1654 items=555 errs=66 pids=[52272] +10
DONE zamnesia items=2298 done=2298/2291
herbies: 1620/4142 items=1620 errs=0 pids=[43220] +50
DONE dutchpassion items=174 done=174/174
truenorth: 1803/2942 items=1775 errs=0 pids=[50104] +51
cropking: 985/3990 items=985 errs=1 pids=[61404] +10
dcseedexchange: 570/1654 items=565 errs=66 pids=[52272] +10
DONE zamnesia items=2298 done=2298/2291
herbies: 1670/4142 items=1670 errs=0 pids=[43220] +50
DONE dutchpassion items=174 done=174/174
truenorth: 1853/2942 items=1825 errs=0 pids=[50104] +50
cropking: 1000/3990 items=995 errs=1 pids=[61404] +15
dcseedexchange: 585/1654 items=585 errs=66 pids=[52272] +15
DONE zamnesia items=2298 done=2298/2291
herbies: 1720/4142 items=1720 errs=0 pids=[43220] +50
DONE dutchpassion items=174 done=174/174
truenorth: 1878/2942 items=1850 errs=0 pids=[50104] +25
cropking: 1015/3990 items=1015 errs=1 pids=[61404] +15
dcseedexchange: 595/1654 items=595 errs=66 pids=[52272] +10
DONE zamnesia items=2298 done=2298/2291
herbies: 1720/4142 items=1720 errs=0 pids=[43220] (stall)
DONE dutchpassion items=174 done=174/174
truenorth: 1928/2942 items=1900 errs=0 pids=[50104] +50
cropking: 1030/3990 items=1025 errs=1 pids=[61404] +15
dcseedexchange: 605/1654 items=605 errs=66 pids=[52272] +10
DONE zamnesia items=2298 done=2298/2291
herbies: 1770/4142 items=1770 errs=0 pids=[43220] +50
DONE dutchpassion items=174 done=174/174
truenorth: 1953/2942 items=1925 errs=0 pids=[50104] +25
cropking: 1045/3990 items=1045 errs=1 pids=[61404] +15
dcseedexchange: 615/1654 items=615 errs=66 pids=[52272] +10
DONE zamnesia items=2298 done=2298/2291
herbies: 1820/4142 items=1820 errs=0 pids=[43220] +50
DONE dutchpassion items=174 done=174/174
truenorth: 2004/2942 items=1975 errs=0 pids=[50104] +51
cropking: 1060/3990 items=1055 errs=1 pids=[61404] +15
dcseedexchange: 630/1654 items=625 errs=66 pids=[52272] +15
DONE zamnesia items=2298 done=2298/2291
herbies: 1870/4142 items=1870 errs=0 pids=[43220] +50
DONE dutchpassion items=174 done=174/174
truenorth: 2029/2942 items=2000 errs=0 pids=[50104] +25
cropking: 1075/3990 items=1075 errs=1 pids=[61404] +15
dcseedexchange: 640/1654 items=635 errs=66 pids=[52272] +10
DONE zamnesia items=2298 done=2298/2291
herbies: 1870/4142 items=1870 errs=0 pids=[43220] (stall)
DONE dutchpassion items=174 done=174/174
truenorth: 2080/2942 items=2050 errs=0 pids=[50104] +51
cropking: 1090/3990 items=1085 errs=1 pids=[61404] +15
dcseedexchange: 650/1654 items=645 errs=66 pids=[52272] +10
DONE zamnesia items=2298 done=2298/2291
herbies: 1920/4142 items=1920 errs=0 pids=[43220] +50
DONE dutchpassion items=174 done=174/174
truenorth: 2131/2942 items=2100 errs=0 pids=[50104] +51
dead cropking at 1110/3990 — resume
started cropking pid=30332
dead dcseedexchange at 665/1654 — resume
started dcseedexchange pid=59580
DONE zamnesia items=2298 done=2298/2291
herbies: 1970/4142 items=1970 errs=0 pids=[43220] +50
DONE dutchpassion items=174 done=174/174
truenorth: 2181/2942 items=2125 errs=0 pids=[50104] +50
cropking: 1130/3990 items=1125 errs=1 pids=[30332] +20
dcseedexchange: 675/1654 items=675 errs=66 pids=[59580] +10
DONE zamnesia items=2298 done=2298/2291
herbies: 2020/4142 items=2020 errs=0 pids=[43220] +50
DONE dutchpassion items=174 done=174/174
truenorth: 2206/2942 items=2175 errs=0 pids=[50104] +25
cropking: 1140/3990 items=1135 errs=1 pids=[30332] +10
dcseedexchange: 685/1654 items=685 errs=66 pids=[59580] +10
DONE zamnesia items=2298 done=2298/2291
herbies: 2020/4142 items=2020 errs=0 pids=[43220] (stall)
DONE dutchpassion items=174 done=174/174
truenorth: 2257/2942 items=2225 errs=0 pids=[50104] +51
cropking: 1155/3990 items=1155 errs=1 pids=[30332] +15
dcseedexchange: 700/1654 items=695 errs=66 pids=[59580] +15
DONE zamnesia items=2298 done=2298/2291
herbies: 2070/4142 items=2070 errs=0 pids=[43220] +50
DONE dutchpassion items=174 done=174/174
truenorth: 2307/2942 items=2275 errs=0 pids=[50104] +50
cropking: 1170/3990 items=1165 errs=1 pids=[30332] +15
dcseedexchange: 710/1654 items=705 errs=66 pids=[59580] +10
DONE zamnesia items=2298 done=2298/2291
herbies: 2120/4142 items=2120 errs=0 pids=[43220] +50
DONE dutchpassion items=174 done=174/174
truenorth: 2333/2942 items=2300 errs=0 pids=[50104] +26
cropking: 1180/3990 items=1175 errs=1 pids=[30332] +10
dcseedexchange: 725/1654 items=725 errs=66 pids=[59580] +15
DONE zamnesia items=2298 done=2298/2291
herbies: 2170/4142 items=2170 errs=0 pids=[43220] +50
DONE dutchpassion items=174 done=174/174
truenorth: 2384/2942 items=2350 errs=0 pids=[50104] +51
cropking: 1195/3990 items=1195 errs=1 pids=[30332] +15
dcseedexchange: 735/1654 items=735 errs=66 pids=[59580] +10
DONE zamnesia items=2298 done=2298/2291
herbies: 2220/4142 items=2220 errs=0 pids=[43220] +50
DONE dutchpassion items=174 done=174/174
truenorth: 2434/2942 items=2400 errs=0 pids=[50104] +50
cropking: 1210/3990 items=1205 errs=1 pids=[30332] +15
dcseedexchange: 750/1654 items=745 errs=66 pids=[59580] +15
DONE zamnesia items=2298 done=2298/2291
herbies: 2220/4142 items=2220 errs=0 pids=[43220] (stall)
DONE dutchpassion items=174 done=174/174
truenorth: 2485/2942 items=2450 errs=0 pids=[50104] +51
cropking: 1230/3990 items=1225 errs=1 pids=[30332] +20
dcseedexchange: 760/1654 items=755 errs=66 pids=[59580] +10
DONE zamnesia items=2298 done=2298/2291
herbies: 2270/4142 items=2270 errs=0 pids=[43220] +50
DONE dutchpassion items=174 done=174/174
truenorth: 2510/2942 items=2475 errs=0 pids=[50104] +25
cropking: 1250/3990 items=1245 errs=1 pids=[30332] +20
dcseedexchange: 770/1654 items=765 errs=66 pids=[59580] +10
DONE zamnesia items=2298 done=2298/2291
herbies: 2320/4142 items=2320 errs=0 pids=[43220] +50
DONE dutchpassion items=174 done=174/174
truenorth: 2561/2942 items=2525 errs=0 pids=[50104] +51
cropking: 1265/3990 items=1265 errs=1 pids=[30332] +15
dcseedexchange: 785/1654 items=785 errs=66 pids=[59580] +15
DONE zamnesia items=2298 done=2298/2291
herbies: 2320/4142 items=2320 errs=0 pids=[43220] (stall)
DONE dutchpassion items=174 done=174/174
truenorth: 2611/2942 items=2575 errs=0 pids=[50104] +50
cropking: 1290/3990 items=1285 errs=1 pids=[30332] +25
dcseedexchange: 795/1654 items=795 errs=66 pids=[59580] +10
DONE zamnesia items=2298 done=2298/2291
herbies: 2370/4142 items=2370 errs=0 pids=[43220] +50
DONE dutchpassion items=174 done=174/174
truenorth: 2637/2942 items=2600 errs=0 pids=[50104] +26
cropking: 1305/3990 items=1305 errs=1 pids=[30332] +15
dcseedexchange: 810/1654 items=805 errs=66 pids=[59580] +15
DONE zamnesia items=2298 done=2298/2291
herbies: 2370/4142 items=2370 errs=0 pids=[43220] (stall)
DONE dutchpassion items=174 done=174/174
truenorth: 2687/2942 items=2650 errs=0 pids=[50104] +50
cropking: 1320/3990 items=1315 errs=1 pids=[30332] +15
dcseedexchange: 820/1654 items=815 errs=66 pids=[59580] +10
DONE zamnesia items=2298 done=2298/2291
herbies: 2420/4142 items=2420 errs=0 pids=[43220] +50
DONE dutchpassion items=174 done=174/174
truenorth: 2737/2942 items=2700 errs=0 pids=[50104] +50
cropking: 1335/3990 items=1335 errs=1 pids=[30332] +15
dcseedexchange: 835/1654 items=835 errs=66 pids=[59580] +15
DONE zamnesia items=2298 done=2298/2291
herbies: 2470/4142 items=2470 errs=0 pids=[43220] +50
DONE dutchpassion items=174 done=174/174
truenorth: 2788/2942 items=2750 errs=0 pids=[50104] +51
cropking: 1345/3990 items=1345 errs=1 pids=[30332] +10
dcseedexchange: 845/1654 items=845 errs=66 pids=[59580] +10
DONE zamnesia items=2298 done=2298/2291
herbies: 2520/4142 items=2520 errs=0 pids=[43220] +50
DONE dutchpassion items=174 done=174/174
truenorth: 2813/2942 items=2775 errs=0 pids=[50104] +25
cropking: 1365/3990 items=1365 errs=1 pids=[30332] +20
dcseedexchange: 860/1654 items=855 errs=66 pids=[59580] +15
DONE zamnesia items=2298 done=2298/2291
herbies: 2520/4142 items=2520 errs=0 pids=[43220] (stall)
DONE dutchpassion items=174 done=174/174
truenorth: 2863/2942 items=2825 errs=0 pids=[50104] +50
cropking: 1375/3990 items=1375 errs=1 pids=[30332] +10
dcseedexchange: 870/1654 items=865 errs=66 pids=[59580] +10
DONE zamnesia items=2298 done=2298/2291
herbies: 2570/4142 items=2570 errs=0 pids=[43220] +50
DONE dutchpassion items=174 done=174/174
truenorth: 2914/2942 items=2875 errs=0 pids=[50104] +51
cropking: 1400/3990 items=1395 errs=1 pids=[30332] +25
dcseedexchange: 880/1654 items=875 errs=66 pids=[59580] +10
DONE zamnesia items=2298 done=2298/2291
herbies: 2620/4142 items=2620 errs=0 pids=[43220] +50
DONE dutchpassion items=174 done=174/174
DONE truenorth items=2903 done=2942/2942
cropking: 1415/3990 items=1415 errs=1 pids=[30332] +15
dcseedexchange: 895/1654 items=895 errs=66 pids=[59580] +15
DONE zamnesia items=2298 done=2298/2291
herbies: 2670/4142 items=2670 errs=0 pids=[43220] +50
DONE dutchpassion items=174 done=174/174
DONE truenorth items=2903 done=2942/2942
dead cropking at 1430/3990 — resume
started cropking pid=44256
dead dcseedexchange at 905/1654 — resume
started dcseedexchange pid=48688
DONE zamnesia items=2298 done=2298/2291
herbies: 2670/4142 items=2670 errs=0 pids=[43220] (stall)
DONE dutchpassion items=174 done=174/174
DONE truenorth items=2903 done=2942/2942
cropking: 1450/3990 items=1445 errs=1 pids=[44256] +20
dcseedexchange: 915/1654 items=915 errs=66 pids=[48688] +10
DONE zamnesia items=2298 done=2298/2291
herbies: 2720/4142 items=2720 errs=0 pids=[43220] +50
DONE dutchpassion items=174 done=174/174
DONE truenorth items=2903 done=2942/2942
cropking: 1465/3990 items=1465 errs=1 pids=[44256] +15
dcseedexchange: 925/1654 items=925 errs=66 pids=[48688] +10
DONE zamnesia items=2298 done=2298/2291
herbies: 2770/4142 items=2770 errs=0 pids=[43220] +50
DONE dutchpassion items=174 done=174/174
DONE truenorth items=2903 done=2942/2942
dead cropking at 1480/3990 — resume
started cropking pid=56092
dead dcseedexchange at 935/1654 — resume
started dcseedexchange pid=62340
DONE zamnesia items=2298 done=2298/2291
herbies: 2770/4142 items=2770 errs=0 pids=[43220] (stall)
DONE dutchpassion items=174 done=174/174
DONE truenorth items=2903 done=2942/2942
cropking: 1490/3990 items=1485 errs=1 pids=[56092] +10
dcseedexchange: 950/1654 items=945 errs=66 pids=[62340] +15
DONE zamnesia items=2298 done=2298/2291
herbies: 2820/4142 items=2820 errs=0 pids=[43220] +50
DONE dutchpassion items=174 done=174/174
DONE truenorth items=2903 done=2942/2942
cropking: 1505/3990 items=1505 errs=1 pids=[56092] +15
dcseedexchange: 960/1654 items=955 errs=66 pids=[62340] +10
DONE zamnesia items=2298 done=2298/2291
herbies: 2870/4142 items=2870 errs=0 pids=[43220] +50
DONE dutchpassion items=174 done=174/174
DONE truenorth items=2903 done=2942/2942
cropking: 1520/3990 items=1515 errs=1 pids=[56092] +15
dcseedexchange: 970/1654 items=965 errs=66 pids=[62340] +10
DONE zamnesia items=2298 done=2298/2291
herbies: 2870/4142 items=2870 errs=0 pids=[43220] (stall)
DONE dutchpassion items=174 done=174/174
DONE truenorth items=2903 done=2942/2942
cropking: 1535/3990 items=1535 errs=1 pids=[56092] +15
dcseedexchange: 985/1654 items=985 errs=66 pids=[62340] +15
DONE zamnesia items=2298 done=2298/2291
herbies: 2920/4142 items=2920 errs=0 pids=[43220] +50
DONE dutchpassion items=174 done=174/174
DONE truenorth items=2903 done=2942/2942
cropking: 1550/3990 items=1545 errs=1 pids=[56092] +15
dcseedexchange: 995/1654 items=995 errs=66 pids=[62340] +10
DONE zamnesia items=2298 done=2298/2291
herbies: 2970/4142 items=2970 errs=0 pids=[43220] +50
DONE dutchpassion items=174 done=174/174
DONE truenorth items=2903 done=2942/2942
cropking: 1565/3990 items=1565 errs=1 pids=[56092] +15
dcseedexchange: 1010/1654 items=1005 errs=66 pids=[62340] +15
DONE zamnesia items=2298 done=2298/2291
herbies: 2970/4142 items=2970 errs=0 pids=[43220] (stall)
DONE dutchpassion items=174 done=174/174
DONE truenorth items=2903 done=2942/2942
cropking: 1580/3990 items=1575 errs=1 pids=[56092] +15
dcseedexchange: 1020/1654 items=1015 errs=66 pids=[62340] +10
DONE zamnesia items=2298 done=2298/2291
herbies: 3020/4142 items=3020 errs=0 pids=[43220] +50
DONE dutchpassion items=174 done=174/174
DONE truenorth items=2903 done=2942/2942
cropking: 1600/3990 items=1595 errs=1 pids=[56092] +20
dcseedexchange: 1030/1654 items=1025 errs=66 pids=[62340] +10
DONE zamnesia items=2298 done=2298/2291
herbies: 3020/4142 items=3020 errs=0 pids=[43220] (stall)
DONE dutchpassion items=174 done=174/174
DONE truenorth items=2903 done=2942/2942
cropking: 1610/3990 items=1605 errs=1 pids=[56092] +10
dcseedexchange: 1040/1654 items=1035 errs=66 pids=[62340] +10
DONE zamnesia items=2298 done=2298/2291
herbies: 3020/4142 items=3020 errs=1 pids=[43220] (stall)
DONE dutchpassion items=174 done=174/174
DONE truenorth items=2903 done=2942/2942
cropking: 1630/3990 items=1625 errs=1 pids=[56092] +20
dcseedexchange: 1050/1654 items=1045 errs=66 pids=[62340] +10
DONE zamnesia items=2298 done=2298/2291
herbies: 3020/4142 items=3020 errs=2 pids=[43220] (stall)
DONE dutchpassion items=174 done=174/174
DONE truenorth items=2903 done=2942/2942
cropking: 1645/3990 items=1645 errs=1 pids=[56092] +15
dcseedexchange: 1065/1654 items=1055 errs=66 pids=[62340] +15
DONE zamnesia items=2298 done=2298/2291
herbies: 3020/4142 items=3020 errs=3 pids=[43220] (stall)
DONE dutchpassion items=174 done=174/174
DONE truenorth items=2903 done=2942/2942
cropking: 1670/3990 items=1665 errs=1 pids=[56092] +25
dcseedexchange: 1075/1654 items=1075 errs=66 pids=[62340] +10
DONE zamnesia items=2298 done=2298/2291
herbies: 3020/4142 items=3020 errs=4 pids=[43220] (stall)
DONE dutchpassion items=174 done=174/174
DONE truenorth items=2903 done=2942/2942
cropking: 1685/3990 items=1685 errs=1 pids=[56092] +15
dcseedexchange: 1090/1654 items=1085 errs=66 pids=[62340] +15
DONE zamnesia items=2298 done=2298/2291
herbies: 3020/4142 items=3020 errs=5 pids=[43220] (stall)
DONE dutchpassion items=174 done=174/174
DONE truenorth items=2903 done=2942/2942
cropking: 1705/3990 items=1705 errs=1 pids=[56092] +20
dcseedexchange: 1100/1654 items=1095 errs=66 pids=[62340] +10
DONE zamnesia items=2298 done=2298/2291
herbies: 3020/4142 items=3020 errs=6 pids=[43220] (stall)
DONE dutchpassion items=174 done=174/174
DONE truenorth items=2903 done=2942/2942
cropking: 1725/3990 items=1725 errs=1 pids=[56092] +20
dcseedexchange: 1115/1654 items=1115 errs=66 pids=[62340] +15
DONE zamnesia items=2298 done=2298/2291
herbies: 3020/4142 items=3020 errs=7 pids=[43220] (stall)
DONE dutchpassion items=174 done=174/174
DONE truenorth items=2903 done=2942/2942
cropking: 1740/3990 items=1735 errs=1 pids=[56092] +15
dcseedexchange: 1125/1654 items=1125 errs=66 pids=[62340] +10
DONE zamnesia items=2298 done=2298/2291
herbies: 3020/4142 items=3020 errs=7 pids=[43220] (stall)
DONE dutchpassion items=174 done=174/174
DONE truenorth items=2903 done=2942/2942
cropking: 1755/3990 items=1755 errs=1 pids=[56092] +15
dcseedexchange: 1135/1654 items=1135 errs=66 pids=[62340] +10
DONE zamnesia items=2298 done=2298/2291
herbies: 3020/4142 items=3020 errs=7 pids=[43220] (stall)
DONE dutchpassion items=174 done=174/174
DONE truenorth items=2903 done=2942/2942
cropking: 1775/3990 items=1775 errs=1 pids=[56092] +20
dcseedexchange: 1145/1654 items=1145 errs=66 pids=[62340] +10
DONE zamnesia items=2298 done=2298/2291
herbies: 3070/4142 items=3070 errs=7 pids=[43220] +50
DONE dutchpassion items=174 done=174/174
DONE truenorth items=2903 done=2942/2942
cropking: 1790/3990 items=1785 errs=1 pids=[56092] +15
dcseedexchange: 1155/1654 items=1155 errs=66 pids=[62340] +10
DONE zamnesia items=2298 done=2298/2291
herbies: 3120/4142 items=3120 errs=7 pids=[43220] +50
DONE dutchpassion items=174 done=174/174
DONE truenorth items=2903 done=2942/2942
cropking: 1815/3990 items=1815 errs=1 pids=[56092] +25
dcseedexchange: 1170/1654 items=1165 errs=66 pids=[62340] +15
DONE zamnesia items=2298 done=2298/2291
herbies: 3170/4142 items=3170 errs=7 pids=[43220] +50
DONE dutchpassion items=174 done=174/174
DONE truenorth items=2903 done=2942/2942
cropking: 1830/3990 items=1825 errs=1 pids=[56092] +15
dcseedexchange: 1180/1654 items=1175 errs=66 pids=[62340] +10
DONE zamnesia items=2298 done=2298/2291
herbies: 3220/4142 items=3220 errs=7 pids=[43220] +50
DONE dutchpassion items=174 done=174/174
DONE truenorth items=2903 done=2942/2942
cropking: 1845/3990 items=1845 errs=1 pids=[56092] +15
dcseedexchange: 1195/1654 items=1195 errs=66 pids=[62340] +15
DONE zamnesia items=2298 done=2298/2291
herbies: 3220/4142 items=3220 errs=7 pids=[43220] (stall)
DONE dutchpassion items=174 done=174/174
DONE truenorth items=2903 done=2942/2942
cropking: 1865/3990 items=1865 errs=1 pids=[56092] +20
dcseedexchange: 1205/1654 items=1205 errs=66 pids=[62340] +10
DONE zamnesia items=2298 done=2298/2291
herbies: 3270/4142 items=3270 errs=7 pids=[43220] +50
DONE dutchpassion items=174 done=174/174
DONE truenorth items=2903 done=2942/2942
cropking: 1880/3990 items=1875 errs=1 pids=[56092] +15
dcseedexchange: 1215/1654 items=1215 errs=66 pids=[62340] +10
DONE zamnesia items=2298 done=2298/2291
herbies: 3320/4142 items=3320 errs=7 pids=[43220] +50
DONE dutchpassion items=174 done=174/174
DONE truenorth items=2903 done=2942/2942
cropking: 1900/3990 items=1895 errs=1 pids=[56092] +20
dcseedexchange: 1230/1654 items=1225 errs=66 pids=[62340] +15
DONE zamnesia items=2298 done=2298/2291
herbies: 3370/4142 items=3370 errs=7 pids=[43220] +50
DONE dutchpassion items=174 done=174/174
DONE truenorth items=2903 done=2942/2942
cropking: 1920/3990 items=1915 errs=1 pids=[56092] +20
dcseedexchange: 1245/1654 items=1245 errs=66 pids=[62340] +15
DONE zamnesia items=2298 done=2298/2291
herbies: 3370/4142 items=3370 errs=7 pids=[43220] (stall)
DONE dutchpassion items=174 done=174/174
DONE truenorth items=2903 done=2942/2942
cropking: 1990/3990 items=1975 errs=1 pids=[56092] +70
dcseedexchange: 1255/1654 items=1255 errs=66 pids=[62340] +10
DONE zamnesia items=2298 done=2298/2291
herbies: 3370/4142 items=3370 errs=7 pids=[43220] (stall)
DONE dutchpassion items=174 done=174/174
DONE truenorth items=2903 done=2942/2942
cropking: 2060/3990 items=2035 errs=1 pids=[56092] +70
dcseedexchange: 1270/1654 items=1265 errs=66 pids=[62340] +15
DONE zamnesia items=2298 done=2298/2291
herbies: 3420/4142 items=3420 errs=7 pids=[43220] +50
DONE dutchpassion items=174 done=174/174
DONE truenorth items=2903 done=2942/2942
cropking: 2130/3990 items=2105 errs=1 pids=[56092] +70
dcseedexchange: 1285/1654 items=1285 errs=66 pids=[62340] +15
DONE zamnesia items=2298 done=2298/2291
herbies: 3420/4142 items=3420 errs=7 pids=[43220] (stall)
DONE dutchpassion items=174 done=174/174
DONE truenorth items=2903 done=2942/2942
cropking: 2190/3990 items=2175 errs=1 pids=[56092] +60
dcseedexchange: 1295/1654 items=1295 errs=66 pids=[62340] +10
DONE zamnesia items=2298 done=2298/2291
herbies: 3470/4142 items=3470 errs=7 pids=[43220] +50
DONE dutchpassion items=174 done=174/174
DONE truenorth items=2903 done=2942/2942
dead cropking at 2215/3990 — resume
started cropking pid=57548
dead dcseedexchange at 1305/1654 — resume
started dcseedexchange pid=64156
DONE zamnesia items=2298 done=2298/2291
herbies: 3470/4142 items=3470 errs=7 pids=[43220] (stall)
DONE dutchpassion items=174 done=174/174
DONE truenorth items=2903 done=2942/2942
cropking: 2275/3990 items=2270 errs=1 pids=[57548] +60
dcseedexchange: 1320/1654 items=1315 errs=66 pids=[64156] +15
DONE zamnesia items=2298 done=2298/2291
herbies: 3470/4142 items=3470 errs=7 pids=[43220] (stall)
DONE dutchpassion items=174 done=174/174
DONE truenorth items=2903 done=2942/2942
cropking: 2340/3990 items=2340 errs=1 pids=[57548] +65
dcseedexchange: 1335/1654 items=1335 errs=66 pids=[64156] +15
DONE zamnesia items=2298 done=2298/2291
herbies: 3520/4142 items=3520 errs=7 pids=[43220] +50
DONE dutchpassion items=174 done=174/174
DONE truenorth items=2903 done=2942/2942
cropking: 2400/3990 items=2400 errs=1 pids=[57548] +60
dcseedexchange: 1350/1654 items=1345 errs=66 pids=[64156] +15
DONE zamnesia items=2298 done=2298/2291
herbies: 3520/4142 items=3520 errs=7 pids=[43220] (stall)
DONE dutchpassion items=174 done=174/174
DONE truenorth items=2903 done=2942/2942
cropking: 2470/3990 items=2470 errs=1 pids=[57548] +70
dcseedexchange: 1365/1654 items=1365 errs=66 pids=[64156] +15
DONE zamnesia items=2298 done=2298/2291
herbies: 3570/4142 items=3570 errs=7 pids=[43220] +50
DONE dutchpassion items=174 done=174/174
DONE truenorth items=2903 done=2942/2942
cropking: 2525/3990 items=2525 errs=1 pids=[57548] +55
dcseedexchange: 1380/1654 items=1375 errs=66 pids=[64156] +15
DONE zamnesia items=2298 done=2298/2291
herbies: 3620/4142 items=3620 errs=7 pids=[43220] +50
DONE dutchpassion items=174 done=174/174
DONE truenorth items=2903 done=2942/2942
cropking: 2595/3990 items=2585 errs=1 pids=[57548] +70
dcseedexchange: 1395/1654 items=1395 errs=66 pids=[64156] +15
DONE zamnesia items=2298 done=2298/2291
herbies: 3620/4142 items=3620 errs=7 pids=[43220] (stall)
DONE dutchpassion items=174 done=174/174
DONE truenorth items=2903 done=2942/2942
cropking: 2660/3990 items=2655 errs=1 pids=[57548] +65
dcseedexchange: 1410/1654 items=1405 errs=66 pids=[64156] +15
DONE zamnesia items=2298 done=2298/2291
herbies: 3670/4142 items=3670 errs=7 pids=[43220] +50
DONE dutchpassion items=174 done=174/174
DONE truenorth items=2903 done=2942/2942
cropking: 2720/3990 items=2715 errs=1 pids=[57548] +60
dcseedexchange: 1425/1654 items=1425 errs=66 pids=[64156] +15
DONE zamnesia items=2298 done=2298/2291
herbies: 3670/4142 items=3670 errs=7 pids=[43220] (stall)
DONE dutchpassion items=174 done=174/174
DONE truenorth items=2903 done=2942/2942
cropking: 2775/3990 items=2775 errs=1 pids=[57548] +55
dcseedexchange: 1440/1654 items=1435 errs=66 pids=[64156] +15
DONE zamnesia items=2298 done=2298/2291
herbies: 3720/4142 items=3720 errs=7 pids=[43220] +50
DONE dutchpassion items=174 done=174/174
DONE truenorth items=2903 done=2942/2942
cropking: 2840/3990 items=2835 errs=1 pids=[57548] +65
dcseedexchange: 1460/1654 items=1455 errs=66 pids=[64156] +20
DONE zamnesia items=2298 done=2298/2291
herbies: 3770/4142 items=3770 errs=7 pids=[43220] +50
DONE dutchpassion items=174 done=174/174
DONE truenorth items=2903 done=2942/2942
cropking: 2905/3990 items=2895 errs=1 pids=[57548] +65
dcseedexchange: 1470/1654 items=1465 errs=66 pids=[64156] +10
DONE zamnesia items=2298 done=2298/2291
herbies: 3820/4142 items=3820 errs=7 pids=[43220] +50
DONE dutchpassion items=174 done=174/174
DONE truenorth items=2903 done=2942/2942
cropking: 2965/3990 items=2965 errs=1 pids=[57548] +60
dcseedexchange: 1485/1654 items=1485 errs=66 pids=[64156] +15
DONE zamnesia items=2298 done=2298/2291
herbies: 3820/4142 items=3820 errs=7 pids=[43220] (stall)
DONE dutchpassion items=174 done=174/174
DONE truenorth items=2903 done=2942/2942
cropking: 3030/3990 items=3025 errs=1 pids=[57548] +65
dcseedexchange: 1495/1654 items=1495 errs=66 pids=[64156] +10
DONE zamnesia items=2298 done=2298/2291
herbies: 3870/4142 items=3870 errs=7 pids=[43220] +50
DONE dutchpassion items=174 done=174/174
DONE truenorth items=2903 done=2942/2942
cropking: 3095/3990 items=3095 errs=1 pids=[57548] +65
dcseedexchange: 1510/1654 items=1505 errs=66 pids=[64156] +15
DONE zamnesia items=2298 done=2298/2291
herbies: 3920/4142 items=3920 errs=7 pids=[43220] +50
DONE dutchpassion items=174 done=174/174
DONE truenorth items=2903 done=2942/2942
cropking: 3165/3990 items=3165 errs=1 pids=[57548] +70
dcseedexchange: 1520/1654 items=1505 errs=66 pids=[64156] +10
DONE zamnesia items=2298 done=2298/2291
herbies: 3920/4142 items=3920 errs=7 pids=[43220] (stall)
DONE dutchpassion items=174 done=174/174
DONE truenorth items=2903 done=2942/2942
cropking: 3225/3990 items=3215 errs=1 pids=[57548] +60
dcseedexchange: 1535/1654 items=1505 errs=66 pids=[64156] +15
DONE zamnesia items=2298 done=2298/2291
herbies: 3970/4142 items=3970 errs=7 pids=[43220] +50
DONE dutchpassion items=174 done=174/174
DONE truenorth items=2903 done=2942/2942
cropking: 3280/3990 items=3275 errs=1 pids=[57548] +55
dcseedexchange: 1555/1654 items=1545 errs=66 pids=[64156] +20
DONE zamnesia items=2298 done=2298/2291
