enrich 1 LumaRay Side Lights (4-Bar), Full Spectrum LED Bar ppfd=0 spec=0 beam=0
enrich 2 LumaRay Under Canopy Lights, Full Spectrum Dimmabl ppfd=0 spec=0 beam=0
enrich 3 AeroLight A100 Tunable Spectrum LED Grow Light 100 ppfd=0 spec=0 beam=0
enrich 4 AeroLight 120W LED Grow Light, Indoor Plant Light  ppfd=0 spec=0 beam=0
enrich 5 AeroLight 120W LED Grow Light, Indoor Plant Light  ppfd=0 spec=0 beam=0
enrich 6 AeroLight 120W LED Grow Light, Indoor Plant Light  ppfd=0 spec=0 beam=0
enrich 7 AeroLight 120W LED Grow Light, Indoor Plant Light  ppfd=0 spec=0 beam=0
enrich 8 AeroLight 120W LED Grow Light, Indoor Plant Light  ppfd=0 spec=0 beam=0
enrich 9 AeroLight 120W LED Grow Light, Indoor Plant Light  ppfd=0 spec=0 beam=0
enrich 10 AeroLight 120W LED Grow Light, Indoor Plant Light  ppfd=0 spec=0 beam=0
enrich 11 AeroLight Wing AW200 Tunable Spectrum LED Grow Lig ppfd=0 spec=0 beam=0
enrich 12 VSFD6500 Full Spectrum LED Grow Light Bar 650W, De ppfd=0 spec=0 beam=0
enrich 13 LumaLight LED Grow Light, Full Spectrum Plant Ligh ppfd=0 spec=0 beam=0
enrich 14 LumaLight LED Grow Light, Full Spectrum Plant Ligh ppfd=0 spec=0 beam=0
enrich 15 LumaLight LED Grow Light, Full Spectrum Plant Ligh ppfd=0 spec=0 beam=0
enrich 16 LumaLight LED Grow Light, Full Spectrum Plant Ligh ppfd=0 spec=0 beam=0
enrich 17 LumaLight LED Grow Light, Full Spectrum Plant Ligh ppfd=0 spec=0 beam=0
enrich 18 LumaLight LED Grow Light, Full Spectrum Plant Ligh ppfd=0 spec=0 beam=0
enrich 19 LumaLight LED Grow Light, Full Spectrum Plant Ligh ppfd=0 spec=0 beam=0
enrich 20 LumaRay Side Lights (4-Bar), Full Spectrum LED Bar ppfd=0 spec=0 beam=0
enrich 21 AeroLight A100SE Full Spectrum LED Grow Light 100W ppfd=0 spec=0 beam=0
enrich 22 VS4000 Full Spectrum LED Grow Light Board 400W, Hi ppfd=0 spec=0 beam=0
{
  "dump": "\\\\192.168.86.2\\Digital-Documents\\Digital Stealth Care\\Projects\\DSC-HUB\\homeassistant\\data\\dsc_lights_vivosun.json",
  "scanned": 22,
  "before": {
    "wattage_w": 22,
    "ppf_umol_s": 0,
    "efficacy_umol_j": 14,
    "ppfd_maps": 0,
    "spectrum_maps": 0,
    "beam_maps": 0,
    "datasheets": 15
  },
  "after": {
    "wattage_w": 22,
    "ppf_umol_s": 0,
    "efficacy_umol_j": 14,
    "ppfd_maps": 0,
    "spectrum_maps": 0,
    "beam_maps": 0,
    "datasheets": 15
  }
}
staged \\192.168.86.2\Digital-Documents\Digital Stealth Care\Projects\DSC-HUB\brain\data\staging\lights_vivosun.sqlite3 n= 22
