=== growkings mode=shopify_json ===
  shopify products fetched: 2545
  [1] Digi-Lumen Extreme 720W LED Grow Light Twin Pack + FREE ppfd=0 brand=Digi-Lumen
  [2] Ionbeam U2, Targeted Spectrum UV LED Grow Light Bars, 2 ppfd=0 brand=AC Infinity
  [3] Spider Farmer Glow30 Full Spectrum Supplemental LED Bar ppfd=0 brand=Spider Farmer
  [4] Spider Farmer SF2000 LED Grow Light - 200W ppfd=1 brand=Spider Farmer
  [5] Spider Farmer UV60 & IR30 LED Grow Light Bars Set - 90c ppfd=0 brand=Spider Farmer
  [6] Spider Farmer 4 Tier Plant Stand with Grow Lights - 54W ppfd=0 brand=Spider Farmer
  [7] Spider Farmer SF600 LED Grow Light - 74W ppfd=0 brand=Spider Farmer
  [8] Spider Farmer Glow80 LED Grow Light Bars - 80W (2x40W) ppfd=1 brand=Spider Farmer
  [9] Spider Farmer SF1000 LED Grow Light - 100W ppfd=0 brand=Spider Farmer
  [10] Spider Farmer 6 Tier Plant Stand with Grow Lights - 220 ppfd=0 brand=Spider Farmer
  [11] Spider Farmer SF300 LED Grow Light - 33W ppfd=0 brand=Spider Farmer
  [12] HortiVision 720W Specialist Split Line LED 3.0 | Splits ppfd=0 brand=Hortivision
  [13] Digi-Lumen Extreme LED Controller ppfd=0 brand=Digi-Lumen
  [14] Fly Trap LED - Compact Eight Watt Low Voltage ppfd=0 brand=Obri Lighting
  [15] Digi-Lumen Extreme 888W Dual Spectrum LED Grow Light ppfd=0 brand=Digi-Lumen
  [16] Digi-Lumen Extreme 1000W LED Grow Light ppfd=0 brand=Digi-Lumen
  [17] Lumatek Zeus 465 Pro 3.1 LED Light Bar ppfd=0 brand=Lumatek
  [18] Flexstar 315W CMH Grow Light With Adjustable Silver Ref ppfd=0 brand=Flexstar
  [19] 600W HPS Grow Light Kit – Digital Ballast with Medium D ppfd=0 brand=Adjust-A-Wings
  [20] 600W HPS Grow Light Kit – Digital Ballast With Large De ppfd=0 brand=Adjust-A-Wings
  [21] Aquamaster Replaceable PH – EC Electrode For P110 Pro-2 ppfd=0 brand=Aquamaster Tools
  [22] Method Seven Evolution FX2 (Full Spectrum LED Protectiv ppfd=0 brand=Method Seven
  [23] Method Seven Citadel FX2 – Full Spectrum LED Grow Glass ppfd=0 brand=Method Seven
  [24] Plant Mechanics Full Spec Grow A&B - 1L ppfd=0 brand=Plant Mechanics
  [25] Digi-Lumen Extreme Under Canopy LED Grow Light - 200W ppfd=0 brand=Digi-Lumen
  [26] JBL Heavy Duty Digital Timer – Programmable Power Timer ppfd=0 brand=JBL
  [27] Mechanical 24 Hour Timer – 15 Minute Increments ppfd=0 brand=Grow Kings
  [28] ULight 720w Full Spectrum LED Grow Light 2.7 µmol/J ppfd=0 brand=Ulight
  [29] Method Seven Citadel FX2 - Full Spectrum LED Protective ppfd=0 brand=Method Seven
  [30] Bloom Works Digital Plug-in Timer ppfd=0 brand=Bloom Works
  [31] Method Seven The Duchess FX2 Full Spectrum LED Protecti ppfd=0 brand=Method Seven
  [32] MOJO COW PS-1 Propagation Grow Light - 2 X 24W 8500K Pu ppfd=0 brand=Mojo Cow
  [33] Powerplant T5 Propagation Grow Light - 2 x 55w Lamps ppfd=0 brand=Powerplant
  [34] PowerPlant T5 4ft 4-Tube Propagation Grow Light ppfd=0 brand=Powerplant
  [35] PowerPlant 600W Slimline Digital Ballast – Dimmable 250 ppfd=0 brand=Powerplant
  [36] Commandship 1000 Watt Three Channel LED Grow Light Bar  ppfd=0 brand=SuperTech
  [37] CommandShuttle 250W Three-Channel LED Grow Light Bar wi ppfd=0 brand=SuperTech
  [38] AC Infinity Propagation Kit – LED Grow Light, Heat Mat  ppfd=0 brand=AC Infinity
  [39] Digi-Lumen Extreme 1000W XL LED Grow Light ppfd=0 brand=Digi-Lumen
  [40] Grand Master LED (GML) Tarantula Borg Evo 1500W (V3) ppfd=1 brand=GML
  [41] Grand Master LED (GML) Tarantula Tent Ultimate 4x4 750W ppfd=1 brand=GML
  [42] Lumatek Zeus 300W Pro 3.1 LED Grow Light ppfd=0 brand=Lumatek
  [43] AC Infinity Ionbeam S11 30w Full spectrum LED Grow Ligh ppfd=0 brand=AC Infinity
  [44] AC Infinity Ionbeam S16 42w Full spectrum LED Grow Ligh ppfd=0 brand=AC Infinity
  [45] AC Infinity Ionboard S44 Full Spectrum LED Grow Light - ppfd=0 brand=AC Infinity
  [46] AC Infinity Grow Room Glasses, w. 3 Colour Corrective L ppfd=0 brand=AC Infinity
  [47] AC Infinity Jewelers Loupe, Pocket Magnifying Glass Wit ppfd=0 brand=AC Infinity
  [48] AC Infinity Ionframe EVO4 Samsung LM301H EVO 300W LED G ppfd=0 brand=AC Infinity
  [49] AC Infinity Ionframe EVO6 Samsung LM301H EVO 500W LED G ppfd=0 brand=AC Infinity
  [50] AC Infinity Ionframe EVO10, Samsung LM301H EVO 1000W, 5 ppfd=0 brand=AC Infinity
  [51] AC Infinity IONBOARD S22 Full Spectrum LED Grow Light - ppfd=0 brand=AC Infinity
  [52] AC Infinity IONFRAME EVO3 LED Grow Light – 280W Samsung ppfd=0 brand=AC Infinity
  [53] HighLine Aquarium Classic LED daylight 40 ppfd=0 brand=OASE
  [54] Digi-Lumen Halo 780W Smart Controller - Plug & Play ppfd=0 brand=Digi-Lumen
  [55] IPM Anti Bug LED Light ppfd=0 brand=Grow Kings
  [56] Treegers LED Protective Eyewear ppfd=0 brand=Treegers
  [57] Spider Farmer SE-5000 EVO LED Grow Light - 480W ppfd=0 brand=Spider Farmer
  [58] Spider Farmer SE-3000 LED Grow Light - 300W ppfd=0 brand=Spider Farmer
  [59] Spider Farmer G8600 LED Grow Light - 800W ppfd=0 brand=Spider Farmer
  [60] Spider Farmer G5000 LED Grow Light - 480W ppfd=0 brand=Spider Farmer
  [61] Spider Farmer G4500 LED Grow Light - 320W ppfd=0 brand=Spider Farmer
  [62] Spider Farmer G1000W Full Spectrum LED Grow Light ppfd=0 brand=Spider Farmer
  [63] Spider Farmer G3000 LED Grow Light - 300W ppfd=0 brand=Spider Farmer
  [64] AZ Detachable PAR Meter ppfd=0 brand=AZ Instruments
  [65] Digi-Lumen Extreme Dual Spectrum LED Grow Light - 780W ppfd=0 brand=Digi-Lumen
  [66] Digi-Lumen Clone LED Light Bar 2 Pack - 18W ppfd=0 brand=Digi-Lumen
  [67] ECO Smart Controller ppfd=0 brand=Pro Grow
  [68] LED UFO Stand - Vertical - Suits Pro Grow UFO Models ppfd=0 brand=Pro Grow
  [69] Digi-Lumen Side Bar Wall Mounting Bar ppfd=0 brand=Digi-Lumen
  [70] Digi-Lumen Side Bar Tent Mounting Bar ppfd=0 brand=Digi-Lumen
  [71] Digi-Lumen Extreme LED Grow Light - 400W ppfd=0 brand=Digi-Lumen
  [72] Digi-Lumen Side Bar LED Grow Light - 250W (2 X 125W) ppfd=0 brand=Digi-Lumen
  [73] Digi-Lumen Extreme LED Grow Light - 720W ppfd=0 brand=Digi-Lumen
  [74] Hortitek GrowBoard LED Full Spectrum Grow Light - 440W ppfd=0 brand=Hortitek
  [75] Hortitek Gen 2 Growboard LED Grow Light - 220W ppfd=0 brand=Hortitek
  [76] Hortitek Eco Six Bar LED Grow Light - 720W ppfd=0 brand=Hortitek
  [77] Ultra Klean Single Panel Test Kit ppfd=0 brand=Ultra Klean
  [78] ULight 110W Pro LED Grow Light Bar ppfd=0 brand=Ulight
  [79] ULight 1000W 10-Bar LED Grow Light ppfd=0 brand=Ulight
  [80] ULight ECO 320W LED Grow Light ppfd=0 brand=Ulight
  [81] Hortitek Growsaber LED Grow Light - 30W 900mm ppfd=0 brand=Hortitek
  [82] Hortitek Growsaber LED Grow Light - 20W 600mm ppfd=0 brand=Hortitek
  [83] Hortitek UFO LED Grow Light - 300W ppfd=0 brand=Hortitek
  [84] Hortitek UFO LED Grow Light - 100W ppfd=0 brand=Hortitek
  [85] Hortitek Six Bar LED Grow Light - 620W ppfd=0 brand=Hortitek
  [86] Mini Micro Greens LED Light Growing Kit ppfd=0 brand=Grow Kings
  [87] Lumatek LED Propagation Grow Light - VF120W ppfd=0 brand=Lumatek
  [88] Lumatek Driver For VF LED Propagation Lights - 650W ppfd=0 brand=Lumatek
  [89] Lumatek LED Propagation Grow Light - VF90W ppfd=0 brand=Lumatek
  [90] Lumatek Daisy Chain Control Cable - 5m ppfd=0 brand=Lumatek
  [91] Lumatek 0-10V LED Light Dimmer ppfd=0 brand=Lumatek
  [92] Lumatek Zeus 1000W PRO EVO 3.1 Grow Light ppfd=0 brand=Lumatek
  [93] Solar Sun LED Under Lighting Stand ppfd=0 brand=CULTIV8
  [94] PondMAX 70W Solar Panel (Set of 2 x 35W) ppfd=0 brand=Pondmax
  [95] Flashlight - Torch 9 x Green LED ppfd=0 brand=Accent Hydroponics
  [96] Lumatek ATS PRO 200W LED Grow Light ppfd=3 brand=Lumatek
  [97] Treegers Fixture Link Cable ppfd=0 brand=Treegers
  [98] Treegers LED Grow Bulb - GB30W ppfd=0 brand=Treegers
  [99] Treegers LED Grow Bulb - GB15W ppfd=0 brand=Treegers
  [100] PondMAX LED Ring Light White ppfd=0 brand=Pondmax
  [101] PondMAX LED Ring Light Multicolour ppfd=0 brand=Pondmax
  [102] Treegers 420W LED Grow Light Fixture - GL420W ppfd=0 brand=Treegers
  [103] Treegers 1000W LED Grow Light Fixture - GL1000W+ ppfd=0 brand=Treegers
  [104] IntroGro LED Grow Bar Link Lead ppfd=0 brand=IntroGro
  [105] Hi-Par Understorm LED Grow Light & Manual Dimmer - 200W ppfd=0 brand=Hi-Par
  [106] Treegers 650W LED Grow Light Fixture - GL650W+ ppfd=0 brand=Treegers
  [107] Sanlight Flex II 2 x 20w Grow Light ppfd=0 brand=Sanlight
  [108] Green Light LED Headlamp ppfd=0 brand=Grow Kings
  [109] Treegers 300W LED Grow Light Fixture - GL300W ppfd=0 brand=Treegers
  [110] Treegers Quantum Par Meter ppfd=0 brand=Treegers
  [111] Hi-Par 1030X Spectro LED Grow Light - 1030W ppfd=0 brand=Hi-Par
  [112] Aquamaster Tools P700 PRO-2 Combo Meter pH-EC–CF–PPM–Te ppfd=0 brand=Aquamaster Tools
  [113] PondMAX PS3500 Solar Pump & Panel Kit ppfd=0 brand=Pondmax
  [114] PondMAX PS1700 Solar Pump & Panel Kit ppfd=0 brand=Pondmax
  [115] PondMAX PS600 Solar Pump & Panel Kit ppfd=0 brand=Pondmax
  [116] PondMAX PS200 Solar Pump & Panel Kit ppfd=0 brand=Pondmax
  [117] Plant Mechanics LED Fuel - 20L ppfd=0 brand=Plant Mechanics
  [118] Plant Mechanics LED Fuel - 5L ppfd=0 brand=Plant Mechanics
  [119] Plant Mechanics LED Fuel - 1L ppfd=0 brand=Plant Mechanics
  [120] Plant Mechanics LED Fuel - 250mL ppfd=0 brand=Plant Mechanics
  [121] DLI Joule-Series 1000W DE HPS Fixture ppfd=0 brand=Dutch Lighting Innovations
  [122] DLI Cri-Series 315W CMH Fixture ppfd=0 brand=Dutch Lighting Innovations
  [123] DLI Toplighting LED Fixture - 358W ppfd=0 brand=Dutch Lighting Innovations
  [124] Aquamaster P160 Pro Combo pH – EC – PPM – TDS – Temp Me ppfd=0 brand=Aquamaster Tools
  [125] Nakajima Digital Timer with 12 Programs and 1 Second Ti ppfd=0 brand=Nakajima
  [126] PondMAX 3 LED Multi Colour Pond & Garden Light + Remote ppfd=0 brand=Pondmax
  [127] PondMAX 1 LED Pond & Garden Light - 60 Lumens ppfd=0 brand=Pondmax
  [128] Aquamaster Tools P110 Pro Combo Ph, EC & Temp Pen ppfd=0 brand=Aquamaster Tools
  [129] Powerplant T - LED 42W Bloom Light Bar ppfd=0 brand=Powerplant
  [130] Powerplant T - LED 26W Bloom Light Bar ppfd=0 brand=Powerplant
  [131] Hortivision LED Smart Controller ppfd=0 brand=Hortivision
  [132] Horti-Vision 50W LED Enhance Bars (2 x 25W Bars) ppfd=0 brand=Hortivision
  [133] Horti-Vision 720W Producer LED ppfd=0 brand=Hortivision
  [134] Lumatek ATS Pro 300W LED Grow Light ppfd=0 brand=Lumatek
  [135] Sol-Fusion 720W LED Grow Light - SB7000 ppfd=0 brand=Sol-fusion
  [136] Cultiv8 Solar Sun LED Stand - 45 Degree ppfd=0 brand=CULTIV8
  [137] Sol-Bar 60 LED Propagation Grow Light - 60W ppfd=0 brand=Sol-fusion
  [138] Hortivision TLED Driverless LED Grow Light - 26W Bloom ppfd=0 brand=Hortivision
  [139] Hortivision TLED Driverless LED Grow Light - 26W Grow ppfd=0 brand=Hortivision
  [140] Hortivision TLED Driverless LED Grow Light - 42W Grow ppfd=0 brand=Hortivision
  [141] Hortivision TLED Driverless LED Grow Light - 42W Bloom ppfd=0 brand=Hortivision
  [142] ULight 680w Full Spectrum LED Grow Light ppfd=0 brand=Ulight
  [143] PowerPlant CFL 250W – 2700K – Flowering Grow Light ppfd=0 brand=Powerplant
  [144] Sol-lifters Premium Ratchet Hangers ppfd=0 brand=Sol-fusion
  [145] GLD Q-Series S LED Quantum Board - 200W ppfd=0 brand=GLD LIGHTING
  [146] GLD Q-Series LED Quantum Board - 100W ppfd=0 brand=GLD LIGHTING
  [147] Spoton Quantum Par Light Meter ppfd=0 brand=Innoquest
  [148] Lumatek Full Spectrum Supplementary LED Bar & Driver 10 ppfd=0 brand=Lumatek
  [149] GLD Satelight UFO 150W ppfd=0 brand=GLD LIGHTING
  [150] GLD Satelight UFO - 200W ppfd=0 brand=GLD LIGHTING
  [151] GLD Satelight UFO - 300W ppfd=0 brand=GLD LIGHTING
  [152] Lumatek UV Supplemental LED Light Bar 30W (single) ppfd=0 brand=Lumatek
  [153] LUXX Led Clone Bars 2 x 18W Lights ppfd=0 brand=LUXX
  [154] Lumii Green Led Work Light (Includes Plug Adaptor) ppfd=0 brand=Lumii
  [155] Telos Growcast (Tm) Bluetooth Lighting Controller ppfd=0 brand=Telos
  [156] Pro Grow EVO LED 630 W model S 6 bar - New Model (2023) ppfd=0 brand=Pro Grow
  [157] Katana K435 LED Light ppfd=0 brand=Katana
  [158] Hortivision Led 680W/780W Spec-Perfect + Uv ppfd=0 brand=Hortivision
  [159] Lumatek LED Extension Cable Kit - Suits 600w or 465w Zu ppfd=0 brand=Lumatek
  [160] Lumatek 600W LED Grow Light Zeus PRO 3.1 ppfd=0 brand=Lumatek
  [161] POWERPLANT - 720W LED ECO SIX BAR ppfd=0 brand=Powerplant
  [162] Hi-Par Spectro LED - 240W ppfd=0 brand=Hi-Par
  [163] Hi-Par Digital Lighting Control Station V2 ppfd=0 brand=Hi-Par
  [164] Hi-Par Spectro LED - 660W ppfd=0 brand=Hi-Par
  [165] Sol-Fusion SB4000 (480W) ppfd=0 brand=Sol-fusion
  [166] Sol-Fusion SB2000 (240W) Rectangle ppfd=0 brand=Sol-fusion
  [167] MOJO COW Twin Bar Propagation LED Light (2x26W) ppfd=0 brand=Mojo Cow
  [168] Active Eye Led Illuminated Magnifier Loupe - 40X ppfd=0 brand=Active Eye
  [169] Grow Tent Kit With LED Light, Fan, Carbon Filter, Ducti ppfd=0 brand=Grow Kings
  [170] IntroGro LED 26W Light Bar (Grow or Bloom) ppfd=0 brand=IntroGro
  [171] IntroGro LED 42W Light Bar (Grow or Bloom) ppfd=0 brand=IntroGro
  [172] Lumatek Zeus Compact Pro 465W 2.9 Umols/J Light Bar ppfd=0 brand=Lumatek
  [173] Lumatek Control Panel Plus 2.0 (HID+LED) ppfd=0 brand=Lumatek
  [174] Lumatek Zeus 1000W Xtreme C02 Light Bar ppfd=1 brand=Lumatek
  [175] Bio Diesel Green Diamond (A+B) - Full Spectrum Base Nut ppfd=0 brand=Bio Diesel
  [176] FOHSE O6I LED Grow Light 1200W - Dimmable IP65 ppfd=0 brand=FOHSE
  [177] FOHSE LED Grow Light - Aries 640W - Samsung Diodes - IP ppfd=0 brand=FOHSE
  [178] FOHSE LED Grow Light - A3i 1500W - Samsung Diodes - IP6 ppfd=0 brand=FOHSE
  [179] LED Stand to suit LED60XS ppfd=0 brand=Pro Grow
  [180] Digi-Lumen Extreme 60W LED Bar Grow Light w/ 0-10 V Con ppfd=0 brand=Digi-Lumen
  [181] Pro Grow UFO LED Full Spectrum Grow Light (100W, 200W,  ppfd=0 brand=Pro Grow
  [182] Light Grip Rope Ratchet Hangers - For Hanging Grow Ligh ppfd=0 brand=Light Grip
  staged -> \\192.168.86.2\Digital-Documents\Digital Stealth Care\Projects\DSC-HUB\brain\data\staging\lights_growkings.sqlite3 n=182
{
  "brand": "growkings",
  "count": 182,
  "coverage": {
    "wattage_w": 126,
    "ppf_umol_s": 32,
    "efficacy_umol_j": 45,
    "ppfd_maps": 6,
    "spectrum_maps": 23,
    "beam_maps": 5,
    "datasheets": 9
  },
  "dump": "\\\\192.168.86.2\\Digital-Documents\\Digital Stealth Care\\Projects\\DSC-HUB\\homeassistant\\data\\dsc_lights_growkings.json"
}
{
  "summary": [
    {
      "brand": "growkings",
      "dump": "\\\\192.168.86.2\\Digital-Documents\\Digital Stealth Care\\Projects\\DSC-HUB\\homeassistant\\data\\dsc_lights_growkings.json",
      "count": 182,
      "coverage": {
        "wattage_w": 126,
        "ppf_umol_s": 32,
        "efficacy_umol_j": 45,
        "ppfd_maps": 6,
        "spectrum_maps": 23,
        "beam_maps": 5,
        "datasheets": 9
      },
      "failed": 0,
      "staging": {
        "family": "lights_growkings",
        "staging_db": "\\\\192.168.86.2\\Digital-Documents\\Digital Stealth Care\\Projects\\DSC-HUB\\brain\\data\\staging\\lights_growkings.sqlite3",
        "count": 182
      }
    }
  ]
}
