=== mars_hydro_au mode=woo_sitemap ===
  sitemap products: 134
  [1/134] Mars Hydro FC ppfd=13 spec=9
  [2/134] Mars Hydro TS1000 Full Spectrum LED Grow Light+70x 70x  ppfd=0 spec=9
  [3/134] Mars Hydro TSW2000 (300W) LED Grow Light + 100x100x180  ppfd=9 spec=0
  [4/134] Mars Hydro Deisgned Cap ppfd=0 spec=0
  [5/134] Mars Hydro Deisgned T ppfd=0 spec=0
  [6/134] Mars Hydro FC6500 ppfd=7 spec=0
  [7/134] Mars Hydro 25X52cm Seedling Heat Mat Hydroponic Heating ppfd=0 spec=0
  [8/134] Mars Hydro FC1500 ppfd=14 spec=7
  [9/134] Mars Hydro FC ppfd=13 spec=4
  [10/134] Mars Hydro FC3000 300W LED Grow Light + 100x100x180cm G ppfd=0 spec=0
  [11/134] Mars Hydro TS600 100W Full Spectrum LED Grow Light+60x6 ppfd=8 spec=8
  [12/134] Mars Hydro ADlite Deep Red 55 + Blue 55 Supplemental LE ppfd=0 spec=16
  [13/134] Mars Hydro Drip Irrigation Tap Connector ppfd=0 spec=0
  [14/134] [Smart Ventilation Kits]Mars Hydro iFresh 4" Inline Duc ppfd=0 spec=0
  [15/134] Mars Hydro Grow Tent 120x60cm 1680D Oxford Removable Wa ppfd=0 spec=0
  [16/134] Mars Hydro 6" Inline Duct Fan and Carbon Filter Combo w ppfd=0 spec=0
  [17/134] Mars Hydro 6 Inch Grow Tent Clip Fan Auto ppfd=0 spec=0
  [18/134] 799+Gift: Mars Hydro 6 Inch Grow Tent Clip Fan Auto ppfd=0 spec=0
  [19/134] Mars Hydro 6 Inch Inline Fan And Refillable Carbon Filt ppfd=0 spec=0
  [20/134] Mars Hydro 300x150x200cm Grow Tent ppfd=0 spec=0
  [21/134] Bundle Sale Mars Hydro TS1000 150W Dimmable Full Spectr ppfd=8 spec=0
  [22/134] [Smart Ventilation Kits]Mars Hydro iFresh 6" Inline Duc ppfd=0 spec=0
  [23/134] Mars Hydro Grow Tent Side Support Pole Kits High CFM Ki ppfd=0 spec=0
  [24/134] Mars Hydro 1.35 Gallon Pump Pressure Sprayer ppfd=0 spec=0
  [25/134] Mars Hydro Full Spectrum LED Grow Room Tent Glasses ppfd=0 spec=0
  [26/134] Mars Hydro 25X52cm Seedling Heat Mat Digital Thermostat ppfd=0 spec=0
  [27/134] Mars Hydro 122X52cm Seedling Heat Mat Hydroponic Heatin ppfd=0 spec=0
  [28/134] (4 Pack) Mars Hydro New Seed Starting Trays for Seed St ppfd=0 spec=0
  [29/134] Mars Hydro Smart Dimmable FC ppfd=24 spec=8
  [30/134] Mars Hydro Smart FC3000 300W LED Grow Light ppfd=0 spec=0
  [31/134] Mars Hydro Smart FC8000 800W LED Grow Light ppfd=1 spec=1
  [32/134] Bulk Discount ppfd=0 spec=6
  [33/134] Mars Hydro 4 Inch Inline Duct Fan And Refillable Carbon ppfd=0 spec=0
  [34/134] Mars Hydro Grow Tent 120x120cm 1680D Oxford Removable W ppfd=0 spec=0
  [35/134] Mars Hydro Grow Tent 150x150cm 1680D Oxford Removable W ppfd=0 spec=0
  [36/134] Mars Hydro iFresh 6 ppfd=0 spec=0
  [37/134] Mars Hydro Smart FC 3000 300W Full Spectrum LED Grow Li ppfd=0 spec=0
  [38/134] Mars Hydro FC ppfd=0 spec=0
  [39/134] [Smart Control]Mars Hydro 12L/Day Dehumidifier for Indo ppfd=0 spec=0
  [40/134] Mars Hydro 15L Auto ppfd=0 spec=0
  [41/134] Mars Hydro 4" Inline Duct Fan and Carbon Filter Combo w ppfd=0 spec=0
  [42/134] [Flash Sale] Mars Hydro Smart Dimmable FC ppfd=16 spec=8
  [43/134] Mars Hydro FC4000 320W Dimmable LED Grow Light ppfd=9 spec=0
  [44/134] Mars Hydro FC6500 730W LED Grow Light with 150x150x200c ppfd=0 spec=0
  [45/134] Mars Hydro FC6500 Commercial LED Grow Light ppfd=1 spec=0
  [46/134] Mars Hydro Smart FC6500 730W LED Grow Light ppfd=1 spec=0
  [47/134] Mars Hydro FC8000 800W LED Grow Light ppfd=1 spec=0
  [48/134] Mars Hydro iFresh 4 Inch Inline Duct Fan and Refillable ppfd=0 spec=0
  [49/134] Mars Hydro iFresh 6 Inch Inline Duct Fan and Refillable ppfd=0 spec=0
  [50/134] Mars Hydro iFresh MarsPro Add ppfd=0 spec=0
  [51/134] [New Arrival] Mars Hydro 3 ppfd=0 spec=0
  [52/134] Mars Hydro FC ppfd=0 spec=0
  [53/134] Mars Hydro FC ppfd=0 spec=0
  [54/134] Mars Hydro FC4800 480W LED + 120x120x200cm High Yield G ppfd=16 spec=8
  [55/134] 2026 New Updated Mars Hydro TS1000 150W Dimmable Full S ppfd=8 spec=0
  [56/134] [Smart Control] 2026 Mars Hydro TS 1000 LED Smart Grow  ppfd=8 spec=0
  [57/134] Mars Hydro TSW2000 300W LED Grow Light + 120x120x200cm  ppfd=8 spec=0
  [58/134] Mars Hydro SP 3000R 300W Red Spectrum LED Grow Light Su ppfd=0 spec=8
  [59/134] Pre ppfd=16 spec=0
  [60/134] Mars Hydro TS600 LED Grow Light + 60x60x140cm Complete  ppfd=0 spec=0
  [61/134] [Bulk Discount] 2026 NEW UPGRADED Mars Hydro TSL2000 30 ppfd=8 spec=0
  [62/134] [Hands ppfd=0 spec=0
  [63/134] Mars Hydro 240x240x200cm Grow Tent ppfd=0 spec=0
  [64/134] [Zero Standing Water] Auto ppfd=0 spec=0
  [65/134] [Self ppfd=0 spec=0
  [66/134] Mars Hydro 120x60x180cm Grow Tent ppfd=0 spec=0
  [67/134] Mars Hydro Grow Tent Side Support Pole Kits High CFM Ki ppfd=0 spec=0
  [68/134] Winter Grow Sale ppfd=0 spec=0
  [69/134] Mars Hydro Smart Humidification Control Kit ppfd=0 spec=0
  [70/134] Mars Hydro 12L/Day Dehumidifier for Indoor Grow Tents ppfd=0 spec=0
  [71/134] [1 ppfd=1 spec=1
  [72/134] REFURBISHED UNIT ppfd=0 spec=0
  [73/134] Mars Hydro 6 ppfd=1 spec=1
  [74/134] Mars Hydro 240x120x200cm Grow Tent ppfd=0 spec=0
  [75/134] [Smart Control Kit] Upgraded Mars Hydro Smart Dimmable  ppfd=0 spec=0
  [76/134] Mars Hydro FC4000 320W LED Grow Light ppfd=9 spec=0
  [77/134] [Winter Must ppfd=0 spec=0
  [78/134] Mars Hydro 6 Inch Refillable Inline Air Carbon Filter O ppfd=0 spec=0
  [79/134] (2 Packs) 2026 Mars Hydro FC 1500 150W Dimmable LED Gro ppfd=0 spec=0
  [80/134] 2026 Mars Hydro FC1500 150W Dimmable LED Grow Light ppfd=0 spec=0
  [81/134] Winter Indoor Growing ppfd=0 spec=0
  [82/134] 2026 Mars Hydro iFresh Airone6 Smart 2 ppfd=0 spec=0
  [83/134] [Smart Control Kit] 2026 Upgraded Mars Hydro Smart Dimm ppfd=0 spec=0
  [84/134] Mars Hydro iControl Smart Environmental Grow Room Contr ppfd=0 spec=0
  [85/134] Mars Hydro 4 ppfd=3 spec=3
  [86/134] 599+Gift: Mars Hydro Digital Timer Socket with 20 Daily ppfd=0 spec=0
  [87/134] Mars Hydro Grow Tent Side Support Pole Kits High CFM Ki ppfd=0 spec=0
  [88/134] Mars Hydro Digital Timer Socket with 20 Daily Configura ppfd=0 spec=0
  [89/134] Mars Hydro FC1500 150W Dimmable LED Grow Light ppfd=0 spec=0
  [90/134] REFURBISHED UNIT ppfd=0 spec=0
  [91/134] Mars Hydro TSL2000 LED Grow Light+ 60x120x180cm Complet ppfd=8 spec=8
  [92/134] Winter Grow Sale ppfd=0 spec=0
  [93/134] Pre ppfd=0 spec=0
  [94/134] Mars Hydro 13" Bud Leaf Bowl Trimmer for Wet &amp;amp;  ppfd=0 spec=0
  [95/134] Mars Hydro 4 ppfd=0 spec=0
  [96/134] Mars Hydro 5 ppfd=0 spec=0
  [97/134] Winter Grow Upgrade ppfd=8 spec=8
  [98/134] Mars Hydro SP 3000 LED +120x60x180cm Complete Grow Tent ppfd=8 spec=8
  [99/134] Winter Seed Starting Essential ppfd=0 spec=0
  [100/134] Mars Hydro FC1200W Dimmable LED Grow Light ppfd=9 spec=0
  [101/134] Bulk Discount ppfd=0 spec=6
  [102/134] Mars Hydro iConnect Smart Controller for MarsPro App ppfd=0 spec=0
  [103/134] Mars Hydro 150x150x200cm Grow Tent ppfd=0 spec=0
  [104/134] Mars Hydro 100x100x180cm Grow Tent ppfd=0 spec=0
  [105/134] Mars Hydro iFresh 4 ppfd=0 spec=0
  [106/134] Mars Hydro 6 ppfd=0 spec=0
  [107/134] Mars Hydro 6 Inch Grow Tent Clip Fan Auto ppfd=0 spec=0
  [108/134] Pre ppfd=1 spec=0
  [109/134] Pre ppfd=1 spec=0
  [110/134] Winter Grow Sale ppfd=0 spec=0
  [111/134] 2026 New Update Mars Hydro TS 3000 420W Dimmable Full S ppfd=8 spec=0
  [112/134] [Bulk Discount] 2026 NEW UPGRADED Mars Hydro TSW2000 30 ppfd=8 spec=0
  [113/134] Mars Hydro TS1000 LED Grow Light+80x80x160cm Complete G ppfd=8 spec=8
  [114/134] [Smart Controller Combo] Mars Hydro TS 1000 LED Grow Li ppfd=8 spec=0
  [115/134] [Smart Control] 2026 Mars Hydro TSL 2000 LED Smart Grow ppfd=8 spec=8
  [116/134] [Pro Smart Control] Mars Hydro FC 3000 Complete Grow Te ppfd=0 spec=0
  [117/134] Mars Hydro Smart FC3000 300W LED Grow Light + 100x100x1 ppfd=0 spec=0
  [118/134] 【3×Points】Mars Hydro 120x120x200cm Grow Tent ppfd=0 spec=0
  [119/134] [Smart Control Kit] 2026 Upgraded Mars Hydro Smart Dimm ppfd=0 spec=0
  [120/134] [Smart Control Kit] 2026 Upgraded Mars Hydro Smart Dimm ppfd=0 spec=0
  [121/134] Pre ppfd=0 spec=0
  [122/134] Pre ppfd=0 spec=1
  [123/134] Pre ppfd=0 spec=0
  [124/134] Mars Hydro 60x60x140cm Grow Tent ppfd=0 spec=0
  [125/134] 【3×Points】Mars Hydro 70x70x160cm Grow Tent ppfd=0 spec=0
  [126/134] [Low Stock] Mars Hydro Smart Dimmable FC ppfd=0 spec=0
  [127/134] 2 Packs Mars Hydro Smart Dimmable FC ppfd=0 spec=0
  [128/134] [2026 NEW Upgraded] Mars Hydro Smart Dimmable FC ppfd=0 spec=0
  [129/134] [Free Gift!] 2026 NEW Upgraded Mars Hydro Smart Dimmabl ppfd=0 spec=0
  [130/134] [Last 4 Units] Mars Hydro Smart FC4800 480W LED Grow Li ppfd=17 spec=8
  [131/134] [Free Gift!] 2026 Upgraded Mars Hydro Smart Dimmable FC ppfd=0 spec=0
  [132/134] 2026 Upgrade Mars Hydro Smart Dimmable FC ppfd=0 spec=0
  [133/134] [Last 4 Units] Mars Hydro FC4800 LED Grow Light ppfd=25 spec=8
  [134/134] Mars Hydro Grow Tent 100x100cm 1680D Oxford Removable W ppfd=0 spec=0
  staged -> \\192.168.86.2\Digital-Documents\Digital Stealth Care\Projects\DSC-HUB\brain\data\staging\lights_mars_hydro_au.sqlite3 n=134
{
  "brand": "mars_hydro_au",
  "count": 134,
  "coverage": {
    "wattage_w": 117,
    "ppf_umol_s": 17,
    "efficacy_umol_j": 18,
    "ppfd_maps": 37,
    "spectrum_maps": 24,
    "beam_maps": 5,
    "datasheets": 57
  },
  "dump": "\\\\192.168.86.2\\Digital-Documents\\Digital Stealth Care\\Projects\\DSC-HUB\\homeassistant\\data\\dsc_lights_mars_hydro_au.json"
}
{
  "summary": [
    {
      "brand": "mars_hydro_au",
      "dump": "\\\\192.168.86.2\\Digital-Documents\\Digital Stealth Care\\Projects\\DSC-HUB\\homeassistant\\data\\dsc_lights_mars_hydro_au.json",
      "count": 134,
      "coverage": {
        "wattage_w": 117,
        "ppf_umol_s": 17,
        "efficacy_umol_j": 18,
        "ppfd_maps": 37,
        "spectrum_maps": 24,
        "beam_maps": 5,
        "datasheets": 57
      },
      "failed": 0,
      "staging": {
        "family": "lights_mars_hydro_au",
        "staging_db": "\\\\192.168.86.2\\Digital-Documents\\Digital Stealth Care\\Projects\\DSC-HUB\\brain\\data\\staging\\lights_mars_hydro_au.sqlite3",
        "count": 134
      }
    }
  ]
}
