=== spider_farmer mode=woo_sitemap ===
  sitemap products: 273
  [1/273] Spider Farmer Smart Climate Control Kit ppfd=0 spec=0
  [2/273] SALE ppfd=14 spec=70
  [3/273] Spider Farmer®100mm 4" Inline Fan 205CFM with GGS Contr ppfd=0 spec=7
  [4/273] Smart Hydroponic Grow Tent Kit ppfd=7 spec=7
  [5/273] Spider Farmer 5'x5'x6.5' Complete Grow Tent Kit I 2026  ppfd=21 spec=28
  [6/273] Pre ppfd=28 spec=21
  [7/273] Pre ppfd=30 spec=22
  [8/273] New Updated Version Spider Farmer GGS Grow Tent Climate ppfd=7 spec=0
  [9/273] 2'x4' All ppfd=0 spec=0
  [10/273] Pre ppfd=24 spec=81
  [11/273] Flash Sale ppfd=14 spec=0
  [12/273] Spider Farmer GGS AC10 Power Strip with 10 Outlets for  ppfd=0 spec=0
  [13/273] 2026 New Arrival Spider Farmer® Master Series 2×2 Grow  ppfd=0 spec=0
  [14/273] 2026 New Arrival Spider Farmer® Master Series 4×2 Grow  ppfd=0 spec=0
  [15/273] 2026 New Arrival Spider Farmer® Master Series 3×3 Grow  ppfd=0 spec=0
  [16/273] 2026 New Arrival Spider Farmer® Master Series 4×4 Grow  ppfd=0 spec=0
  [17/273] 2026 New Arrival Spider Farmer® Master Series 2.3×4.6 G ppfd=0 spec=0
  [18/273] 2026 New Spider Farmer®SE1000W LED Grow Light Bluetooth ppfd=35 spec=29
  [19/273] Spider Farmer GGS IR Remote ppfd=0 spec=0
  [20/273] 2026 Spider Farmer® G1000W WiFi & Bluetooth App ppfd=31 spec=87
  [21/273] BIG SALE ppfd=27 spec=91
  [22/273] 2026 Spider Farmer® G8600 800W WiFi & Bluetooth App ppfd=24 spec=74
  [23/273] Spider Farmer 3 Pcs GGS 3 ppfd=0 spec=0
  [24/273] Spider Farmer GGS Pro Controller Kits ppfd=0 spec=0
  [25/273] Updated New Version ppfd=0 spec=7
  [26/273] SALE ppfd=0 spec=0
  [27/273] BIG SALE ppfd=0 spec=1
  [28/273] 2026 Newest Version Spider Farmer® SF1000 100W Full ppfd=20 spec=11
  [29/273] 2026 Spider Farmer®GlowR40 40W Deep Red Spectrum 660nm  ppfd=7 spec=8
  [30/273] 2026 Spider Farmer® 5 ppfd=0 spec=0
  [31/273] EXTRA $10 Coupon 2026 Spider Farmer GlowBar 1FT Full Sp ppfd=17 spec=15
  [32/273] Buy 2 Save15% ppfd=20 spec=16
  [33/273] Buy 2 Save15% ppfd=21 spec=23
  [34/273] Buy 2 Save15% ppfd=14 spec=22
  [35/273] Spider Farmer® 2’x2′ Complete Grow Tent Kit丨SF1000  Ful ppfd=0 spec=15
  [36/273] Updated New Version ppfd=1 spec=7
  [37/273] Pre ppfd=7 spec=28
  [38/273] 2026 Spider Farmer S ppfd=24 spec=7
  [39/273] 2026 Newest Version Spider Farmer 6 Tier Plant Stand Wi ppfd=35 spec=22
  [40/273] 2026 Newest Version Spider Farmer 4 Tier Plant Stand Wi ppfd=24 spec=0
  [41/273] 2026 Spider Farmer 4 Tier Plant Stand With Grow Lights  ppfd=14 spec=14
  [42/273] 2026 Spider Farmer S ppfd=14 spec=7
  [43/273] 2026 Spider Farmer S ppfd=14 spec=7
  [44/273] Spider Farmer® 2’x4’ Complete Grow Tent Kit丨SF2000 Full ppfd=0 spec=21
  [45/273] Pre ppfd=14 spec=50
  [46/273] Spider Farmer®Quiet 4'' Inline duct Fan Kits 205 CFM wi ppfd=0 spec=0
  [47/273] Pre ppfd=13 spec=48
  [48/273] V3 Upgraded Spider Farmer® 5'x5'x6.5' 150cm x 150cm x 2 ppfd=0 spec=0
  [49/273] NEW ARRIVAL ppfd=0 spec=15
  [50/273] SALE ppfd=41 spec=71
  [51/273] SALE ppfd=38 spec=65
  [52/273] SALE ppfd=35 spec=73
  [53/273] Bundle Sale丨Spider Farmer® Waterproof 10''X20.75'' Seed ppfd=0 spec=0
  [54/273] Spider Farmer®10''X20.75'' Seedling Heat Mat for Consis ppfd=0 spec=0
  [55/273] Spider Farmer 4 Inch/6 Inch Air Carbon Filter Odor Cont ppfd=0 spec=0
  [56/273] Spider Farmer®6” Inline Fan Kits 402CFM with GGS Contro ppfd=0 spec=0
  [57/273] Spider Farmer®6" Inline Fan with GGS Controller 402 CFM ppfd=0 spec=0
  [58/273] 2026 Spider Farmer®SE3000 300W LED Grow Light Smart App ppfd=24 spec=30
  [59/273] Spider Farmer® 150mm 6" Inline Fan 402CFM with Speed Co ppfd=0 spec=0
  [60/273] Spider Farmer Automatic Drip Irrigation System for Plan ppfd=0 spec=0
  [61/273] Bundle Sale ppfd=0 spec=0
  [62/273] Spider Farmer®2L Auto ppfd=0 spec=7
  [63/273] Spider Farmer Smart Complete Grow Tent Kit ppfd=14 spec=14
  [64/273] 2026 New Spider Farmer 2'x2'x6'  60cm x 60cm x 180cm Pr ppfd=0 spec=1
  [65/273] New Updated Spider Farmer S ppfd=0 spec=0
  [66/273] New Arrival ppfd=0 spec=0
  [67/273] Pre ppfd=16 spec=7
  [68/273] Spider Farmer Smart Irrigation Starter Kit ppfd=0 spec=0
  [69/273] 2026 Newest Spider Farmer UV30 & IR16 LED Grow Light Ba ppfd=0 spec=7
  [70/273] Pre ppfd=0 spec=0
  [71/273] Spider Farmer Drip Irrigation System for Plants with Wa ppfd=0 spec=7
  [72/273] Spider Farmer 4 ppfd=0 spec=0
  [73/273] Spider Farmer Drip Irrigation System for Plants with Wa ppfd=0 spec=0
  [74/273] SALE ppfd=0 spec=7
  [75/273] 2026 New Version Spider Farmer® 5L Smart Cool Mist Humi ppfd=0 spec=14
  [76/273] 3 ppfd=23 spec=29
  [77/273] 2 ppfd=17 spec=21
  [78/273] 2 ppfd=23 spec=7
  [79/273] Spider Farmer 150x150x200cm Complete Grow Tent Kits I 2 ppfd=21 spec=35
  [80/273] Smart Hydroponic Grow Tent Kit ppfd=14 spec=28
  [81/273] Smart Grow Tent Kit ppfd=7 spec=35
  [82/273] SALE ppfd=21 spec=56
  [83/273] Sale ppfd=21 spec=56
  [84/273] Pre ppfd=35 spec=36
  [85/273] Spider Farmer® 4’x4′X6.5′ Complete Grow Tent Kit丨SF4000 ppfd=14 spec=28
  [86/273] Spider Farmer 13 inch Bud Leaf Bowl Trimmer ,Twist Spin ppfd=0 spec=0
  [87/273] Spider Farmer GGS Controller & 10 ppfd=0 spec=0
  [88/273] 2026 Spider Farmer®SE5000 480W LED Grow Light Dimmable  ppfd=30 spec=15
  [89/273] SALE ppfd=0 spec=8
  [90/273] SALE ppfd=0 spec=1
  [91/273] Spider Farmer® Electric Spray Bottle 2L / 0.5 Gallon, T ppfd=0 spec=7
  [92/273] Pre ppfd=6 spec=7
  [93/273] Spider Farmer® 2’x2′ Complete Grow Tent Kit丨SF1000  Ful ppfd=0 spec=29
  [94/273] Yield & Potency Bundle: Spider Farmer® SF7000 + UV60 &  ppfd=0 spec=7
  [95/273] 2026 Newest Version Spider Farmer® SF4000 450W Full ppfd=37 spec=29
  [96/273] 2026 Newest Version Spider Farmer® SF1000D 100W Full Sp ppfd=23 spec=30
  [97/273] 2026 New Spider Farmer SE1500 150W LED Grow Light, Smar ppfd=14 spec=36
  [98/273] Pre ppfd=31 spec=37
  [99/273] Storage Max Bundle ppfd=0 spec=0
  [100/273] Bundle Sale ppfd=0 spec=0
  [101/273] Bundle Sale ppfd=0 spec=0
  [102/273] Flash Bundle丨Spider Farmer GGS Controller with 32 Pint  ppfd=0 spec=0
  [103/273] Spider Farmer Smart Dehumidifier Control Kit ppfd=0 spec=0
  [104/273] Bundle Sale丨Spider Farmer 5L Cool Mist Humidifier and 5 ppfd=0 spec=0
  [105/273] Spider Farmer 5L Cool Mist Humidifier with GGS AC5 Powe ppfd=0 spec=0
  [106/273] Spider Farmer Complete Grow Tent Kit ppfd=21 spec=42
  [107/273] Spider Farmer Smart Complete Grow Tent Kit ppfd=21 spec=21
  [108/273] Spider Farmer Complete Grow Tent Kit ppfd=7 spec=28
  [109/273] Spider Farmer Complete Grow Tent Kit Pro ppfd=7 spec=35
  [110/273] Spider Farmer Smart Complete Grow Tent Kit ppfd=0 spec=35
  [111/273] Spider Farmer Smart Complete Grow Tent Kit ppfd=28 spec=35
  [112/273] Spider Farmer® G1500 150W Full Spectrum LED Grow Light丨 ppfd=14 spec=56
  [113/273] Spider Farmer Smart Complete Grow Tent Kit ppfd=21 spec=14
  [114/273] Spider Farmer Complete Grow Tent Kit ppfd=28 spec=14
  [115/273] Spider Farmer Complete Grow Tent Kit ppfd=14 spec=14
  [116/273] Spider Farmer 6 Inch Inline Duct Fan 402CFM with GGS Co ppfd=0 spec=0
  [117/273] Pre ppfd=0 spec=7
  [118/273] Pre ppfd=7 spec=76
  [119/273] SF600 Seed Starting Kit with 74W LED Grow Light, 4 ppfd=17 spec=7
  [120/273] SF300 Seed Starting Kit with 33W LED Grow Light, 4 ppfd=23 spec=7
  [121/273] Spider Farmer® 2’x4’ Complete Grow Tent Kit丨SF2000  Ful ppfd=14 spec=21
  [122/273] Spider Farmer® Smart Seedling Grow Light Kit ppfd=34 spec=7
  [123/273] 2026 Smart Control Grow Kit ppfd=7 spec=36
  [124/273] 2026 Smart Control Grow Kit ppfd=0 spec=36
  [125/273] Spider Farmer® 16L Cool Mist Humidifier Ultrasonic with ppfd=0 spec=7
  [126/273] 【Save 8%】10 ppfd=0 spec=7
  [127/273] 5 ppfd=0 spec=0
  [128/273] 5 ppfd=0 spec=0
  [129/273] Pre ppfd=38 spec=15
  [130/273] Bundle Sale ppfd=0 spec=7
  [131/273] Bundle Sale ppfd=0 spec=0
  [132/273] Pre ppfd=39 spec=29
  [133/273] Bundle Sale I Spider Farmer 6" Inline Fan kits with Spe ppfd=0 spec=0
  [134/273] Spider Farmer 6 Inch 2 ppfd=0 spec=7
  [135/273] Pre ppfd=7 spec=0
  [136/273] Pre ppfd=28 spec=71
  [137/273] V3 Upgraded Spider Farmer 8’x8’x6.5′ 240cm x 240cm x 20 ppfd=0 spec=0
  [138/273] SALE ppfd=0 spec=0
  [139/273] Spider Farmer 3 Pcs GGS 3 ppfd=0 spec=0
  [140/273] Pre ppfd=35 spec=14
  [141/273] Spider Farmer 6" Quiet Inline Ducting Fan with Speed Co ppfd=0 spec=0
  [142/273] Spider Farmer DWC Hydroponics Grow System with Top Drip ppfd=0 spec=0
  [143/273] 2026 New SF2000 200W LED Grow Light & GGS Smart Control ppfd=6 spec=21
  [144/273] Spider Farmer DWC Hydroponic Growing System with Top Dr ppfd=0 spec=0
  [145/273] 2026 New Spider Farmer® 32 Pint Dehumidifier ppfd=0 spec=7
  [146/273] Spider Farmer GGS Climate Controller Kit + 5L Smart Coo ppfd=7 spec=0
  [147/273] Bundle Sale丨Spider Farmer 5L Cool Mist Humidifier and 5 ppfd=0 spec=0
  [148/273] Spider Farmer Smart Humidity Control Kit ppfd=0 spec=0
  [149/273] Bundle Sale I Spider Farmer 6 Inline Fan 402CFM with Sp ppfd=0 spec=0
  [150/273] Spider Farmer 4 Inch Inline Ducting Fan 205CFM + 4 Inch ppfd=0 spec=0
  [151/273] Bundle Sale丨2025 New Spider Farmer® 48”X20.75” Seedling ppfd=3 spec=0
  [152/273] Dimmable ppfd=21 spec=15
  [153/273] Dimmable ppfd=21 spec=22
  [154/273] Big Sale and Get Free GGS Smart Control Kit ppfd=24 spec=21
  [155/273] 2026 New Spider Farmer® SF2000 200W Full Spectrum Dimma ppfd=42 spec=7
  [156/273] GGS AC10 Smart Power Strip & 5 ppfd=1 spec=0
  [157/273] 3 ppfd=10 spec=8
  [158/273] 2026 Spider Farmer 200X Microscope Magnifier ppfd=0 spec=0
  [159/273] Spider Farmer 3 Pcs GGS 3 ppfd=0 spec=0
  [160/273] Spider Farmer 3 Pcs GGS 3 ppfd=0 spec=7
  [161/273] GGS AC5 Smart Power Strip & 5 ppfd=1 spec=0
  [162/273] Spider Farmer GGS Controller & 5 ppfd=0 spec=0
  [163/273] 2026 Spider Farmer Grow Tent Heater + 2‘x4’ All ppfd=0 spec=0
  [164/273] 2 Packs ppfd=0 spec=16
  [165/273] Bundle Sale I Spider Farmer 4 Inline Fan 205CFM with Sp ppfd=0 spec=0
  [166/273] Smart Grow Tent Kit ppfd=7 spec=63
  [167/273] SALE ppfd=7 spec=70
  [168/273] Flash Sale ppfd=7 spec=71
  [169/273] 2026 New Spider Farmer®SE3000 300W LED Grow Light Dimma ppfd=31 spec=35
  [170/273] Spider Farmer Smart Temperature Starter Kit ppfd=0 spec=0
  [171/273] 2026 Spider Farmer® SF2000Pro 200W Full ppfd=35 spec=35
  [172/273] 2026 Spider Farmer® Glow80 80W LED Grow Light Bars, Ful ppfd=8 spec=0
  [173/273] Spider Farmer 2 ppfd=0 spec=0
  [174/273] Flash Sale I 4 ppfd=0 spec=14
  [175/273] Flash Sale I Spider Farmer® 48”X20.75” Seedling Heat Ma ppfd=0 spec=7
  [176/273] Spider Farmer DWC Hydroponics Grow System with Top Drip ppfd=0 spec=0
  [177/273] Pre ppfd=0 spec=0
  [178/273] Spider Farmer 62% RH 8g 2 ppfd=0 spec=7
  [179/273] Flash Bundle丨New Version Spider Farmer® 32 Pint Dehumid ppfd=0 spec=0
  [180/273] Spider Farmer 9 ppfd=0 spec=0
  [181/273] Spider Farmer Complete Harvest Kit ppfd=0 spec=0
  [182/273] Bundle Sale ppfd=0 spec=0
  [183/273] Flash Sale ppfd=23 spec=14
  [184/273] 2026 Newest Spider Farmer UV60 & IR30 LED Grow Light Ba ppfd=0 spec=7
  [185/273] 5 ppfd=0 spec=0
  [186/273] 2026 Spider Farmer Glow30 32W Full Spectrum Side Lighti ppfd=0 spec=1
  [187/273] 2026 Spider Farmer® GlowR80 80W Deep Red Spectrum 660nm ppfd=7 spec=8
  [188/273] 2 Packs ppfd=14 spec=39
  [189/273] Spider Farmer® SF300 33W Garden Light + Digital Timer B ppfd=23 spec=15
  [190/273] Spider Farmer® SF300 33W Grow Lights For Indoor Plants ppfd=17 spec=22
  [191/273] Spider Farmer 2 ppfd=0 spec=0
  [192/273] Sale Spider Farmer Smart Complete Grow Tent Kit ppfd=14 spec=35
  [193/273] Create My Own Grow Tent Kit ppfd=14 spec=21
  [194/273] 2026 Spider Farmer Grow Tent Heater + 3‘x3’ All ppfd=0 spec=7
  [195/273] All ppfd=0 spec=0
  [196/273] Flash Sale ppfd=14 spec=0
  [197/273] 2026 Spider Farmer SmartG12 Hydroponic Gardening System ppfd=24 spec=15
  [198/273] Sale ppfd=14 spec=56
  [199/273] SALE ppfd=14 spec=96
  [200/273] 2026 Spider Farmer® New Foldable Gear Board for Grow Te ppfd=0 spec=7
  [201/273] Smart Hydroponic DWC Grow Tent Kit ppfd=14 spec=28
  [202/273] Smart Hydroponic DWC Grow Tent Kit ppfd=14 spec=28
  [203/273] Smart Hydroponic DWC Grow Tent Kit ppfd=14 spec=28
  [204/273] SALE ppfd=14 spec=63
  [205/273] Yield & Potency Bundle: Spider Farmer® G4500 + UV30 & I ppfd=5 spec=12
  [206/273] SALE ppfd=14 spec=70
  [207/273] SF4000 LED Grow Light & GGS Smart Controller Bundle ppfd=24 spec=23
  [208/273] SF2000pro LED Grow Light & GGS Smart Controller Bundle ppfd=27 spec=29
  [209/273] Yield & Potency Bundle: Spider Farmer® SE7000 + UV60 &  ppfd=0 spec=14
  [210/273] Yield & Potency Bundle: Spider Farmer® SE4500 + UV30 &  ppfd=7 spec=14
  [211/273] Yield & Potency Bundle: Spider Farmer® SE3000 + UV30 &  ppfd=7 spec=14
  [212/273] Yield & Potency Bundle: Spider Farmer® G8600 + UV60 & I ppfd=7 spec=14
  [213/273] Yield & Potency Bundle: Spider Farmer® G3000 + UV30 & I ppfd=7 spec=14
  [214/273] Yield & Potency Bundle: Spider Farmer® SF1000 + UV30 &  ppfd=7 spec=8
  [215/273] Yield & Potency Bundle: Spider Farmer® SF2000 + UV30 &  ppfd=14 spec=8
  [216/273] 2026 Spider Farmer Grow Tent Heater + 4‘x4’ All ppfd=3 spec=0
  [217/273] Spider Farmer DWC Hydroponic Growing System with Top Dr ppfd=0 spec=0
  [218/273] Bundle Sale丨Spider Farmer UV60 & IR30 LED Supplemental  ppfd=0 spec=7
  [219/273] Bundle Sale丨Spider Farmer UV60 & IR30 LED Supplemental  ppfd=0 spec=14
  [220/273] Bundle Sale丨Spider Farmer UV30 & IR16 LED Supplemental  ppfd=0 spec=7
  [221/273] Bundle Sale丨Spider Farmer UV30 & IR16 LED Supplemental  ppfd=0 spec=7
  [222/273] 2026 Spider Farmer New SF4000 LED Grow Light +4’x4′X6.5 ppfd=7 spec=28
  [223/273] Bundle Sale ppfd=10 spec=0
  [224/273] Bundle Sale ppfd=24 spec=0
  [225/273] Spider Farmer 3 Pcs GGS 3 ppfd=0 spec=7
  [226/273] Spider Farmer® Glow80 80W LED Grow Light With 4 Pack Se ppfd=3 spec=7
  [227/273] New Spider Farmer Smart Plant Growth Light Seedling Kit ppfd=7 spec=14
  [228/273] Spider Farmer Harvest and Filtration Kit ppfd=0 spec=0
  [229/273] Pre ppfd=0 spec=7
  [230/273] Bundle Sale丨Spider Farmer GGS Controller & 530W Heater  ppfd=0 spec=0
  [231/273] Spider Farmer® Glow80 80W LED Grow Light for Veg & Seed ppfd=7 spec=7
  [232/273] 2026 Spider Farmer Grow Tent Heater ppfd=0 spec=7
  [233/273] Bundle Sale— Spider Farmer GGS AC5 Smart Power Strip +  ppfd=0 spec=0
  [234/273] Bundle Sale— Spider Farmer GGS AC10 Smart Power Strip + ppfd=0 spec=0
  [235/273] Bundle Sale ppfd=0 spec=0
  [236/273] Bundle Sale ppfd=0 spec=0
  [237/273] Bundle Sale ppfd=0 spec=0
  [238/273] Bundle Sale ppfd=0 spec=0
  [239/273] Bundle Sale ppfd=0 spec=0
  [240/273] Spider Farmer GGS AC5 Power Strip Kits with 6'' Clip Fa ppfd=0 spec=0
  [241/273] Spider Farmer GGS AC5 Power Strip Kits with 6'' Clip Fa ppfd=0 spec=0
  [242/273] New Spider Farmer Smart Inline Fan Starter Kit ppfd=0 spec=0
  [243/273] New Spider Farmer Smart Inline Fan Starter Kit ppfd=0 spec=7
  [244/273] New Spider Farmer Smart Airflow Starter Kit ppfd=0 spec=7
  [245/273] Bundle Sale ppfd=0 spec=0
  [246/273] Spider Farmer® Upgraded 6” Clip Fan + GGS Climate Contr ppfd=0 spec=0
  [247/273] Spider Farmer® Upgraded 6” Clip Fan + GGS AC5 Power Str ppfd=0 spec=0
  [248/273] Spider Farmer® Upgraded 6” Clip Fan + GGS AC10 Power St ppfd=0 spec=0
  [249/273] Spider Farmer DWC Hydroponic Growing System with Top Dr ppfd=0 spec=0
  [250/273] Spider Farmer DWC Hydroponic Growing System with Top Dr ppfd=0 spec=7
  [251/273] Bundle Sale I Spider Farmer 4"/6" Inline Fan with Speed ppfd=0 spec=0
  [252/273] Bundle Sale I Spider Farmer 4“/6” Inline Fan with Speed ppfd=0 spec=0
  [253/273] Spider Farmer® 4" Inline Fan 205 CFM with GGS Controlle ppfd=0 spec=0
  [254/273] Spider Farmer®100mm 4" Inch Inline Fan 205 CFM with Spe ppfd=0 spec=0
  [255/273] 2026 New Spider Farmer Electric Herb & Spice Grinder wi ppfd=0 spec=0
  [256/273] Pre ppfd=0 spec=0
  [257/273] Spider Farmer® 16" Bud Leaf Bowl Trimmer,Twist Spin Cut ppfd=0 spec=7
  [258/273] Bundle Sale ppfd=0 spec=0
  [259/273] Spider Farmer® G5000 480W WiFi & Bluetooth App ppfd=44 spec=87
  [260/273] Spider Farmer® G3000 300W WiFi & Bluetooth App ppfd=21 spec=71
  [261/273] Spider Farmer® Hat ppfd=0 spec=14
  [262/273] 【Free Gift】Spider Farmer® T ppfd=0 spec=0
  [263/273] Create My Own Grow Tent Kit ppfd=0 spec=21
  [264/273] Spider Farmer Temp Humid Light Sensor, Ideal for Experi ppfd=0 spec=0
  [265/273] Spider Farmer GGS AC5 Power Strip 5 Outlets Kit, with 3 ppfd=0 spec=0
  [266/273] Spider Farmer Electronic Air Pump,  Digital Electric Ti ppfd=0 spec=0
  [267/273] Spider Farmer Herb Drying Rack, 4 ppfd=0 spec=0
  [268/273] Create My Own Grow Tent Kit ppfd=7 spec=14
  [269/273] Create My Own Grow Tent Kit ppfd=7 spec=28
  [270/273] Create My Own Grow Tent Kit ppfd=0 spec=0
  [271/273] Create My Own Grow Tent Kit ppfd=14 spec=7
  [272/273] Create My Own Grow Tent Kit ppfd=0 spec=14
  [273/273] Built Your Setup ppfd=0 spec=14
  staged -> \\192.168.86.2\Digital-Documents\Digital Stealth Care\Projects\DSC-HUB\brain\data\staging\lights_spider_farmer.sqlite3 n=273
{
  "brand": "spider_farmer",
  "count": 273,
  "coverage": {
    "wattage_w": 273,
    "ppf_umol_s": 22,
    "efficacy_umol_j": 50,
    "ppfd_maps": 123,
    "spectrum_maps": 160,
    "beam_maps": 85,
    "datasheets": 247
  },
  "dump": "\\\\192.168.86.2\\Digital-Documents\\Digital Stealth Care\\Projects\\DSC-HUB\\homeassistant\\data\\dsc_lights_spider_farmer.json"
}
{
  "summary": [
    {
      "brand": "spider_farmer",
      "dump": "\\\\192.168.86.2\\Digital-Documents\\Digital Stealth Care\\Projects\\DSC-HUB\\homeassistant\\data\\dsc_lights_spider_farmer.json",
      "count": 273,
      "coverage": {
        "wattage_w": 273,
        "ppf_umol_s": 22,
        "efficacy_umol_j": 50,
        "ppfd_maps": 123,
        "spectrum_maps": 160,
        "beam_maps": 85,
        "datasheets": 247
      },
      "failed": 0,
      "staging": {
        "family": "lights_spider_farmer",
        "staging_db": "\\\\192.168.86.2\\Digital-Documents\\Digital Stealth Care\\Projects\\DSC-HUB\\brain\\data\\staging\\lights_spider_farmer.sqlite3",
        "count": 273
      }
    }
  ]
}
