=== treegers mode=shopify_json ===
  shopify products fetched: 20
  [1] GL320W+ LED GROW FIXTURE ppfd=0 brand=Treegers
  [2] LED PROTECTIVE EYEWEAR ppfd=0 brand=Treegers
  [3] TL650W FS GH LED GROW FIXTURE ppfd=0 brand=Treegers
  [4] INTRACANOPY LED GROW FIXTURE ppfd=0 brand=Treegers
  [5] FIXTURE LINK CABLE (4 METER) ppfd=0 brand=Treegers
  [6] GB30W LED GROW BULB ppfd=1 brand=Treegers
  [7] GB15W LED GROW BULB ppfd=1 brand=Treegers
  [8] QUANTUM PAR METER ppfd=0 brand=Treegers
  [9] GL1000W+ LED GROW FIXTURE ppfd=1 brand=Treegers
  [10] GL420W LED GROW FIXTURE ppfd=1 brand=Treegers
  [11] GL650W+ LED GROW FIXTURE ppfd=1 brand=Treegers
  [12] GL300W LED GROW FIXTURE ppfd=1 brand=Treegers
  staged -> \\192.168.86.2\Digital-Documents\Digital Stealth Care\Projects\DSC-HUB\brain\data\staging\lights_treegers.sqlite3 n=12
{
  "brand": "treegers",
  "count": 12,
  "coverage": {
    "wattage_w": 1,
    "ppf_umol_s": 0,
    "efficacy_umol_j": 0,
    "ppfd_maps": 6,
    "spectrum_maps": 0,
    "beam_maps": 0,
    "datasheets": 0
  },
  "dump": "\\\\192.168.86.2\\Digital-Documents\\Digital Stealth Care\\Projects\\DSC-HUB\\homeassistant\\data\\dsc_lights_treegers.json"
}
{
  "summary": [
    {
      "brand": "treegers",
      "dump": "\\\\192.168.86.2\\Digital-Documents\\Digital Stealth Care\\Projects\\DSC-HUB\\homeassistant\\data\\dsc_lights_treegers.json",
      "count": 12,
      "coverage": {
        "wattage_w": 1,
        "ppf_umol_s": 0,
        "efficacy_umol_j": 0,
        "ppfd_maps": 6,
        "spectrum_maps": 0,
        "beam_maps": 0,
        "datasheets": 0
      },
      "failed": 0,
      "staging": {
        "family": "lights_treegers",
        "staging_db": "\\\\192.168.86.2\\Digital-Documents\\Digital Stealth Care\\Projects\\DSC-HUB\\brain\\data\\staging\\lights_treegers.sqlite3",
        "count": 12
      }
    }
  ]
}
