cat /Grow_Light-c3: 22 links bytes=240267
cat /Grow_Tent-c2: 23 links bytes=230044
cat /Grow_Tent_Kit-c11: 8 links bytes=131803
light LumaRay Side Lights (4-Bar), Full Spectrum LED Bar Ligh
light LumaRay Under Canopy Lights, Full Spectrum Dimmable LED
light AeroLight A100 Tunable Spectrum LED Grow Light 100W, wi
light AeroLight 120W LED Grow Light, Indoor Plant Light with 
light AeroLight 120W LED Grow Light, Indoor Plant Light with 
light AeroLight 120W LED Grow Light, Indoor Plant Light with 
light AeroLight 120W LED Grow Light, Indoor Plant Light with 
light AeroLight 120W LED Grow Light, Indoor Plant Light with 
light AeroLight 120W LED Grow Light, Indoor Plant Light with 
light AeroLight 120W LED Grow Light, Indoor Plant Light with 
light AeroLight Wing AW200 Tunable Spectrum LED Grow Light 20
light VSFD6500 Full Spectrum LED Grow Light Bar 650W, Detacha
light LumaLight LED Grow Light, Full Spectrum Plant Light, 10
light LumaLight LED Grow Light, Full Spectrum Plant Light, 10
light LumaLight LED Grow Light, Full Spectrum Plant Light, 10
light LumaLight LED Grow Light, Full Spectrum Plant Light, 10
light LumaLight LED Grow Light, Full Spectrum Plant Light, 10
light LumaLight LED Grow Light, Full Spectrum Plant Light, 10
light LumaLight LED Grow Light, Full Spectrum Plant Light, 10
light LumaRay Side Lights (4-Bar), Full Spectrum LED Bar Ligh
light AeroLight A100SE Full Spectrum LED Grow Light 100W, wit
light VS4000 Full Spectrum LED Grow Light Board 400W, High PP
tent CLEARANCE | Grow Tent 3x3 S336, 2-4 Plants Use, 600D Li
tent CLEARANCE | Grow Tent Pro 3x3 P336, 2-4 Plants Use, Lar
tent CLEARANCE | Grow Tent 2x4 S425, 2-4 Plants Use, 600D Li
tent CLEARANCE | Grow Tent Pro 2x4 P426, 2-4 Plants Use, Lar
tent CLEARANCE | Grow Tent 4x4 S448, 4-8 Plants Use, 600D Li
tent Grow Tent Pro 4x4 P448, 4-8 Plants Use, Large Front Win
tent Grow Tent High CFM Kit, Suitable for 2’×2’, 2.3’×2.3’, 
tent Grow Tent High CFM Kit, Suitable for 3.3’×3.3’, 4’×2’, 
tent CLEARANCE | Grow Tent 5x10 S105, 12-20 Plants Use, 600D
tent CLEARANCE | Grow Tent 2x5 S538, 4-6 Plants Use, 600D Li
tent Grow Tent Pro 5x10 P105, 12-20 Plants Use, Large Front 
tent Grow Tent 2x2 S224, 1-2 Plants Use, 600D Light-proof Ox
tent CLEARANCE | Grow Tent 2x3 S326, 1-2 Plants Use, 600D Li
tent CLEARANCE | Grow Tent 2.7x2.7 S276, 1-2 Plants Use, 600
tent Grow Tent 4x8 S848, 8-16 Plants Use, 600D Light-proof O
tent Grow Tent 5x5 S558, 6-10 Plants Use, 600D Light-proof O
tent CLEARANCE | Grow Tent 8x8 S888, 16-24 Plants Use, 600D 
tent CLEARANCE | Grow Tent Pro 2x2 P224, 1-2 Plants Use, Lar
tent CLEARANCE | Grow Tent Pro 2.7x2.7 P276, 1-2 Plants Use,
tent CLEARANCE | Grow Tent Pro 5x5 P558, 6-10 Plants Use, La
tent CLEARANCE | Grow Tent Pro 4x8 P848, 8-16 Plants Use, La
tent Grow Tent Pro 8x8 P888, 16-24 Plants Use, Large Front W
tent Small Grow Tent for Seed Starting, Germination and Clon
tent CLEARANCE | Smart Grow Tent Kit, 2.7 × 2.7ft 2-Plant Sy
tent Smart Grow Tent Kit Pro 2x2, 1-Plant Complete System, w
tent CLEARANCE | Smart Grow Tent Kit, 2 × 2ft 1-Plant System
tent Smart Grow Tent Kit Pro 2x4, 2-Plant Complete System, w
tent CLEARANCE | Smart Grow Tent Kit, 4 × 2ft 2-Plant System
tent CLEARANCE | Smart Grow Tent Kit, 3 × 3ft 3-Plant System
tent CLEARANCE | Smart Grow Tent Kit, 4 × 4ft 4-Plant System
tent Smart Grow Tent Kit Pro 3x3, 3-Plant Complete System, w
\\192.168.86.2\Digital-Documents\Digital Stealth Care\Projects\DSC-HUB\homeassistant\data\dsc_lights_vivosun.json
\\192.168.86.2\Digital-Documents\Digital Stealth Care\Projects\DSC-HUB\homeassistant\data\dsc_tents_vivosun.json
DONE lights=22 tents=31
